[GAYARD]
Name=Allied Shipyard
TechLevel=11

[NAYARD]
Name=Soviet Shipyard
TechLevel=11

[YAYARD]
Name=Yuri Submarine Pen
TechLevel=11

[Header]
StartX=211
StartY=52
Width=89
Height=43
NumberStartingPoints=4
NumCoopHumanStartSpots=4
Waypoint1=219,78
Waypoint2=230,60
Waypoint3=292,69
Waypoint4=279,86
Waypoint5=0,0
Waypoint6=0,0
Waypoint7=0,0
Waypoint8=0,0

[SpecialFlags]
TiberiumGrows=yes
TiberiumSpreads=yes
TiberiumExplosive=no
DestroyableBridges=yes
MCVDeploy=no
InitialVeteran=no
FixedAlliance=no
HarvesterImmune=no
FogOfWar=no
Inert=no
IonStorms=no
Meteorites=no
Visceroids=no

[Ranking]
ParTimeEasy=00:01:00
ParTimeMedium=00:01:00
ParTimeHard=00:01:00
UnderParTitle=GUI:NoUnderParTitle
UnderParMessage=GUI:NoUnderParMessage
OverParTitle=GUI:NoOverParTitle
OverParMessage=GUI:NoOverParMessage

[Basic]
NextScenario=GDI2A.map
AltNextScenario=GDI9C.MAP
NewINIFormat=4
CarryOverCap=0
EndOfGame=no
SkipScore=no
OneTimeOnly=no
SkipMapSelect=no
Official=yes
IgnoreGlobalAITriggers=no
TruckCrate=no
TrainCrate=no
Percent=0
Theme=No theme
MultiplayerOnly=1
TiberiumGrowthEnabled=yes
VeinGrowthEnabled=yes
IceGrowthEnabled=yes
TiberiumDeathToVisceroid=yes
FreeRadar=no
InitTime=10000

[Lighting]
Ambient=0.800000
Red=1.000000
Green=0.950000
Blue=0.950000
Ground=0.050000
Level=0.008000
IonAmbient=0.870000
IonRed=0.300000
IonGreen=0.400000
IonBlue=0.750000
IonGround=0.000000
IonLevel=0.000000
DominatorAmbient=1.500000
DominatorRed=0.850000
DominatorGreen=0.200000
DominatorBlue=0.300000
DominatorGround=0.000000
DominatorLevel=0.000000
DominatorAmbientChangeRate=0.001000

[Preview]
Size=0,0,178,43

[PreviewPack]
1=tR4AIAAJV1FNZ1pQYlJFXUw+XU1AXE0/XE0/Xk5BXU1AmAEAB0BcTD9cTD9fTkFcTEBeTk
2=FcTUBbSz5cTD9gBAANTkBcTUBcTD5jVElqX1hmW1JjVkxdTUBgT0FgUEJfT3AIBWBPQmBQ
3=Ql5OZAKwAgFeTkBeaAxgBwADWktAVElBY1hRW1FMcWZhY1dOY1NGZAuVD1uUDAlcTUBeTk
4=BbTD9gUEJpEkywDnQSmAEBP19PQWUUT2wTcQ5ObBZoFYQXAV1NQF6EEbkKXpQDJ2QBsRpd
5=nAsAt1xMPmJSRGZYTVhRS0A9PCwrKyopKD89O1dQS2ZZTmdbUVVPSjo4NiknJisqKEdEQm
6=5nYkZDNCgmFzMwIDc0IyooGWVdU5CDfId7c4l9dYl9dop9dY2BeZCEfHlwa1RPTTIvLiQj
7=IS4tLU9LSnZuaI2CeYyAeIh8dId7c4l+dod7c4l9dYZ6cod8c4l8dYl9dYl8dYp9dol9dY
8=F2bHJqXY2BeYl9dYp+dpCDe4uAeW1mYUdDQSopKC8tKzIvKURAOYZ8d5SIgIp9dZwIACRx
9=h3x0hntziHx1iHx1h3tyhnt0joF5kYR9h313Zl9cQD07KSgmLCspPzw6WFFLZllOZFNFXk
10=10KgAHW0s+KCcnODc2UUxIY1lQZVZJXUw+WEg7W5wptABlL01vQFtMP7MpW0s+bAEADEs/
11=Wko9Wko+Wko9Y1ZNbmReZVpUX1ROal5WVUk+Xns6P11OZEQAKF9PQWNRQ19PQV9PQVpKPG
12=BSRWldVWpeVmNXUGpfWEg/OV9VT01EP2JVTWNUSFpKPVpLPl5OQVtMPl+VOVz0DwFcTUBa
13=iQ9dZlM/WpBTpD6qV1tMfFmAVXQbsgVcTGQFbENgW2wBcAV4E3BcAMxdTD5gTkBjUEFiTz
14=9kUEBhTj1hTTxoU0FuXExkV0hORj0zLy82MzFHREE3NDQoJiY0Mi9RTUl0bGmPg36IfXNA
15=Pi8wLh83NSUsKRwnJRhSS0COgXqGenKHe3OOgnqLgHlxaWVJRkQsKigjIiA1MzFVUVF/c1
16=yThG6NgHqFeXGEeHCHe3SGenKIfHSLf3iJfXWMgHmHfHSGenKGenOHe3SHe3SLf3lzalsw
17=MBJvZV2JfXaGfHVlX1w5NzkmJSMmJSM8Ojc1MicxLh47NylkW05oX1WLfneFenKGenOGe3
18=OcQQAcdIZ6c4t/eI+DfIB3cV1XVDg1MyYlIy0sKkRBPlpRSmNVSWBPQltLPVxMPlpLPag8
19=AAtLR0Q0MzUoJygzMTBNSEVhV1BlVkpcTD5ZSTxbS7SHcIYDXk5BW0s9vEEGWks+WEg6WU
20=o9xIYAN01AWkxAW05GUUhBZFlTfHFqcmdgY1hRcWVeUUhBYlRLXE1AVkpBXE1BXlBFTUM9
21=Z1xWe3FscmdhbGJceGxmWE5HVUlAUkQ5XExoOWR6hHesUg5bTD9ZSUFUREJYSERUREJbTH
22=iCqTxbmT1chUFbdAB8FKoSW0sn9AdiAVlKYBmsSWQFAJJNP15NPmJPQGZRQGhSQGFOOmNO
23=OmxUQGxTPm5UP21UP2xSPHNXPmpTU2xdY1hSRmBcXFhTUElEOUJAOkdEQn11cZKDcJKDc4
24=F2b0JAMTEvIUA+Ly4rHi0qHEE8MXluaIt/eIJ4cmhhXj88OyknJSQjIjg2NFxXU2FdVo6D
25=fYt+box/b4J2cYl8dYd7c4d7c4Z6coR5cWRaUEU8MF9VSoJ3bol9d+x8ACJ0h3t0in51bG
26=NaX1hUUk5KOTc2KykjS0MrREE+bmdjaWNXKykbLywdNTEhLCoaMzAjgnduvI8AJIZ6c4d6
27=c4p+dY2CentybVVRTTMxLyYlIzEwL0dDQF5UTGZXS2ZXTF5PRVxMPlxMQGJUSl9RR7wpAA
28=5kVEdiWEhNST41MjElJCMvLy1JRkRjWVFoWk1hUEFdTHLFWktwRAVoW1NgUUdaSmxDBWVZ
29=UlxORF1NdodbS3DOACpaSz1WRzpkVkxwZV9/c21sYVt5bmhEOzZdUkxbUUtEPDdqX1phVk
30=9eU01sYVt0aWNcT0ZpXFJjVUtbTUJ9y094zQNaSj1YSDtokLBWaFEAA0BlVj6EeSuWjCF2
31=aSxOPjRQQD9bS2TdrMSImQZAW0w+XE1AXU7QiQNaSz5fTkFgBIyCCl9OQmBPQ1xMP2BPQW
32=FsggAAAAD3P2dRP2pSP2xTP3NXQmpSOWlSOHNWPltILXNVO4FfRIZoTndhTUU8SzEsM0lG
33=OVxaSVNRREFBP0hHQ0lIQT89N1dPPXxxXoR6czIwIy4rGj89LSooGxsaDzUxKlNMSUE+PE
34=xKRUZFPUE+OT47OWReWoZ7dJCDe09HPW1kWoCCfG5pY3xyaIh9dYd7dYZ6cop+d2xkWEZB
35=MUI6LDQtIFpSSY6Ce4l9dYt+eI2BeYyBeX10b1lUUjc1MyQjIScnJlRQRpWHbYuAeZKEfW
36=ZfUi8uHzc1JjEvISwpHS8sH3RrYop+d4t+do2BeYyBenRsaE1JRC0rKiIhIDQzMUlFQF1T
37=SmZWSlxLQGtXMnJoXmZiX1dJPG9bN3BnXmVfW11NPl5OQGpdVVZRMEVAKG1lYGFcVzo5NS
38=kpJigoLUI/P2BZUWpeT2JSQ1xMO3NgOXBpZ2FYT11NPHNhPGxmZGFYTVxMPl1OQFpLPlxM
39=P21eVH1waV9QQ19QRFtNQVxMQGFTSVJIQmJWT2dcVFJHP2VZUltQSkpAOldKP3RmXntuZ4
40=J1bX1waVtLPltLPlhIOldHOWNUSWlbUHVnXm9iWVxNP008OV1NNbavHdrVCeDcBdXRCKef
41=DnpsKlhIP2NUSnFjWmJTR2xeVVJCNFlJPFlKPF1OQVxMP1xNQFtLPlZJOlFFNlpLPl5NQU
42=ZALEE8KDk2IFRFNGZQPmxUQG5UQHNWQHFWPWJMMXtaQH9cQX5aPYpkR41rUH1kTVFFNjIr
43=Ij01KF5IOmVYSVJVR01KPUA+N0NANkRDPjs7NkJANzIvLUhDQVVRTUhFPC4sICooH0xJQU
44=E+OispJ1FKO2hkUVpZSVRSRoF4cJOHf42AeYh8dWJdTnFlVHtnWqSeiJOPe4F2bIN3col9
45=do2BeVtVSkE8LUVAMDMwJzg0K1FKRXxxaX51a3FpZU9LSS8tKyMiIDAuLFFMSnhvao2CfI
46=d8eId+co+GeWNfUC0sHT48LTc1Jy8rHi0rHVxUTYB0bXhuZW1mYkdDQCsqKycnNDY1NElE
47=P2ZaUUtEKjgzGFNFOFNFN15UR1FOSExHOz03MFVMPV5aV1JNRz83L1ZHO2JURFNJPHRvZ5
48=STiW9nW3NqXmNfV0BAPS0tLS0uK0FAO1tWTWlfUF5ZT0hFQEI9NEc+M1dRQ19bW0hEPkU8
49=MlxMP1xMP11NP11OQm5fVV9QRFdIO1lKPFtMPndpYWNVSW1fVXtvZ4N2b39zbF1OQldIO1
50=pKPWhZTmFTR1dGOVpKPVxMP1lKPWtcUm5hV5yRjaSamGlaT1VEOEg1LEo5I4p+Fc/KDOTg
51=COnmB+zpBeHeCbCnD1ZGJ1JCOFtLPoBza56TkKGVkZaLh2lbUFpKPCKsKwAAAANQQltMPk
52=c/LUpAL0c/LUxCMjo4IS4wFikwDzI0FGdRO3tdR21UO2pRNntaPnNVN4ReP5FoR5ZyUoVp
53=SGRSMzsxJTgvJFRGNpd6X8SWc7qRbpB7Yk1GOEtDNisnHVtYSjIvIionGComISIfIDMwLk
54=hFRVZST2NeU3ZvXHFtXW5nV1FLO0c/MEM/M01IOlJKQnNpYlBMM3dtYY+DfIuCdpF/b4uB
55=c4Z7c4d7c2tjW11ZUYF6cF9YSzQwITEsH01IO1BJQFVOS2NfWkREPSopJyclJDQyMFhTUH
56=50bo2Beot/doqDdYuCdoFmcXdRa1VJRyQoEzk5JTEwISIhFSUkGkpEQTw3MionICgnJiko
57=JEA+T1lSbmlaUGZVR1hKOklALT82KTgwJEg/LlNHO11WTFtTR1JFPGhZNm9oXl5aVU9EOF
58=pKPWBSQF5LO2JRRlVLO0E0JV5RPm9lVXdwY2llWUhJQC8vKissJz4+OFNSS2xrX2deTlxM
59=OWtcO2lkYlZPRVNGOFxMPlxNP1xNQFpLPlpKPFxNP1tLP1xMP1tMPltLPVxNP11OQWFSRm
60=RVSWdYTV1OQVxMP1pLPltLPV1NP11NQFxNQFlKPVlJO4l8dpyRjXVnXYJ1bnRmXk49MEo4
61=M15PJr+5Dd7aB+fkCNTQDsK7F+bjB9fTCpqQD0w5KlREOXJkWaSZlrGnpZGGgWJTR1lJPF
62=0iTDQAAIpAVUg5UUY1X09DV0k7VEc1YlBCTkUpOzwQPj0TUUUlU0YkZk00dVc9fF1KfmpZ
63=jW1TgGZOXk84YlIrU0MrdmBGupJq1qV51qV406R41aV7ypx1nIBkU1BCJyIXTEo6IB8RKy
64=gcYVRJZFpRPDg1LS0wKiotPTs2RkI7YV1QRUE6Pz06MTEuMi4oR0ZCPz4rREMiOTgYTkg/
65=dGpnin53hXt1h3p0fnRuUE9PVFJIUE9ETU1NWFJQbmNZbWNbSkNBU05NSUVDLCooJiUkOT
66=c2YFpXhHl0k4V+iX51hX9yh35zeltvaD1aWzJHYwZjbBhrWCRSOCguLSsiMS8qMi8uKikm
67=Li4mMjEwQT49W1JOaVpOSEIoPTgiWUo9X09BQDsoQjsqQjsoMzQaJywRUUQ1XUw/XUw+Vk
68=5FTUtHRkE4RT43W0s+XVFBW1A/XUs2X1A5Y1ZBYldEUko6XVI/bmNPfXRic29hUlJINDUu
69=KislOTkyVFFHaGBRXVlTTElDQDsyRT0zWks9XE0/XU1AXEw/XE1AW0w/W0s+Wks+W0sigS
70=dZIxEiWSKpMj0jsyo/W0simTBdI5A7IkkgTCLIOQJfT0JaSiIEKwAqVUU3a11TZ1lOW0w+
71=Szo1WUkivbUO3toK5OEHsakZbF0ux8MI0s0KqKAcV0c4SjkwUkE0YFFFcGJaVEQ2JPYrXE
72=xrDF1NQCIoPQAAGU1BVEgvOjUXSz8xPj4SLy8KOTQTQz0XQzcaWko3iG9iu6CZk31wcldJ
73=WE0/TEAiWUwho4JT67F65Kx67LOAnYxhm4hgy5pyw5hyuJFvrYtspINmg29YeWVQhnJhfG
74=1gWE9HNjItMC4tODc4Uk9IUE5HPDkxJiUhcmxmhXFkS0RBWFI9RUQaNjIXPzcvZVxaiH92
75=bnVYeXNmhXhzeXBqV1RcVFRZTUxJQT9DaF9biX95Y1xbJiUoKigiKigmQT48Z2Fdh312j4
76=J6iX92e3RqhndyfVhxbShpZwloZxVjYi5YbAxtcwxycRxuZz9jTkpIODY0MC0wOjseNTgR
77=TEU9ZFdIV0wzRD0qMDMXIioMMTEaR0AtOzcjUkY3Xk5BQTwoSUEvW0s+XU1AXU0iPCYEYl
78=hMXVNHWCOUMQA6YVRCX1M/ZVlCX1VBV048Z11LbFdEYVVFWFA9ZFg/bWJMe3RfcW1aWFdK
79=NzkxLzAsNzg0UE9IbWtebWNSYlNBXU49XE0+XE0/XE0/XCNQMCfnMlpLPiO0MgI7W0s+Wm
80=zKDD9TRzdbTD9VRzlURzlbTHQDCVFFNVxNP1dJO1ZIOiKMMCLEMQAmO1hJO1pLPlJAO15P
81=Jr22DeHdCuLfB97ZDNPOD93ZCdjUCaKZE1hINV1OQ1pKPWhZTXhqYltMPlskxDQj+jxbSy
82=IoPQAABl1NQVdLNz01JkM2LlJIJ0I/Fk1FGFJFIlZEPHNlVW1iVn9wYWNVRC8tJjgyLHZg
83=NHBeFnljIqJ3Tb+GVcqUZM6eb9OhcMuYabCHYrqRbbuScLyWd7mWeYx2Y1RJPzErJS0oI0
84=U/OV5YUoV6cmJfV1ZUTUI/OTEuKDEuLUVCQGliXoh9c2xgVm9kXIJ0aXloWH9yaIN5boZ5
85=bX1xZ3VrZIB0bG9nZlxYXVVRUlNPSzc0MyQjIjc1LoJ0T3RqYouAeZKFfYt+doF4cVtcWE
86=xORFNJT2cPaHMGdXgLd3QIc3IKcmocaUkhSEU8QjU3MCspJzIwLz4+LEVEIDMzEjEvEzs6
87=GjU1FD41KkxCMEE8J0pAMFlLPV9PQiQwSgJfTkJeTSJALngBItI3PlsjUDl4agA9TD9gVU
88=ZfVERmWUJmW0JTRDFWSjxPQzREPS9hWEFfV0BbUTpRQzFRSDd3ZVRrZlI+QyU4OiUxMioz
89=Mi9IR0FhXFBqXk9kVUNbSzxfTkFbS2wxAl5OQVlKJlQ7AApMP3BiWWBRRW9gV11PQU9EM1
90=ZJO1BFNUc/LVRHIig6ClJHNlxMP0xCMU5DM1ychgAgXU1AYFFFU0M3RjQuU0Ihq6IP2tYK
91=5eII39sI1tEI5OEI5eII088KnJIYUkExVEQ6Xk8iaEsiljpKPZ9KPl5OIjAyAAAGX1BCWU
92=k9VUU7YFBEZFFDWEwrRD0dWUk4UENVPzpSU1BDZF5SWVBDPzkqKichLikigWBAblIoYUgl
93=jGZGxYtYvYFNypdn0qV5pYRlY089PS0eLiIXLyQbMCceKCEdMi0nTUU9bGNcYVxYTk1PXF
94=pfSklPTk1FRkM7OjksISQaCAoICg8IKisncGlfRUckUEo7a1pLeGVRj31wiHlyWU9JNS8q
95=JiEcIR0ZJiIfJSIgIB8hLSwsSkdFcmtkh31wWVA0a2JVhXl1iH11ZWFZUFBQSEhJREZAWE
96=NUZRpjbBFqdCtwWDZVPz1AKS4mJicjMzIxR0RASEcuNDcQOzoVLzEMHCIEKSUYUEI3Wko+
97=X05CXk1CYE9CXEw/JDFHXSLoRiIgP4QmdLckD0dcTEAkvDYAPT5DFjQ2FVtQO2ZbRGZYP1
98=JGNkI/J1JLLGheQm1jRGxiRWBQO1ZHNllHOU5GKjc7DjU2GUBANj09OS4vKy0tKUJBPVpV
99=TWhcT2VURlxLPVuYggAgdGZde25nWko9Xk5BbV5UYFBFb19VR0EtJy0QPDgjYE9DYE9CUk
100=c2W0s+YFBDXU1AW0pgOmATCEw/YlJGeWtjXU5CeIUAIEI4SjolcWIXi4ATaFodTT0keGsW
101=r6cOvbcMiH0SUkI0VUU6WEg6W0w/Xk5CYVJGW0w/JchLAAAZSz5OPTFGMyZTPSVJOCpfTk
102=JlWEtWTEZDOzMtKB84MylXU0lfXVNCQDc6NCcsKCItKCBbRzVeRDJ0VDzFlmvls4DJoXOc
103=fl5mTzpfVk9VSD1oUDqRclWPbk19YElwYUSFc1mtlIJ9eXZbXmBSU1k0NDsxMDJTUkRQUz
104=1DOzJGJz1CD0NEEEAkDCFGQUBrZlhtY1iYhXOTgW1qXVRBODIyKiQ/NS5cT0V3ZFVyXk1j
105=VUprYUaBdGefkImCeWlJSh4uMQc1MyJYVDt1bWZNTU5MTE1PT1JEREVBRkZXTk1cSFZCPz
106=0tMSgqKyc7OTdSS0ZkWE5USTdQRTJEOyw3Mh41MBsuKR5NQTZfT0JcTD9bSz9bSz5cTT9a
107=Sz5bSz9cTEBcTT9URzhaSz5bTGB5bGoiSFAAdEBaSz1USDlFPytBQR00MRo+OCtbUT1rX0
108=RnXkVSTC9FQClYUD1hWT5nXkVaVEJdVD9hVj1mWz5aUTpaU0dmXU9pXktiXE9FRD4vLy0s
109=LCtAPjxWUUtkWE9mVUhbSj1gUERfUERdTUBLQjA1MxxORDJGPStNRzZMRDJHQCxPRDRbSz
110=9WSTpajL4DX09DcmRbIvVJTiIsXXjNAks9WEg7I6BbABRBSzkyPCgoRTMwSDc1V0dAXk9U
111=SzorUEAgSzsyV0g8bV5Tj4R+b5iRBHRnXllKPV0jEF4A/F1MQD8rIUs3I19QNlZHP1pUTU
112=ZHRT49Nz47NlhSS3xsX1RQRVhYTkdEOzkzJyMhHCcjHFc/LnpeRqWEYrmWboxyV2FNO0w6
113=LFtHNn9lSqyKZJx5Wqx8U9SiddGlgJmBYo12XKeIcG5lX2Voal9hYjQ1Ky8zI0U5O1kvUW
114=wZZ3INcXQKd2wMb2suZpB4d6uXg5iDcGtbTEI4MDgwKk5EPG5gVYl3aXJcTJ58X4p3YJR9
115=Z4t3WpF7Zpd+b2VWQzw/DDI3ByQjCjQwG19WTXlva2ZdSXVtYl9bXExIRz08OCkrJSgoJT
116=47OlhQSmZZTmJSRFtLPWBPQ2BPQ15OQVdKO1JDOVdHPF1NQFxMP11OQCNgUCL0TyJHWkw/
117=WSMsSApSRTZcTEBWSDpURzhejHAAdFxMP1lKPTk5HywyEmhaSF5SQFtQPWNZRV9VQmdcQm
118=ZaQX90Y3RoUmJZQmFYQmFWP15UPWleR29lU3JnV2peSmJVP2NVQGhYRGpdTF9YTUlGQTIx
119=LycnJjc1NVFLSGJXT2VVSFxLPVlJPVhKPFFGNllKPFtMP3RmXmRTSV1NP1tMPlpLPl1NZJ
120=gJXk5BXk9BZFVKa11TIjBTIgQxCz9hUUV3amFcTUBZST1dIrhbAAAjQZCEf5KHgYN1bm5g
121=VlxNQ3FkYlZGOYV4cMS7vMW8vaqgn2xeVFVFN1pKPl9PQl1QQldOPldIOlVLRURAQFdORG
122=ZhUWBfTlRURm1nXqCPg56JeoFxYmZdUD47MTgxJVNENnpiTKOEZrCPbox0WTw0LyUfH2FN
123=OoxwVKuNZ6ODX6F+Xl9RRmtMNbWAUKR4UJtyUo9pTF8/JmlLNpSEeHFsZUk2P1clU2gTZ3
124=IIcW8Ecm8Nc3soc5due6qVfo96Y2RTRUM3MEA1LkY9NHFgUol0Y3ZlVnhlWVtGOHhbPU9L
125=OV9XRINvW31dRVE0HmhSPmVdQ0E5I1BGOnpuaI6BeY+CeW9jU1dORjg4OyQlJSsrKkpIRm
126=hgXG5gVWVVSFpJPFVHOVhJPFxNQF9PQl5NQVxNQF1NQF4jJGsiuCUm+S1bI5xrAAZbSz9G
127=Pyw4NiA8OCNKQTBMQjFJQC5URzgjbGsAW0BeT0BGRRwvMw5vZFRsY1RiV0ZeUj1YTjxaTz
128=xoXEFdWEFKQjBKQjBeVD5uY0xvZlNuZFNnXEhhVD5hVD9hVEFgU0BgUkBZSjhdTDpjU0Rb
129=UEdJRUI0MzMpKCkzMTFLR0RiWFFlVkpgT0FcSz58gAJNQFdHOqABA3VnX2BRRSOgZAFBYl
130=FFItgjBU5BcWNaXk5CIpRqgIgDYlNHXU5BI7hbAAAjO3xvZsG3uNXNz8rCw5GGgW5gVl5P
131=QlxNQaWamI2CfWdYTGpbUGFSRlpKPWFTRVlQQFVMO1pVQ15YRkNANyUnKTg1LFJJNkdCNU
132=lGOFFKO3JnX4t9dJiGeZ2GdY94ZaWIcLqafaGGbHRhU0s/OEctJFxBNY10WZ2DZZd5XY9k
133=PHdUMEw5LCwqJH9cNa1/Vqt7UothPoJZOH5aQJt7XJuCYnxFanMXcnMKdHEHcW0UbX9CdY
134=pqdY54bop7YVtOQUxDPUY7NF5PRIJuXZB+aYuAbmheTldHN3phTJ+AZFlOOlhTQ1BKOEVA
135=MGRJMIJiSp6EcqOMfpSAc5uJfJeIfXpxbE5LSDw2MisnJTc1Njk3N1RLRIFza4p8dYFzbH
136=BhWFxLP09ENDM0HCsvFTs4I1RHOF5OQVsjJi9bSyI6aV9OItwlJAwppMUAfl5NQU5EM0tC
137=ME5EM0xDMVRIOEY/LFhJPVhKOjw8FzEyDy4vEF1PPWRXRW5jU25kVGxgTFxRQEdHH0VCIk
138=1DNGRaSHBnVWxiUWVZRWFTPmJUQGBTQGJUQWBSQF1OPmdZSnBjVn1wZJWKiY6BiHpscFlN
139=UEhCSi8tOCEgKC8uL0hEQlxUTWZXTGFQQllJPFpKPnE+TGiBDFBFNEY+LE5DMkhALEtCMC
140=JEIXzaIsxiJGAgA1xNP1pKPmwZAAJLPmBRRJ6TkKiem3FkWmxdUmpcUiKOZkw/IrxmAk1A
141=VkY4IjhvAPxKPGZVR1hOP1ZRQFtUQ1BKOUpENEE8LnhkWFJKRi8xLjEvKERAOkA9Ojs1MX
142=RpY5SEeJ+LeaiRe4p1YlxNQkY5M0M7N1hMQJBqV6OAZ39uVkhCND44LGZAM1wiE1UbBVYw
143=GmpHHEYVBZZkScObeL6XeK6Qa3NgM0s+JlIfSmYMZ2wUbIM5dpl8fZqPdm9nVEU/NT0zLU
144=Q6M4J3box6aop0YHlsX21sY25rXGtpXHxqWMqfeLWQblBHNUpDMkM7KiciFnpkT7aWfLOU
145=eqCGc6SNeYJzZlNLRTAtKiQkIi4vMEtFQlpKP0o4LEQvI0IvI08+MVpKPU1DMU1DMkA7Jz
146=k2IkA8J0E7J1RHOF5NQV4i+HhwKQFVSDlGI2AvAAlfTkJfTkJWSTpPQzNeTUFaSz1VSDpY
147=SjtUSDm8AgBrUUU2W008PjodLCgZMTQOZVZHZFZGXE47Y1ZFbGBRa2JTWVM7U0w7aF5RbG
148=FQYVRBYFE+YlRBYVNAYVNBX1FAX1BAXU8/XU4+ZlhKjYJ7pZuZuLCbsahceW0rhXghfXAs
149=jIM0cGs9NjQ5IiAtLSsuQ0A/WVJNZlhOYVFDWUkilDoDXk5BV0k7JDQ6DzI0Gh8pCjAxGT
150=06JE9DNFxMQGREI6prXE0i7CGEmw8/YFFGWEg7V0Y5W0s9VkY5VUYRAAAkIAAgAADhOFxM
151=P1lJPFtLPF5NO2NTRWdaT1hRTTw1Kzo0JE1HOEM8LD84KS4oHVRMR4B4cop7cEs/OEVAO1
152=xUTnltZpKFeot9cYBzZ05HQUA+PmJUQ2ZVQmpjWGJYRH1tV19OPTw6MEtFN0M9L1NMPIFl
153=SWA9KkkZDS0TDF5AKr2Vb7iUcXFcSUM4KzcuJD00KzgwKVU8RYdwbpODdWtjVEU+ODkwK0
154=Y9NmJWS4NyY4NuXWZVRVZENVBGOSwtKldTShoYF1JCMdKlfnNoVElDND43KTQuIiwnG1VG
155=NmpVQntmUIJuXFdLQjUwLDIwLUA7N1dPSGZZTVRDN0MvIkQxJUMwJUs5LVREN11OQVdJO1
156=hJPDo4IU1DMmVSR2BPQl5OQVxMP15OQVtLPl1NQFJGNkdALUU9K0pAL1ZJO1xMQFpLPltL
157=PltLPlxMP11NQF9OQl1NQFtMP1xMP11NQFpLP1ZHPUhCJnBiVmlcT1ZGNmBRQF1OPWBSQm
158=xfUmpdT2FSQV5QPl9QPl5PPl9RQGBRQF5QQF9PQF5PQFpMPV1OQFxMPldHPVBAOJaMEtHM
159=AN/bBOLfBuPfBernAtvVDrStJ3hzPEE+PiooLSopKD07OVVPSmZZT2JSRV1NPl1NQFtMP1
160=5OQVRIOExDMU1DMkpBL1JHN15OQlxMeBMAAAAAAAAAAAAAAAAAAAAAAAAAAAAAAAAAAAAA
161=AAAAFl5PQVpLPVBFNFpLPVdIO1pKPVFGNUhALlNFN19RRFlQQVtLP11MPV9PSlhNW1VPSz
162=o1OBUZHD8+MUM8LD02Jy4nGTcxJDs0Jg8PDRYWFkI9OmhfWoV7dI6Ff4N7dV9YVDk0MjEv
163=MFNTVYV/e4B4aF9VQV5VQlZRQVNOPVpNOzo5Lzo4LjczKTw2LJ52ULmPY7qSaaZ/WaqHYo
164=JgSUMxJjYtIUo8LnFdSpmCbYl7bYB3Z2RcUEA6MzcvK1IxK3BZUIJ2aYh6bWhYS1dENHFY
165=Q7GJaIJsVREVEzk2KgMFBVxINM6gdGBcTmBgU1dTREpENEpBMVxMOkk8Ly8qITQsJDozI0
166=9INHFmVnVhTHFbR2JOPltLPlpKPV1OQVtLP19PQl1OQVpLPlxMP1pKPWBQQ1xMP15OQV1N
167=QFtLPltMP15OQl1NQV9OQl9OQl1MQFpLPltMPltMP11NQFtMP1pKPl1OQFtMP15OQVhKPF
168=lLPVxMQF1NQF5OQV1NQFxNQF5OQmFRRnxuaH9xa2VUSF1OQFxNPltLO1lJOVpLPFxNPWdZ
169=TGVXSWBRQ2RWSV1OQFxNP1xMP1xNP11NQF1OQldHO4h9H8a/CuHdCebiCOfkCOLfCa2lHN
170=jUC+biA9vVC7OsJWRcSkE8RSwrKigmJjk3N1BLSGRZUGJTRVpKPFpKPGBPQ2BPQ2FQRGFR
171=RF9QQ1xMP1tLP1xMP11NQFpLPmBPQ0tCMEY+LEtBMEQ+Kjg1H1ZOPndvYHFsXG9nVnNnWE
172=hCTC8vRy0tKTIzLkY+QlpKUVZWSE9QPTw2Jjs2J0E6Ly8sKSQiITEvLWJeW4B7eGFdXC4t
173=MBcXGyclJEpHRl9ZWXBiWEtCM1JNPVtVREpDM0A7LUY9K353aTw7MiQkHCkmG2JJM4ZiQ8
174=GNXopuTDw1KjkfG1Q9L4VtU62RdrCYg4V3a1xTTDw1MjUvLEpDPWxgWH5qYGBWTm5nWnBr
175=WWdiU4d1X8Sced6qfox0WSQnIz46LxITEF9MNuaqc7CCWYRrUW9gTGFRPWNQPU8/MUQ3J1
176=FAJl1NQGBULj84D0k+Gjk0D0w+KFxJPGBQQVxNQFhIO1tLPlhIOlZGOFhHOl9PQ2dZTlpK
177=PlxMP1tLP1xMP15OQDk3ID87JUlAL0c/LlZIOlxMP11NQFxNQFtMP15OQV1OQV1OQFxMP1
178=pLPl5OQVZJOlBFNWFPRFxMQF1NQFxMP1pLPlxNQFpRNmVeSFZTOEA7JVZHOl5OQmlaT2td
179=U2tcUVtMQGpbUWNVSWNUSX5xamBQRFFFNTo4IltLPlxNQFpLQFFANJuQEdzYCeXhCePgCO
180=HdCNDMC3RmMKigEePgCOHdCNDKC5aKJWpaPmhfWU9LSi0rKSUlJDQyM1FPT2JYUWdXSWBP
181=QVhJPFVEOEw8MFNCNlxMP1xMQF5OQltLQGBPRF5OQlxNQFpKPlxNP15OQl5MQFdKP0E/OV
182=xYS2ZjVUI+OCosIzU1K05CRWY/YHIgcGoSZ2QhYFo+UU9HPlNMRWFZVIB2b4B6dnRxbmJd
183=XVlVV09MTkI+Pl9cWWhjYWxkX1VKQks+Mz41JTkyJEQ+Lz01JjkzJkU3J5N0VnNfRnljSY
184=VrTm9aQl9INEk0JFdLL1NEMn9pUrSZfayWgXtuY1FIQzkyLjkyLlJJQnFlXH1vZW5iWDo1
185=MBoXFDs5M1BMQmtnWUZFPqmIauiyg4x1Wzs+NkI/NCwqIEc8K31cPnNVOmtQN2NNN1xKN0
186=g6KzozKmdTPFU/H1tGLmlUKjMvEyAiCSEjCTIqG1ZGN19OQFtLPmhaT2dYTH1waJKGgXVn
187=XWVWS2xeVFxMP11NQFxMP1lJO1xNQElALjo4ICswEygtEUY+LFtLP1xMP1tLPl1NQFxNP1
188=1NQF5OQVxMQF5NQVdJPFtLPjk3IEA7J1VIOllKPV1NQFxNQFtLPk1LHzk4Ey4xCSQnCTYs
189=JWJTSH1vZ4N3cHlsZF5PQllJPFpKPlxMP11MP1ZIOj06JDAzGFpLPl9PQlRDOUYzJ5uRFd
190=nVCuPfCeLeB+PfCN7bCNzXDN/aCuPgCeTgCOPfCM/KB5aLEI+Caamen3lwa1ROSlBQUCco
191=Ljc0NlNOTWJZUlVFOUIvIzglG0AtIlZFOmJSRFJFMVBHLUlCJ1hLOV5NQV1OQV1QQlZPPl
192=tNPl5WTExKRERCOzQxKi0sKUMxQVUaVF0qU1cxRmgEbHgNeG4GcV4JYGxCY5aJfpOHfHpz
193=b1hUV1lTVEtKSzAuL1JOTmhkY0hFQyYkIyolIVlNQ5aBb2FZSkE8Lz02KCwmGTg0Jk1DMm
194=BJOG1SPndfSV5MOUg8LkM5LV5NPZd7Yq2ReKSPfXBmXklDPzkxLTEsJ1BHQHpsYn5wZGZb
195=UU1DO09IOltRQX1uXVhUS0VEPz06MiUkI19RRauIaqeIaFVPPzo5LjEsIVhHNGVPOE1DLT
196=oyJDszKzkwLVtLPoptUZFrSndVPWNOLExEGjszHFJFK1BELE9ELVpLOV5NQFdIO3FjWqab
197=mMjAwqWal4d7dGlbUVREN11NQF5OQGRVSGxeVFhIOl1MP1tLPlNFN1ZIOUpBL1ZJO11NQF
198=xMP1tLPl1NQFxNP1FFNVFGNlZIOTY2HTAxGCYsDyMrDCUsDy0wFlZIOl1NQF1NQENDGj45
199=Hz07HzkzIUk8M15OQVpKPFdHOVZGOV1NQGBQQlpMPU9EMz05JC0wFjU0HktCMVpLPltMP1
200=xMQU4+MpiNEtnVCePgCeXiCeThCOThCOThB+ThCOPgCOTgCeHdCcK7DVtKHko5NGBRRGNU
201=R2VURnJmW1xVUTc3OC8uMSooKEU+OlpMQlNCN1ZEOFRIMT89F0A6GTEzECkrCj46GUk/NF
202=9YR1NKOVlUQlpUQlBLPVhVTlNQSDU2LTstM2QUYmEIYmsWa2gqYmweaGURZnU4bZFwdpSF
203=dHVqXUxFQFZUT2RdUFZRTmhjXm1nZFxXVDs3NSIhIDExMD09QU5NUmthWnFnXGZhVlJOQU
204=E7LEhAMkc+M1MxKkArJDArIWNUR5d+aaOIb7aZgpeCdGNbVEI8OTUuKz84M15UTXptYnxu
205=Yl5SSUM6NFVPQlRMO1hSQVpUQ1xUQlpVS1hWT0E/ODEvKUE9Pi8pJF9OPZJ3W5V6XoJpT1
206=9OO0k0J3hNK2A/KDQsJlREKo5kNHtPM4BbP4FeRG5TOVpHL2dPOnNYRWpTQWhTQ15NQFtM
207=PltMP29hV39yanBiWko5NUIyME08PFVFREg2M1JBNWVVSWpbUHJkWmZYTVxMQHJjWmVWTF
208=xMP15OQVtMP1tMP1xNP11OQFhKPExCMUtCMU5EM05EMz46JTQ2GzM0GzQzHEhALVtMPltL
209=PltMPy4tET44Izw5IEM4Ll1NQV5OQVxNQFtLPlxMP11NQF5OQVhKPE1DMktBMFBFNVpJPF
210=xMP1xMP1tMP1lJP1lJPKSbG93ZCOrnBunmB+vpB+nmCOjkCOfkCOzpB+fkBuDcCLqzDXNl
211=QHdpaWlaUFxMP1tLPllJO1xNQGhaREtCNDo1NTEtLjEuLj89O1tTUGNZSUI9IDYxEyotCj
212=o1HUZCKUE7L1FLO1xXRlFKOUY/MT84KFBNQVFPSDo4MTgxLTUSMisBLTgQNnJTWayLc6B/
213=e5eFcYR6Z2ROS0QqKGloZoZ8aZF/YHNpYlxUT0Q+OkdAO2NeXGJiYlJSV0ZGTzg4Py0sLT
214=s2MVdOSWlgVVhPRUI5MjYvKDItJUA5L2hYSI54Z5qIfYRzZVVMRjUuKiolIDcyL1pST3lu
215=ZnVpX1ZLQ0A4MVNKQ2leVE5HN1pUQ1lSQUhBMkA6KkVAMldWTkE/ODY0LD82KyskIBYTEi
216=chGlVFNks+MkE3LF9NPWlAM04VBl8iClouFlIuEEgWC2pNM1FFKEI5H2FNNlVGL1pJNWRQ
217=QF9OQFtMP1tLPltLP2BQRFNCN0w7Km5fHId7Fn5xHJGFHl1MIEMxLk49PF5OQnlsZGRVSl
218=hIO3RmXnBjWlpKPVtLPltMP1tMP11NQFxMP1tLP15OQl9OQl9OQmBPQ1xMP11MQF5OQV9O
219=QmBPQ1pKPlpLPl1NQC8uGkE6KkU8LkU8LFRHOFxMP1xNQFpLPlpLPl1NQFtMPltMP19OQm
220=BPQ11MQGpbUGNTSFpKPVxMP1pKPl1OQoF1Ka+mEKuiEbiwEKuiEb22DdXQCsrFC6mgELOr
221=EZWKFFxMHWRVSnRmXXlrYnlsZFtLPlBANEYtInVVKE86KDMvLEo6Jl9HLy4sKioqKTw5OF
222=VOTF1USFNIOVdNR1BLSz44LzYuH0U/MT84KUE5KjApHEtHOlZVR0RAM0A7LkpFPUs6QGlS
223=QpyDZKOJbYRuR11KJ11YSodxUZV1WJqKe3xsX1VJQ01GQGFfVU9LQ35yaYJ6dWRnaWlqaz
224=07OzMwKTIvKSUjIikoKTYzMTUxLS0pJDw3MWRZUJKDd4+EeFlVUE9KSi8rKSgkITk1Ml1W
225=U4N3bpOIhF9WUj83MVVMRXZqYo2AeIJ2bDgwID44KUQ9Lj84KDYvIj44KllXSE5LPkQ/MF
226=JGO09CLzctHSslIj00LEQ5MD81LWtaTHhlUF5PPlc3J0UhFT0nGVpFMltLMkQ9IVVGL2xU
227=Q2ZRQGBPP1xMPlxMP15OQVxMP1xNQFtLPkMwLFxKG8C6DOLfCe3qBurmBs7JCpuREmVVH0
228=49MUw7L1ZGOVtMP1hIO1xMPlxNP1pLPlxNQFxMP1xMP1xMP11NQFtLP1tLPltMP1xNP11N
229=QFpLPlxMQFxNQFxMP1xMP1tLP1xMPyEpDCUqEE5DM1ZJOUlBLlpLPltLP15OQV1NQF1OQF
230=tLPltMP1tMP1xMP1tMPm9gVmRWS1hJPFxMP1xNP1pLP1JBPlpKO049OXVnXVZGRUs6KGRV
231=HFlJJUk4N1pKPEw8N0EuLEs5LVdHOVlJPFxLQF9OQltMP1hCNmMyJ1kaB1YmEGNBIWpAFk
232=gWDEo/OzExMCwrKj06OUpFQz89PTg4OUNAOElDNEE6LC8oGzItH0I7K0U9N0VAOEpDOn9u
233=Y6GJdbWZe7OXeIZuX00tJVxQLVpEM41hR82lcNirg5t9ZEg8MmFRQmNeVlFSVEREQ1lWUI
234=d6bXlwam9tbEdEPj46ND47NjIwLCopJykoJTEwLlhST4+DeZaKgG9pZkdERDIvMDAtLkNA
235=QF5aWGFZV3RmW31tXnNlWltNRHVqY4h8dIt/d4h7dIF3bkpGOEI8LTcvISwmGj44KEhANU
236=1GQEZBOD44NUlBM1tMJ01FI05HNkNCGjUyHDw2KjYyIUI7MWRWSXVmVXBeS2dPOm1UP2pS
237=QGpTQ2hTQ2JQQVxMPlxMP1lKPl1NQFxMP11NQFZGOUk3MFdHIqyjD9jUCunlB8S/EqWcH+
238=ThBuXhCNDLCop+Ek08L1hIPltLPltMP1xNP1xNQFtMP1xNQFxMP1pLPWtcUXNlXFpKPVtL
239=PlxNQF1NQFNHN1FFNWJQRGBOQ15NQWBPQ15OQVtMP0A8JzIyG1lLPWBPQ15NQVtMP1xMP1
240=tLPmBRRV1OQVxNP11NQFtLPlxMP19PQVtLPV1MP1xNQF1OQFxNQFpLPl5OQVdJPlpLP1xM
241=Ql9PQ11MQ1JBP1hHQV5OQVpLQF1NQV5OQVxNQFxMQFpLPVlNOV1OQGFQRWJSRklBOEEyJ1
242=grGUMXCzccEEgzJGtfU1pVUy0sKyooJiclIi8sKjIwL1tXU2NgV1hVSUE7LDs1KEA5L0pB
243=O25fVJ6HcreZfaGGbGtZSlZLQl9QSVY+NH50bJ2Eb5xxULiGW7GCWY5kRJp3XYd4bE5PT0
244=9QUEZHR0BCQUlHR415aZKBdVdRTTk1MispMCsqNT48OmliXZaIfJuMfnRpYUtEQTQuLTUx
245=L0xHRWZhXmtmZG9oZkxERFJALmNOOlQ/LFpJN42GeIeBdId9dIh7dIR4cGRfV1VTSUhDNU
246=A6KkQ+Mzw3MzAtLConKC0sJkJAJEJAKT09HUZEHjk4EzIxETAvFCQoBCMjEyUjIDYyME1E
247=QmdaT25cTmVTQ1tKPVRHN1VIOVxMQFxMQFpKPltMPlhIO1pKPVdGOk08N2FSJcK7C97bCe
248=PfB7evGXptKcrGCOTgCt/bCp2TEz0pJVZGPF9QQl1NQFlKPlpKPl1NQFxNP1tMP1dIO2tc
249=UnZpYFhIO1xNQF1NQF1NQV1NQFZIOklBLkE8KD46JUI8KVlLPVtLPl9OQlpLPV1NQFxNQF
250=tMP1xMP1tMP1hJO3JkWmpbUVtKPV1NQVtLPl5OQVpMPkpBMEM8KltMP15OQVxMP1lKPVxM
251=P09FM1dJO05DMzk3IE5EM1VJOU1DM1VIOV1NQFtLPltLP11NQF9OQ1pOOUdCJEpDKEZAIk
252=5FLlhKO15QQ1dOQFdMPlxRRFtZUlBQSUE/OTIxL0NAP1xWUz47OSsqKDEvLUQ/PVxXUmFZ
253=T2daUn5tYpaAaa2Sd5F5ZW5aRmhWPFFJOmRRQWNWSVxaUnJyckZGR29PNKdtQJZhO4FSMJ
254=h6RHVnNlxWSV5aVGRiXVlTUl1SS1tQRUM8NCsnIy0rJktGW3VsfKGQfqCMenVnWkxCOzQt
255=JjkyKltSS3VqYnNqY1ROSzo1MUlCPGpfV35xZX1yYn5xZYBqbHJKZ3VTZ4l8dYqDdIR6cI
256=l7dIJ2bmljWkVBPTIwLysnHigmIzo4OVNORkxELzYvIDc2GUJDFzg1Gy0vEiwpFzsyJ1BE
257=O09IQz88PSIjKi4rK0NAPVlSTWhaUFhLPD04ITo3IVdJO1xMP1xNQGpcUmJTR1RENkQzLV
258=RCI6CVEtTPCuTgCePfCePfCeTgCefkCOLeCcG6DnNlGEMwJVNCN15OQVpLPltMP1xMP1pK
259=PV9QQ4N3cIR3cWRVSVpKPVxMP11NQFpLPUU/KzM1GiUsDiYtDyYtDyouE0c+LVlLPVpLPl
260=tMP1tLPllKPVxMP1xMQFtMP1xMP1lJPFtLPldJO0hALU1CMl5OQVtMPk1DMk5DM11NQFRH
261=OVhJO11NQF1NQF5OQVhJPEU+LDU0HT05JFVJOUM9KUM8Kl5NQV1NQF5OQVBFNVZKNjk5E0
262=I7I0Y+HSUnChccBCwoGGFQRGdaUFhQTFhVSlJRRDAtIzQwJ3JsaGxlYVxVUW1lYEdDQS4s
263=KiYlIiclI1FLR6COf6WQfXVjS1FFNjEpIEg7MXlnTqmPZZd7Yn93cVxfYz09PjE1OWBTSL
264=OHU6R9S7+RYYdwK2RVEk5HFIdpVpx4a2paSEU7LyolIDEsJ1lPR4p5a66Xf6GKcnNiVEs/
265=NzoxK0g+N2RXSHttXnpsYVpPSEI6NFBGQHJkW4p7bZKHdo+HeYRudHJVX2wfZWsFamwIa2
266=0gaXVKaH1uboZ9dm5nZEdDQzQyLzMxMDY0MkdEPk1KOkdCLl1MQFxMQVhKOlJEOFNEOk5C
267=NFNEOkpCMEE8J2dVSGZYTVhRS0E/PCopKCgoJz48O1lSTl5VSFBINFNGN1tLPlpKPZuQjb
268=qxsnZpYVJCMz4sKlJAHLy1DuHdCernB+/sBufkBt7ZB7+4DId8FVdFHjwpH1NDN1tLP1xM
269=P19OQl1NQF1NQFtLPmBRRF9QQ1xMQFtMP1xMP1xMP1tMPlFFNkM+KSswFCwwFSQqDysvFD
270=QzHVZIOlxMP1tMP1tLP1xNP11NQFxMP1lKPG5gVmlbUFxLPlRIOD86JlpLPlxMP1pKPHRl
271=XGpbUF1NP1JGNldJO11NQVtMP1xMP11NQF1NQGFQRF1MQV5OQV9OQltMP1tLPlxMP11NQF
272=hJPFJHNEA6IzUvHTgxEyQgE0g+NFxSSVNNSTk3NiopJjw2KSwnHCQhFzo1LVZOSiooJygl
273=JC4qKDMvLD04Nl9ZVGdgWYB1amxgVkpAOjoyMFpLMoBqQIt3YYpzYm1YSV1GMnNrZHN1eE
274=RERTU3OFFLSKiGS2ZTIm9XJ1xMElc6LV4pRXAhYWUZXUAdN0Y9MGxcTZJ9Z8ChhKSJcHFe
275=Tkk9ND0zLFBEOnRjVYt4Z35sXllMQkw/NU1COX9tXKSMd6OMeZuFdYxqcnQ3aGQQYVcySF
276=sdU3ULdnUNdW0PbGUsYltMVT8+Oi4sJzMyKDY5Fj9BJVRNPUxEMjw3IkU+Kl9OQlxMQFhL
277=OUpIIVJIMWBORE9FNDU1HTU0HVRHOVxMPlxLPGVWSl1UTURBPy4tLigoJz47O1lST2VZUG
278=JSRVxLPWRUSYt/eYt/eXRnXVlJPlA/Ml5PI5GGE62lDaaeErCoEX1wGE8/J0U0NVRCPFZF
279=OFxMQF9OQl9OQU9FNVhJPGFPRF5OQltLP1xMP11NQF5OQVtMP1lJPF1MQFlLN0pBJk1BM0
280=1CMlVIOVZJOlxMQF1NQV1NQF1NQF1NQFxMP1pKPVxMP1xNQF9QQ11OQVpLPltLP11MQFlK
281=PFpKPVtLPl1OQlxNQFxNQF5OQV5OQVxMP1tLPlxMP1pLPlpKPXRmXmRVSl1MQF9PQltMP1
282=pLPlxNP1tLPmNUSFZJOlhHPFtLPFFGOEdAO0dCQjUyNCUlIy0sK0xIREQ+MiwpHyUiGTMu
283=JlBIRC4qKCglIyglIz88OmpmZXluXGNaTEA7OjUxL0E7N2JYUoByZW5gVl1OQmJNO3VaRK
284=iAXpuJe2xwdURERTQ1N0tGQrKIWaN8UaVxV3s2WnkbbngPdWoGbWMjVYJqVqSJbaiNb3Vm
285=UmtZSEk8MUM3LVtLPYBrWJN8Z3xpV1ZHO1BANHJdTGRWRUdAM1BGOIdyXLCTeIdWZ2EMXW
286=kBbHYLdnURcnAObWoVaE8dUEY0QzI0MxweHTQyLUdEJzo4Hi4wCywtDDk4FU9ENGRSRl9P
287=Ql1OQFlIPFRKMTIzETEtGlRFOl1OP1BFNUg/LkpAMFlKPXJjWl5OQV9OQGdXS19WTktGRD
288=IxMSYmJTc2NVVQTWFWTmJTRlVENYF0bJOIg25hVltLPlVFQUo5NUo5LUk4NVZFN0c2NWBQ
289=SmZYTF1NQFtNP1lKPEpBMDc3HyQrDjk3IUU/K0U/K1NHOFlKPFFGNlpKPV1NP2BSRmVXTl
290=JJMDMwHEM8N19RR2BPQlxLPl9PQVxNQFtLP1xMP1xNQF1NQFpLPlpLPlpLPlpLPlxMP19P
291=QVxMP1pKPW9hV2dZTlpKPVtMP1lKPVxNP11NQF5OQVxNP1tLPltLP1xNP1xMQGBQQGFRQ1
292=pNOlxNP19PQltLPl9PQ3RpWXNtXWpiU3BhU2BWT0xIRkhCQhwbIC0rK1RQTHpybop/eElD
293=NSYjGCUiGzs1L0tFQWtiXIF3cXJsaXBsaVhUUzY0NC4rK0RBP2ZjYHRsZ2xhWS0oJA0LCS
294=IcGFJEN66MbdinfaaUhmlvdkJERDlAO0xLQl1BNkknMEcSOW4Kb3AHcHgZbZJNdLGFfKGJ
295=bGteSmFWRkI/OkY5LmVTRItzXZ+GboVwXFxJOVhFNYJmTrWPbqmJa0I/M0tFN0A6LU5FNr
296=iVdbyXeJ9wboE8bG4ZZ3UjbnQ/ZkM1OiktIzEzLDAvMkE+PFROQ01ENEA8Hjw6FDg5EzM4
297=DDQxGFNFO11NQVlJQXJkXWNUSFhJPVlKPltLPl9PQlVIOkxCMUpAL1FGNm5fVV5OQllJPF
298=tLPV1MPmhXS2VZUU1IRDo5OkFBQjQzMUlEQ2FYUmJTRllIOFhIOlpKPV5PQV1NQVtLQXFj
299=Wm5gWIJ2boF1bWlbUF1NP1pMPUZAKzEzGD08I05GMTg5HictEEE9JlpMPFlLOlhLOWZZTG
300=peUnBnX4B7dWpdUFNEOlJGPWlcUGZaUGFUSFtMP1pKPVxMQFtLP1xMP1xMP1tMP1xNP1tM
301=P1pLPlpLPltMP1xNQFpLPWhZTWFSRlpKPVtLPltMP1xNQFtLP1tLPlpKPVxMQFxMQGFPRV
302=pMPUlFIkU7KkVDHEQ8J1ZHPV5NP1tMP0xIQFpVSHJvX1xXS05NR1JQSGFfU1BNSIR7dZSG
303=fZ2NeZGDeXlwaGBYUG9mYYJ3cYh8co+EenBpZFtXVldWVyEfIUA8PWBcW21oZl9ZVU1DPF
304=JGPGZWSG9dTUxCOTAsJ0E3LG5XQpyGcJKRhVhVUlg9S2AmUVsNWloNSlgWPn4nbptZdbCK
305=fKiOb4h3VlxSQ0ZAOVRDNGZWSpB5Ypd8Yoh2YndxX2NgUXVnVL+XdNWle+GsfrCLZTI0Kz
306=o4Ljg0Kjw2LHphSqWDZMWheMGge4dpYFlJRD48LTc3LkA8N01GP1NNPkE/KS0vFj45IkVA
307=ID45JUU+KjwyLEA0M04/QVREQWRVO2hZUFVFRVcRAACxGbIZALBHPHVnXnxwaFlKPFBFNF
308=xMP19OQl5OQVREN1xMP11OQFpLPltMP1NGN1VHOGVUR2ZZUFBKRjk3NSkoJzEvMEhEQ15V
309=T2ZYTWFRQ1tLPVlJPVlJPHBiWK2joLOrqWteUllIOWFRQl9RQGFSQVVLN1hNOmdWRlVLN1
310=lNOmNTQWRVQ2hcTW5jV2tfUFpKOnBkWXd2a0xCNVZHOV5QQ0s/NHZlV3tuY2hcUWVYTVtM
311=Pl9PQV1NQFpLPl1NQFtLPltLPl5OQW4BTD9kFwtPQlxMP1tLPl1NQV1NQGwBAAAAAAAAAA
312=AAAAAAAADrTD9aSj1lVktzZ11dTUFaTDxPSyZBQhozNxI8PxQ5Og8nLAQsKRRaSz9kWE1K
313=SEFCPztCPzYoJiRSUU9VVE4/PkE9PkhwZFuUf258bUuHc16pkX6di36hjoKdiXlnXVJCPD
314=o/OTRIRj1NSEVcVlVtZ2RYU1E/OTVHPjhQR0B5dnKhmpSbh3NkVkk8NCs7MSc0LSI/Lipy
315=PlWALW9yDGtrDmZqGWGDLXCeY3uhgGeUh2xYU0dIOyROPh1QQjVnWE+Md2SSeWJwWkdYRD
316=NNRDlJRz5raFlgXVFlWUtgVk96amJwY19oaGE3Ny4jIxwoJRtXRDFtVkGSd15kU0U9Nik2
317=LyZKQThyZlt5Y1NvWUZaSjdBOyYuLxhrW1F6bWZ1Z2FQPjdiUyWWiyCQhimmnR+/uBKroh
318=V0ZR9WRTVdTkNeT0JfTkJZSjxbTD9dTUBdTUFzZVxgUURbTD9eTUFUSDhKQTBWSDpeTUBb
319=Sz1jU0VlWE1XUEpAPDwvLzBFQkY/PDlYUUxkWE1kU0VcTD1WRzhtX1NsXVBiUUJPRzJXSz
320=liVEJjVUJeUj1WTjdiVEBiVD9nWkZqYE9tY1VlW01TTEFXTT5iUz9WQDFSQSxQQTFdTz9d
321=TkFZSTppYE5dUkJWRzthVEpcTD9ZSTtbSz1bSz9bTD9dTUBZSj1aSz5eTkFcTUBaSz5ZSj
322=xVRzlYSjxPRDRfTkJfTkJaSz5aSj1lVktgVUhRRDZYTTYuMQwfIwg4OhZBRBcoKQsqKRc9
323=ODA/Ozk+PDpSUElZV08/PDQyLylRTlNKSlJBP0tXS0Z1WkGlhWuWemaninHKpIS2lXh1YV
324=JHOi86MCdVRC9sXFOGalt2bGJYUUs7NjNFPjtoXlh+c2tdXV1QUVNXWFg6PDw4NTM/Ny5k
325=WE54bFqMc2NwMmVqD2RzFGx4Ol+TfWWjj4F5dmVNRzAwKyAhHx89NzJjWFKEdWaEcF5mU0
326=NUQjRwWESlgmR6aVc+PzxEQTkuKyY4OTlUV144O0YkKTOIbVSYdlJ6YkaBaEt2XkhVRTdJ
327=OidJPCRGPTRVSy59ZkZ0WEFWRixMQSlmUUFgTkFTRjJlWEhxYllSQjhINyamnBHd2Afn5A
328=Xn5AXo5Qbh3gfAugtgUSRFMzlaSkBSRzZQRDVhT0NdTUBaSz5jVEhbTD9cTUBgT0NURzlR
329=RTZbTD5YSjxZSj1cTD9aSTxjUkRmWExbU01EQj8sKyopKCc8OTlVT0tqXVNlVUZbSjlFPi
330=hFQCs4Ox4uMxVVTDZnWUVkV0FkV0BoXEdrYk9xZ1VmXk5VTT5jVjthVj5hVUBeVERjVjh3
331=bF5rZGBgUT5oVzlzaGBmY1xIPi1BNy5NQTZkU0qAcm1pWk9eTkFaSz5cTT9cTD9dTUFdTU
332=BbSz9gTkNYSzxJQC41NhwqLhRBPChLQjFbSz9dTUBaSj1cSz9YSztHQC1FPS1HPytKQik9
333=OCg5NTBJRUM8OTcpKSUwLyxRT0dVU0w+PDY1MixQRkFHPTlSSDp/aFecd1ebcUqfelvOpY
334=bEoIRnWEtMQDVHOzF3YUy5lHCjhXBUSEA/NzJQRj9sYFiOgHeOgnlpZmNeXmRjY2haWl1J
335=SkxgWlV/cWaViIKHemxxZ0mFe22Ye3uRbXR2ZmBTUE1bSUU8JCQxLStCOzhlXVl9c2l3cW
336=1eXFxRRzlnV0abfmeujnTEnXd9bFZSU05MSUEvLCZKSUdlZmk0MzIsLCdoUTqieVOgfFlt
337=Vj9OQSZRQitqVSVLQg9jWCZlViRXQiliSjdlTzliTjplUEBkUUJGPx4xLBdDNjBPPzuVix
338=3Qygvi3gnl4gjm4wjl4Qji3gjc2Aq7tAyHeh1MQyw0MyAtMBVHPy1WSTtZSj1cTD9dTUBX
339=SjtYSjxUSDlCPCgyMxosLxVFPitiUEVgT0NeTkFYSTtiUUJmV0teVU1IREIxMC8nJyY3Nj
340=RZVlBjW1JERCkuMxMnLw1EQShgVD5kV0BpXklrY1FtZlNvZFBmWkBgVkFRSkBRUCpOTSZZ
341=UD9dUj9sYEBjW1BTTkdORDhmWj1cV09WUUlJQDZdTT9eTkBgWD5kXESPg35cTUFZSjxdTU
342=BcTD9SRjZTRzhURzhDPSlbSz9TRzcmLQ8lLA8hKQw8OCRcTEBbTD9gUEJhUENVSDlXSTpk
343=UkZrW09dU05JREM2MConKCMyNS5LRUZ7dGlubVdSUkM/PjU3NCpPRyhJRBRKRRJWTR2Jcl
344=SzjGvYqoTAm35hUkRURzpWSj6rjHHxvZXMo32YhWWHcFuIc2KTf2+RgHR5b2dVUk9GRUZh
345=YmdgYGRgYGJKS0x0bGd6aFhyYVGEdm15bmmJfHeDe3NeXFM4Ojg5NjU1HBxFOztxYV51Yl
346=thWVRQS0FWVUhOTUNGRUBPTUdlXlNHRD6ZflyAcEpLTUpLSEE0MixFPjREPTguKSFHOyxU
347=RDFMPSw7MCROQC9WSxdIPBZZSCFKQRRBPgo5MhFZQjJ2WkNsU0BrVEJeTTxURzZMQC9CNy
348=9NQDaAcyW/uAzg3Ank4Qjj4Ajl4Qvm4gjl4Qnl4gji3wjIwg1qWx5IOC08OSQsLxZCPClb
349=Sz9dTUBdTEBIQC08OSImLRA6NiJZSz1RRjY/OyY+OiRCPCdMQjFfT0JbTD9aSjxgT0FlVU
350=lhV01QS0c0NDIrLCo8PTxNS0RhW0xTUTY5OxxZUjtxZ1RwZ1JfUT9FOyxmV0ZhUT1fVj1a
351=UjxjWkFXTzxdUzxmWkNOSkNJSUZRTEBJQjZcUTZsZ2RfXFpLQzVVRzleTkBAQxooKQxHOy
352=90ZVxhUkZbSz1cTD9XSTpYSjtXSTpIQC1HPy1JQC89OSM6NyBLQTBKQylMQjBhUENZSz1J
353=QDAvLB5RRztkWk9IQz8xLy0qLSQsLSZPP0dtNmhrIGhzMGmFX3GSgG55bFh1YkxZUhZHRQ
354=U6NwhJPhhrUz6HcWOYf2l0X05YSTtaTD68l3Xtt4ncq4LDn3iHgFy8mXaphGhvWklIPzZG
355=QTtOS0lcWVhrbHJaW2BhYWVUVVVOS0lAOTM/NChPQTF5a2OhlI9cWVk+PD4+PT9EQkNqZV
356=+MgHxxZ2Q+OTZEPDhdV05VVUNZVkU+PThAPjg/Pjk4ODVcVUiSfWVlX0xKSj48OS1XSDVd
357=SDZENyo0LB4wKR5PQTJvWkWQblGCYD1iRi5bRStcRyxtUjhfSDNsUj1yV0RhTjo/OyJCOS
358=ZbUEKMf3paSkBFMyahlxLd2Qrk4Ani3wjX0wqAdCrBuw/j4Ajk4Ank4Qjc2Ai6sxJqWzRU
359=RD5aSj1dTUBeTkFbTD9bTD9dTUFIQC09OCRLQjFVRzlhT0NVSTlLQzBLQjBWSTlcTEBcTU
360=BbTD9aSz5ZSTxcTD1nV0hoXVBTT0g6OjUrLCkzNC9LS0NkX09/eGh3bltmW0JiVDtZSDZa
361=SzlSRTNkWj5uZEdYUkNXUD9rX0VeV0ZRSjtgVUJoXUhgVEJgV0FbVUxRTD9KQjdfUEFdTT
362=9WSDlURS1oXlmUjY5sXFBrXVJpW1BaSjxdTkFgUUVjU0hcTUBaSz1dTEA5NBtBPSE2Owsn
363=Jw9FOC8+OCkmJhgxLx47OCgwLiAtLSQ5OTQ9KDxSH05cPkVlEWB3C3hyB3JjBGVwL2Kmgn
364=WylHWCa0ReSidpVDdqWkyoi4SumY93XE5kUUJlWEXKoXnxuIi2glWxe0qqeVGkdFCGXT9i
365=PSJQOyo1LSg4LyUzLSdoX1iKhYF4dnhqa25QUVFFQkA/OTZLRUJlW1aXi4ZmYWE9Ozw5OD
366=lOS0yXjYmqmpWGgG50dGB2bGh9c252bWZsZ1xNSDpIPzM1MSVPTUJCQDUfHxNeTz+jhWyd
367=hmxpWklOQTM/NCk9MyhPQzVxXEeMbE+HZUR6WDqCXUOAXkNmTzNURClfSzJ0WERoUT1SRS
368=88Oh4wMhhLQDBgUESCdW6Dd3ZEMjGajhTa1Qrj3wnh3QjUzwuZjSa0rQ7g3Qnj3wnj3wjf
369=2wnAuhBcTSdSQj5jVEdhUkZcTUBaSj5cTT9dTUBdTUBdTUFeTkFaSj1ZSjxdTEBeTkJdTU
370=BcTEBbTD9dTUBbSz9dTUBcTD9dTkBdTT5eTz5lV0VqX09cV01AQTsuLy0wMixFRjtnZld+
371=eGV5cVpsYUhiVztlXUNgWkliWkJhWEJZUkBkWkZVTj9iVj1jWERWTTxlVEBcUURcWE9VUE
372=VEQDlSRztdTT9ZST5rXEFhWlNVT0ZPRTteTkVeTkJdTUBzZlyvpaSek5BnWE1cTUBcTT5G
373=Qx4yNg4uLw85MiNSSUI/Pi8vLR82MyMtKhwqKxlGNTptKW1uDm1yDnFoKl9kEWJrB2xsFW
374=iBQmuOa2mpi3K4lXjHnn6wi22GcV1sYVR1aVx1ZVRGPzEcHht7ZEn/zZLdpXW/jmTEjl2o
375=c0aUZD5/VTSLZ0u3k3aHclJRRjg0LigqJiA8NjBlXlqBfHpwaWV0amN5bmeUh4Cfk4xfW1
376=s5Nzk4NzhTUFGZjIiOgHaLfnd/eGl0cl5/dG1jVUx7bmePgnx0a2JcVUYjHhNIRDQ2MyEh
377=HxJLQDVVSD1bTUE/Ni06MipRRTpxXUyHaVCDYkV5WD5sUjdrUjhyVT1tUztoUDlWRi48OB
378=xjTztQQy0vMhUtMRQkLA4uMBdWRzliU0hhUUJwYR+3rxDb1wnj4Ajk4Ajl4Qnq5wbo5Afi
379=3gjj4Aji3wjk4AjY0wmrohKRhmqhl5p2aGBbSz9aSz5bSz5cTD9bSz5XRzpdTUBlVktiU0
380=dZSj1cTCKeMlxNIjE4WyNIOAAAAAAAAAAAALlbTD9XRzpbSz1fUEFdT0BdTj5fTz5pWkZu
381=Y1BiXVBHRz4wMiwuMCpFRj1iYlR4c2FrX01URzdCNihGNyRgVkFVTTtkWURWTj1oW0RaTT
382=lgVkdmU0BWRTRhVEFgU0NeTz9dTT5aSjxaSj5eUztsaGZcWFNGPjNnVDNzaWVyamd+cGdl
383=VktbSj98b2hmV05YSzRNSCNCPiY+ODRIREI+PDg/PS8zMSI+PC0tKh4uLh0/LTFjIl9xEn
384=FxCHJsA29uGml+S2uXfHOnk3Wdhm6wkHS/mniUd2I1LStDPzZbWE1lXE9IQTM3MiccHBpk
385=TzfLlmbepXLmrHnYpXjGmHDMnHOtimqKeGTCm3ywkWeyk3SKd2dXTkUwLSgnJSI0MS5aVF
386=GFe3aMgXlrZWRBP0wvLi41NDVaV1ickIuJenNzYU9yYExlWE1pWExQPS5GMiF+cGeJfXaJ
387=fXZ1b2RsYlhrZVhKRTgxLihDQD0xLy0xLShKQjtgVEVdUjdURyleSTFvVD9zWEJvVUBxVk
388=JjTzk6ORo6NhxdSzlVSDM5Nx5GPi1VRzlTRzhGPyxJQC9aS0BcTD+GeiXFvwvg3APj4APl
389=4gHj3wPm4gTo5Qfp5gfk4Qbl4gfn5Ajn4wfa1gjIwTCTh2xcTUdPQzM2NR48NyNeTUFcTU
390=JZS0B4a2Oek5C6sbJ+cWpYRzlaSz1dTUBdTUFeTUJgTkJcTD5dTUBrXVJgUkZbSz5cTT5e
391=Tz9eTz9hUkFfUD1mV0NxZVBlYFFMTUMyNTAuMCg8PTNTUUVuZFJkVkZVQzNNPSpaTTxTUy
392=lERhtbUTtdSzlPPi9DPzRDOi5cTj9dUkZaTUBjVUlqXlRaSj1nW0NYUkxKRDtLQDZkWEJX
393=UkxPST49MShDMCU5JRtDMSRgT0FnWEpbUUtLRkU1MzIpKCYvLiorKhwzMB9DQDEuLB4iIR
394=Q5OCteWVFLNEVZK1N5T2yNenKajHWgi3WrkHyvkm6BaDliUTZANiw9MiZQST1fXFJTUUg5
395=NSo4MSYiIB1IOypuUTd4WT6nfVjToHLBl3HPoXixjWxeUD+PgXCIg32GdGSjiHKokH2EdW
396=lZUkw5NjIoKCg0MzU/PTozMEEtLEpAPTpnYVyShoCUh4B/c2tnXVFwaVdfX09aWEpfUkaB
397=cWeJfHWHe3SNgHh+cm1mX1xdWFY6NzMtKys6OjpFQkBcUkhZTztFPiY3NRtLQStbSjdeSz
398=llUD9mUUBmUkFlUUFgTj5cSz1fTkBcTD9VSDlcTD9RRjZYSjxgTkNeTUFdTEBaSj5eTkF2
399=aTOtpSrY0yPZ1CXd2R/V0SDKxQvGwA3Z1A/j3wzY0wuyqhaDdy5cTztNQzY6NyAoLRAxMx
400=pXTD5gUkheU0tZTkZqX1mCdW57b2lWSkFlWE5hU0dfT0NHPyw2NR1EPitORTdWSD6XjImF
401=eXNWRjdeTkBcTT9dTj9eTz9gUUFfUUBVRjZSQS9aSThgWEZgWDkvLSYoJyQ/OzBZUkNpY1
402=ZuYlRsYE5ISCQxLxNGPS1kV0ZZT0FTSj5gUD5dUEFbUklmW1FmWE5eT0JdTD9TSUJVU0xQ
403=S0FMQjdPRj9YVk5JQzkyJR1HNCJYRSpWRDlcU0xGQ0IxMC4lJCM2MzFMSEd3b2pdVk42My
404=clJBcbGhAnJR9BOzdXUEp0bmKHgHOLg3WPgXSciXqahnZ9bGBZTjk+NiM0LSlCO1qMc2R7
405=aVJLTUZTUkk8OC0wLCIaGhdHNydpSzVnTjicd1bQoXXPoHjJnXizkG9STDt3bmGDgnSYlY
406=OXi3WahXOfjX6JfXVKRkQxLy8pKS4pKSsxMDA5NjJvaWWTh4CPgnqLfnZ8dG4+OzBVTDhM
407=RzlHRThVT0F8cWmLf3iIfHZ+dW9APD4eHh4mJSA0M0tKR2VcUkhmV0pgT0BXSDpRRTVURz
408=dhT0NGPixLQDBdTUBeTkBbTD5bSz5cTD9dTUFcTUBbSz9SRjZXSTtZSz1SRjddTUBRRjVB
409=OyhcTD9dTUFSQj9xYmOupI3GvbjEu6aKf3JkVjRZSThwYzeOgyp9cDReT0VUQ0RNPzNKPy
410=5KQS88OiRWTj91Z2BhU0lhUEJiUUNfT0FZSTtaSz5ZS0BfT0JlV01gU0tbUEJIQzJIQjVd
411=UkpZTUVoXFR7b2lbTEBcTD5dTT9dTkBaTD5dTz9fUEBURTZJNic/Kh1HNSNKPCtRRDZMRz
412=41NTEsLCcxMixOTkVsZ1x5b2NwY1RhVUZQRzxNQzddTz9oW09sYFVlWExbTD9YSDtbTD9d
413=TUBdTD9gUUNfUEJfTkBgT0FfUEJUQzZSPTBWSj9XT0NORD0vMDMcHyMsLCxbVlOBd3CJfX
414=aJfXWPgnuFenRhWVJjWlR7cGmFeHGMf3eKfXWJfXSNgXmGenNpYFlEPjgsKCMsKCRMQzqE
415=b1+eg3LEnXy0j2+IcltWT0I1MSdNPzByWUOOblGthmO/lG/LnnfEmnXBmHW+l3a2knOoj3
416=Sek3upoo2jlX+biXeHeG1aU041MjAnJSMvLixNSkhaVVE6ODcqKCgoJyU+PDpmX1yHfXeT
417=fXFEPTktLis0MipJRD1IRT9COzdhWldQTEkuLCopKSc3NjRNSERjWFRoWExeTT9aSjxcTU
418=BdTUBcTT9aSz5dTUBdTkFeTkFbTD9aSj5bTD9eTkFdTUBcTD9bTD9bTD9cTD9fTkJZSzxS
419=RjdeTkFYSjxRRTZcTUBbTD9bTD5YSDtfUEpxY11mWFRWRz1XR0BaSkBVRUFSQkBVREFpWl
420=J+cGh1Z15gUEVnWE5rXFRlVkpdTD5gT0FfT0FdTUBhUEJgUEJeTkBeTkBhUEJdTT9gUEJs
421=XVNiVU9aS0BhUEJgT0FdTD5hUkheUkldUEZbTD9aSz5bSz5dTUBcTT9OPTBFMyVDLyJBLi
422=I+Kx9KNyheTj1oXk9WUkk9PDgoKSYrLChFQz9mYVp1bGFuYlVgVUppXVJhVEhbSz5cTD5d
423=TUBcTUBZSj5cTD9cTCIwIyKIWwDrSz5eTT9jUkVmWk9bVE47OTgoJyckIiJGPjlfWFV9c2
424=2QhHyHfHSHe3OFenGFeXKGe3OOgXqOgXqIfXWFenGJfnaNgXp8dG5ZVVI2NDIkIyArKSZL
425=RUB7bWGii3etkXmsj3WtjnW1knW8l3ewjW+nhWi9lnTEm3fFnXjDm3jCmni9l3a5lHS1kn
426=Wxj3OqjHKqjHOqjXafiHSEc2ZYT0kxLisjIiAwLi1RTUp5cGuLf3eJfnaHfHVqY15DQD8o
427=JygnJSY6OTlkWVOFe3R9cGdFOzQ/PDg+OzovLSsoJyUoJyU5NzVRTEdkWE5mVkhdTT5bSz
428=1cTUBcTD9aSz5cTCJfJ1tLPiJLYk1AWyOQXwFcTD9cZIYEQVtLPllKPrQDCFtLPltMPl1N
429=QF1NfwJcTEAkIGABWks+WmgDBz9ZSTxWRjhZSTukC2gJdAkAIj9bSz1oWU6BdW95cGxpWk
430=9jVEhfTkBhUUNjUkRhUUNgT0JgUEJjU0ViUURhUENgT0JiUUNkAg5SRGBPQWJSQ2JRQ2FR
431=Q19PQXwFB1BBY1JDWU5HVEgiMWJbIgxiaBIANl9PQlpLPlZHOlhHOlZGOGBRQl1OP15OPm
432=ZWRmhbTllSS0E+PSoqKCopJz47OFxXUmxhV2JRQ1hHOVxMPl5OQVxNQFtMPltLPhEAAA==

[Map]
Theater=NEWURBAN
Size=0,0,94,53
LocalSize=2,4,90,43

[Waypoints]
0=115041
1=86034
2=32105
3=62109
8=46082
9=29084
10=67084
11=99080
12=84092
13=113066
14=74068
15=44060
16=54057
17=71056
18=95056
19=116056
20=101016
21=47129
22=13098
23=133049
699=59086

[IsoMapPack5]
1=Dg4AIAsSAFIAAAAAAAAEBBIAUWABqQFQKCkATygpAE4oKQBN6wETAFIoKAAnBgETACcGARMAJw
2=YBEwAnBgETACkFAUzlCBQoMQEUKDkCFCgxARQoMQEUKDEBFCgyARQAKTEBS/0KFShdARUoXQEV
3=KF0BFShdARUoXQEVKF0BFSheARUAKV0BSukMFiiJARYoiQEWKIkBFiiJARYoiQEWKIkBFiiJAR
4=YoigEWACmJAUn1DRcoiQEXKIkBFyiJARcoiQEXKIkBFyiJARcoiQEXKIoBFwApiQFI9Q0YKLUB
5=GCi1ARgotQEYKLUBGCi1ARgotQEYKLUBGCi1ARgotgEYACm1AUfhDxko4QEZKOEBGSjhARko4Q
6=EZKOEBGSjhARko4QEZKOEBGSjhARko4gEZACnhAUbtEBoo4QEaKOEBGijhARoo4QEaKOEBGijh
7=ARoo4QEaKOEBGijhARoo4gEaACnhAUXtEBsoMQEbKDEBGygxARsoMQEbKDEBdSjpAnUo6QJ1KO
8=kCdSjpAnUo6QJ1KLUBdSi1AXUotQF2KF0BdihdAXYoXQF2KF0BdihdAXYoXQF2KF0BdihdAXco
9=MQF3KDEBdygxAXcoMQF3KDEBdygxAXcqMAEnRQl4KDEBeCgxAXgoMQF4KDEBeCgxAXgoMQF4KH
10=0FeCh9BXkoMQF5KDEBeSgxAXkoMQF5KDEBeSgxAXkoMQF6KAUBeigFAXooBQF6KAUBeigFAXoo
11=BQF7KNkAeyjZAHso2QB7KNkAeyjZAHworQB8KK0AfCitAHwqrAAnegp8ACd7CnwAROVVfSgFAX
12=0oBQF9KAUBfSiBC30oBQF9KAUBfijZAH4o2QB+KNkAfijZAH4o2QB/KK0AfyitAH8orQB/KKwA
13=AhEAUgAxZBYCBAQRAFOIAQECAAASyQEDbeFUlAIDBQAAdABQiAEDAAQEdABRiAEBAgAAdcgBBQ
14=MEBBUAUwA1swkVAFSIAQECAAAW1AIBAQQEFtQCBQMAABMAUwA2rwUTAFSIAQECAAAU1AIBAQQE
15=FNQCBQMAABgAUgA3rwUYAFOIAQECAAAZ1AIBAQQEGdQCBQMAABoAUQA5rwUaAFKIAQECAAAb1A
16=IFAQAAFwBTADxgBAIAABwATCgrAEoAP3QCAgQEHABLiAECAgQEHQC0AgEBAAAd1QIDcwlPAECv
17=BRsAUIkBAnkGSIkBAGgBoQQBaQxJlAKABK0FA3AJrAWcCqAEAwMAAIAARYwFAwAEBIAARogBAQ
18=IEBIHVAgFjD00AQeEPTogBnAq0ApQNtAKQFANEAEMAAACZBkWJAQRkE6kBBXEJRrhAdAKoAYUI
19=R5UCBHAfqAEDBQAAfwBDtEdkE6kBAX0VRJUCBHAUqAEDBQAAeABGu1YEBHnIAQMBBAR9AEP1An
20=7JAQF6SEgAIwQhaQFJiAECAgQEdQC0AgMBBAR7AEOVAgBpAUSIAQECBAR81AIDAQQEdgBHkIUD
21=AgQEdwBGiQEBaAG0AgMDBAR6AEaJtAJlCEWIAZwKtQIDZQhIqOsCBAQXAFIk6CICBAQbAEzoAQ
22=IRAFAAU7cuEQBRiAGJF0qIAZFhS4kBAW9oTgBU7QVPiAGNBUyIAY0FTYgBlwJOAFWvBXQAT4gB
23=BQEEBB4AeACDdAICAAAeAHfrASIAV+sBKwBZ6wEsAFjrATAAfCgpADzrATEAfSgoACeDADEAey
24=hUACeuADIAJysANAB14wQ0AHQoKQBzKCkAXCgpAFvpATUorgA1ACevADUAZ+MEXQAZKCkAE+sB
25=XgAtKCkAFOsBYABWKCkAICgpAA/rAWIAUigpAFHqAWMAJysAZwAi9QJoKCsAagAQ9gJqACczAW
26=sAEfUCayiCAGwAJ5MCbAAS4QRsKK8AbQBA9wJtAD4oKAAn2QBtKNsAbwAd4wRwAEkoKAAn2QBw
27=KoEAHOEEcShWAHEAKVUAG+EEdCj7BHUANfcCdQAs6QF2KFcAdwBC9wJ3ACMoKAAnowR3ACH1An
28=gogQB4KPkEeCiBAHkogQB5KIAAAh0AdgCFv1cqAFjpASsoKwAtAG33AjAAe+sBMQA76wEzAHPr
29=ATUAWusBXgAsKCkAE+kBXyhXAGAAH/cCYgBQKCkAPOsBZQA16wFmACLrAWcAFusBaABD6QFpKC
30=sAbgBA9wJvABvpAXAoKQB0KA8CdQAz4QR3KLcBeQAh9AICHgB2AIa3IyEAWusBIgBtKCkAbOkB
31=LihXADIAffcCMgB86wE1AHUoKQByKCkAaCgpAFvqAV0AKSgAJ+MBXQBIKIEAPOsBXgAu6wFfAB
32=QoKQATKCkAEesBYQBPKCkAEOsBYgBU6wFuAEEoKAAnMgFuACcxAXAoDwJyABztBXQoDwJ2ADT3
33=AnYALSgpACzrAXoAIugBAh8AdwCH/Stq6wEiAGsoKQBW6wEyAHsoKQA76wE0AFPrATUAZusBNg
34=Bz6wFdAEcoKQBA6wFeAEkoKQAY6QFgKDMBYAAy9gJhACe3AWEAIihVAB8oKQAP6wFjAFDrAWQA
35=UesBaAAh6wFqAEMoKQAO6gFrACcHAWwAEPcCbQAR6wFuAD0oKQAS6QFwKG0DcShBA3EorwByAB
36=vvBXYAMygpACvrAXgAQSgpADUoKQAg6QF6KOgCAh8AeACIszUpAFnpASooKwAvAHz3Ai8AbOsB
37=MQA96wEyAH7rAV0ASesBXgAZKCkAFesBXwAg6wFgACIoKQAQ6wFjAFLrAWQANesBZgAX6wFnAC
38=PrAWgAROkBaSgrAGoAEfcCbAAU6wFtAEEoKAAnVwBuAD73AnAASigpAB7rAXQAL+sBdQAt6wF2
39=ADbpAXcqKQAk9gJ4ACcoAAIfAHUAib8rIwBX6wEvAD7rATAAf+sBXwBT6wFgADDrAWEAVOsBZg
40=Ad6wFpACIoKQAV6QFsKF0BbygoAAIiAG4Aiq8QIgBZKCkAVOkBLChVAC4orwAwAD7jBDEAf+sB
41=MgA96wEzAFXqATQAJzMBNQB29wI1AFzrATYAdOkBXShXAF0AQShUACdfAV0AGvcCXgA7KCkAL+
42=sBXwAtKCkAFesBYAAz6wFhACDpAWIovwJkAFL1AmQobwNnAB33AmcAF+sBaAAjKCkAFusBagBE
43=6wFvAB/rAXEASigoACfPBHEAHvUCciiLAXgAQvcCeAA26wF5ACTpAXoo4AECIAB4AIu/NiAAde
44=sBJABX6wElAFHrASgAdusBKQBy6wEtAFjrATAAbOsBMwB+KCkAPOsBNQA06wE2AGcoKQBa6wFe
45=AEzrAV8AOigpABnrAWAALCgpABLrAWEAVigpADDqAWMAJ+MBZQA99wJmADXrAWgAVOsBagAiKC
46=kAFesBbwBA6wF1AC/rAXoAH+gBAh0AdwCMuychAG4oKQBtKCkAbCgpAGvrASgAcukBLSjbAC8A
47=e/cCMAA9KCkAO+sBMQB+6wEzAHQoKQBU6wE0AHYoKQBn6wFcAFwoKQBbKCkASSgpAEgoKQBBKC
48=kAQCgpABrrAV0ATCgpAC4oKQAtKCkAGCgpABUoKQAU6wFeAFPrAV8AMigpABIoKQAQ6gFgACdv
49=A2EAUfcCYQBQKCkAPOsBZQAd6wFnAEPqAWkAJzMBaQAPKFUADusBawATKCgAJw8CbwBK9gJvAC
50=eiBG8AJ6MEbwBHKIEAHigpABzqAXMAJ3YEcwAndwRzACzjBHUANOsBdgAjKCkAIugBAh4AdQCN
51=8UtZKCkAVuoBKAAnVwApAFj3Ai4AbCgpAD7rATIAVesBMwBbKCkAU+sBNAByKCkAZigpAFrqAV
52=wAKSkARyhVADwoKQAZ6wFdADsoKQAs6wFeADrrAV8AMCgpACIoKQAfKCkAD+sBZAA96wFmABbr
53=AWcAIesBaAAV6wFsAEDpAW0o2gBuACddAXAoVwB1ACvtBXYoMwF3AEH3AncAIOgBAiIAWACOrz
54=EnAHXrATQAd+sBNQBpKCkAP+sBXAAb6wFdABcoKQAW6wFfAFsoKQAx6wFgAFUoKQAh6wFhAE7r
55=AWIAU+sBagA86gFtACfgAQIgAGkAj78VIgBT6wEnAHTrASgAcesBLABX6wEvAH4oKQB6KCkAa+
56=sBMAA66gExACeDADIAdvcCNAA36QE1KIsBNQA+9wJcAD/rAV0AWSgpAEsoKQAS6wFeAFLrAV8A
57=WusBYAAO6wFhAE3rAWQANOsBZQAcKCkAFOsBZgBV6QFnKEsEZwBCKFQAJ9sAaQAN9wJqADvrAW
58=8ARusBcQAa6wFzACvoAQIdAHgAkLcuIABq6wEhAFfrAScAdusBLwB/6wEwAH3rATMAdSgpAFzr
59=ATQAaOsBXAA96wFdAC/rAV8AM+sBYQBSKCgAJ68AZgAj9wJnAFQoKQBE6wFpABHrAWsAFOsBbA
60=BB6QFzKLcBdQA29wJ2ACToAQIcAHYAkfEfWusBIQBU6wEkAFHrASwAbesBLgB86wEvADzrATIA
61=c+sBNAA06wFcABPrAV4AICgpABHrAV8AVusBYABPKCkAO+sBYwA+KCkANesBZQAiKCkAF+kBay
62=ivAG4AHfcCbgAb6gF0ACcHAXQAM/cCdgBC6wF5AB/oAQIeAHkAkrcjIQBvKCkAW+sBKABzKCkA
63=WuoBKwAnKQAtKNsALgA/4wQyAHcoKQBW6wE0AHgoKQBdKCkAOOsBNQBqKCkAQOoBXAAnrwBcAE
64=ooVQBCKCkAHOsBXQBN6wFeAFQoKAAn2wBfAFz3Al8AI+sBYABX6QFhKFcAYQAR9wJiAFXrAWUA
65=NigpAB4oKQAV6gFmACfHA2oAPfYCbgD8FQACAG4AIACSAAAAAAAAbgAVAJIAAAARAACSDAAgBg
66=AAAG8ASwCSAIMAcAA/6wF2AC7rAXcAQ+gBAh0AdACTiAUBACAAVesBIwBS6QEkKFcAKwBy9wIr
67=AG7rAS4AgOsBLwBA6QEwKNsAMgBq9wIzAGkoKQA16wE0AGsoKQBRKCkAOusBNQA86wFcACvrAV
68=0AVigpABDrAV4AXSgpABsoKQAO6QFkKNsAZABU9QJlKOsCZwAa9wJnABTrAWgAGOsBaQAX6wFr
69=ABbpAW0o2wB0ACH3AnYAMOsBdwAq6AELQABWABgBAAAABARAADkoKQBXiAEDBQAAQAA6KCkAWI
70=kBCnUCO+kBQcQIAQEEBEHECIgBpQgGdAKkCIgBpAgCCwAAQQCkCAELAABCxAgBAgQEQsQIiAGl
71=CAd0AqQIiAGlCAx4BqQIAQwAAEPECAEDBARDxAiIAaUICHQCpAiIAaUIDXgGpAgBDQAARMQIAQ
72=QEBETECIgBpQgJYASkCIgBpQgOdAKkCAMOAABOAEaIIgMABAROACsoKQBHiQEFYQQsKCkASIkB
73=CnUCLekBT8QIAQEEBE/ECIgBpQgGdAKkCIgBpAgCCwAATwCkCAELAABQxAgBAgQEUMQIiAGlCA
74=d0AqQIiAGlCAx4BqQIAQwAAFHECAEDBARRxAiIAaUICHQCpAiIAaUIDXgGpAgBDQAAUsQIAQQE
75=BFLECIgBpQgJYASkCIgBpQgOdAKlCA5zS2sAGmxSaQFUKCkAbIkBBWVVVeoBQQCsBYhOrAWIAa
76=wFiE6tBQZ4SKwFkEusBYgBrAWQS60FB2BGrAWYSKwFiAGsBZhIrQUIYEatBQR8QawFiAGtBQlg
77=BK0FCWlDYYkXAGU/RCgpAGKJAQVhBEXqAU8ArAWQQKwFiAGsBZBArQUGYDusBZg9rAWIAawFmD
78=2tBQdoOKwFgDusBYgBrAWAO60FCGg4rQUEZDSsBYgBrQUJYASsBQUJBAQBAF4AJb02AiopAF+U
79=AgEBAAADKFYAAwApVQBggAQBAgAABCiBAAQoggAEACeBAAUogQAFKIEABSiBAAYogQAGKIEABi
80=iBAAcogQAHKIEAByiBAAgogQAIKIEACCiBAAkogQAJKIEACSiBAAoogQAKKIEACiiBAAsogQAL
81=KIEACyiBAAwogQAMKIEADCiBAA0ogQANKIEADSiBAA4ogQAOKIEADiiBAA8ogQAPKIEADyiBAB
82=AogQAQKIEAECiBABEogQARKIEAESiBABIogQASKIEAEiiBABMogQATKIEAEyiBABQogQAUKIEA
83=FCiBABUogQAVKIEAFSiBABYogQAWKIEAFiiBABcogQAXKIEAFyiBABgogQAYKIEAGCiBABkogQ
84=AZKIEAGSiBABoogQAaKIEAGiiBABsogQAbKIEAGyiBABwogQAcKIEAHCiBAB0ogQAdKIEAHSiB
85=AB4ogQAeKIEAHiiBAB8ogQAfKIEAHyiBACAogQAgKIEAICiBACEogQAhKIEAISiBACIogQAiKI
86=EAIiiBACMogQAjKIEAIyiBACQogQAkKIEAJCiBACUogQAlKIEAJSiBACYogQAmKIEAJiiBACco
87=gQAnKIEAJyiBACgogQAoKIEAKCiBACkogQApKIEAKSiBACoogQAqKIEAKiiBACsogQArKIEAKy
88=iBACwogQAsKIEALCiBAC0ogQAtKIEALSiBAC4ogQAuKIEALiiDADAAL/eyMQAuiAEBAQAAMShX
89=ADIALZQCAQAAADIogQAyKIEAMyiJATMorQAzKLUBMyjZADMo4QEzKAUBNCgFATQoBQE0KAUBNC
90=gFATQoBQE0KAUBNSgFATUoBQE1KAUBNSgFATUoBQE1KAUBNigFATYoBQE2KAUBNigFATYoBQE2
91=KAUBOigHAToASe0mOigxATooMwE6AEqABAEBAAA6KF0BOihfAToAS4EEAmAEJ4UGOyhdATsoXQ
92=E7KDEBOygxATsoBQE7KJECPCgFATwoBQE8KAUBPCgFATwoBQE8KAUBPSgFAT0oBQE9KAUBPSgF
93=AT0oBQE9KAUBPiihBD4oMQE+KDEBPiihBD4oXQE+KF0BPiihBD4oiQE+KIkBPyiJAT8oiQE/KI
94=kBPyiJAT8oiQE/KIkBPyiJAT8oiQE/KIkBQCiJAUAoiQFAKIkBQCiJAUAoiQFAKIkBQCiJAUAo
95=iQFAKIkBQSiJAUEoiQFBKF0BQShdAUEoMQFBKDEBQigFAUIoBQFCKAUBQigFAUIoBQFCKAUBQy
96=gFAUMoBQFDKAUBQygFAUMoBQFDKAUBRCgFAUQoBQFEKKEERCgxAUQoMQFEKKEERChdAUQqXAEn
97=XQxFKIkBRSiJAUUoiQFFKIkBRSiJAUUoiQFFKIkBRSiJAUUoLQZGKF0BRihdAUYoMQFGKDEBRi
98=gFAUYoBQFHKAUBRygFAUcoBQFHKAUBRygFAUcoBQFIKAUBSCjZAEgorwBKAGmUhgMAAABKAGqJ
99=AQFpAWuIAQECAABLKIEASyiCAEsAJ4EATCiDAEwAN5gGAQAAAEworwBMADiVAgF0AinZADmUAg
100=ECAABNKAUBTSgFAU0oBQFNKAUBTSjiAU0AJwUBTigFAU4oBQFOKAUBTigFAU4oBQFOKAUBTyjZ
101=AE8orQBPKIEAUCiBAFAogQBQKIEAUSiBAFEogQBRKIEAUiiRAlIorQBSKJECUijZAFIokQJSKA
102=UBUygFAVMoBQFTKAUBUygFAVMoBQFTKAUBVCgFAVQoBQFUKAUBVCgFAVQoBQFUKAUBVSgFAVUo
103=BQFVKAUBVSgFAVUoBQFVKAUBVigFAVYoBQFWKAUBVigFAVYoBQFWKAUBVygFAVcoBQFXKAUBVy
104=gFAVcoBQFXKAUBWCgFAVgoBQFYKAUBWCgFAVgoBQFYKAUBXCgFAVwoBQFcKAUBXCgFAVwo2QBd
105=KNkAXSjZAF0orQBdKK0AXiiBAF4ogQBeKIEAXyiBAF8ogQBfKIEAYCiBAGAogQBgKIEAYSiBAG
106=EogQBhKIEAYiiBAGIogQBiKIEAYyiBAGMogQBjKIEAZCiBAGQogQBkKIEAZSiBAGUogQBlKIEA
107=ZiiBAGYogQBmKIEAZyiBAGcogQBnKIEAaCiBAGgogQBoKIEAaSiBAGkogQBpKIEAaiiBAGoogQ
108=BqKIEAayiBAGsogQBrKIEAbCiBAGwogQBsKIEAbSiBAG0ogQBtKIEAbiiBAG4ogQBuKIEAbyiB
109=AG8ogQBvKIEAcCiBAHAogQBwKIEAcSiBAHEogQBxKIEAciiBAHIogQByKIEAcyiBAHMogQBzKI
110=EAdCiBAHQogQB0KIEAdSiBAHUogQB1KIEAdiiBAHYogQB2KIEAdyiBAHcogQB3KIEAeCiBAHgo
111=gQB4KIEAeSiBAHkogQB5KIEAeiiBAHoogQB6KIEAeyiBAHsogQB7KIEAfCiBAHwogQB8KIEAfS
112=iBAH0ogQB9KIEAfiiBAH4ogQB+KIEAgyiBAIMogQCDKIEAhCiBAIQogQCEKIEAhSiBAIUogQCF
113=KIEAhiiBAIYogQCGKIEAhyiBAIcogQCHKIEAiCiBAIgogQCIKIEAiSiBAIkogQCJKIEAiiiBAI
114=oogQCKKIEAiyiBAIsogQCLKIEAjCiBAIwogQCMKIEAjSiBAI0ogQCNKIEAjiiBAI4ogQCPKFQA
115=AjcAjwAmJAtUNwCOKCkAjSgpAIwoKQCLKCkAiigpAIkoKQCIKCkAgygpAIIoKQCBKCkAgCgpAH
116=8oKQB+KCkAfSgpAHwoKQB7KCkAdigpAHUoKQB0KCkAcygpAHIoKQBxKCkAcCgpAG8oKQBuKCkA
117=bSgpAGwoKQBrKCkAaigpAGkoKQBoKCkAZygpAGYoKQBlKCkAZCgpAGMoKQBiKCkAYSgpAF0oKQ
118=BcKCkAWygpAFooKQBZKCkAWCgpAFcoKQBWKCkAVSgpAFQoKQBQKCkATygpAE4oKQBNKCkATCgp
119=AEgoKQBHKCkAQigpAEEoKQBAKCkAPygpAD4oKQA9KCkAPCgpADsoKQA6KCkAOSgpADgoKQA3KC
120=kANigpADUoKQA0KCkAMygpADIoKQAxKCkAMCgpACwoKQArKCkAKigpACkoKQAo6QE40GwCAQAA
121=OACwbIgBsGyIAbBsiAGwbIgBsGyIAbBsiAGwbIgBsGyIAbBsiAGwbIgBsGyIAbBsiAGwbIgBsG
122=yIAbBsiAGwbIgBsGyIAbBsiAGwbIgBsGyIAbBsiAGwbIgBsGyIAbBsiAGwbIgBsGyIAbBsiAGw
123=bIgBsGyIAbBsiAGwbIgBsGyIAbBsiAGwbIgBsGwAAQEAADgAYgAmAQAAAQAAOABhACYRAAA5DA
124=AgCAEAAAEAADgAXQAm6QFcKCkAWygpAFooKQBZKCkAWCgpAFcoKQBWKCkAVSgpAFQoKQBQKCkA
125=TygpAE4oKQBNKCkATCgpAEgoKQBHKCkAQigpAEEoKQBAKCkAPygpAD4oKQA9KCkAPCgpADsoKQ
126=A6KCkAOSgpADgoKQA3KCkANigpADUoKQA0KCkAMygpADIoKQAxKCkAMCgpACwoKQArKCkAKigp
127=ACkoKQAoKCkAJ+sBOQCNiAEDAgAAOQCMKCkAiygpAIooKQCJKCkAiCgpAIMoKQCCKCkAgSgpAI
128=AoKQB/KCkAfigpAH0oKQB8KCkAeygpAHYoKQB1KCkAdCgpAHMoKQByKCkAcSgpAHAoKQBvKCkA
129=bigpAG0oKQBsKCkAaygpAGooKQBpKCkAaCgpAGcoKQBmKCkAZSgpAGQoKQBjKCkAYigpAGEoKA
130=CwbJgysGyIAbBsiAGwbIgBsGyIAbBsiAGwbIgBsGyIAbBsiAGwbIgBsGyIAbBsiAGwbIgBsGyI
131=AbBsiAGwbIgBsGyIAbBsiAGwbIgBsGyIAbBsiAGwbIgBsGyIAbBsiAGwbIgBsGyIAbBsiAGwbI
132=gBsGyIAbBsiAGwbIgBsGyIAbBsiAGwbIgBsGyIAbBsiAGwbIgBsGyIAbBsiAGwbIgBsGyIAbBs
133=iQEm4ztBAIWIAQMAAABBAIQoKACsaJQCrGiIAaxoiAGsaIgBrGiIAaxoiAGsaIgBrGiIAaxoiQ
134=F6KLUBeSgpAHgoKQB3KCgAvG2YBrxtiAG8bYgBvG2IAbxtiAG8bYgBqC2IAagtiAGoLYgBqC2I
135=AagtiAGoLYgBqC2IAagtiAGoLYgBqC2IAagtiAGoLYkBJShBAyQoKQAjKCkAIigpACEoKQAgKC
136=kAHygpAB7pAULcNgIBAABCALw2iAG8NogBvDaIAbw2iAG8NogBvDaIAbw2iAG8NogBvDaIAbw2
137=iAG8NogBvDaIAbw2iAG8NogBvDaIAbw2iAG8NogBvDaIAbw2iAG8NogBvDaIAbw2iAG8NogBvD
138=aIAbw2iAG8NogBvDaIAbw2iAG8NogBvDaIAbw2iAG8NogBvDaIAbw2iAG8NogBvDaIAbw2iAG8
139=NogBvDaJAR2IOAEBAABD3TYCaAG8NogBvDaIAbw2iAG8NogBvDaIAbw2iAG8NogBvDaIAbw2iA
140=G8NogBvDaIAbw2iAG8NogBvDaIAbw2iAG8NogBvDaIAbw2iAG8NogBvDaIAbw2iAG8NogBvDaI
141=Abw2iAG8NogBvDaIAbw2iAG8NogBvDaIAbw2iAG8NogBvDaIAbw2iAG8NogBvDaIAbw2iAG8No
142=gBvDaIAbw2iQEciDgCAgAARgCl7wBoAaTviAGk74gBpO+IAaTviAGk74gBpO+IAaTvAQAAAEfd
143=CgFoAbwKiAG8CogBvAqIAbwKiAG8CogBvAqIAbwKAQEAAEjdCgJoAbwKiAG8CogBvAqIAbwKiA
144=G8CogBvAqIAbwKAgIAAEkAJHkgAGgBJHggiAEkeCCIASR4IIgBJHggiAEkeCCIASR4IIgBJHgg
145=iAEkeCCJAVOULokBUigpAFEoKAAk/CCABCT8IIgBJPwgiAEk/CCIAST8IIgBJPwgiAEk/CCJAU
146=YoXQFFKCkARCgpAEMoKAAkrCGYBiT8IIgBJPwgiAEk/CCIASRMIIgBJEwgiAGgZ4gBoGeIAaBn
147=iAGgZ4gBoGcBAAAAStUuAWgBtC6IAbQuiAG0LogBtC6IAbQuiAG0LogBtC6IAbQuiAG0LogBtC
148=6IAbQuiAG0LogBtC6IAbQuiAG0LogBtC6IAbQuiAG0LogBtC6IAbQuiAG0LogBtC6IAbQuiAG0
149=LogBtC6IAbQuiAG0LogBtC6IAbQuiAG0LogBtC6IAbQuiAG0LgEBAABL1S4CaAG0LogBtC6IAb
150=QuiAG0LogBtC6IAbQuiAG0LogBtC6IAbQuiAG0LogBtC6IAbQuiAG0LogBtC6IAbQuiAG0LogB
151=tC6IAbQuiAG0LogBtC6IAbQuiAG0LogBtC6IAbQuiAG0LogBtC6IAbQuiAG0LogBtC6IAbQuiA
152=G0LogBtC6IAbQuAgIAAE8AodUAaAGg1YgBoNWIAaDViAGg1YgBoNWIAaDViAEkIDaIASQgNogB
153=JCA2iAEkIDaIASQgNogBJ7YXTwC0p5QCsM+IAbDPiAGwz4gBsM+IAbDPiAGwz4gBsM+IAbDPiA
154=Gwz4gBsM+IAbDPiQEb65BPABooKQAZKCkAGCgpABcoKQAWKCkAFSgpABQoKQATKCkAEigpABEo
155=KQAQ6gFQAKwxAgEAAFAArDGIAawxiAGsMYgBrDGIAawxiAGsMYgBrDGIAawxiAGsMYgBrDGIAa
156=wxiAGsMYgBrDGIAawxiAGsMYgBrDGIAawxiAGsMYgBrDGIAawxiAGsMYgBrDGIAawxiAGsMYgB
157=rDGIAawxiAGsMYgBrDGIAawxiAGsMYgBrDGIAawxiAGsMYgBrDGIAawxiQEPmDIBAQAAUc0xAm
158=gBrDGIAawxiAGsMYgBrDGIAawxiAGsMYgBrDGIAawxiAGsMYgBrDGIAawxiAGsMYgBrDGIAawx
159=iAGsMYgBrDGIAawxiAGsMYgBrDGIAawxiAGsMYgBrDGIAawxiAGsMYgBrDGIAawxiAGsMYgBrD
160=GIAawxiAGsMYgBrDGIAawxiAGsMYgBrDGIAawxiQEOmDICAgAAWQC5JwBoAbgniAG4J4gBuCeI
161=ASRQJogBJFAmiAEkUCaIASRQJogBJFAmiAEkUCaJAWCAD4kBXygpAF4oKAAkfEeABCcCJ1kAsN
162=qUArDaiAGw2ogBsNqIAbDaiAGw2ogBsNqIAbDaiAGw2ogBsNqIAbDaiAGw2ogBsNqIAbDaiAGw
163=2ogBsNqJAUsoQQNKKCgAsNqABLDaiAGw2ogBsNqIAbDaiAEksEiIASSwSIgBJLBIiAEksEiIAa
164=DgiAGg4IgBoOCIASSwSIgBrOGIAazhiAGs4YgBrOGIAazhiAGs4YgBrOGJAS8omQMuKCkALSgo
165=ACRENYwFJEQ1iAEkRDWIASRENYgBJEQ1iAEkRDWIAaByiAGgcogBoHKIAaByiAGgcogBvG2IAb
166=xtiAG8bYgBvG2IAbxtiAG8bYgBvG2IAbxtiAG8bYgBvG2IAbxtiAG8bYgBvG2JAQ0oSQQMKCkA
167=CygpAAooKQAJKCkACCgpAAcoKQAG6gFaALB3AQEAAFolRDWIAbB3iAGwd4gBsHeIAbB3iAGwd4
168=gBsHeIAbB3iAGwd4gBsHeIAbB3iAGwd4gBsHeIAbB3iAGwd4gBsHeIAbB3iAGwd4gBsHeIAbB3
169=iAGwd4gBsHeIAbB3iAGwd4gBsHeIAbB3iAGwd4gBsHeIAbB3iAGwd4gBsHeIAbB3iAGwd4gBsH
170=eIAbB3iAGwd4gBsHeIAbB3iAGwd4gBsHeIAbB3iAGwd4gBsHeIAbB3iAGwd4gBsHeIAbB3iAGw
171=d4gBsHeIAbB3iAGwd4gBsHeIAbB3iAGwd4gBsHeIAbB3iAGwd4gBsHeIAbB3iAGwd4gBsHeIAb
172=B3iAGwd4gBsHeIAbB3iAGwd4gBsHeIAbB3iAGwd4gBsHeIAbB3iAGwd4gBsHeIAbB3iAGwd4gB
173=sHeIAbB3iAGwd4gBsHeIAbB3iAGwd4gBsHeIAbB3iAGwd4gBsHeIAbB3iQEFnHgBAQAAW9F3Am
174=gBsHeIAbB3iAGwd4gBsHeIAbB3iAGwd4gBsHeIAbB3iAGwd4gBsHeIAbB3iAGwd4gBsHeIAbB3
175=iAGwd4gBsHeIAbB3iAGwd4gBsHeIAbB3iAGwd4gBsHeIAbB3iAGwd4gBsHeIAbB3iAGwd4gBsH
176=eIAbB3iAGwd4gBsHeIAbB3iAGwd4gBsHeIAbB3iAGwd4gBsHeIAbB3iAGwd4gBsHeIAbB3iAGw
177=d4gBsHeIAbB3iAGwd4gBsHeIAbB3iAGwd4gBsHeIAbB3iAGwd4gBsHeIAbB3iAGwd4gBsHeIAb
178=B3iAGwd4gBsHeIAbB3iAGwd4gBsHeIAbB3iAGwd4gBsHeIAbB3iAGwd4gBsHeIAbB3iAGwd4gB
179=sHeIAbB3iAGwd4gBsHeIAbB3iAGwd4gBsHeIAbB3iAGwd4gBsHeIAbB3iAGwd4gBsHeIAbB3iA
180=Gwdw0CAABbAAYAJgEAAAIAAFsAEQAAng0AIA0FACYBAAACAABbAAQAJgEAaAEEQQAtACcBAGMA
181=QQAuiAEDAwAAQQAviAEBBgAAQsEEAWgBoQQEaAGgBAEHAABDwQQCaAGhBAVoAaAEAwgAAE8AaZ
182=EJAGkBaokBA2kBa4gBAQYAAFDBBAFoAaEEBGgBoAQBBwAAUcEEAmgBoQQFaAGgBAEIAABZwQQA
183=aAGhBANoAaAEAQYAAFrBBAFoAaEEBGgBoQQHaCKwFJQjoQQFdAKgBAUIAAA3AF4AKaMlNwAtKC
184=kAX4kBA2EELigpAGCJAQZ1Ai/pATjECAEBAAA4xAiIAaUIBHQCpAiIAaUIB3QCpAgBBwAAOcUI
185=AmgBrBCIAaUIBXQCpAiIAaUICHQCpAiBJTeYEYElOIgBgSU5iAGAJaAEgCWgBIAloASAJaAEgC
186=WgBIAloAQFCAAAOwBeACqjJTsAX4kBA3UCYIgBAQYAADzBBAFoAaEEBGgBoAQBBwAAPcEEAmgB
187=oQQFaAGgBAEIAABGwQQAaAGhBANoAaAEAQYAAEfBBAFoAaEEBGgBoAQBBwAASMEEAmgBoQQFaA
188=GgBAUIAABJAEkAK7cYSQBKiQEDdQJLiAEBBgAASsEEAWgBoQQEaAGgBAEHAABLwQQCaAGhBAVo
189=AaAEjTFHkAmNMRsoKQBIiAGZMhwoKAC5EQZ1Wh2UApA1pAiQNaQIiAGkCJw2pAiIAaUIB3hepA
190=iUOaQIlDmkCIgBpAiAO6QIiAGlCAh8YqQIn2J3AC2jJTcAUSgpAEkoKQB4iAGJZFIoKQBKKCkA
191=eYgBlWVTKCkAS+oBOACoDJRlqAyIAagMiAGoDIBnqAyIAagMiAGoDJhpqAyIAagMhGuoDJhpqA
192=yIAagMiAGoDIRrqAyIAagMiAGoDJxtqAyIAagMhUo3gRoAeUg4iAGFSjmIAYRKoASESqAEhEqg
193=BIRKoASESqAEhEqgBAUIAAArAEMAoq8xLwBQKCkAT+sBMgCCKCkAS+kBaiisAAIrAGEApKcILg
194=BP6QEwKCsAMgBK9wJjACjrAWgAM+sBawA06AECIABjAKWzCSAAYusBIgBNKCkAS+sBLABD6wEw
195=AFEoKQBQ6wEyAEzrAWMAKigpACnqAWsAJ68AbQBH9wJyADPrAXMAROgBAiQATACmpxMrAILrAS
196=wAQusBMwBK6wFkAE7rAWkAM+sBawBP6wFxAE3rAXIAMusBcwBD6wF5AD/oAQIfAGQAp+EPROsB
197=LwBR6wFiACrrAWkANOkBaiiDAHEAM/QCAiMATACoswkqAILrAS4AZOkBMyhXAGMATvcCagA06w
198=FwAE3oAQIbAFMAqbMJHQBv6wEgAGTrASwAROsBMwBL6wFdACLrAWsAUesBcwBFKCkAJ+gBAhYA
199=VgCqqwwZAHDrARwAUusBHgBN6wEfAGvrASwAYesBLgCE6wEvAGTrATEAT+kBMygHATQAgvcCZA
200=BBKCkAKOsBawAl6wFsADTrAW4ASesBegBA6AECHwBjAKurFyIATOsBLgBQ6wExAEsoKQBK6wFi
201=ACnrAXEAMusBcgBE6AECGABwAKy/ChsAUusBHABv6wEdAE3rAR8AYusBKgBD6wErAELrAS0AZO
202=sBXAAi6wFiACjrAWkAUOsBagBP6QFyKDABAh0ATgCtuxEiAErrATIAg+sBXwBI6wFjACvpAW0o
203=VQBxKAcBcQAx4AQCHQBuAK6/Ch4AWusBIABh6wEiAEnrAS0Ag+sBLwBO6wExAHYoKAAnrwAyAI
204=H3Al0AIesBXwBH6wFiAE3rAWkAJusBbQBG6wFxADDpAXMogAACKgBEAK+/FS0AhOsBLgBR6wEx
205=AEzrATIATesBYgBO6wFoADTpAWko2wBtAEn3AnIAResBeQBA6AECFQBWALCjDxoAU+sBHgBrKC
206=kAZOsBIQBNKCkAS+sBKQCC6wEqAGHrAS0AT+kBMSiDAGEAKvcCYwBB6wFnADPrAWoAJesBbABH
207=6QFvKOEBcCivAHIAJ+MEeAA/6AECGABxALGjGhwAcOsBHQBP6wEeAFvrASIATusBJABN6wErAI
208=MoKQBi6wEtAGXrATAAUusBMQB36wEyAITrAVwAI+sBXwBJ6wFjACzpAWQoOwJpACf3AmsANekB
209=cSiDAHIANPQCAhYAbwCyrxsXAHLrARkAVOsBHQBs6wEfAFjrASAAV+sBIwBZ6wEkAHXpASUoXw
210=EmAHj1AiYorQAnKIsBKABQ4wQoAEPrASkAVSgpAELrASoAhCgpAHQoKQBr6QErKLcBKwBS9wIt
211=AEXrAS4ATSgpAEbrAS8Ag+sBMABwKCgAJ68AMgBI9gJhACc7AmMAJvcCZQA86QFnKFcAaAA/9w
212=JxACTrAXIAJegBAiIAZQDtozAiAGQoKQBjKCkAYusBIwBnKCkAZigoACcFASMoBgEjACcGASMA
213=JwcBJABo+QYkKDIBJAAnMQEkKDkCJCgxASQoMQEkKjEBSvMJJQBpKCgAJ4kBJSiJASUoiQElKI
214=kBJSiJASUoiQElKIsBJQBJKF0BSCgpAEYoKQBF6QEmKA0CJiiZAyYoDQImKA0CJigNAiYoDQIm
215=KA0CJigOAiYAJ5kDJig6AiYAJzsCJgBHKAwCJ2YCJgAnZwInAGrhBCcokQInKJECJyiRAicokQ
216=InKJECJyiRAicokQInKJMCJwBLKIgBJ70CJyi9AicovQInKL4CJwAnvwIoAGvlCCgovQIoKL0C
217=KCi9AigovQIoKL0CKCi9AigovQIoKL8CKABMKIgBJ70CKCh9BSgovQIoKL0CKCi9AigovQIpKJ
218=ECKSiRAikokQIpKJECKSiRAikokQIpKJECKSiRAikoUwUpAE39FSko6QIpKKkFKSjpAiko6QIp
219=KOkCKSjpAiko6QIqKL0CKii9AioovQIqKL0CKii9AioovQIqKL0CKiiRAiookQIqKJECKiiRAi
220=ookQIqKJECKyg5AisoOQIrKDkCKyg5AisoOQIrKDsCKwBO4SUrKDkCKyg5AisoOQIrKDkCKyg5
221=AiwotQEsKLUBLCgFASwoBQEsKAUBLCgFAS0ogQAtKIEALihVAC4oVwAwAFz9FTEouQcyKCsANA
222=CF4wQ1AIYoKAApVQCEKFQAJ6MPNQBE9wJdACYoKQAl6QFhKD0IYigBBmIqVAAnQQ5jKL0CYyiZ
223=A2Mo2QBjKNkAYyhxCWMo3RFjKDkCZCglBWQoSQRkKIkBZCiJAWQoiQFkKIkBZCiJAWQoiQFkKI
224=kBZSjlB2UotQFlKLUBZSi1AWUotQFlKLUBZSi1AWUotQFlKLcBZgBP5SlmKMkJZijhAWYo4QFm
225=KOEBZijhAWYo4QFmKOEBZijhAWYo4QFmKuEBLSjhASwoKQAr6QFnKGUCZyhlAmcoZQJnKGUCZy
226=hlAmcoZQJnKGUCZyhlAmcoZQJnKGcCZwAuKOABJ2YCZwAnZgJnACllAirtBWgokQJoKJECaCiR
227=AmgokQJoKJECaCiRAmgokQJoKJECaCiRAmgokwJoAC8o4AEnvgJoACe9AmgovQJoKL4CaAAnvQ
228=JpKJECaSiRAmkokQJpKJECaSiRAmkokQJpKJECaSiTAmkAMOUTaSiRAmkoUQVpKJECaSiRAmko
229=kQJpKJECaihlAmooZQJqKGUCaihlAmooZQJqKGcCagAx+RFqKGUCaihlAmooZQJqKGUCaihlAm
230=ooZQJqKGUCayg5AmsoOQJrKDkCayg5AmsoOQJrKDkCayg5AmsoOQJrKDkCayg5AmsoOQJrKDkC
231=ayg5AmwoDQJsKA0CbCi1AWwotQFsKLUBbCi1AWwotQFsKLUBbCi1AW0oMQFtKDEBbSgxAW0oMQ
232=FtKDEBbSgxAW0oMQFuKAUBbigFAW4oBQFuKAUBbigFAW8oVQBvKFcAfwA77zx/ADXrAYAAPCgo
233=ACeBAIAogQCBKIEAgSgEAQIjAGEA7yTNMCQqKQBI9QIlKFUAJigrACcAReMEKABiKCgAJ1cAKg
234=BG9wIrAGMoKAAnXwEtAGb3Ai0ASesBMABb6QExKLUBMigrADQAg+MENQBD6wFdACTpAWEo4wFl
235=AET3AmYAKukBZyjpAmgqKQAp4gRpACcrAGoAR/UCaihVAGwoMwFuACvjBH8AOukBgCgpAIEqKQ
236=A14AQCKgBHAPC3LiwAaSgpAGgoKQBlKCkAZCgpAE4oKQBN6wEuAEnrAS8AS+sBMQBc6wE2AIYo
237=KQCFKCkARSgpAETrAV4AJesBaQBG6gFrACe1AWso6wJrACnhBGwoDQJtKA8CbgAx4wRvAC8oKQ
238=Au6wGCADvoAQImAEQA8asiJwBh6wEpAEXrASoAYusBLABjKCkASOsBLgBm6wEvAErrATEAW+kB
239=MyhfATUAg/cCNgCEKCkAQ+sBXgAk6gFkACdVAGYokwJnACjhBGkokgJsACc5Am0oDwJtACrvBW
240=8AK+sBcAAs6wGAADTrAYIAOigpADXoAQIkAGkA8rcjJQBK6wEmAGrrAScATOsBKABO6QEpKCkA
241=KiitACooVQArKFcALQBn+QYtKDEBLigrADAAXeMEMQBjKCgAJ1cANQCH9wJhAEjrAWQATesBZw
242=BQKCkAL+sBaAAx6QFpKCkAaiiRAmsqKQAy7QVsKGYCbAAnVQBtKCsAfgA77AUAA38ANgDyAQAA
243=AAAAgAA9APIBAAAAABEAAPAMACAFAIAANgDyAQBgAAGBADYAyAECKwBGAPO3AjMAhegBAikAaw
244=D0twIsAGooKQBP6wEuAGfrAS8ATOsBMgBj6wEzAGLrATYAhygpAEbrAV0AJ+sBXgAm6wFoAFDq
245=AWkAJ7UBbSiLAW4AMuMEbwAw6wFwAC3rAYEAPesBggA8KCkANugBAiwARgD1rxsyAF3rAWwATu
246=gBAiEAZAD2owQhAGPrASIAZusBIwBo6wEkAEnrASUAR+sBJgBL6wEoAE3rAS8AXOsBMABi6wE0
247=AIYoKQCEKCkAROsBXAAmKCkAJekBYCi1AWIoDwJiAEXjBGMATCgoACc7AmUATvcCZQAsKCkAK+
248=sBZgAvKCkALusBZwAp6wFoADDrAX8APOgBAiEAYgD3ryYiAGHrASQAResBJQBE6wEvAFvpATAo
249=rwA0AEP3AlwAJOsBYABG6QFiKAUBYyivAGUAKuMEfgA6KCkANesBfwA06AECKQBhAPmzFC4ASO
250=sBawBGKCkAKOgBAiEAZQD6rwUiAGfrASMAaesBJABG6wElAGrrASYATOsBJwBr6wErAE/rAS8A
251=XesBMABj6wE0AIcoKQBF6QE1KIsBXAAn9wJgAEjrAWIASusBYwBN6QFlKLcBZQAt9wJmAFDrAW
252=oAMusBfgA26wF/AD3oAQIjAEoA+7MfIwBI6wEnAE7rATIAhesBMwCD6wFmACjrAWcAMesBfQA7
253=6AECJABLAPy/CigAbOsBZgAw6AEDQQA1ABgCaJQBAEEANqgBAgEBQQA3qAECAgJBADirAQMDQs
254=wFAQEAAELMBQEBAQFCzAUBAQICQswFAQEDA0PMBQECAABDzAUBAgEBQ8wFAQICAkPMBQMCAwNP
255=ACeoDAIAAE8AKKgBAgEBTwApqAECAgJPACqrAQMDUMwFAQEAAFDMBQEBAQFQzAUBAQICUMwFAQ
256=EDA1HMBQECAABRzAUBAgEBUcwFAQICAlHMBQUCAwNBAHAAGv0gb6gBfSBuqAF9IG2oAXwgrAWc
257=IKwFnCCsBZwgrAWcIKwFnCCsBZwgrAWcIKwFnSBmqAx9IGWoAX0gZKgBfSBjqAF8IKwFnCCsBZ
258=wgrAWcIKwFnCCsBZwgrAWcIKwFnCCsBQYCAwM6AIwA7gOfQToAiygpAIooKQCJKCkAiCgpAIco
259=KQCGKCkAhSgpAIQoKQCDKCkAgigpAIEoKQCAKCkAfygpAH4oKQB9KCkAfCgpAHQoKQBzKCkAci
260=gpAHEoKQBwKCkAbygpAG4oKQBtKCkAbCgpAGsoKQBqKCkAaSgpAGgoKQBnKCkAZigpAGUoKQBd
261=KCkAXCgpAFsoKQBaKCkAWSgpAFgoKQBXKCkAVigpAE4oKQBNKCkATCgpAEgoKQBHKCkARigpAE
262=UoKQBEKCkAQygpAEIoKQBBKCkAQCgpAD8oKQA+KCkAPSgpADwoKQA7KCkAOigpADkoKQA4KCkA
263=NygpADYoKQA1KCkANCgpADMoKQAyKCkAMSgpADAoKQAsKCkAKygpACooKQApKCkAKCgpACcoKQ
264=AmKCkAJekBOygODTsAJw4NOwAnDg07ACcODTsAJw4NOwAnDg07ACcODTsAJw4NOwAnDg07ACcO
265=DTsAJw4NOwAnDg07ACcODTsAJw4NOwAnDg07ACcODTsAJw4NOwAnDg07ACcODTsAJw4NOwAnDg
266=07ACcODTsAJw4NOwAnDg07ACcODTsAJw4NOwAnDg07ACcODTsAJw4NOwAnDg07ACcODTsAJw4N
267=OwAnDg07ACcODTsAJw4NOwAnDg07ACcODTsAJw4NOwAnDg07ACcODTsAJw4NOwAnDg07ACcODT
268=sAJw4NOwAnDg07ACcODTsAJw4NOwAnDg07ACcODTsAJw4NOwAnDg07ACcODTsAJw4NOwAnDg07
269=ACcODTsAJw4NOwAntgw7ACe2DDsAJ7YMOwAntgw7ACe2DDsAJ7YMOwAntgw7ACe2DDsAJ7YMOw
270=Antgw7ACe2DDsAJ7YMOwAntgw7ACe2DDsAJ7YMOwAntgw7ACe2DDsAKbUMJOFnPCi1DDwotQw8
271=KLUMPCi1DDwotQw8KLUMPCi1DDwotQw8KLUMPCi1DDwotQw8KLUMPCi1DDwotQw8KLUMPCi1DD
272=wotQw8KLUMPCi1DDwotQw8KLUMPCi1DDwotQw8KLUMPCi1DDwoiQw8KIkMPCiJDDwoiQw8KIkM
273=PCiJDDwoiQw8KIkMPCiJDDwoiQw8KIkMPCiJDDwoiQw8KIkMPCiJDDwoiQw8KIkMPCiJDDwoiQ
274=w8KIkMPCiJDDwoiQw8KIkMPCiJDDwoiQw8KIkMPCiJDDwoiQw8KIkMPCiJDDwoiQw8KIkMPCiJ
275=DDwoiQw8KIkMPCiJDDwoiQw8KIkMPCiJDDwoiQw8KIkMPCiJDDwoiQw8KIkMPCiJDDwoiQw8KI
276=oMPAApiQwj9WU9KIkMPSiJDD0oiQw9KIkMPSiJDD0oiQw9KIkMPSiJDD0oiQw9KIkMPSiJDD0o
277=iQw9KIkMPSiJDD0oiQw9KIkMPSiJDD0oiQw9KIkMPSjZCz0o2Qs9KNkLPSjZCz0o2Qs9KNkLPS
278=jZCz0o2Qs9KNkLPSjZCz0o2Qs9KNkLPSjZCz0o2Qs9KNkLPSjZCz0o2Qs9KNkLPSjZCz0o2Qs9
279=KNkLPSjZCz0o2Qs9KNkLPSjZCz0o2Qs9KNkLPSjZCz0o2Qs9KNoLPQAndSU9KIELPSiBCz0ogQ
280=s9KIELPSiBCz0ogQs9KIELPSiBCz0ogQs9KIELPSiBCz0ogQs9KIELPSiBCz0ogQs9KIILPQAp
281=gQsi7V0+KIELPiiBCz4ogQs+KIELPiiBCz4ogQs+KIELPiiBCz4ogQs+KIELPiiBCz4ogQs+KI
282=MLPgB7KGUCeigpAHkoKQB4KCkAdygpAHYoKQB1KCgAJ/klPigxDD4oMQw+KMUkPiheDD4AJ8Uk
283=PihdDD4oXQw+KF0MPihdDD4oXQw+KF0MPihdDD4oXQw+KF0MPihdDD4oXww+AFUoFQNUKCkAUy
284=gpAFIoKQBRKCkAUCgpAE8oKAAn+SU+KJENPiiRDT4okQ0+KJENPiiRDT4okQ0+KJENPiiRDT4o
285=kQ0+KJENPiiRDT4okQ0+KJENPiiRDT4okQ0+KJENPiiRDT4okQ0+KJENPiiRDT4okQ0+KJENPi
286=iRDT4okQ0+KJENPiiRDT4okQ0+KJENPiiRDT4okQ0+KJENPiiRDT4okg0+ACmRDSEoLAYlFy8E
287=BD7/5gQEPyjpDT8o6Q0/KOkNPyjpDT8o6Q0/KOkNPyjpDT8o6Q0/KOkNPyjpDT8o6Q0/KOkNPy
288=jqDT8AJ+oNPwAn6g0/ACfqDT8AJ+oNPwAn6g0/ACfpDT8ooRo/KJENPyiRDT8okQ0/KJENPyiR
289=DT8okQ0/KJENPyiRDT8okQ0/KJENPyiRDT8okg0/ACfiDD8AJ+IMPwAn4gw/ACfiDD8AJ+EMPy
290=h1Gj8o4Qw/KOEMPyjhDD8o4Qw/KOEMPyjhDD8o4Qw/KOEMPyjhDD8o4Qw/KOEMPyjhDD8o4Qw/
291=KOEMPyjhDD8o4Qw/KIkMPyiJDD8oiQw/KIkMPyiJDD8oiQw/KIkMPyiJDD8oiQw/KIkMPyiJDD
292=8oiQw/KIkMPyiJDD8oiQw/KIoMPwAniww/ACD1ZUAoMQxAKDEMQCgxDEAoMQxAKDEMQCgxDEAo
293=MQxAKDEMQCgxDEAoMQxAKDEMQCgxDEAoMQxAKDEMQCgxDEAoMQxAKDEMQCgxDEAoMQxAKNUmQC
294=jVJkAo1SZAKLUMQCi1DEAotQxAKLUMQCi1DEAotQxAKLUMQCi1DEAotQxAKLUMQCi1DEAoiQxA
295=KIkMQCiJDEAoiQxAKIkMQCiJDEAoiQxAKIkMQCiJDEAoiQxAKIkMQCiJDEAoiQxAKIkMQCiJDE
296=AoiQxAKIkMQCiJDEAoiQxAKIkMQCiJDEAoXQxAKF0MQChdDEAoXQxAKF0MQChdDEAoXQxAKF0M
297=QChdDEAoXQxAKF0MQChdDEAoXQxAKF0MQChdDEAoXQxAKF0MQCpdDB/pZEEowQhBKMEIQSjBCE
298=EowQhBKMEIQSjDCEEAZCgxAWMoKQBiKCkAYSgoACeFSEEocQlBKHEJQShxCUEocQlBKHEJQShF
299=CUEoRQlBKEUJQShFCUEoRQlBKEUJQShFCUEoRQlBKEUJQShFCUEoRQlBKEUJQShFCUEoRQlBKE
300=UJQShFCUEoRQlBKEUJQShFCUIoAQZCKAEGQigBBkIoAQZCKAEGQigBBkIoAgZCACcCBkIAJwIG
301=QgAnAQZCKHUPQigBBkIoAQZCKAEGQigBBkIoAQZCKHUPQigtBkIoLQZCKC0GQigtBkIoLQZCKC
302=0GQigtBkIoLQZCKC0GQigtBkIoLQZCKC0GQigtBkLsMQACAABCAEAA7gMAAAAAAEIAPwDuAwAR
303=AAAvDAAgBwAAAABCAD4A7gNkAQEAQgA9KCkAPOsBQwBqKCkAaSgpAGgoKQBnKCkAZigpAGUoKQ
304=BkKCkAYygpAGIoKQBhKCkAXSgpAFwoKQBbKCkAWigpAFkoKQBTKCkAUigpAFEoKQBQKCkATygp
305=AE4oKQBNKCkATCgpAEgoKQBHKCkARigpAEUoKQBEKCkAQygpAEIoKQBBKCkAQCgpAD8oKAAnLQ
306=ZDKC4GQwAnLwZEAILvBUQAgSgpAIAoKQB/KCkAfigpAH0oKQB8KCkAeygpAHooKQB5KCkAeCgp
307=AHcoKQB2KCkAdSgpAHQoKQBzKCkAcigpAHEoKAAnRglEACdGCUQAJ0YJRAAnRglEACdGCUQAJ0
308=YJRAAnRglEACdGCUQAJ0YJRAAnRglEACdGCUQAJ0YJRAAnRglEACdGCUQAJ0YJRAAnRglEACdG
309=CUQAJ0YJRAAnRglEACdGCUQAJ0YJRAAnRglEACdGCUQAJ0YJRAAnRglEACdGCUQAJ0YJRAAnRg
310=lEACdGCUQAJ0YJRAAnRglEACdGCUQAJ0UJRCh1D0QoRQlEKkUJNChZBjMoKQAyKCkAMSgpADAo
311=KQAsKCkAKygpACooKQApKCkAKCgpACcoKQAmKCkAJSgpACQoKQAjKCkAIigpACEoKQAgKCkAHy
312=gpAB4oKQAdKCkAHCgpABvpAUUoDg1FACcODUUAJw4NRQAnDg1FACcODUUAJw4NRQAnDg1FACcO
313=DUUAJw4NRQAnDg1FACcODUUAJw4NRQAnDg1FACcODUUAJw4NRQAnDg1FACcPDUUAaygUAyc5DU
314=UoOQ1FKDkNRSg5DUUoOQ1FKDkNRSg5DUUoOQ1FKDkNRSg5DUUoOQ1FKDkNRSg5DUUoOQ1FKDsN
315=RQBYKL0CVygpAFQoKAAnvQ1FKL0NRSi9DUUovQ1FKL0NRSi9DUUovQ1FKL0NRSi9DUUovQ1FKL
316=0NRSi9DUUovQ1FKL0NRSi9DUUovQ1FKL0NRSi9DUUovQ1FKL0NRSi/DUUAOyjFAzUoKAAnFg5F
317=ACcWDkUAJxYORQAnFg5FACcWDkUAJxYORQAnFg5FACcWDkUAJxYORQAnFg5FACcWDkUAJxYORQ
318=AnFg5FACcWDkUAJxYORQAnFg5FACcWDkUAJxYORQAnFg5FACcWDkUAJxYORQAnFg5FACkVDhr9
319=IEYoFQ5GKBUORigVDkYoFQ5GKBUORigVDkYoFQ5GKBUORigVDkYoFQ5GKBUORigVDkYoFQ5GKB
320=UORigVDkYoFw5GAHAo6AInmRlGKF0MRihdDEYoXQxGKF0MRiheDEYAJ18MRgBWKFwBJ4kMRihJ
321=GkYoiQxGKIkMRiiJDEYoiQxGKIkMRiiJDEYoiQxGKIkMRiiJDEYoiQxGKIkMRiiJDEYoiQxGKI
322=kMRiiJDEYoiQxGKIkMRiiJDEYoiQxGKIkMRiiLDEYANigcBCe2DEYAJ7UMRii1DEYotQxGKLYM
323=RgAntQxGKLUMRii1DEYotQxGKLUMRii1DEYotQxGKLUMRii1DEYotQxGKLUMRii1DEYotQxGKL
324=UMRii1DEYotQxGKLUMRii1DEYotgxGACm1DBkodQRtqAECBARGADjpAUcoDQ1HKA0NRygNDUco
325=DQ1HKA0NRygNDUcoDQ1HKA0NRygNDUcoDQ1HKA0NRygNDUcoDQ1HKA0NRygNDUcoDw1HAG+rFw
326=AARyiZGUcoOQ1HKDkNRyg5DUcoOQ1HKDoNRwAn4QxHKOEMRyjhDEco4QxHKOEMRyjhDEco4QxH
327=KOEMRyjhDEco4QxHKOEMRyjhDEco4QxHKOEMRyjhDEco4QxHKOEMRyjhDEco4QxHKOEMRyjhDE
328=co4QxHKOMMRwA6KCQFJw4NRwAnDQ1HKA0NRygNDUcoDQ1HKA0NRygNDUcoDQ1HKA0NRygNDUco
329=DQ1HKA0NRygNDUcoDQ1HKA0NRygNDUcoDQ1HKA0NRygNDUcoDQ1HKA0NRygNDUcoDQ1HKA0NRy
330=gNDUcoDg1HACcPDUcAGO0mSCi1DEgotQxIKLUMSCi1DEgotQxIKLUMSCi1DEgotQxIKLUMSCi1
331=DEgotQxIKLUMSCi1DEgotQxIKLUMSCi3DEgAbijoAicdGkgo4QxIKOEMSCjhDEgo4QxIKOEMSC
332=jhDEgo4QxIKOEMSCjhDEgo4QxIKOEMSCjhDEgo4QxIKOEMSCjhDEgo4QxIKOEMSCjhDEgo4QxI
333=KOEMSCjhDEgo4QxIKOEMSCjhDEgo4QxIKOEMSCjhDEgo4QxIKOMMSAA5KFAFJw0NSCgNDUgoDQ
334=1IKA0NSCgNDUgoDQ1IKA0NSCgNDUgoiQxIKIkMSCiJDEgoiQxIKIkMSCiJDEgoiQxIKIkMSCiJ
335=DEgoiQxIKIkMSCiJDEgoiQxIKIkMSCiJDEgoiQxIKokMF/UjSSiJDEkoiQxJKIkMSSiJDEkoiQ
336=xJKIkMSSiJDEkoiQxJKIkMSSiJDEkoiQxJKIkMSSiJDEkoiQxJKIkMSSiKDEkA0OUCAABJAGwo
337=FAMn/UFJKME0SSjBNEkowTRJKME0SSjBNEkowTRJKME0SSi5B0koyRRJKMkUSSjJFEkoPQhJKD
338=0ISSg9CEkoPQhJKD0ISSg9CEkoPQhJKD0ISSg9CEkoPQhJKD0ISSg9CEkoPQhJKD0ISSg9CEko
339=PQhJKD4ISQApPQgW8SpKKD0ISig9CEooPQhKKD0ISig9CEooPQhKKD0ISig9CEooPQhKKD0ISi
340=g9CEooPQhKKD0ISig9CEooPQhKKD0ISig9CEooAT1KKD0ISig9CEooPQhKKD0ISig9CEooPQhK
341=KD0ISig9CEooPQhKKD0ISig9CEooPQhKKD0ISig9CEooPQhKKD0ISig9CEooPQhKKD0ISig9CE
342=ooPQhKKD0ISig9CEooPQhKKD0ISig9CEooPQhKKD0ISig+CEoAKT0IFelDSyg9CEsoPQhLKD0I
343=Syg9CEsoPQhLKD0ISyg9CEsoPQhLKD0ISyg9CEsoPQhLKD0ISyg9CEsoPQhLKD0ISyg9CEsoPQ
344=hLKD0ISyg9CEsojQdLKN0GSyjdBkso3QZLKN0GSyjdBkso3QZLKN0GSyjdBkso3QZLKN0GSyjd
345=Bkso3QZLKN0GSyjdBkso3QZLKN0GSyjdBkso3QZLKN4GSwAp3QYU6ThMKN0GTCjdBkwo3QZMKN
346=0GTCjdBkwo3QZMKN0GTCjdBkwo3QZMKN0GTCjdBkwo3QZMKN0GTCjdBkwo3QZMKN0GTCjdBkwo
347=3QZMKN8GTABfKG0DXigoACdJJUwoSSVMKEklTChJJUwoSiVMACfJS0woaj9MACdrP0wAVSiIAS
348=exMkwozSVMKM0lTCjNJUwozSVMKM0lTCjNJUwozSVMKM8lTABLKLUBSigpAEkoKAAnZVpMKFEm
349=TChRJkwoUSZMKFEmTChRJkwoUSZMKFEmTChRJkwoUSZMKFEmTChRJkwoUSZMKFEmTChRJkwoRU
350=BMKCUmTCglJkwoJSZMKCUmTCglJkwoJyZMAC8o8QMuKCkALSgoACfRTEwoHQ9MKB0PTCgdD0wo
351=HQ9MKB0PTCgdD0woHQ9MKB0PTCgdD0woHQ9MKB0PTCgdD0woHQ9MKB0PTCgdD0woHQ9MKB0PTC
352=gdD0woHg9MACkdDxMoxAMlO2UEBEzr0gQETSh1D00odQ9NKHUPTSh1D00odQ9NKHUPTSh1D00o
353=dQ9NKHUPTSh1D00odQ9NKHUPTSh1D00odQ9NKHUPTSh1D00oSw9NAGDtG00odg9NACd1D00opU
354=FNKHUPTSh1D00odQ9NKHUPTSh1D00odQ9NKHUPTSh1D00oRTVNKHUPTSh1D00odQ9NKHUPTSh1
355=D00odQ9NKHUPTSh1D00odg9NACd2D00AJ3UPTSjJNU0oxQ5NKMUOTSjFDk0oxQ5NKMUOTSjFDk
356=0oxQ5NKMUOTSjFDk0oxQ5NKMUOTSjFDk0oxQ5NKMUOTSjFDk0oxQ5NKMUOTSjGDk0AJ8YOTQAn
357=xQ5NKG0OTShtDk0obQ5NKG0OTShtDk0obQ5NKG0OTShtDk0obQ5NKG0OTShtDk0obQ5NKG0OTS
358=htDk0obQ5NKG0OTShtDk0obQ5NKG4OTQAnbw5NABLpWU4oFQ5OKBUOTigVDk4oFQ5O9HAOAABO
359=AHMA7gMAAAAAAE4AcgARAAAfDAAgCO4DAAAAAABOAHEAJykAcCgpAG8oKQBuKCkAbSgpAGwoKQ
360=BoKCkAZygpAGAoKQBfKCkAXigpAF0oKQBcKCkAWygpAFooKQBZKCkAWCgpAFcoKQBWKCkAVSgp
361=AFQoKQBTKCkAUigpAFEoKQBQKCkATygpAE4oKQBNKCkATCgpAEsoKQBKKCkASSgpAEIoKQBBKC
362=kAQCgpAD8oKQA+KCkAPSgpADwoKQA7KCkAOigpADYoKQA1KCkANCgpADMoKQAyKCkAMSgpADAo
363=KQAvKCkALigpACYoKQAlKCkAJCgpACMoKQAiKCkAISgpACAoKQAfKCkAHigpAB0oKQAcKCkAGy
364=gpABooKQAZKCkAGCgpABcoKQAWKCkAFSgpABQoKQATKCkAEigpABHqAU8AJ/4KTwAn/gpPACf+
365=Ck8AJ/4KTwAn/gpPACf+Ck8AJ/4KTwAn/gpPACf+Ck8AJ/4KTwAn/gpPACf+Ck8AJ/4KTwAn/g
366=pPACf+Ck8AJ/4KTwAn/gpPACf+Ck8AJ/4KTwAn/gpPACf+Ck8AJ/4KTwAn/gpPACf+Ck8AJ/4K
367=TwAn/gpPACf+Ck8AJ/4KTwAn/gpPACf+Ck8AJ/4KTwAn/gpPACf+Ck8AJ/4KTwAn/gpPACf+Ck
368=8AJ/4KTwAn/gpPACf+Ck8AJ/4KTwAn/gpPACf9ClAoNQdQKDUHUCg1B1AoNQdQKDUHUCg1B1Ao
369=NQdQKDUHUCg1B1AoNQdQKDUHUCg1B1AoNQdQKDUHUCg1B1AoNQdQKDUHUCg1B1AoNQdQKDUHUC
370=g1B1AoNQdQKDUHUCg1B1AoNQdQKDUHUCg1B1AoNQdQKDUHUCg1B1AoNQdQKDUHUCg1B1AoNQdQ
371=KDUHUCg1B1AoNQdQKDUHUCg1B1AoNQdQKDUHUCg1B1EoNQdRKDUHUSg1B1EoNQdRKDUHUSg1B1
372=EoNQdRKDUHUSg1B1EoNQdRKDUHUSg1B1EoNQdRKDUHUSg1B1EoNQdRKDUHUSg1B1EoNQdRKDUH
373=USg1B1EoNQdRKDUHUSg1B1EoNQdRKDUHUSg1B1EoNQdRKDUHUSg1B1EoNQdRKDUHUSg1B1EoNQ
374=dRKDUHUSg1B1EoNQdRKDUHUSg1B1EoNQdRKDUHUSg3B1IAdPOuUgBzKCkAcigoACeKIlIAJ4oi
375=UgAniiJSACeKIlIAJ4oiUgAniiJSACeKIlIAJ4kiUigZCVIoGQlSKBkJUigZCVIoGQlSKBkJUi
376=gZCVIoGQlSKBkJUigZCVIoGQlSKBkJUigZCVIoGQlSKBkJUigZCVIoGQlSKBkJUigZCVIoGQlS
377=KBkJUigZCVIoGQlSKBsJUgBDKKgFJ7UXUihFCVIoRQlSKEUJUihFCVIoRQlSKEUJUihFCVIoRQ
378=lSKEUJUihFCVIoRQlSKEUJUihFCVIoRQlSKEUJUihFCVIqRAkntiJSACe2IlIAJ7YiUgAntiJS
379=ACe2IlIAJ7YiUgAntiJSACe2IlIAJ7YiUgAntiJSACe2IlIAJ7YiUgAntiJSACe2IlIAJ7YiUg
380=AntiJSACe2IlIAJ7YiUgAntiJSACe2IlIAJ7YiUgAntyJSABAoCQcPKCkADigpAA3pAVMokg1T
381=ACeRDVMoHTBTKJENUyiRDVMokQ1TKJENUyiRDVMokQ1TKJMNUwBhKOABJ0klUyi9DVMovQ1TKL
382=0NUyi9DVMovQ1TKL0NUyi9DVMovQ1TKL0NUyi9DVMovQ1TKL0NUyi9DVMovQ1TKL0NUyi9DVMo
383=vQ1TKL0NUyi9DVMovQ1TKL0NUyi9DVMovw1TAEgoSQRHKCkARCgoACdBDlMoiRdTKEEOUyhBDl
384=MoQQ5TKEEOUyhBDlMoQQ5TKEEOUyhBDlMoQQ5TKEEOUyhBDlMoQQ5TKEEOUyhBDlMoQQ5TKEEO
385=UyhDDlMALShsAydtDlMobQ5TKG0OUyhtDlMobQ5TKG0OUyhtDlMobQ5TKG0OUyhtDlMobQ5TKG
386=0OUyhtDlMobQ5TKG0OUyhtDlMobQ5TKG0OUyhtDlMobQ5TKG0OUyhtDlMobg5TACduDlMAJ24O
387=UwApbQ4M4SVUKG0OVChtDlQobQ5UKG0OVChtDlQobQ5UKG0OVChtDlQobw5UAGYotAEnmQ5UKF
388=kcVCiZDlQomQ5UKJkOVCiZDlQomQ5UKJkOVCiZDlQomQ5UKJkOVCiZDlQomQ5UKJkOVCiZDlQo
389=mQ5UKJkOVCiZDlQomQ5UKJkOVCiZDlQomQ5UKJkOVCiZDlQomQ5UKJoOVAAnmw5UAEYozAQnxQ
390=5UKAkdVCjFDlQoxQ5UKMUOVCjFDlQoxQ5UKMUOVCjFDlQoxQ5UKMUOVCjFDlQoxQ5UKMUOVCjF
391=DlQoxQ5UKMUOVCjFDlQoxQ5UKMUOVCjHDlQAKCjEAycJHVQomQ5UKJkOVCiZDlQomQ5UKJkOVC
392=iZDlQomQ5UKJkOVCiZDlQomQ5UKJkOVCiZDlQomQ5UKJkOVCiZDlQomQ5UKJkOVCiZDlQomQ5U
393=KJkOVCiZDlQomQ5UKJoOVAApmQ4LKHUEY6gBAgQEVAAq6QFVKPEOVSjxDlUo8Q5VKPEOVSjxDl
394=Uo8Q5VKPEOVSjxDlUo8w5VAGW3DQAAVSi5HVUoHQ9VKB0PVSgdD1UoHQ9VKB0PVSgdD1UoHQ9V
395=KB0PVSgdD1UoHQ9VKB0PVSgdD1UoHQ9VKB0PVSgdD1UoHQ9VKB0PVSgdD1UoHQ9VKB0PVSgeD1
396=UAJxUOVSgVDlUoFQ5VKBUOVSgVDlUoFQ5VKBUOVSgVDlUoFQ5VKBUOVSgVDlUoFQ5VKBUOVSgV
397=DlUoFQ5VKBUOVSgVDlUoFQ5VKBUOVSgVDlUoFw5VACwojAcnQQ5VKN0cVShBDlUoQQ5VKEEOVS
398=hBDlUoDQ1VKA0NVSgNDVUoDQ1VKA0NVSgNDVUoDQ1VKA0NVSgNDVUoDQ1VKA0NVSgNDVUoDg1V
399=ACcPDVUACvkcVii1DFYotQxWKLUMVii1DFYotQxWKLUMVii1DFYotQxWKLcMVgBkKLQBJwEcVi
400=jhDFYo4QxWKOEMVijhDFYo4QxWKOEMVijhDFYo4QxWKOEMVijhDFYo4QxWKOEMVijhDFYo4QxW
401=KOEMVijhDFYo4QxWKOEMVijhDFYo4QxWKOEMVijhDFYo4QxWKOEMVijhDFYo4QxWKOEMVijhDF
402=Yo4QxWKOEMVijhDFYo4QxWKOEMVijhDFYo4QxWKOEMVijhDFYo4QxWKOEMVijhDFYo4QxWKOEM
403=VijjDFYAKyi4BycNDVYoDQ1WKA0NVigNDVYoDQ1WKA0NVigNDVYoDQ1WKA0NVigNDVYoDQ1WKA
404=0NVigNDVYoDQ1WKA0NVigNDVYoDQ1WKA0NVigNDVYoDQ1WKg0NCeUeVygNDVcoDQ1XKA0NVygN
405=DVcoDQ1XKA0NVygNDVcoDQ1XKA4NVwDA4AIAAFcAYijgASdlDVcoZQ1XKGUNVyhlDVcoZQ1XKG
406=UNVyhlDVcoZg1XACdRXVcoZQ1XKGUNVyhlDVcoZQ1XKGUNVyhlDVcoZQ1XKGUNVyhlDVcoZQ1X
407=KGUNVyhlDVcoZQ1XKGUNVyhlDVcoZQ1XKGUNVyhlDVcoZQ1XKGUNVyhlDVcoZQ1XKGUNVyhlDV
408=coZQ1XKGUNVyhlDVcoZQ1XKGUNVyhlDVcoZQ1XKGUNVyhlDVcoZQ1XKGUNVyhlDVcm6CNxQCko
409=EAgnvw1XACcoVQAmKCgAJ6FGVyhBDlcoQQ5XKEEOVyhBDlcoQQ5XKEEOVyhCDlcAJ21FVyhBDl
410=coQQ5XKEEOVyhBDlcoQQ5XKEEOVyhBDlcoQQ5XKEEOVyhBDlcoQQ5XKEIOVwApQQ4I8h9YACcB
411=U1goQQ5YKEEOWChBDlgoQQ5YKEEOWChBDlgoQQ5YKEEOWChBDlgojShYKEEOWChBDlgoQQ5YKE
412=EOWChBDlgoQQ5YKEEOWChBDlgoQQ5YKEEOWChBDlgoQQ5YKEEOWChBDlgoQQ5YKEEOWChBDlgo
413=QQ5YKEEOWChBDlgoQQ5YKEEOWChBDlgoQQ5YKEEOWChBDlgoQQ5YKEEOWChBDlgoQQ5YKEEOWC
414=hBDlgoQQ5YKEEOWChBDlgoQQ5YKEEOWChBDlgoQQ5YKEEOWChBDlgoQQ5YKEEOWChBDljgcgsA
415=AFgAKQDuAwAAAAAAWBEAAD8JZxIDACgA7gMAYAADWAAnAO4DZAEBAFgAJigpACUoKQAkKCkAIy
416=gpACIoKQAhKCkAICgpABgoKQAXKCkAFigpABUoKQAUKCkAEygpABIoKQARKCkAECgpAA8oKQAO
417=KCkADSgpAAwoKQALKCkACigpAAkoKQAIKCkAB+gBCz0AbgBSBQAAAAQEPQA5KCkAb4gBAwEAAD
418=0AOusBPwBWiAEDAAQEPwBXiAEDAQAASwBkiAEDAAQESwArKCkAZYgBgQQs6wFNAEaIAQMABARN
419=AEeIAQUBAAA+ADkAWK8QPgA6iAEBAgAAP9UCAXQNtAIBAwAARdQCAQAEBEUorQBG1AIBAQQERt
420=QCAwMAAEwAK5AJAwAEBEwALIgBAQIAAE3VAgFsELQCAQMAAFPUAgEABARTKK0AVNQCAQEEBFTU
421=Ao8QVgBhfBUCAABHAG4oKQA56wFTAEbrAVUAZCgpACvoAQJHAG0AZ2QIAgQERwA46QFI1AIBAQ
422=AASNQCAwEAAFUAY+MEVQAq6QFW1AIBAQAAVtUCAXcjVQBzvgpGAKkBAXEUbPcCRwA36gFIALQC
423=lA21AgF9IEXiBFQAqAGNEGL3AlUAKeoBVgC0AowQtAKXOWwAdq4QPwCpAQFwNakBAGQ0qQEBeT
424=Ji7gVNAKkBAWAwqQEAdC6pAQF7U2wAer8KPQA36wE/AFXrAUsAYigpACnrAU0ARegBAj0AbQCC
425=5Qg46wFLAGMoKQAq6AELPgBuALIFAAADBAQ+AG+JAQZtUm2IAQEBAwM/wQQEaAGhBAdhBHCABA
426=IKAABAAKwFAQIDA0DMBQEFAgJA0AkCCAEBQACtBQtlVWSZBgNpImWJAQZlVWOIAQIBAwNNAKEE
427=BGgBoQQHYQRmgAQCCgAATgCsBQECAwNOzAUCBQICTgCsBQIIAQFOAKwFBQsAAEQAbQCzfCACAw
428=NEAG6IAQMDAgJEAG+IAQMGAQFEAHCJAQlkSqwFAQEDA0XNBQRoAa0FB2AErAUBCgAARsEEBWw8
429=oAQDCAAAUgBjkAkDAAMDUgBkiAEDAwICUgBliAEDBgEBUgBmiQEJdE+sBQEBAwNTzQUEaAGtBQ
430=dgBKwFAQoAAFTBBAV0RKEECGyJBDcAtgUAAAZ1hjWJAQF5MjaJAQRoAaEEB302OJUCCmQ0rQUC
431=fDatBQVkNK0FCHw2rAUDCwMDTAApmQYGYYgniQEBbTEoiQEEaAGhBAdxNSqVAgp4Mq0FAnA1rQ
432=UFeDKtBQhwNa0FC3syNQC3ZDRxNTaJAQN5MjeJAQZxNTiJAQlsMaEEBGktJ5UCAGkBKIkBA30r
433=KYkBBnUuKokBCXAqrAWMfq0FBHc5NwC4YA99CjiIAQICAwNGALQCjXMplQIAZQgqiAECAgMDVA
434=C0AgYBBAQ6AGEAIAab7ToAYogBAwcAADoAY4kBDmkBZIgBARUAADvNBQFoAa0FCGgBrQUPaAGs
435=BQEWAAA8zQUCaAGtBQloAa0FEGgBrAUBFwAAPc0FA2gBrQUKaAGtBRFoAa0FGGBGvRUEaAGtBQ
436=toAa0FEmgBrQUZbEetBQVoAa0FDGgBrQUTaAGtBRp4SK0FBmgBrQUNaAGtBRRoAa0FG2sidQAk
437=7SZPKCkAdokBBGEEUCgpAHeJAQh1AlEoKQB4iQEMdQJSKCkAeYkBEHUCUygpAHqJARR1AlQoKQ
438=B7iQEYdQJV6gE7AKQThDSkE4gBpRMFZDSkE4gBpRMJdAKkE4gBpRMNdAKkE4gBpRMRdAKkE4gB
439=pBOIQ6QTiAGlExlsBaUTGXg9pBOcQaQTiAGlEwZgBKQTiAGlEwp0AqQTiAGlEw50AqQTiAGlEx
440=J0AqQTiAGkE4BRpBOIAaUTGmwFpRMacEukE5RPpBOIAaUTB2AEpBOIAaUTC3QCpBOIAaUTD3QC
441=pBOIAaUTE3QCpBOIAaQTmF6kE4gBpRMbbAWlExsiKSFFgTsAaQEZKCkARokBBHUCGigpAEeJAQ
442=h1AhsoKQBIiQEMdQIcKCkASYkBEHUCHSgpAEqJARR1Ah4oKQBLiQEYdQIf6gFWAKQTIyghpBOI
443=AaUTBSKQI6QTiAGlEwl0AqQTiAGlEw10AqQTiAGlExF0AqQTiAGlExV0AqQTiAGlExl0AqQTAR
444=kAAFfFEwJoAaQTiAGlEwZ0AqQTiAGlEwp0AqQTiAGlEw50AqQTiAGlExJ0AqQTiAGlExZ0AqQT
445=iAGlExp0AqQTARoAAFjFEwNoAaQTiAGlEwd0AqQTiAGlEwt0AqQTiAGlEw90AqQTiAGlExN0Aq
446=QTiAGlExd0AqQTiAGlExt0AqUTGyIgIAFpALkHj8BGAGqJAQR1AmuJAQgiRCqgBCNwKqEEBXQC
447=oQQJIvwroQQCaAGhBAZoAaAEAgoAAEkAoQQDaAGhBAdoAaEEC28FLQC6rxBIAC6JAQR1Ai+JAQ
448=hsBaEEAWgBoQQFaAGgBAIJAABKAKEEAmgBoQQGaAGhBAoi5DOhBANoAaEEB2gBoAQFCwAALwBe
449=ALuvEC8AX4kBBHUCYIgBAQgAADDBBAFoAaEEBWgBoAQBCQAAMcEEAmgBoQQGaAGgBAEKAAAywQ
450=QDaAGhBAdoAaAEAwsAAH8AN5UNAGkBOIkBBGkBOYgBAQgAAIDBBAFoAaEEBWgBoAQBCQAAgcEE
451=AmgBoQQGaAGgBAEKAACCwQQDaAGhBAdoAaEEC3MqXQC8vyBJAF6IAZ02X4kBBmEEYIgBlC6tBQ
452=FoLa0FBGgBrQUHaAGsBYAwrQUCdC6tBQVoAa0FCGgBrAWMEAM6AL0HAACIDKgBhAioAQULAAA3
453=AIQAvrMUNwBDKCkAhYkBA2EERCgpAIaJAQZ1AkUoKQCHiQEJdQJG6QE43AoCAQAAOAC8CogBvQ
454=oEdAK8CogBvQoHdAK8CogBvQoKdAK8CgEKAAA53QoCaAG8CogBvQoFdAK8CogBvQoIdAK8CogB
455=vQoLdAK8CoElPokXAHkyP4gBkTVAiAGRNUGIAYQprAWQNawFkDWsBZA1rAWILawFkDWsBZA1rA
456=WQNawFAwsAAFkAI4kMAGkBJIkBA2kBJYkBBmkBJogBAQkAAFrNBQFoAa0FBGgBrQUHaAGsBQEK
457=AABbzQUCaAGtBQVoAa0FCGgBrAWcQQR6AMMHAAAMdC6oAQ8NAAA5AHoAwwcAAA4AAAAAAAARAA
458=A=

[Terrain]
37084=TREE11
38084=TREE10
39086=TREE08
39085=TREE07
37086=TREE07
38085=TREE06
45075=TREE05
43072=TREE04
41072=TREE03
42072=TREE02
59059=TREE01
59060=TREE02
58059=TREE04
85071=TREE04
88071=TREE05
85072=TREE05
86072=TREE02
87072=TREE07
113062=TREE07
115063=TREE08
115062=TREE07
114062=TREE06
114063=TREE05
113063=TREE04
72086=TIBTRE02
27086=TIBTRE02
82059=TIBTRE02
120059=TIBTRE02
100038=TIBTRE02
73041=TIBTRE02
45106=TIBTRE02
74103=TIBTRE02
83092=TREE14
81093=TREE13
82093=TREE12
81092=TREE11
79093=TREE10
81094=TREE08
59093=TREE08
60092=TREE07
58095=TREE06
60095=TREE05
61094=TREE04
59094=TREE03
62092=TREE02
70092=TREE02
68093=TREE04
68092=TREE05
69093=TREE06
71094=TREE07
69095=TREE08
70095=TREE10
70094=TREE12
76097=TREE11
64097=TREE08
24092=TREE08
23094=TREE07
25094=TREE06
27093=TREE05
26093=TREE04
27095=TREE03
16094=TREE03
25078=TREE03
47092=TREE15
44094=TREE14
45093=TREE13
47094=TREE12
39122=TREE11
48125=TREE10
53132=TREE08
133044=TREE08
127054=TREE07
126053=TREE06
128054=TREE05
129054=TREE04
128053=TREE03
118054=TREE02
116054=TREE01
116053=TREE04
117054=TREE05
115054=TREE06
114052=TREE07
118052=TREE08
117052=TREE10
115051=TREE12
104053=TREE13
106052=TREE14
106054=TREE15
105053=TREE11
104051=TREE10
93054=TREE10
92052=TREE11
91054=TREE12
91053=TREE13
93052=TREE14
93053=TREE15
63054=TREE04
61053=TREE05
63052=TREE06
65054=TREE07
62052=TREE08
64053=TREE10
65051=TREE11
98010=TREE12
98024=TREE13
103020=TREE15
107024=TREE07
106017=TREE06
116027=TREE07
114027=TREE06
115028=TREE05
115026=TREE04
117029=TREE02
118028=TREE08
19108=TREE08
20110=TREE10
21109=TREE13
21111=TREE14
50088=LT_GEN03
83088=LT_GEN03
114068=LT_GEN01
56058=LT_GEN01
63072=LT_GEN03
89072=LT_GEN03
108082=TRFF03
108078=TRFF04

[Units]
0=Neutral,CONA,256,54,69,0,Guard,None,0,-1,0,-1,1,1
1=Neutral,CONA,256,75,64,192,Guard,None,0,-1,0,-1,1,1
2=Neutral,CONA,256,49,98,0,Guard,None,0,-1,0,-1,1,1
3=Neutral,CONA,256,128,58,0,Guard,None,0,-1,0,-1,1,1
4=Neutral,CONA,256,54,134,64,Guard,None,0,-1,0,-1,1,1
5=Neutral,BCAB,256,79,92,128,Guard,None,0,-1,1,-1,1,1
6=Neutral,BCAB,256,66,70,128,Guard,None,0,-1,1,-1,1,1
7=Neutral,BCAB,256,67,74,0,Guard,None,0,-1,1,-1,1,1
8=Neutral,BCAB,256,66,73,0,Guard,None,0,-1,1,-1,1,1
9=Neutral,BCAB,256,67,73,0,Guard,None,0,-1,1,-1,1,1
10=Neutral,JEEP,256,81,78,128,Guard,None,0,-1,1,-1,1,1
11=Neutral,JEEP,256,79,87,128,Guard,None,0,-1,1,-1,1,1
12=Neutral,JEEP,256,80,94,128,Guard,None,0,-1,1,-1,1,1
13=Neutral,JEEP,256,79,95,224,Guard,None,0,-1,1,-1,1,1
14=Neutral,JEEP,256,80,92,128,Guard,None,0,-1,1,-1,1,1
15=Neutral,LIMO,256,67,72,64,Guard,None,0,-1,1,-1,1,1
16=Neutral,LIMO,256,66,63,0,Guard,None,0,-1,1,-1,1,1
17=Neutral,LIMO,256,66,74,0,Guard,None,0,-1,1,-1,1,1
18=Neutral,LIMO,256,67,103,0,Guard,None,0,-1,1,-1,1,1
19=Neutral,LIMO,256,79,34,128,Guard,None,0,-1,0,-1,1,1
20=Neutral,LIMO,256,79,97,224,Guard,None,0,-1,0,-1,1,1
21=Neutral,LIMO,256,67,77,0,Guard,None,0,-1,1,-1,1,1
22=Neutral,PICK,256,80,87,128,Guard,None,0,-1,1,-1,1,1
23=Neutral,PICK,256,79,73,128,Guard,None,0,-1,1,-1,1,1
24=Neutral,PICK,256,80,89,128,Guard,None,0,-1,1,-1,1,1
25=Neutral,PICK,256,80,98,0,Guard,None,0,-1,0,-1,1,1
26=Neutral,PICK,256,79,86,128,Guard,None,0,-1,1,-1,1,1
27=Neutral,PICK,256,79,88,128,Guard,None,0,-1,1,-1,1,1
28=Neutral,PTRUCK,256,66,71,192,Guard,None,0,-1,1,-1,1,1
29=Neutral,PTRUCK,256,67,87,0,Guard,None,0,-1,0,-1,1,1
30=Neutral,PTRUCK,256,66,91,128,Guard,None,0,-1,1,-1,1,1
31=Neutral,PTRUCK,256,67,99,0,Guard,None,0,-1,1,-1,1,1
32=Neutral,PTRUCK,256,67,80,0,Guard,None,0,-1,1,-1,1,1
33=Neutral,PTRUCK,256,66,81,0,Guard,None,0,-1,1,-1,1,1
34=Neutral,PTRUCK,256,67,75,0,Guard,None,0,-1,1,-1,1,1
35=Neutral,PTRUCK,256,67,79,0,Guard,None,0,-1,1,-1,1,1
36=Neutral,COP,256,67,76,32,Guard,None,0,-1,1,-1,1,1
37=Neutral,COP,256,66,66,96,Guard,None,0,-1,1,-1,1,1
38=Neutral,COP,256,66,77,0,Guard,None,0,-1,1,-1,1,1
39=Neutral,COP,256,67,68,128,Guard,None,0,-1,1,-1,1,1
40=Neutral,COP,256,65,72,0,Guard,None,0,-1,1,-1,1,1
41=Neutral,COP,256,66,79,224,Guard,None,0,-1,1,-1,1,1
42=Neutral,COP,256,78,99,64,Guard,None,0,-1,0,-1,1,1
43=Neutral,WINI,256,66,76,32,Guard,None,0,-1,1,-1,1,1
44=Neutral,WINI,256,65,104,0,Guard,None,0,-1,1,-1,1,1
45=Neutral,WINI,256,66,103,0,Guard,None,0,-1,1,-1,1,1
46=Neutral,WINI,256,67,83,0,Guard,None,0,-1,1,-1,1,1
47=Neutral,WINI,256,81,52,128,Guard,None,0,-1,1,-1,1,1
48=Neutral,WINI,256,79,65,128,Guard,None,0,-1,1,-1,1,1
49=Neutral,WINI,256,66,89,128,Guard,None,0,-1,1,-1,1,1
50=Neutral,WINI,256,67,71,128,Guard,None,0,-1,1,-1,1,1
51=Neutral,WINI,256,79,90,160,Guard,None,0,-1,1,-1,1,1
52=Neutral,WINI,256,67,70,64,Guard,None,0,-1,1,-1,1,1
53=Neutral,BUS,256,65,120,0,Guard,None,0,-1,0,-1,1,1
54=Neutral,BUS,256,67,95,0,Guard,None,0,-1,1,-1,1,1
55=Neutral,BUS,256,65,100,0,Guard,None,0,-1,1,-1,1,1
56=Neutral,BUS,256,65,95,0,Guard,None,0,-1,1,-1,1,1
57=Neutral,BUS,256,66,86,0,Guard,None,0,-1,0,-1,1,1
58=Neutral,BUS,256,80,91,128,Guard,None,0,-1,1,-1,1,1
59=Neutral,BUS,256,79,94,128,Guard,None,0,-1,1,-1,1,1
60=Neutral,STANG,256,67,86,0,Guard,None,0,-1,0,-1,1,1
61=Neutral,STANG,256,66,83,0,Guard,None,0,-1,1,-1,1,1
62=Neutral,STANG,256,79,91,128,Guard,None,0,-1,1,-1,1,1
63=Neutral,STANG,256,81,57,128,Guard,None,0,-1,1,-1,1,1
64=Neutral,STANG,256,67,65,0,Guard,None,0,-1,1,-1,1,1
65=Neutral,STANG,256,66,88,128,Guard,None,0,-1,1,-1,1,1
66=Neutral,STANG,256,80,96,128,Guard,None,0,-1,1,-1,1,1
67=Neutral,STANG,256,80,97,128,Guard,None,0,-1,0,-1,1,1
68=Neutral,SUVB,256,80,93,128,Guard,None,0,-1,1,-1,1,1
69=Neutral,SUVB,256,81,64,128,Guard,None,0,-1,1,-1,1,1
70=Neutral,SUVB,256,79,98,160,Guard,None,0,-1,0,-1,1,1
71=Neutral,SUVB,256,79,89,128,Guard,None,0,-1,1,-1,1,1
72=Neutral,SUVB,256,81,48,128,Guard,None,0,-1,1,-1,1,1
73=Neutral,SUVB,256,67,78,0,Guard,None,0,-1,1,-1,1,1
74=Neutral,SUVB,256,66,94,0,Guard,None,0,-1,1,-1,1,1
75=Neutral,SUVB,256,80,95,96,Guard,None,0,-1,1,-1,1,1
76=Neutral,SUVW,256,66,80,0,Guard,None,0,-1,1,-1,1,1
77=Neutral,SUVW,256,66,84,224,Guard,None,0,-1,0,-1,1,1
78=Neutral,SUVW,256,66,85,0,Guard,None,0,-1,0,-1,1,1
79=Neutral,SUVW,256,67,82,0,Guard,None,0,-1,1,-1,1,1
80=Neutral,SUVW,256,66,78,0,Guard,None,0,-1,1,-1,1,1
81=Neutral,SUVW,256,66,58,0,Guard,None,0,-1,0,-1,1,1
82=Neutral,TAXI,256,67,69,128,Guard,None,0,-1,1,-1,1,1
83=Neutral,TAXI,256,66,92,128,Guard,None,0,-1,1,-1,1,1
84=Neutral,TAXI,256,80,90,128,Guard,None,0,-1,1,-1,1,1
85=Neutral,TAXI,256,79,50,128,Guard,None,0,-1,1,-1,1,1
86=Neutral,TAXI,256,80,88,128,Guard,None,0,-1,1,-1,1,1
87=Neutral,TAXI,256,67,107,0,Guard,None,0,-1,0,-1,1,1
88=Neutral,TAXI,256,67,84,0,Guard,None,0,-1,0,-1,1,1
89=Neutral,TAXI,256,79,96,160,Guard,None,0,-1,1,-1,1,1
90=Neutral,TRUCKA,256,79,30,128,Guard,None,0,-1,0,-1,1,1
91=Neutral,TRUCKA,256,79,54,128,Guard,None,0,-1,1,-1,1,1
92=Neutral,TRUCKA,256,67,115,0,Guard,None,0,-1,0,-1,1,1
93=Neutral,TRUCKA,256,67,105,0,Guard,None,0,-1,1,-1,1,1
94=Neutral,TRUCKA,256,65,106,0,Guard,None,0,-1,1,-1,1,1
95=Neutral,YCAB,256,81,35,128,Guard,None,0,-1,0,-1,1,1
96=Neutral,YCAB,256,81,23,128,Guard,None,0,-1,0,-1,1,1
97=Neutral,YCAB,256,79,47,128,Guard,None,0,-1,1,-1,1,1
98=Neutral,YCAB,256,67,85,0,Guard,None,0,-1,0,-1,1,1
99=Neutral,YCAB,256,67,81,0,Guard,None,0,-1,1,-1,1,1
100=Neutral,YCAB,256,67,92,0,Guard,None,0,-1,1,-1,1,1
101=Neutral,CONA,256,88,36,64,Guard,None,0,-1,0,-1,1,1
102=Neutral,BCAB,256,75,74,0,Guard,None,0,-1,0,-1,1,1
103=Neutral,BCAB,256,75,82,0,Guard,None,0,-1,0,-1,1,1
104=Neutral,BCAB,256,91,78,128,Guard,None,0,-1,0,-1,1,1
105=Neutral,BCAB,256,91,65,128,Guard,None,0,-1,0,-1,1,1
106=Neutral,BCAB,256,91,48,128,Guard,None,0,-1,0,-1,1,1
107=Neutral,BCAB,256,91,16,128,Guard,None,0,-1,0,-1,1,1
108=Neutral,CAR,256,91,18,128,Guard,None,0,-1,0,-1,1,1
109=Neutral,CAR,256,75,78,0,Guard,None,0,-1,0,-1,1,1
110=Neutral,CAR,256,55,80,0,Guard,None,0,-1,0,-1,1,1
111=Neutral,CAR,256,55,63,0,Guard,None,0,-1,0,-1,1,1
112=Neutral,CAR,256,55,49,0,Guard,None,0,-1,0,-1,1,1
113=Neutral,CAR,256,67,120,0,Guard,None,0,-1,0,-1,1,1
114=Neutral,CAR,256,80,104,0,Guard,None,0,-1,0,-1,1,1
115=Neutral,CAR,256,91,96,128,Guard,None,0,-1,0,-1,1,1
116=Neutral,JEEP,256,90,64,128,Guard,None,0,-1,0,-1,1,1
117=Neutral,JEEP,256,90,86,128,Guard,None,0,-1,0,-1,1,1
118=Neutral,JEEP,256,89,44,128,Guard,None,0,-1,0,-1,1,1
119=Neutral,JEEP,256,89,20,128,Guard,None,0,-1,0,-1,1,1
120=Neutral,JEEP,256,56,52,0,Guard,None,0,-1,0,-1,1,1
121=Neutral,JEEP,256,56,65,0,Guard,None,0,-1,0,-1,1,1
122=Neutral,JEEP,256,56,118,0,Guard,None,0,-1,0,-1,1,1
123=Neutral,LIMO,256,56,106,0,Guard,None,0,-1,0,-1,1,1
124=Neutral,LIMO,256,56,78,0,Guard,None,0,-1,0,-1,1,1
125=Neutral,LIMO,256,90,71,128,Guard,None,0,-1,0,-1,1,1
126=Neutral,LIMO,256,89,97,128,Guard,None,0,-1,0,-1,1,1
127=Neutral,LIMO,256,65,117,0,Guard,None,0,-1,0,-1,1,1
128=Neutral,LIMO,256,13,95,64,Guard,None,0,-1,0,-1,1,1
129=Neutral,LIMO,256,45,95,64,Guard,None,0,-1,0,-1,1,1
130=Neutral,LIMO,256,97,56,192,Guard,None,0,-1,0,-1,1,1
131=Neutral,PTRUCK,256,106,56,192,Guard,None,0,-1,0,-1,1,1
132=Neutral,PTRUCK,256,117,55,192,Guard,None,0,-1,0,-1,1,1
133=Neutral,PTRUCK,256,91,42,128,Guard,None,0,-1,0,-1,1,1
134=Neutral,PTRUCK,256,91,75,128,Guard,None,0,-1,0,-1,1,1
135=Neutral,PTRUCK,256,90,93,128,Guard,None,0,-1,0,-1,1,1
136=Neutral,PTRUCK,256,56,93,0,Guard,None,0,-1,0,-1,1,1
137=Neutral,PTRUCK,256,57,98,0,Guard,None,0,-1,0,-1,1,1
138=Neutral,PTRUCK,256,57,66,0,Guard,None,0,-1,0,-1,1,1
139=Neutral,PTRUCK,256,45,96,64,Guard,None,0,-1,0,-1,1,1
140=Neutral,PTRUCK,256,44,94,64,Guard,None,0,-1,0,-1,1,1
141=Neutral,COP,256,47,95,128,Guard,None,0,-1,0,-1,1,1
142=Neutral,COP,256,57,81,0,Guard,None,0,-1,0,-1,1,1
143=Neutral,COP,256,111,56,192,Guard,None,0,-1,0,-1,1,1
144=Neutral,COP,256,89,29,128,Guard,None,0,-1,0,-1,1,1
145=Neutral,COP,256,86,56,192,Guard,None,0,-1,0,-1,1,1
146=Neutral,BUS,256,73,56,0,Guard,None,0,-1,0,-1,1,1
147=Neutral,BUS,256,90,59,128,Guard,None,0,-1,0,-1,1,1
148=Neutral,BUS,256,56,55,0,Guard,None,0,-1,0,-1,1,1
149=Neutral,STANG,256,74,61,0,Guard,None,0,-1,0,-1,1,1
150=Neutral,STANG,256,73,69,0,Guard,None,0,-1,0,-1,1,1
151=Neutral,STANG,256,74,90,0,Guard,None,0,-1,0,-1,1,1
152=Neutral,SUVB,256,69,95,0,Guard,None,0,-1,0,-1,1,1
153=Neutral,SUVW,256,71,104,0,Guard,None,0,-1,0,-1,1,1

[Infantry]
0=Neutral,COW,256,128,42,4,Guard,32,None,0,-1,0,1,1
1=Neutral,COW,256,135,49,4,Guard,64,None,0,-1,0,1,1
2=Neutral,COW,256,126,52,2,Guard,64,None,0,-1,0,1,1
3=Neutral,COW,256,126,44,2,Guard,64,None,0,-1,0,1,1
4=Neutral,COW,256,23,107,2,Guard,158,None,0,-1,0,1,1
5=Neutral,COW,256,15,104,3,Guard,186,None,0,-1,0,1,1
6=Neutral,COW,256,21,102,2,Guard,96,None,0,-1,0,1,1
7=Neutral,COW,256,18,105,4,Guard,0,None,0,-1,0,1,1
8=Neutral,COW,256,20,106,3,Guard,186,None,0,-1,0,1,1
9=Neutral,COW,256,13,102,4,Guard,225,None,0,-1,0,1,1
10=Neutral,COW,256,19,103,2,Guard,64,None,0,-1,0,1,1
11=Neutral,COW,256,16,100,2,Guard,96,None,0,-1,0,1,1
12=Neutral,COW,256,21,106,4,Guard,97,None,0,-1,0,1,1
13=Neutral,COW,256,19,107,2,Guard,128,None,0,-1,0,1,1
14=Neutral,COW,256,16,100,4,Guard,64,None,0,-1,0,1,1
15=Neutral,COW,256,11,99,2,Guard,160,None,0,-1,0,1,1
16=Neutral,COW,256,15,101,3,Guard,97,None,0,-1,0,1,1
17=Neutral,COW,256,15,99,2,Guard,124,None,0,-1,0,1,1
18=Neutral,COW,256,23,101,4,Guard,32,None,0,-1,0,1,1
19=Neutral,COW,256,12,98,4,Guard,186,None,0,-1,0,1,1
20=Neutral,COW,256,15,98,2,Guard,64,None,0,-1,0,1,1
21=Neutral,COW,256,19,99,3,Guard,128,None,0,-1,0,1,1
22=Neutral,COW,256,18,100,2,Guard,64,None,0,-1,0,1,1
23=Neutral,COW,256,17,99,3,Guard,160,None,0,-1,0,1,1
24=Neutral,COW,256,22,101,2,Guard,224,None,0,-1,0,1,1
25=Neutral,COW,256,23,103,4,Guard,64,None,0,-1,0,1,1
26=Neutral,COW,256,128,43,3,Guard,224,None,0,-1,0,1,1
27=Neutral,COW,256,127,52,4,Guard,64,None,0,-1,0,1,1
28=Neutral,COW,256,129,52,3,Guard,128,None,0,-1,0,1,1
29=Neutral,COW,256,134,51,3,Guard,64,None,0,-1,0,1,1
30=Neutral,COW,256,126,49,3,Guard,64,None,0,-1,0,1,1
31=Neutral,COW,256,129,40,4,Guard,97,None,0,-1,0,1,1
32=Neutral,COW,256,134,53,4,Guard,160,None,0,-1,0,1,1
33=Neutral,COW,256,130,48,4,Guard,0,None,0,-1,0,1,1
34=Neutral,COW,256,128,47,3,Guard,0,None,0,-1,0,1,1
35=Neutral,COW,256,130,51,4,Guard,224,None,0,-1,0,1,1
36=Neutral,COW,256,128,49,2,Guard,64,None,0,-1,0,1,1
37=Neutral,COW,256,135,53,2,Guard,124,None,0,-1,0,1,1
38=Neutral,COW,256,130,46,4,Guard,224,None,0,-1,0,1,1
39=Neutral,COW,256,129,50,2,Guard,186,None,0,-1,0,1,1
40=Neutral,COW,256,135,48,3,Guard,192,None,0,-1,0,1,1
41=Neutral,COW,256,133,45,2,Guard,186,None,0,-1,0,1,1
42=Neutral,COW,256,133,46,3,Guard,0,None,0,-1,0,1,1
43=Neutral,COW,256,124,48,3,Guard,32,None,0,-1,0,1,1
44=Neutral,COW,256,122,45,2,Guard,32,None,0,-1,0,1,1
45=Neutral,COW,256,125,45,4,Guard,186,None,0,-1,0,1,1
46=Neutral,COW,256,123,45,4,Guard,32,None,0,-1,0,1,1
47=Neutral,COW,256,128,48,3,Guard,186,None,0,-1,0,1,1
48=Neutral,COW,256,123,39,4,Guard,225,None,0,-1,0,1,1
49=Neutral,COW,256,125,40,3,Guard,225,None,0,-1,0,1,1
50=Neutral,COW,256,122,41,2,Guard,153,None,0,-1,0,1,1
51=Neutral,COW,256,124,49,3,Guard,128,None,0,-1,0,1,1
52=Neutral,COW,256,127,50,2,Guard,0,None,0,-1,0,1,1
53=Neutral,COW,256,126,50,2,Guard,32,None,0,-1,0,1,1
54=Neutral,COW,256,127,47,2,Guard,224,None,0,-1,0,1,1
55=Neutral,COW,256,123,48,3,Guard,191,None,0,-1,0,1,1
56=Neutral,COW,256,134,52,3,Guard,64,None,0,-1,0,1,1
57=Neutral,COW,256,127,53,2,Guard,186,None,0,-1,0,1,1
58=Neutral,COW,256,131,53,2,Guard,192,None,0,-1,0,1,1
59=Neutral,COW,256,122,47,2,Guard,0,None,0,-1,0,1,1
60=Neutral,COW,256,128,51,3,Guard,32,None,0,-1,0,1,1
61=Neutral,COW,256,125,47,2,Guard,64,None,0,-1,0,1,1
62=Neutral,CIVA,256,88,42,2,Guard,64,None,0,-1,0,1,1
63=Neutral,CIVA,256,81,30,4,Guard,64,None,0,-1,0,1,1
64=Neutral,CIVA,256,73,34,2,Guard,64,None,0,-1,0,1,1
65=Neutral,CIVA,256,72,58,2,Guard,128,None,0,-1,0,1,1
66=Neutral,CIVA,256,62,87,3,Guard,96,None,0,-1,0,1,1
67=Neutral,CIVA,256,69,104,2,Guard,64,None,0,-1,0,1,1
68=Neutral,CIVA,256,72,112,2,Guard,128,None,0,-1,0,1,1
69=Neutral,CIVA,256,59,116,3,Guard,128,None,0,-1,0,1,1
70=Neutral,CIVB,256,60,101,4,Guard,64,None,0,-1,0,1,1
71=Neutral,CIVB,256,69,93,4,Guard,64,None,0,-1,0,1,1
72=Neutral,CIVB,256,88,99,2,Guard,64,None,0,-1,0,1,1
73=Neutral,CIVB,256,82,74,2,Guard,64,None,0,-1,0,1,1
74=Neutral,CIVB,256,82,63,2,Guard,64,None,0,-1,0,1,1
75=Neutral,CIVB,256,83,28,2,Guard,128,None,0,-1,0,1,1
76=Neutral,CIVB,256,64,49,2,Guard,64,None,0,-1,0,1,1
77=Neutral,CIVC,256,58,53,2,Guard,96,None,0,-1,0,1,1
78=Neutral,CIVC,256,88,68,2,Guard,64,None,0,-1,0,1,1
79=Neutral,CIVC,256,71,79,2,Guard,128,None,0,-1,0,1,1
80=Neutral,CIVC,256,68,99,2,Guard,128,None,0,-1,0,1,1
81=Neutral,CIVC,256,68,121,3,Guard,64,None,0,-1,0,1,1
82=Neutral,CIVC,256,63,119,2,Guard,64,None,0,-1,0,1,1
83=Neutral,CIVC,256,58,130,2,Guard,224,None,0,-1,0,1,1

[Structures]
1023073=Neutral,CABHUT,256,62,109,0,None,0,0,1,0,0,None,None,None,0,0
1023074=Neutral,CABHUT,256,70,56,0,None,0,0,1,0,0,None,None,None,0,0
1023075=Neutral,CABHUT,256,84,42,0,None,0,0,1,0,0,None,None,None,0,0
1023076=Neutral,CABHUT,256,76,99,0,None,0,0,1,0,0,None,None,None,0,0
1023077=Neutral,CAMSC10,256,69,59,0,None,0,0,1,0,0,None,None,None,0,0
1023078=Neutral,CAMSC10,256,51,97,0,None,0,0,1,0,0,None,None,None,0,0
1023079=Neutral,CAMSC10,256,92,51,0,None,0,0,1,0,0,None,None,None,0,0
1023080=Neutral,CAMIAM03,256,71,91,0,None,0,0,1,0,0,None,None,None,0,0
1023081=Neutral,CAMIAM02,256,73,103,0,None,0,0,1,0,0,None,None,None,0,0
1023082=Neutral,CAUSFGL,256,62,56,0,None,0,0,1,0,0,None,None,None,0,0
1023085=Neutral,CAUSFGL,256,76,42,0,None,0,0,1,0,0,None,None,None,0,0
1023088=Neutral,CAUSFGL,256,70,109,0,None,0,0,1,0,0,None,None,None,0,0
1023091=Neutral,CAUSFGL,256,84,99,0,None,0,0,1,0,0,None,None,None,0,0
1023094=Neutral,CANEWY01,256,58,62,0,None,0,0,1,0,0,None,None,None,0,0
1023095=Neutral,CANEWY01,256,68,116,0,None,0,0,1,0,0,None,None,None,0,0
1023096=Neutral,CACHIG03,256,86,88,0,None,0,0,1,0,0,None,None,None,0,0
1023097=Neutral,CACHIG03,256,86,59,0,None,0,0,1,0,0,None,None,None,0,0
1023098=Neutral,CACHIG03,256,70,48,0,None,0,0,1,0,0,None,None,None,0,0
1023099=Neutral,CACHIG03,256,58,87,0,None,0,0,1,0,0,None,None,None,0,0
1023100=Neutral,CACHIG03,256,58,114,0,None,0,0,1,0,0,None,None,None,0,0
1023101=Neutral,CABARN02,256,132,49,0,None,0,0,1,0,0,None,None,None,0,0
1023102=Neutral,CAFARM01,256,123,42,0,None,0,0,1,0,0,None,None,None,0,0
1023103=Neutral,CAFARM02,256,128,41,0,None,0,0,1,0,0,None,None,None,0,0
1023104=Neutral,CAFRMA,256,123,51,0,None,0,0,1,0,0,None,None,None,0,0
1023105=Neutral,CABARN02,256,17,101,0,None,0,0,1,0,0,None,None,None,0,0
1023106=Neutral,CAFARM02,256,23,105,0,None,0,0,1,0,0,None,None,None,0,0
1023107=Neutral,CAFARM01,256,12,99,0,None,0,0,1,0,0,None,None,None,0,0
1023108=Neutral,CAFRMA,256,21,98,0,None,0,0,1,0,0,None,None,None,0,0
1023109=Neutral,CALA01,256,58,70,0,None,0,0,1,0,0,None,None,None,0,0
1023110=Neutral,CALA01,256,86,102,0,None,0,0,1,0,0,None,None,None,0,0
1023111=Neutral,CALA01,256,68,42,0,None,0,0,1,0,0,None,None,None,0,0
1023112=Neutral,CAPARS06,256,70,51,0,None,0,0,1,0,0,None,None,None,0,0
1023113=Neutral,CAPARS06,256,70,76,0,None,0,0,1,0,0,None,None,None,0,0
1023114=Neutral,CAPARS06,256,86,84,0,None,0,0,1,0,0,None,None,None,0,0
1023115=Neutral,CATEXS03,256,86,63,0,None,0,0,1,0,0,None,None,None,0,0
1023116=Neutral,CATEXS03,256,70,70,0,None,0,0,1,0,0,None,None,None,0,0
1023117=Neutral,CATEXS03,256,58,76,0,None,0,0,1,0,0,None,None,None,0,0
1023118=Neutral,CATEXS03,256,58,91,0,None,0,0,1,0,0,None,None,None,0,0
1023119=Neutral,CATEXS04,256,58,126,0,None,0,0,1,0,0,None,None,None,0,0
1023120=Neutral,CATEXS04,256,62,42,0,None,0,0,1,0,0,None,None,None,0,0
1023121=Neutral,CATEXS04,256,86,22,0,None,0,0,1,0,0,None,None,None,0,0
1023122=Neutral,CATEXS05,256,86,46,0,None,0,0,1,0,0,None,None,None,0,0
1023123=Neutral,CASTL01,256,85,79,0,None,0,0,1,0,0,None,None,None,0,0
1023124=Neutral,CASTL01,256,69,64,0,None,0,0,1,0,0,None,None,None,0,0
1023125=Neutral,CASTL03,256,75,31,0,None,0,0,1,0,0,None,None,None,0,0
1023126=Neutral,CAAIRP,256,70,35,0,None,0,0,1,0,0,None,None,None,0,0
1023131=Neutral,CAAIRP,256,75,110,0,None,0,0,1,0,0,None,None,None,0,0
1023136=Neutral,CATHOSP,256,58,48,0,None,0,0,1,0,0,None,None,None,0,0
1023141=Neutral,CATHOSP,256,83,92,0,None,0,0,1,0,0,None,None,None,0,0
1023146=Neutral,CAOILD,256,97,10,0,None,0,0,1,0,0,None,None,None,0,0
1023151=Neutral,CAOILD,256,95,12,0,None,0,0,1,0,0,None,None,None,0,0
1023156=Neutral,CAOILD,256,99,12,0,None,0,0,1,0,0,None,None,None,0,0
1023161=Neutral,CAOILD,256,129,43,0,None,0,0,1,0,0,None,None,None,0,0
1023166=Neutral,CAOILD,256,127,45,0,None,0,0,1,0,0,None,None,None,0,0
1023171=Neutral,CAOILD,256,131,45,0,None,0,0,1,0,0,None,None,None,0,0
1023176=Neutral,CATEXS06,256,76,36,0,None,0,0,1,0,0,None,None,None,0,0
1023177=Neutral,CATEXS07,256,70,81,0,None,0,0,1,0,0,None,None,None,0,0
1023178=Neutral,CATEXS08,256,58,109,0,None,0,0,1,0,0,None,None,None,0,0
1023179=Neutral,CAOILD,256,17,92,0,None,0,0,1,0,0,None,None,None,0,0
1023184=Neutral,CAOILD,256,19,90,0,None,0,0,1,0,0,None,None,None,0,0
1023189=Neutral,CAOILD,256,21,92,0,None,0,0,1,0,0,None,None,None,0,0
1023194=Neutral,CAOILD,256,49,136,0,None,0,0,1,0,0,None,None,None,0,0
1023199=Neutral,CAOILD,256,47,134,0,None,0,0,1,0,0,None,None,None,0,0
1023204=Neutral,CAOILD,256,51,134,0,None,0,0,1,0,0,None,None,None,0,0
1023209=Neutral,CATEXS07,256,86,33,0,None,0,0,1,0,0,None,None,None,0,0
1023210=Americans,SNONITLAMP,256,20,101,0,None,0,0,1,0,0,None,None,None,0,0
1023211=Americans,SNONITLAMP,256,125,51,0,None,0,0,1,0,0,None,None,None,0,0
1023212=Americans,TEMMORLAMP,256,71,63,0,None,0,0,1,0,0,None,None,None,0,0
1023213=Americans,TEMMORLAMP,256,87,83,0,None,0,0,1,0,0,None,None,None,0,0
1023214=Americans,TEMMORLAMP,256,87,50,0,None,0,0,1,0,0,None,None,None,0,0
1023215=Americans,TEMMORLAMP,256,59,56,0,None,0,0,1,0,0,None,None,None,0,0
1023216=Americans,TEMMORLAMP,256,69,114,0,None,0,0,1,0,0,None,None,None,0,0
1023217=Americans,TEMMORLAMP,256,71,89,0,None,0,0,1,0,0,None,None,None,0,0
1023218=Neutral,CANEWY12,256,59,102,0,None,0,0,1,0,0,None,None,None,0,0
1023219=Neutral,CANEWY14,256,86,52,0,None,0,0,1,0,0,None,None,None,0,0

[OverlayPack]
1=CQAAIIH//v4f/4H/gCQAACCB//5UEv+BGwAB/vwB//8BAlUSAgL+/AH//wEEVRL/qgNWGo
2=BZAAAggf/+eAz/gcxwAf71Af//9gGDDP/4A28OgWYQAf/6AWwSIf/LahTMeRT/3gF5FEIA
3=yWsW/9cBeRaBGdZQGCIF//sBbxj/3wFqGIMbGxvYTBzPZRb/hwF5HIBhAAAggf/+SAD/gx
4=sbGxAHgRnVMQCBZiABcBCBzMtbAMx5AP6yAf/dSQAiAtd9AP/EAYgAEgHYUALaegL/4wGI
5=AP/hBWsE60wEzHkM/sEB/+xKCv7XAf//8gVQDstQFP+wCVAUgMEAACCB//5BAP+BGdg1AP
6=7kAf//DgZCAM9PCINmZmb+vwH/gmxx2WMI0EIIgRsAAclZCP+/AWIIgWjaYwrcQgox//+9
7=AWUKgWvaZAzlQgz/uwFpDNpkDtBCBoEbAgLNHBAAAYFo/rgB/yH91SgQ0UIQz1YK/74BZQ
8=7ZZRLdQhJyPoJmcP65Af/9JxQwAYFt/roB/+ooENUXFIFq/rsB//gpGEIBgmtt/7oBbRT8
9=JwYR/4Jnb/7OAf9X5eRCHIFr/5YBbRaAZQAAIIH/9gAAgRsAARAIgRnKLQDLQgBQAYRua2
10=hr/tAB/+k6AP7UAf+BGwIC//0BPgIx//8BAkEEYA//8gFLBsk8CP/xAUkI0ysI//IDUApB
11=8v8BBEkOAAL//QVNDv/4AUoK/74DQhaAeQAAIIH//kEA/4EZ2DUA/qsB/4HMzQkCYBqBZh
12=AB5SgA/rkB/3HwzAMEIf/YJAL/3wFCAmH///wBKgTZIgL/6QFCAtQqCP/HA0II1/kL/wAC
13=IwxiAf/dASwI2fkL/wACJRAiAf/fASoC2/kL2SYC/swB/9EPAv7cB/+B/4AlAAAggf/+OQ
14=r/gRsAAf78Af//AQQ6CgIC/vwB//8ABjoK/sUH/4H/gAkAACCB//7+H/+B/4AJAAAggf/+
15=/h//gf+ACQAAIIH//v4f/4H/gAkAACCB//7+H/+B/4AJAAAggf/+/h//gf+ACQAAIIH//v
16=4f/4H/gAkAACCB//7+H/+B/4AJAAAggf/+/h//gf+ACQAAIIH//v4f/4H/gAkAACCB//7+
17=H/+B/4AJAAAggf/+/h//gf+ACQAAIIH//v4f/4H/gAkAACCB//7+H/+B/4AJAAAggf/+/h
18=//gf+ACQAAIIH//v4f/4H/gAkAACCB//7+H/+B/4AJAAAggf/+/h//gf+ACQAAIIH//v4f
19=/4H/gAkAACCB//7+H/+B/4AJAAAggf/+/h//gf+ACQAAIIH//v4f/4H/gAkAACCB//7+H/
20=+B/4AJAAAggf/+/h//gf+ACQAAIIH//v4f/4H/gA==

[OverlayDataPack]
1=CQAAIIEA/v4fAIEAgDQAACCBAP5UEgCEBAcHBP78AQCEBgoKB/78AQCCBgD//wFXFP//AV
2=YUgwcLC//9A1gY/6sBVRKAdwAAIIEA/ngMAIIGClABgQj+9QEAgQX+/wEA/+4DeQ6FBgcH
3=Bwb/+gFsEocGCgsLCwoH2G0UgQT+3QEAAgAr6siIFsx5Fv/GAXkUgQkQAdE6GoQICwoABA
4=TIbBb/7gF5GC/u/90BbBqCBAcF3dZOHIIABxgC/5MBbRyAgAAAIIEA/kgAAIYHCwcAAAkQ
5=AdMzAIYGCAoLCgZwEIEFy1sAzHkA/rIBAIMHCwjaTAACAoEHyG4A/9QBeACBBNtNAtp6Av
6=/jAYgA/+ABawTbSwD/4ANpBIIGCutLBIIDCsp6DORSDP6bAQCBBgve6E4M/tUBAP/yBU4O
7=y04U/7IJThSAFAEAIIEA/AAAgQkQAdQ3AP7kAQD/DgZAANFNCIMEBwb+vwEAggQH12MI0k
8=AIADGBBGANhAgLCgj/vgFjCIIHCwHD1GcK0kAKADGBB1AMgwYKCwAB1icM/qQBACHDgQph
9=0t8zDIIGCnAuMgDWJw7+pQEAgQgBvwXF5iwGggYAyGkOAD0yAf+6AWgMA8SCCgACAtBsEN
10=NAEMhWDiQBggoKJEP/uQFsEIEHAcERx89tEtJAEslVDDQ+gQAmBv+6AWoOgQcR/oEIyFcK
11=2jgUylUKJD4kAP+7AWwUEgGBCPUsBhI9IAH/uwFtFoIABtAtFuU9BjIBggoI0isa/r4BAO
12=NABhwE/7wBaQ7UEAoD0ONAHMEkDP+WAWscgKMAACCBAPYAAIcHCwsHAAAJEAFgFMtAAHAB
13=hAQHBwb+0AEAgwYKCuY9AP7UAQCDBgAIA9T/+wFAAhP///sBPwSDBwsIyloAgQT/7wFLBo
14=QEBwYDyS8IEg7/7AFOCM0rCIEKzj0E/u0BAIEHzzwA/uQBAGHy/wACSQ6BBv/2AUoMcgAA
15=Av/8A00Q//cBSQzIQBj/9QFLCv8JAkAYggQHwEoI/7IBThyAwAAAIIEA/AAAgQkQAdQ3AP
16=6tAQCCBgrLCgKBDHAahAcHBwbaJwD+xAEAgQXV+gOJBwoLCwsKCAcE//YBKwKBBgH/BA+D
17=CwsI//sBKwSBABAFgQf/9gEsAoEIRACCCwrRJwL/uwFOAMv6C4EB1QoKFAEwAdErCP/JAU
18=AK1/kJKgH/4QEoCtj5CUIB0ioG/+QBQA4iAYIKCNIqBP/lAUAQAgHUKgj/5wE/EoIABtcn
19=Av7NAQCBAsYQAv/VAUQU/hEGAIEAgD4AACCBAP45CgCEBAcHBP78AQCEBwsLB/78AQCDBg
20=oK//4BPQyBAP//ATwO//8BOw7/AAI6DP8AAjoK/sUHAIEAgAkAACCBAP7+HwCBAIAJAAAg
21=gQD+/h8AgQCACQAAIIEA/v4fAIEAgAkAACCBAP7+HwCBAIAJAAAggQD+/h8AgQCACQAAII
22=EA/v4fAIEAgAkAACCBAP7+HwCBAIAJAAAggQD+/h8AgQCACQAAIIEA/v4fAIEAgAkAACCB
23=AP7+HwCBAIAJAAAggQD+/h8AgQCACQAAIIEA/v4fAIEAgAkAACCBAP7+HwCBAIAJAAAggQ
24=D+/h8AgQCACQAAIIEA/v4fAIEAgAkAACCBAP7+HwCBAIAJAAAggQD+/h8AgQCACQAAIIEA
25=/v4fAIEAgAkAACCBAP7+HwCBAIAJAAAggQD+/h8AgQCACQAAIIEA/v4fAIEAgAkAACCBAP
26=7+HwCBAIAJAAAggQD+/h8AgQCACQAAIIEA/v4fAIEAgA==

[AITriggerTypesEnable]
0CAD0DCC-G=yes
0CAD0C7C-G=yes
0CAD0B2C-G=yes
0CA6621C-G=yes
0CDF8EDC-G=yes
0CDF8D8C-G=yes
0C0C7AEC-G=yes
0D62199C-G=yes
0CDF899C-G=yes
0D6216FC-G=yes
0D6215AC-G=yes
0D62145C-G=yes
0D0803CC-G=yes
0C32599C-G=yes
0CE23AAC-G=yes
0CA1F84C-G=yes
0CE26CAC-G=yes
0CE26B5C-G=yes
0CAD145C-G=yes
0CAD130C-G=yes
0CE2395C-G=yes
0D084B5C-G=yes
0D084A0C-G=yes
0D0848BC-G=yes
0CAD2AEC-G=yes
0D08461C-G=yes
0D0873DC-G=yes
0C8E2C3C-G=yes
0CAD25AC-G=yes
0D087D8C-G=yes
0C8B81BC-G=yes
0CADDEDC-G=yes
0C92C45C-G=yes
0C9565AC-G=yes
0C92C1BC-G=yes
0CADD99C-G=yes
0C9561BC-G=yes
0CE2EA2C-G=yes
0CE2E8DC-G=yes
0C955C3C-G=yes
0C955AEC-G=yes
0C8C71BC-G=yes
0C8C6EDC-G=yes
0D052AEC-G=yes
0CE44D0C-G=yes
0CA5945C-G=yes
0CAD2C3C-G=yes
0D535EDC-G=yes
0AA846FC-G=yes
0AA845AC-G=yes
0C8C645C-G=yes
0AD2BAEC-G=yes
0C96F5AC-G=yes
0C96F45C-G=yes
0CB2CEDC-G=yes
0C91D45C-G=yes
0CAD5AEC-G=yes
0D2C45DC-G=yes
0D2C448C-G=yes
0C8C56FC-G=yes
0D2C41EC-G=yes
0CA6AEDC-G=yes
0C0D251C-G=yes
0C8C51BC-G=yes
0CA24D8C-G=yes
0C8BC5AC-G=yes
0C8C4C3C-G=yes
0D53430C-G=yes
0ECCFCAC-G=yes
0ECCFA7C-G=yes
0C8EEEDC-G=yes
0C0D184C-G=yes
0ECCF68C-G=yes
0C8C430C-G=yes
0C87B99C-G=yes
0ECCF29C-G=yes
0ECCF14C-G=yes
0C8EEAEC-G=yes
0C87B45C-G=yes
0ECCBC3C-G=yes
0C8EE1BC-G=yes
0ECCB7FC-G=yes
0C32D84C-G=yes
0ECCB55C-G=yes
0ECCB40C-G=yes
0ECCB2BC-G=yes
0CB29EDC-G=yes
0C8C2C3C-G=yes
0C8C2AEC-G=yes
0A31295C-G=yes
0C87E5AC-G=yes
08A3EEDC-G=yes
0D022B1C-G=yes
0C1246FC-G=yes
0C1245AC-G=yes
0D0B3B9C-G=yes
0CA2A04C-G=yes
0CA2B06C-G=yes
0CA2FEDC-G=yes
0D2769BC-G=yes
0A452E5C-G=yes
0A452C6C-G=yes
0A44F2CC-G=yes
0A44F17C-G=yes
0D53099C-G=yes
0612B11C-G=yes
06C551AC-G=yes
0612CD8C-G=yes
0ABC484C-G=yes
05FFB18C-G=yes
05FFA7DC-G=yes
06002BFC-G=yes
07C0372C-G=yes
07C04EDC-G=yes
07C04C7C-G=yes
07C0B14C-G=yes
05FC1A8C-G=yes
05FC50EC-G=yes
05FC3C9C-G=yes
05FC37CC-G=yes
05FC333C-G=yes
05FC0C9C-G=yes
05FC088C-G=yes
05FC75CC-G=yes
05FC747C-G=yes
08B9154C-G=yes
08B911BC-G=yes
08B9213C-G=yes
08B9356C-G=yes
08B9305C-G=yes
08B9483C-G=yes
08B9423C-G=yes
08B940EC-G=yes
08B9586C-G=yes
0611A33C-G=yes
0611A1EC-G=yes
08B9641C-G=yes
08B97C6C-G=yes
08B9767C-G=yes
08B9708C-G=yes
05FC1C5C-G=yes
0612EAEC-G=yes
0612F9AC-G=yes
05FC13EC-G=yes
08B90B1C-G=yes
08B902EC-G=yes
0612F46C-G=yes
044082BC-G=yes
07C310BC-G=yes
07C329FC-G=yes
07C3266C-G=yes
07C33DDC-G=yes
0616004C-G=yes
07C330CC-G=yes
07C30A5C-G=yes
07C4853C-G=yes
043F521C-G=yes
043F874C-G=yes
043F40BC-G=yes
05C56EDC-G=yes
05C5392C-G=yes
05C504DC-G=yes
078F4B2C-G=yes

[Triggers]
0F7E0CFC=Neutral,<none>,@Sounds,0,1,1,1,0
0D96A28C=Neutral,<none>,@Sounds 2,0,1,1,1,0

[Events]
0F7E0CFC=1,13,0,0
0D96A28C=1,13,0,0

[Actions]
0F7E0CFC=11,99,7,_Amb_UrbanMurmur2,0,0,0,0,M,99,7,_Amb_Traffic,0,0,0,0,K,99,7,_Amb_Traffic,0,0,0,0,I,99,7,_Amb_Traffic,0,0,0,0,J,99,7,_Amb_BirdsPark,0,0,0,0,W,99,7,_Amb_BirdsPark,0,0,0,0,V,99,7,_Amb_UrbanMurmur2,0,0,0,0,L,99,7,_Amb_Traffic,0,0,0,0,N,99,7,_Amb_Traffic,0,0,0,0,T,99,7,_Amb_UrbanMurmur1,0,0,0,0,O,99,7,_Amb_Traffic,0,0,0,0,P
0D96A28C=6,99,7,_Amb_Traffic,0,0,0,0,Q,99,7,_Amb_Traffic,0,0,0,0,R,99,7,_Amb_Traffic,0,0,0,0,S,99,7,_Amb_Traffic,0,0,0,0,T,99,7,_Amb_BirdsPark,0,0,0,0,U,99,7,_Amb_BirdsPark,0,0,0,0,X

[Tags]
0F7E077C=0,@Sounds,0F7E0CFC
0D96BE7C=0,@Sounds 2,0D96A28C

[Digest]
1=5+D3DRr0eLd5cPLHCzGAfujy0OI=

