[GAYARD]
Name=Allied Shipyard
TechLevel=11

[NAYARD]
Name=Soviet Shipyard
TechLevel=11

[YAYARD]
Name=Yuri Submarine Pen
TechLevel=11

[Header]
StartX=228
StartY=35
Width=55
Height=42
NumberStartingPoints=2
NumCoopHumanStartSpots=4
Waypoint1=235,57
Waypoint2=276,57
Waypoint3=0,0
Waypoint4=0,0
Waypoint5=0,0
Waypoint6=0,0
Waypoint7=0,0
Waypoint8=0,0

[SpecialFlags]
TiberiumGrows=yes
TiberiumSpreads=yes
TiberiumExplosive=no
DestroyableBridges=yes
MCVDeploy=no
InitialVeteran=no
FixedAlliance=no
HarvesterImmune=no
FogOfWar=no
Inert=no
IonStorms=no
Meteorites=no
Visceroids=no

[Ranking]
ParTimeEasy=00:01:00
ParTimeMedium=00:01:00
ParTimeHard=00:01:00
UnderParTitle=GUI:NoUnderParTitle
UnderParMessage=GUI:NoUnderParMessage
OverParTitle=GUI:NoOverParTitle
OverParMessage=GUI:NoOverParMessage

[Houses]
0=Americans
1=Alliance
2=French
3=Germans
4=British
5=Africans
6=Arabs
7=Confederation
8=Russians
9=YuriCountry
10=GDI
11=Nod
12=Neutral
13=Special

[Americans]
Country=Americans
TechLevel=0
Credits=0
IQ=0
PlayerControl=yes
Color=Gold
Allies=Americans
PercentBuilt=0
NodeCount=0

[Alliance]
Country=Alliance
TechLevel=1
Credits=0
IQ=0
PlayerControl=no
Color=Gold
Allies=Alliance
PercentBuilt=0
NodeCount=0

[French]
Country=French
TechLevel=1
Credits=0
IQ=0
PlayerControl=no
Color=Gold
Allies=French
PercentBuilt=0
NodeCount=0

[Germans]
Country=Germans
TechLevel=1
Credits=0
IQ=0
PlayerControl=no
Color=Gold
Allies=Germans
PercentBuilt=0
NodeCount=0

[British]
Country=British
TechLevel=1
Credits=0
IQ=0
PlayerControl=no
Color=Gold
Allies=British
PercentBuilt=0
NodeCount=0

[Africans]
Country=Africans
TechLevel=1
Credits=0
IQ=0
PlayerControl=no
Color=DarkRed
Allies=Africans
PercentBuilt=0
NodeCount=0

[Arabs]
Country=Arabs
TechLevel=1
Credits=0
IQ=0
PlayerControl=no
Color=DarkRed
Allies=Arabs
PercentBuilt=0
NodeCount=0

[Confederation]
Country=Confederation
TechLevel=1
Credits=0
IQ=0
PlayerControl=no
Color=DarkRed
Allies=Confederation
PercentBuilt=0
NodeCount=0

[Russians]
Country=Russians
TechLevel=1
Credits=0
IQ=0
PlayerControl=no
Color=DarkRed
Allies=Russians
PercentBuilt=0
NodeCount=0

[YuriCountry]
Country=YuriCountry
TechLevel=1
Credits=0
IQ=0
PlayerControl=no
Color=DarkRed
Allies=YuriCountry
PercentBuilt=0
NodeCount=0

[GDI]
Country=GDI
TechLevel=1
Credits=0
IQ=0
PlayerControl=no
Color=Gold
Allies=GDI
PercentBuilt=0
NodeCount=0

[Nod]
Country=Nod
TechLevel=1
Credits=0
IQ=0
PlayerControl=no
Color=Gold
Allies=Nod
PercentBuilt=0
NodeCount=0

[Neutral]
Country=Neutral
TechLevel=1
Credits=0
IQ=0
PlayerControl=no
Color=Grey
Allies=Neutral
PercentBuilt=0
NodeCount=0

[Special]
Country=Special
TechLevel=1
Credits=0
IQ=0
PlayerControl=no
Color=Grey
Allies=Special
PercentBuilt=0
NodeCount=0

[Basic]
NextScenario=GDI2A.map
AltNextScenario=GDI9C.MAP
NewINIFormat=4
CarryOverCap=0
EndOfGame=no
SkipScore=no
OneTimeOnly=no
SkipMapSelect=no
Official=yes
IgnoreGlobalAITriggers=no
TruckCrate=no
TrainCrate=no
Percent=0
Theme=No theme
MultiplayerOnly=1
TiberiumGrowthEnabled=yes
VeinGrowthEnabled=yes
IceGrowthEnabled=yes
TiberiumDeathToVisceroid=yes
FreeRadar=no
InitTime=10000

[Lighting]
Ambient=1.000000
Red=0.900000
Green=0.900000
Blue=1.000000
Ground=0.050000
Level=0.008000
IonAmbient=0.870000
IonRed=0.300000
IonGreen=0.400000
IonBlue=0.750000
IonGround=0.000000
IonLevel=0.000000
DominatorAmbient=1.500000
DominatorRed=0.850000
DominatorGreen=0.200000
DominatorBlue=0.300000
DominatorGround=0.000000
DominatorLevel=0.000000
DominatorAmbientChangeRate=0.001000

[Preview]
Size=0,0,111,42

[PreviewPack]
1=JSAAIAAAAAAAAAAAAAAAAAAAAAAAAAAAAAAAAAAAAAAAAAAAAA5wbj1xbUByb0F6eEp+fV
2=B7eUpvbT17eUp5d0hxbz90ckJ8ekt9e097eUp2c0J0cUJ/fE54dURzcEF2c0N0c0JtbTt2
3=dEKEgVJ4d0RsbDpycT1ycz5naDl3dUF+fUd6eUNtbTpxcDx5eEWFg1B2dkBnaDhjZDh0c0
4=J1dEJubD11c0Fqaj1pZj1/fEx2dkNkZDZyb0F/fEx2dENxbz90cUB2dENwcUBmZzhoaDtp
5=aT5kZTlmZjptaz51ckNubT11ckJvbj9vbT1zcUF0cUFzcT90cUFwbT5zcD9yb0Byb0Fxbz
6=9zcT9ybz9ycEBxb0Bxbz5rajpwbj1vbT5RVCRDRCBvakWYimaikmt+d0p1cUKYi2KhkWt/
7=eE1/eU1vbTlpaTWKgVWUh195dEZyb0BxbkBzcEF0cUFzcD5zbz9zcEB2c0FybkBmXztnYT
8=piWzdzcEFzcEBwbD5tazx1ckN9elF3dUZ8ek17eUt1ckR2c0VzcUB0ckKAfk14dkR1ckOE
9=gVCAgEpvbj9+fEl/fkdsbTh1dD+Eg0p+f0B3eDt7e0B8fj5zdDt+f0N7fD99fz13eDp5ez
10=pzdDp9fUB/gEJ9fkJwcD2IiEyBg0ZjZjJxcD93dUJ2dEOGhFF0dEVeYTJpajlubD1xbj95
11=d0WBf02FglBzcUFmZjdjZDVkZTdiYzZmZjlxbkB/fEtzcUJtaz5wbj5hYjRlZThtaz1wbj
12=5xbz1ybz1zcEFxbj9yb0BxbUBubD5wbTxyb0BwbkCAeU6FfFGAeU6WiWKIfVRkWUB9blat
13=l3rXvJefj2ViXTa8o4PVu5XIrorQtZBoZDQ5OhlhXDhjYTRjYDhsaTtubD1wbUBvbT52c0
14=JxbkBpZDtiXDhaUjRfWTNtaTpxbT9oZzhoZzlzcEB0cEFwbT96d0mCgFJ9fEuCgFF7eUl0
15=cUBycD54dkOCgFF/fE6Dgk9cXy9XWSxpaDdzdDt5eD6CgkSHiEeBhD9/gTyFhz5/gTp/gz
16=tzeDeMjzeKjD+Nkk6FiUOKjT91ezZ7fjmMjUWGiT+ChUCVlk9zcTFpay9obDVucDp7ekKB
17=gEh3dURkZThhYjZlZTh7eUd6eUhpaT5tbj2FglJ0cURgYTZlZzZsazpmZTpsaj13dURvbT
18=9fXzdraz1jYjlmZjpjYzlnZjh4ckRraTliYzJvbT5vbT5ubD5tazxqaTdqaDl+dk6UhmPM
19=spTRtpLMs42snYKomn+elX5vbmtbX2WBgGdycFpkZGNpaWqTjHimm3+Ef2ekkXKGe05PTi
20=aBc1q0oH59d0s/RhYyNhNZVjJfWDZfWDRiWzdvZkmBdlRwbj10cj9CRxo1NxhiWTd3bkR/
21=e016d0hkZjVeYDF7eUp/fVB2dEN9ekuIhFaCgE6DgFR/f0tiZTdUVjB5eEOBgkF7fTt0eD
22=tydTiMkE2Eh0V4fT2DiEFrcTVyeTO+vSTV0CG5uTSgpUeFi0h2fDiTmU2EiEN1eziSl0qW
23=mUxkaiRKUBljZiyEgUFwczhyczhxcTtjZDdraTp/ek6EglR1c0hZXCw7QBNWVzFvbUNfYD
24=VwcEB3dUVeXzVkZTdybkBkZDphYjhkZTldXjVmZjpdXDZxa0B8dEdgYS9KTSFIRyd0a0J4
25=cUOBeVCUiGGTh2F6cktGRiWCdVyfknpnamY4QVlBSFw/R1wuNVUwNlU4QFo+Rl4yOVcvNl
26=U1PVg5QVg3P1lXWmaUi2uql3LAqIjGro+RhFxVVSo4ORszLB1ZUDN0cz5tXUBiUkSBaVll
27=VzxoZzhKQydOTSxkWzl0akOBfU9/fU9TVigyNBZWVTV8eUyHhFeBf1ByckN0dEWDgE2DgV
28=Bycz+Kik6Nj0+Nj0xydjliZjejoi26uy6ZnjibnS6gpDibnynJyRvo5RHt6wvp6Ara2hLB
29=wyDLySDExC6YnTeZmi6jpkZzeDNhaCpUWSFbYSdXWSlZWy1ucjhqbDdmaDdzb0CFeE2Hf1
30=GEglJrbDtSTit0ZDteYCxgYDd5dEZzckJeXzZxcEJ5dEZgYTZnaDZkZTZnZzdhYzhjYjWH
31=eEh2ckJqaTdmZDhtazuAd0Z2cT+nl2/Vu5fPtpS4poOCfWZGTlg0PFcwN1Y3PFg2O1c2O1
32=c6P1g6QFg6P1g5P1c6QVc6QFY5PlU5P1Y6P1UzOlRDSFtWXWK6q4LQtojIspC3poWekWZ1
33=bEJjXTZlXzlkWzpvXkRpXT1jXTdubDxIMylZTDJvakB2c0F9ekx7eUh9ekxzbEN3dUZ/fk
34=teXy9UVio2PRArLhJbWjN8fEJ2d0CNjFGIiUmHikZ1eTCeoCfU1Bjm5gvo5g3x7Q/q5w3u
35=7A3v7Qvt7Arv7gz39wnv7gnx7wjy8Avt6g3V1xKytS+aoEVyejN7fz2QkUiEfD9vajVgZS
36=5ydTpnajZubztjZTZqaT1paDpubkF/fU2EfEx8dEFFSRxJSSlpZjtgYDZcXjRwcUNyckBk
37=ZDZjZTRjZTVlZjZiZDFoajdeYzFsbTp3dj97ej9zdjpdYyppazatnW3VvYzOuoiDiHE5RF
38=k1O1Y5P1U7QVc8QVg7QFc6QFc7QVc7QVY8QlU8QlU9Q1U8Q1Q9RFQ9RVU9RFQ+RVU5QFUv
39=OFRkbGLGt4HQvI/PvJXSvpqck2hwcDtqaTRiXDVeWDZoZDtkXTdmXzlPPyxOPitlYTl4eE
40=d4dkl3c0l9ekuBekhjZS9YVitSUic9QBxKTChraUJlYzh1dD13eD6JikqMjU2OkUypqjXY
41=1hno5wnv7Qnv7grt7Ars6wrt7Avx7w739RH29BLGvx7p5hLt7Ans6wrs6wvo5BTDwiifpE
42=KXnkean0iLkEGSjkOomk+BezxxczZzdjpsbTttbjlqazxjYjp6ckeCf1CEglNqakFeXjVp
43=aD1kZDpjZDhdXTODekd1dUBpajR8d0BqbDhmaDRrbTZiZTJxcDh/e0B5ejxubTZtbTZSVi
44=dmYTm1pG/izY6qpWlkcEtETlc4QFQ9RFQ9RFQ9RFM9RFM+RVM+RFQ9RFQ8Q1M6QVI+RlM+
45=RlI8RFI+RlY9RVI0PVI6RjdPWDqLiWTOvYHLuIKNhFOspXCYlWSfl3GTjGN1dT9qaDZmYj
46=dlXjhoYztpZTxvbz1yb0CAfU9fXC9FQyFmZT5fYixLTSNYWDVHTRw4PRdAQSV4dkqIhlBk
47=ZzJkaDSJik2CgkGGiUSOkk2ZnUS1ty/Y1Rvu6g/x7Qvu7Qvt7Avv7g339BP39RyonkzRzC
48=b29RHs7Avv7A3n4hSzti+aoUSUmkOOlENzeDN6gDqXl0+DeD1naDNvcjd3dz94eEBycj1n
49=aDZycD52dEJrbD9ubj98dUVnZTxnZzppaTxpaDt5bDpmZzR5e0F6fD9jZjFscDVmazNucD
50=aGgj+CgD18fjlycTV4eDh+gDt8fjimnVfQunONi0RyczJ/e0xteF48RlU9RVBBSVBASVFA
51=SVJASVBBSlFIU1VOWlY9R1QyPU5HUVFLUkRJVVR1eWWpommypVy4p2qXjVmrnl6bl3ipq6
52=BtbEJ7dVF7c1l9fU+FhFl1dD90cz5zcUBuaz6BdkqCeEp/e09lZjhQTzBdWzhiXzNcWzVm
53=YzxtYztRTSdgYDd/fk9/f0lWWixPUSxrbD2AgkRuczSKj0iPlUuRl1CXnEa2tzbW0x/l4x
54=Dr6gvt7Azx8A/18hP9+iT59hvy8Q/q6Qvk4hLBwyaboj+UmkWZnUmIiD51eTWBgTyZlk6A
55=hkFqbjRnaTNzdT6HhE17dURbWzBWVi9cXS1lZDloaDpsaz1hYTV1ckBvbj5tbjpqbjllaT
56=NcYCxkZTFmaDFpbjF6ejqUjEaHhz19gTZ/gjl/hDl9gjd6fjh7gDt+fzOSgTmEhD+LikbF
57=uGmnrWdaa0xHVVE7Rk5ASUxET09PXDtLVyWUjVOpmU54gk+RlG2LjExNTxyGg1XbzGnz5I
58=Hk1pTOwH+Iijx0cy9uU0NmVUFZUyNvcD9fWz9iY0GEhFt4eT9xcjpxcDxzbUCWgVeBdkp6
59=d0x/fVB9e0yBflJycUCDgVOCflKXh1ttZzJSTil0bESBgEhzcz1/f0aAgkaCgj+XjUihmE
60=+WlkqWmkyRl0eRmEuWnUbIyiDs6g3u7Avs6wrv7Q3y8Azw7w3u7Azn5wzV1BOaojqUmkuR
61=l0Kan0yPj0RvczV3ejp7fDpqcDVsbzN9fUWIh0+CfUmGfUxsZUFUUS07PxZISCdeXzRkZj
62=ZmaDRvbTqDfEVrbjhrbjdtcDZoZzJjYi9dYSxxdDKBdDd2dDSFiDmDhjh/hTiRjzyhmUqq
63=oz2kpDCJjTWNiz94fzdmaTOlmlifnUVKVRFtcz5kcFRSYTtgbCiEikJ1cizQuWDBu150dj
64=TczVzXz0+clziyrCTi3hvv6xrc2C6yskqRlVSJjU59fTR+fTSLkEiPkleIilKBgkN7eDmK
65=gEaVhk98eEFwbT96cUKHeEp5dEV+e09ycUKAflJ4dUiBdkuGflF/flFycEVlYzpzcUFCSh
66=ZGSiB4d0GIikyJiEubkU+nllCVjEWIjD6XnEt/hzhPWhpobRvEwifo5Bfy7g3s6wns6wrq
67=6Qrs6gvr6gvf3hDAwSWgpUSUmEyRlUh3ezxhYilrbjNrcDeKfkOEfUJ9fkOLilN0dURtbz
68=53dkZnZjlkZDhcXTVpZj18dkZoajc8QxtHSSRoaTZ0djxvcjlobytRWxpdYiheVytrYy1+
69=gzWRjUCVkjq3uiHW0xrg2CTs6BTw7g7T1BSusyOfoyrAvTbMxFfKw16YlEW4rFb36nfZ02
70=S8tVVqciM7Qg6If0DY0lzj3jTu6hju7BDz8RDz8Qzy7wvu7Qfr6gbi4gfMzRqprEKQlVeP
71=lFV+fUpxbzh5ezR8fjaDfz6JgEWNg0d8eUBzcUFYWylSUipta0Ryb0COflGBe0x/fU+Efl
72=R8dEttbD92dkdoaTt1d0JNTiVBQSJgYDiEgEaHhkiHjEmChENwdTWKjkWIjkBpcig6QhAt
73=NRFUWiubnkDDwS/c2hbo6Avs6wrs6wrq6Qzf3RGxsjKVmEiLjkeFiEVrbjJMTRw5OxtcXC
74=1+eT5kZTVycj+OjFZ5eEdubj9/fk59dkllZDtkZTl3ckJraD1eYDRYXDBTVixucTdtbzh0
75=dzpnbSxGShpOUiB+fTiOjT6EiTiEijSoqync3BHr6wnv8QXX1Q7CvBjx7wjv7grs6wrj5A
76=q/wxuNkzWNkDamqkHHwlbd1GXj22q6tlKFiDdrciucoiLf4A/q6gvu7Qr39QmxqiGglyXu
77=7Qnt7Arr6gvi4w2vsxxsaS9iWi1RQx9bUid2dzV/gjt6fDh3ejl6fT1zczlsaD1taj1raD
78=57eFB4dUhtZz5fXjd2dUh9eUt4d0hpZjp5dkhraD1+e05ubzxwbzmJh1B9fUVtbjiJik2D
79=hkN+gT2OkE2Bhj5scTJhZS5OVCRhZTCChkaQllCcn0evsCzX1hbz7xbm4xbAvyeQkkRvcz
80=t2ejqDhUNqbTRqajV7cEB9dkJoazloajZwcDtfYS5pajp7dUqNhVZzc0RdXzRiYzdeYDZ0
81=bD5raj5naDd3dT9tbzhlaDJwdDdscDV3fDZydzV2ezWOjDyChzmWmzDW1hTn5gvo5wnq6A
82=jAvh2EfzLa2wvu7Qvt7Arr6wre4A+usByAgS6HkjCGkC2Jki+JkjGQmDSRmTWNljOQmTOw
83=tSLe3Azo5Qnu7QnEvxulnBzl4wjv7Qnl5QvJxyKRlDaBhTV0dS9zcjCChTl/gzh8gDh+gD
84=x2djhlYDNTRipMPyxraD1ycD92c0R2dUZkZDduaz6AflN3c0loZjp3dEdoZjt5dUdzcT5b
85=XS5JSSZUUy97fUZ9eEKIhUqGh02Hg0eGhUSNj0yLjUlpcCtmay2KjUaTl0yQk0uOkUyMj1
86=C3tynf2RzNyh6Mjzp8f0ZjZjF0dz2Bg0Vwczt/fkRxbztiZTVjZTdfZDZgYzFFRhw9QB1J
87=TSJbWTFkZThkZDldXjRtbUF+dENVVyhnZjeJgEhycD1wczdvcjhwdDVydjVobTB9gDeIij
88=t/hDiWmzHU1RPp6Avp5wnm4wjj4Azi4RHp6Qvt7Qnt7Qjs6wnk5A6+wh6PmDWXlzmWmTmS
89=lzaRljWOlTWOljWNlTWNkjeamzOinRbNxwzX0gjh3grl4gu7txK9vRrBxBudny6DhziDiD
90=eFiTmDiTiChTiNiEGPiESCgT5ycjVbUSxOPyhMPitcUzRqZjxubD5wbj1xbzx8c0aHe1B8
91=dklwbEB1c0RqaT1+fVJ5c0hrZz5vb0FpaDqEf0+GhE6Cgk2GhU1ydDtoazOPkU1xdDdWWS
92=pYVyh2dj1+gUFLUhxUWCeIiEuPj0+Tkjxwcy5vcjt+gERlZzFhZSxrbDd5dEGDf0lnaDhf
93=YTVraT2Bbz9dXCZ5aUV2akA/QBsyMxlNTS1iYzlkYzd8d0t5d0VbVy1qYTp9dUV9eENoaz
94=VsbzZvczVucjVydzOVjkKZj0V8gTiWmTLT1BPn6Ans7Afu7gnv7gjs6wfk5Aze3hDe3RDG
95=xxuiqCuOlTWIjzOknD+2q0jDt1CYmTp/hC9/gTGNkzeHjTOIjzd/hTWWmzGJiieKiyueoy
96=59gjSAhzeJjTl+hDeEiDeGijmFiTuAhDl+gDh/gDqCgD57ejx7fDx5eTxubjluazxtaT1t
97=az1ybz9zb0F7c0Z6c0N0bj94b0N9dEZycEB0ckGEflF4dklkZjp7ekt4ckSMfE6Fe0t+fU
98=qEhExITRs2ORdnaDlbYSpgYzFWVyRMTShhYzVERxw/Px9lZDuHgkx6eUZ1cT+ShE6YiVN7
99=dj9eWy1QTChsZj2EfEpmZjtkZTl1cEB+ckNhXjRjXziRglaLfFFmZDteXzV1cEKIek6ZgV
100=Ofi12Nf1NjYzlsbUB1dkBmaDVoazViZjFtcTZtcTN0dzRvbDGBhDqChzWvqjHWyjLBuy+2
101=uR+sryO2uSGbni+IjjKVlzGCgThwcDOHjTiIjjWIjTaKjTeIjTeHjDZ/gjN+gDKKjziGiz
102=WLkTmKjzl0dDRubDGBhTiChzuEiTaJijuKijuFiTl4ejReVylcUilwbTN+fzx8fjt4ejl4
103=eTt5eD12dT6AekV0cj5oYTtpYzpybz9vaz14cUR5cUVyb0BqaTpXTzBdUzVfVzZrXD2BdE
104=qBeUp/e09yckViYzh0ckZiYjeAgE5wcT9eWTNubTw/RBhDQx9hXjM7QBhaXDGEgVCCgUyJ
105=h1Z2c0VpajqCf1CEe01uaD1sbT9zcUZhYTdrbD90dEReXjRgYDhgYDhvb0F3d0hvb0GBgF
106=FzcURfXzVnaDlkZDdwb0JxbUFsbD9ycERfXzZlZTlgYy0/RBVTUih3dT1qbDZtcDWFfEB8
107=fjiBhDx+gjqQiUWWjkeLiUN4fTl6fzmAgzx+gTuChDp8gTmFgzuCgTl/hDiChjiFiDmBhj
108=mBhTiDhziChjeDhziChTmAhDhycjFdVSpQPyNaTyhoYi51djSDhzp/hDd/hDiChDuIgz98
109=bzpdTixaTStkXDBwbjd6ej9zcztycjxzcD2IeUtyb0Buaz1qaDltbDxwbj9ubD1vbj5xbz
110=91ckJpZTtUSC5QQSxGOSdvZz+WgleRgFSFe017c0VycEF0bUJ+ekx9e02DgFB+e0p2dUt2
111=cEqAdkdJRyJCOyFQTi55d0uGhFV5eUh4ckKOg1V3dkZkZTt0bkN6d0VoaDtnZz52dUZiYj
112=hlZTh3cEN6cUZeXDBsaz6GhFR2dUd6c0ZkYztbWzV4ckRraj1rbD9xcUJeXzViYjZgYTJL
113=SiZPTCllZjZkaDVkYTJtajV+fzxlaixHTBtkaS1/fjqMfTqCgDuWj0aOjEOAgTyDgzx5fD
114=eHh0GTkUp3eDptcjODgD6DgTtcXiZ2dzaDgzuDgj5+fjt7fjpycjZvbDRtbDJ9gDp9gDl6
115=ezl+gD93ejdZTilwbTaGhz+JhUKJgUOIgUR5dz1ycjl5eD9zcj1fVjNRRS1pZTtxbUFwbT
116=+GeU6Of1KCdkpybkBwbT9pZTtwbT1vbT51dEF1c0Fsazxvbj52ckJ4dERwaD9xaj9ubDp0
117=ckSAfVJ6eEl9e018ek5+eUqEgVJ/flBxbUVWVDBfYDd7eUt9e0x+ekuZglSVgVR7eUZvb0
118=FkZDZ1dEJ2cUN1b0Nvbj5mZTpsbEF1dUddXjJEQhtFQyZtZkKJg1V2dEdkYjh0cEFraT1X
119=WDJzb0NxcEFaWzRaXTVzcUR1dERkZThxbT5+eUNsbDdycTh5eD1gZSw+PhpRTihYVyphXi
120=6GhUOUjEuWjE+IhUZ6eT59fkB6fEGGgEdsbDJFSxtnaTdwbzdJTB5PUSh4cz2Vh02DfkNs
121=azdwbjh+fz5+gT55eTtycj1pZTpbVDVPQitKNiVaTS5iWjFvcDh2djp2dT11cz5ycT1zcT
122=5ycD1wbT9pZTpvbT5wbj1wbD6EeUyJfE97cUVxbj9vbD5dVjRpZjpxbz5ubD5qZT1nYjtT
123=SC5WSjBUSC9GNSdSSS5ya0GDeEp4dkeAflF4dkaBf1J6dUpoZjx+fE56eEhtbT5+fE59e0
124=uFgVR3dEdtbD90ckVnaDlBRhkzNhdVVjOEglR4dEhdXjRkZDtlZjlvbz5paTtXVzRWVTV2
125=akKOf1FoajplYzZlYjhYWTNtaT5/d0dlZDteXjWCbEKFcUdubD1xbj+HeEZzbz14dEF4d0
126=J8ekV1dD59dkWEfUh7d0KAeUSei1WVh0+BgUt8fEeDf0uDgE10b0FqazlaWitEQCJJSCVv
127=ajthXzVQUixmZzliYzZrazlWTC5KOSdTRSxjXTdybUFzbUJPQixFMSdIMihPPyxLOylMPi
128=hraDt2dj9zcj1wbj1vbT5taz1ubD1ubT1xbz1yb0Buaz90ckBubD5tbD5wbj5xbj9xb0Bx
129=cD92cEJ1cEFwbj9ZUDJDMSZIMSdHLyZLOipkXzhubD50bkF7cUZybkB6ekmAfVF8ek50c0
130=VlZTp+fE9/fFB/fE9/fVCBf1CEgVV2dUVubT92dUR1ckJybEBeVTWHdU6VhlhxcEFdXjZY
131=Wy5ESRhKTCZXVjFwcEKFg1NycUJaWjFta0BXVzI/QSJfWjWCd0tpZjtbXDVsaT53az5uXz
132=poZDtxb0B4bkB3bkSBckSAfFBoajdDRhh4bEWSgFSZiFiPflGPglJ8eUh7e0l7ekl/fk6D
133=e0x9dUVgYThtazyJfE5hYS9ITSBAQh46PBpTUzJhXzl1cEJgWzZPQSxOPSxFMydfVjZ3dE
134=Ntaj1TSC5PPyxkYDh5ckRzbkB1ckJvbT5vbD91c0N5ckSKe1CMfFF5cEVzb0FwbT9PQCxh
135=WjdwbT9zcEFyb0Jwbj5xbkBzcUF1ckJ0ckBsazxdVTRRRC5TRi5RQSxOQixubD5saTxYTz
136=FKPSpOQS1eVDR/c0uEfFB0ckRnZTt+e09/fVGAflF+fE5+e058ekp8ek1oZjheYTFNUCJn
137=YTd9d0iFfE5uaj5dXjRrZzxvajpBQyA/QCJcXDRqaUCAflFwb0JlZTt3cUVfXzVrbEBxcE
138=NXWDFdXjN2b0J5c0RfXDZdVTl0cEV4ckR2ckV7ckV1bkGCgE5hZDJDQyFMSipubT1qazpv
139=bj56eEd3ckR8ekp+e0uBeEqBdkpmZTpdXjVlZjlgYjdYWjFRUi5SUy9HRylNTixZWjJubD
140=5lYThsaTxycEBnYjpmYjlxb0Bxbz9vbj5ubT1vbDx6c0VwbD9gWTZPQSxPQCxeVTV2bkN+
141=dUh6ckV7c0R0b0Juaz5IMyhHMidSRS5sajxzcUFwbT9ubD5oZTtcUzRgVzZtaj1zc0Bzck
142=BycUB0ckBaUzJMPCtwbUBwbj1lXjhTSC5WSjBvaj53cUNvbjx1cUCCdUp/fEt9e0x2dEaB
143=flF9e0t5eEhTVilYWCpJSSI5OxtJSilsbj5gYTZmZzt3dERoZjtmZDpqaT5iYjljYjp6d0
144=lubEBybkN1c0VqZjyEeEx8dkdfWzRkXzdxbz92b0J5cUF9e055d0h8eUt/fE1+eUqAf0+D
145=gFB2ckRpaDt5dESDe0t7dUV/fUlubj9yb0J5d0ViYDFlZjdeYjhmZTtjYzlgYDV2bUSIe0
146=5taUBiYzhkZDplZDl0bUB1b0J0cj9yb0B/c0h6dUV0c0Fxbz5ycUBvbD5wbj9xcD5wbz9s
147=ajxXTS9GMidGMCZHMidOQSxpaDtzcz9vbTtvbT5xbj9LOypMOSpHNCdWTDFqZjxwbT9kXz
148=hOQSxEMCdIMydPQC1aTjNdVTVwbz9zcD9pZjtRRS1ZTzJtaTt0cUB0cUJ2dUFxbz5wbz5p
149=ZzpeWDV8aD1nXDd4dUt9e053dEWDf1CDg09ubz9tbTtsaDZXWCttbjx2eEJmZTR3dEF3eE
150=Fybjx3ZztfXzRhYjh3cENvbD1iWjZtaDpYWSptazuAb0NxbD5wbz92cEF/dEmPe1GLc0V6
151=eUp+e09+fEyDgE+Bf02Afk+CflB7dUVjYzpraz5/e0qGglSEglFzcEFubD1kZTY6PR9TTy
152=18cUJjZTViYzVfYTR7ckWVglV8dEZiYjlpaD1iYTdxbkBwbz1pZTtuaz50b0FpZDtnYjtp
153=YzxmXzpuaj5vbT56cUZ0bkBhXDdaUjFYTjFbUDNLPCpINihXTDJbUzRraDxwbkBxbz5saT
154=1saDxdVTRMPitRRi5qZzx0ckBiXDdHNidJNShJMydDLSVHNChYUDNsaT12dEJnYjpIOClU
155=Si9vbjt5eEBpZDVwbTp3dz51dD1saDlsbDpoZDZ0ckCFg1B+fEqHfkqLg0x9fUF0dDpXVi
156=JJRyNoYjWMg0aJgEZzcTpvcjp7fEFjZDRqaTd2cz91cz9wbzx0ckFfYi4xNBI5Ox1VUjBx
157=bD5ycEN8ekpzcUJqaDp+e097eUl/fE5zc0BdYCpsa0B/fU58eUh6dBEAAL0WohYAAAAAAA
158=AAAAAAAAAAAAAAAAAAAAAAAKZFbGw9cW9Bf3lIgn9QgH5OeXNGf3lIdXJBdG5BZWQ4fHVC
159=Z2Y7amo8ZGQ5ZGY5bGo+cW9AY2I5aWk6YmI4cG1Acm5BV1QybGo8bGk9STwpSjoqTUAsSz
160=wpZV46cG8/c25Bcm4/a2c8Z2I6cnE/c3I/aWc6XVc0WlIxZ2M5cG4+c29AcW8/c3FAdHJA
161=c3I/bGk8b2w+cG4+cXA+b208XlgySzonV0wtZV8zY14zXlk0b2w/cG1Bcm8/cnI7dnc6eX
162=o6e3w7dXU4dXc4f31AjYRHi4JHenk+ens8eHc7i4JHjYhMhohKf4BBdHc7jY9Kd3U8VFQo
163=am01g4RCaGwzams0fns/en09eHY7joNJfXo/dnY9g3tFi39LcG87WlkwdWQ8e29IfHhLgX
164=pNkXdNfXZIb20+cG5Bf31Ng4FQcHE+VVctVFQweHVLf3hLkIBUlIBWd3BDf3tKhoNSi4hW
165=cHE7X2IpXl42ams8Zmg6Y2Y3Z2Y9cXJAaWs4a2w+ZGQ6c3JDaGg7ZWY5ZGM7cm9Cb20+X2
166=E3aGg7d3FDZ186a2c9b2w+bGo8b20+cG4/c3FBcW89dHE/c29Bb2w+dW5BfXVId3RDcnA+
167=cnBAcm5AfnRGgnZLdnRAZ2A6ZmE4cnA/c3FAdXM/eHU/fXpCdnc7bm02eHo7e347gIE9gY
168=E+eXk9d3c7enw4foE6fYA5f4I7d3g2Y1wuW1Ard3g2e3s5fX45fH84e384eH02gIE5h4Q9
169=g4Q9dHc1ZWAwdnQ9gYY/b3UzhoM+gII8eX03g4I7hIM9fH46e306d3o4gYA9eHk8hX9CkY
170=hKZmQzbWg8h4RKg4FMhINSfnlHf3ZJfHlLg3xMfXhIfn1LfnxLe3dIgX5RhoRVg4FShYJU
171=hX5QhXhOiINUh4VSh4VTiYVVd3I+RkkfTlAqcnE+fXhEdHBAamw7cXE8VVYrQ0cjX2Eyfn
172=xFcXE8YWM0Y2U3b249Y2M4amo7ZWU4b2k/fHdGa2s7amk7fXVHeXJFc3FBaGM6ZV83dHJB
173=cm9Bbmw+dnBCfXZFc3A+cG4/cW5AcG0/b2w/bms9X1g1bms+c29BcnE9dXI9joBLiX9Hh3
174=9FeXk7fH89fX47i4VBn5FLl45GgYQ5gYU3i40+hIg6f4I2hok7bW4wTjwiVEEjV0smbmsv
175=hIg4jYw9oJhFnpdFg4c2g4g3goY3fYE0eHgzc3MwfoI4g4Y7kYI4fX47fYE6dXk3c3Q3eX
176=o2gIM4hYM8k4hBfn86eHo5gH0+h4FAgIJGgIBIgHpCf35IbG87Zmo4REkhVlYxfHZLgH1P
177=i3hMmINWnYZWg39Rgn9QhYJSfX1La287e3tNhoRUgH9NiIVUcW9EaGY7gH1Da2w7eXdCfX
178=pCZmo2dHU8bW05cXY8b3I5cXM4dXg7am42cHQ2Zmk1Z2s6fHI9gXI9ZGc4d3RAZGYuS1Ag
179=W1cye3FHdHBCaGQ7b2w9c3A/cG4/cW4/a2g6amc6aGQ6aGM6c3FBcnA/cG4/cW4/SjgpZW
180=A4d3c/dnU+dnY6fXtAd3g6dng5e306foA8f4A5hoY7hYY7hIY4hIg6gYU4gHg3bmowh4Y9
181=pJhLlI9DgYI6eXsya2gqg4k0jZE3mJU8p59ErKNGjJE4how1ho00iI82g4s3hYw7io80go
182=Y4jZE1o6YpnaAwmpsmeHQlbm0yfoQ4h4c6gIM5goY6foE6g38+iYRDg4VFhIVGh4ZMfntC
183=VlgtUVIuUVIwY2E8fHtLh4RUgHxMgn1NhYFSgn9RhoNUh4RVfHVHWFQxVFExcnFGiIZSen
184=hIZmY3eHZBendBZmg3dXc9aGs3cHM5cHQ5dnM2l4hFd3w6cHU1bXIzdHc6aG02bnI3enw4
185=dng4a242T1YhREoZTE4mSE0cRUkaY2I1YmM2WlQxU0kvaWY8b24/aGQ6T0MsSDUpSDUpTT
186=8sXFQ0XFQyWlEzbWk9SjUoSzopWEsvb2w7dnc7eXo7fH08fX87gIM7fYA3foE4gYU3hYo4
187=gYY4e383cGsnWU4igX4tu7gmtrAuubMtrq4vj5c3ipE3ipEzipMzho8xgowviI8yipIzi5
188=I0j5Q1nJs7naAxtroi0NIWzM0X3NwS8fAJ7uwN8O4P5OMTv8EfmJwug4k0enw0b2wxeXc3
189=e4A4g4dAi41LhYdHh4hLhIVLfn1GgX9MhYJRdXY/R0waXV0zfnxRhINSgH5Qgn9ShIFTgo
190=FQiYVWf3tLfntJh4RWg4FPcHA/dHM/ioVLam05cnU6cXM7bHA2dXg5b3M1fHw6dHAya3Iz
191=bnM2ZGsza3EykJIpx8Imr68panA4cHQ5VFsgMjcUR0kjUlYlREUgUVEqYGE1bW47YFs0dG
192=xBgHdKcW0/a2g7XlY1XFU0bms+Yls3Yls3bGg9a2g8RzInRzImTDsnbWs4e3s/eXo7e307
193=en03ZmAqbmo3g4c9gYY0goc1k5Yxubgk2dcWz84R0MsKr6YW0s4N5eMF4OEMyMsYmKAvkJ
194=Q4s6pCxLpLyb5NqKQ/j5c0j5gzlpg2tKtCzssg5uYL7e0J8vEI6ukKuLIc5eIM8O8K8O4K
195=6OgK2NYXnJ01f4M5cnEwXVcnjX48potFmo5Lh4pIhYdGhYdKh4dNhIRMiYZVb289S0gmZ1
196=s6jn9UhH5RgX9RgX9PhIJTgoFNfn1Ji35Qin9Nh4RVc3JFYGAzfXxIkJFThodNdnk9cnU4
197=e387cXQ2eH41eX46dn03cXY0c3kwoKIuzMse7OgT8u0P3tsXsrEkio8wfIA9eX09bXM2Zm
198=s0bnI3a2w2b3A7goRHZ2w1cGw9iHpMhHhLc3BBc3JBdnRCg3pKgHNJcWo/cG4+cG0+Vkwv
199=WE4ubGo4eHc9eXk9d3k3fX84gYNCgYFPg4NOjY9UkJRRiY5AmJ0lxcMP5OEI6+gI5eMHjo
200=cvrq0b8e8L6ugK4uINub4elp0wm5o3ua9CqKc6oaE4iJEvk5s1jZcykJkvxsoZ6ukN6ekK
201=6uoL3+APiYM1vb0T7OwL6+oK6+kM3toVoaU3lZpIhok3Y2whWl0jfnA0kpBIjY9JiYtKhY
202=ZJhYZKgYBKgH5Ngn5TjH5SrJNll4VYfXdIhIJRh4RTh4VSdXRHcnJDi4VVeHNFdnZFfnxK
203=iH1LpJBZl41QjI1Men0+cHU0cXY0bXUrX2ghXWEpfII2dHo4l5wr6uYW9fER7+0K6uoI7O
204=sJ8O4L3t4Qv8Ecu70muLkgjJApanIxa3A3f4E+mpJMjoZGbW81XmQvbmw6bm08Ylw3WU8x
205=WlI0bWs9c3A/bWo9cG4/dHQ/dXQ9dHQ8c3M4eno9hIZKgoRMiYlZbGY5UUgrV1IoiI1Blp
206=tVj5VXtrgy2NUL4uED7ewK5+cP5eQL9vQK9vUK6ekJ4OAOubs4wcBVvrpLmZs8lJQ+paVE
207=hY4vjpYysrgk2NoT6ukL6+oJ6uoJ6ekL6ukS6OcN6+sK6ekJ2twPt7oplJs+j48+j44+Y2
208=cpYGQsgIVBh4pFeHo7goJEf31DfXxEhIJOendGhYFUhYFTfnlLfXxKhYNUdXVEVVgqcHBD
209=cXBBdHNGg4NTcXFBfHZHiodWjopXgH1GbG43f4JEe34/eHc6hIY9a3EuW2EmXmIocXcwe4
210=I1foUvtrck5eMR6ukL7ewM8/EN9fMN8e8M8O8J7+4I7uwL6eUUwsMdlporeX4xjYZBqphT
211=rppWioFFa241Y2czYF0zU0ouWE0xcWtBcG4+b2w9cW9AcnA/c3E9dHM+fn5Mg4JVc3BImJ
212=Z8qqmbZFw7UkcjaGc1bW4yXFMhZlwxiY1NpadO3dhB9fAg9/QP6ugRsbUOv8EL1tcVw8Mw
213=Y2wjjYo/5NFh//J1j5I7jpA6a3YhanAoi441zdAc6OcL7e0I7OwI7ewJ8PAH7u4I7OsK5u
214=QP0Msdlpo9jZNFiY88jpJGiYtCkZRIkpNPg4BFjIFJoI1VmIZQREEgVFMxfHJGfnVHd3dF
215=hIJShIJVhoJVeHdGQEMdRUQoXl02dnVIhIJThYFTd3JFeXhIc3c7SE8acmc2gX5BgoVAiY
216=VCfn87bXMzg4k6fYI4fYU1eH81f4csur4g4+MP7uwO+/oQyMIksagq+PcR8e8O7ewL6+sJ
217=7u0L6ekL6OQno6UzZW0vdHk2h4FBj4hFcXI6ZWgybXA3YmQ0bGw6bGk9a2s8b20+c3BCdH
218=FBdnNCdXRCj49qeXlOWEUrdl9TZ1dIUUkmdHY0bGo4aGUxa2YuaWYpe34wmplQ4tON5dqA
219=+O1i1MxMPEQUPT8Xlo9D5th2vblfgIVKeYNXoKdhv7tYv7dZs6xWd3szg4U7lpotsrQgvr
220=cw08sp3toX2NYY1tcTxMYaoKIso5dDj5FCjJJCi49DiIxFiYtIf4A+jI1Nj45TiYRPg3VH
221=e3VDZ2c8amdEbm1CYGA1b25BhIJSf35PgoBPhIFSfHtLamg+XV01dnNGhoNWf31McXA/hH
222=xOa203S00lUE4oZ2k1gINDfYM+fnw6lo1Cf4U3bnMygIY3cng3mJ0u4N8S8e4Q+PUT+/gT
223=5N81yME/8vAW8O4O6+sK6+sK6+oL5eQNwcMfeoAwbHM1bnM2Z20vcHU3Zmk0dHY7aWo4aG
224=k4YmQ3ZWA1fnJEcG4/cG4+VlgpVFUpcW88cW88gH1PhoVaem9MZFQzSzshXFQpUVgdWF8k
225=rqdf1Md3ybts4M536dh749OAzMOBq6lumJhcwbRqxrpvmZ5iYGxXR1RRN0NLPUhLaHFYpK
226=dr39NtQkwORkochH1HiIpBgIE9g4E8jY02iYk6iIs1h4c8iodChYtAi49Dgoc/io1JgIM+
227=kZJQcnU9TFIfcXI/h4ZQbnA/bW4/iIVUg4FQe3pIfXxLeXdFd3NFgHxJg4FPc3FGdHNFb2
228=5CaGY6gXhIgX9Nbm5AdHNGcG88XWAodnZEdXc/UFggMDkMXWAvfX4+h4lBc3c4cnoydn02
229=eH8vr7Ik4N8S6ugL8O4O8/EQ9/UQ/PoR8/EP7+4N7ewK7OsK8e8J7+0I6egN5OAdsbIngI
230=QucXc0b3I3dnk4d3k7fHw/aGs3XmIxbmM2gW5Ef3hHd3NBP0UZJykRQT0lXFMyX1Yyc3E7
231=f4BMf35Ue3dQbm47TVAfTEkojH9T1L57wbx6hoxlYGhYe4JiU19WNkJPR1JVbHdeV2JZN0
232=NPOUFPQEhQQktQQEpQND1OSVVWmJxgjYdGm45Vs6dkXGIjc3Q1nZhUkI5LgII8goQ+iYZA
233=koNEg4VAiohEloxMh4RCPkUTU1YoW2ArMzgSNjcda2k/d3dCcW8+gH5Ng4BQc3JFc3NFcm
234=s9gHZIiX5OhHxMd3VCf3dJaWk7c3JDd3JEdHRFfHlKfnZKa203WVotWVkzams5bGozX1kv
235=X1sxbG81holDfoE7j4xChYY+dX0ttbYh4uAR6OgK6+oL7OsL7ewM7esL7OsK7ewJ7OsL6u
236=YSz84aw8Ydw8QYmp8noqQ4kJEwZmwweXw5gYNAeXo+fHtBb287SU0fQ0geREsaQUEbX1s1
237=Ylw4WlIzW1IzdHE+Y103bmg9amg5YFwxiINUw7WMvKyEuaZ1tqp2foJjSVNXMz1QNT1QNT
238=5QO0NSP0ZSPURSNj5ROUBRPURTPkVUPkVTPkZTPkZTP0ZTOUBROkRVbHBlq6Z21MKAX2Au
239=Xlg4opNkeHk6REwXU1Ylc3Q4foE+iotOioVNjYJJYV8sS00nVlgvUlQsT08uaWZBgH1OdH
240=JCcG8+gX9MdXRFZ2Q4dnBCS0ghOz4eNzoZVlgsVVYsXFw2ZmM4e3dHbm4/c3JFhoRUb25A
241=c3JFhoNTcXFAdXZCeXdCiIRLgX9Dam4zgIRBkpRMe3w9b3M1g4ctv74i5+UR7ewK7uwJ7u
242=0K7u0J7OwJ8O4L6+cT494bvb0mb3U1g4pDdXs3cHI5hYhDcnc5eXw8amw2f4FEbm86fX5G
243=cXE/ZmI3TUwpQ0QmTU0rUlMvcW09bWs6SkUyQUI3Skk3amY9bmo7eHRGqZdwzraMiXxQWV
244=o2TVZZLTVTNz1WPENVPURVPkVVPURVPENVPENUPERVPENVPENWO0FVO0FWO0JWO0FWO0FW
245=O0BXOD9TQkxan5l2zreDzK99sJxulo9WaWsxO0AXMC4WRj0kdm88iIFJhIVNd3lEQkckT0
246=8wdnVHamo/ZmQ9cnBCenhKX181b25BhYJUenlLeHNEfndIZGA6QEMdODsUQ0MkTEkudWpD
247=hXpMamc8WlwycnFDh4VUbm5Ac3FEgoBRdHFDfnhHb3A8cXU8dHc9aWs2foFCjI5Ng4Y6p6
248=Qrs7ApsbEq3dsj6eUd2tkU4d8U4N0Z3NkVuLgghIgsjpM9hYkyaW4wi4pAmJBHjYdDc3Y3
249=a280hohJcXQ4c3Y5b3EzaWgxhHhKgndKX2A1V1ovZmY7YWA5ZF02XFZDQkVJQjg7XTs2Vk
250=guY2A5bGo8fXZNv6iIiHxYQ0QiOUEzREtRO0FUNzxXO0BXOkBWO0BWO0FXOkBXOkBXO0BX
251=OkBXOj9XOkBYOT5YOT1YMzhZNDxMMzsTUFM1v6qFtJp4uaF6dnI+ZGUxdXQ/d3VCbGo6S0
252=kdSkAkeHNGfnxLfHpKfnxMfnhJhXtNg3xNh4VVgoBQcnFDamo8e3VGiXxRiIFTbm5Ac3BD
253=eXdIaGg4WlovZmU+gX5Rd3RGW10zZ2U6gnZJk4FUgHhKamo7cHFCgoBRgn9Rcm9BX2IyTV
254=ApS00oWVwufoFEi4xPkJBIg4U4Zmo1fIBGl5lNgIM2h4w+gIQwg4g4iIs4Z2w2anA1gYQ/
255=cXY4fIA7hIE/c3Q3ZWsyaW00SlIbNz0TU1YrZ2k3ZmkxUlIqVlQxYmQ4Y2I5TkwsQkImY2
256=M4QzAlTTsxVlJNX088Zlcya2g7YFk3ZmA7dHFCh31WybCPaWU6SUYpUU8uQkQ4OUBWMTlX
257=MjpWMjlWNDlWMzhWMDhWMThWNDlXMzlXLzdVLzZUMDhWTVNkfHlieW9JdmlOsZp9s6B9dX
258=JCNTkSOTobZGE5dXRAbmk6XVguV1UxdXNGfnxNfXpNgH1RgXhLl4NXoIldj4BUenlKcHBB
259=c3JFeXZLcm5DeXNFc3FCenRGXl40cnJEb29CcHBDhoVVbm5Ba2s+eHNEfndKe3NHY2E2YF
260=84eHRIhYJUhIJSbW0+cG9BZWQ7VFYtYWE0gX9Ii4xQiotPb3I8Y2Uyf4JDjZBOcHQ6gYRE
261=aW8vT1YfWFsuam4zhIdEcnU4amwyh4dFbnM2YWYwZWkybW81XF8rRkYiVk8tiXpKlIJSen
262=VFZGU5XV41enhJaWg8YWA4ZWU7WE4yVUsuZF41bm48dHRBdHJAW1M0YFg1dHI/cGxAnI1o
263=sp59o493qZV4sp16rJ6BgH5zjId1cXFrREtcUldggX9xcXNrSU5dVFlhh4J0eXlwh4F0wq
264=6L07iVw6uLlIlfenVIdXFCbGs7aGY7aGU6cG1BcG49cm49fXhJg4BTeHdIfXpNe3lLe3lL
265=enlMeHJEeXBEYF42aWk/e3pIeXdFb25AbW0/b29Abm5AcnJCZ2Y5c29AgXdJfXVIe3lJbm
266=0+cnBBcHBBcXBDbW4+Z2c5eXJEhHlMenRHeXlIa2s9dXNFcXBBaGk6fndFh3xJg31IgYFG
267=cHI7cXE6hH9FgoNDc3U6fX9Cc3U4cXI6a241dnY6hoNDenw6fHs+gH5BaWw2am01dXM9kY
268=NMoY5XkoVQeXRDfXlKin5ScW0/XFw1aGc6b24/YWE3XFw0Y2I3EQAA

[Map]
Theater=TEMPERATE
Size=0,0,60,52
LocalSize=2,4,56,42

[Waypoints]
0=77036
1=36077
26=66020
27=64036
28=55043
29=50101
30=48080
31=67080
32=25059
33=86053
699=57056

[IsoMapPack5]
1=oQ0AIAsEADkAAAAAAAABAAUAOWABaQEIKCsAJAAf9wI9AC7rAT8AKesBaAA06QEK+AYCAgAKAD
2=i3AgIACyhVAAsoVwAcACTjBBwAIygpACIoKQAh6QEdKK0AHSiuAB0AJ64AHQAprQAg+QYeKIEA
3=HiiCAB4AJ4EAHyhVAB8oVQAgKCsAJwAe8wlBAEnrAU0AU+sBVwBM6QFYKikAS/YCWQAnKwBaAE
4=r3Al0ARygpAEbqAV4AKSkARfYCXwApKQBE9gJgACkpAEMoVQAv6gFhACdXAGEAQvUCYiopAEH2
5=AmMAKSkAQPYCZAApKQA/KFUAOuoBZQAnVwAHADa3AgMACCopADX1AgkoVgAJAClUAM9HAwAKKI
6=EACiiBAArwS2EEM/EJCyitAAsorQALKK4ACwAprQAy+QYMKNkADCjZAAwo2QAMKNoADAAp2QAx
7=5wgNADsoKADfIAMADeBcaAEnHQQNKIkBDSiJAQ0oiQENKIoBDQApiQEw6QwOKLYBDgAntQEOKA
8=UBDigFAQ4oBgEOACkEAd9BAwAPKK0ADyitAA8orgAPACmsAMN9AwAQKK0AECitABAorQAQ8IJt
9=BS3pFxEogQARKIIAEQApgQAs7QUSKK0AEiitABIorgASACmtACv5BhMorQATKK0AEyiuABMAKa
10=0AKvkGFCitABQorQAUKK4AFAAprADXnAMAFSitABUorQAVKK0AFeSibQUo9Q0WKK0AFiitABYo
11=rgAWACmtACf5BhcogQAXKIIAFwApgQAm7QUY+3QDABgo2QAYKNkAGCjaABgAKdkAJeUIGSjZAB
12=ko2QAZKNkAGSjaABkAKdgAx7gDABoo2QAaKNkAGijZABoo2QAa8Ll4BsO/AwAn6LFoAcO0AwAt
13=85gDAEPrpgMAROyqAgMARwBN9RhI+6sDAEooawhOAFHjBE8AVSgpAFQoKADQuQIDAE8AUvYCUA
14=AngQBQ970DAFAogQBRKFUAUSpVAE7lCFIoVQBSKA8CUgBQKIEATygoACfZAFMorQBTKK4AUwAn
15=rgBTACmsACfxA1PzzwMAVCjZAFQo2QBUKNkAVCjNBFQq2ADD1QMAVSjZAFUo2QBVKNkAVSjZAF
16=UoLQZVKAEGVijZAFYo2QBWKNkAVyhVAFvn2QMAXCooANvXAwBe99MDAF8qKADX0wMAYCgFDGDo
17=0gIDAGIAPf8rYgA86QEPJgciBAAP47QEABAqKADL0gQAEeetBAAV75QEABfjiAQAHONnBAAg7F
18=1oActkBAAhKFUAIeRgdALAZwIEAC0APqcTBABQ5ykEAFLnrQQAVf+vBABWKCkAWOMlBABg88QE
19=AGLrvAQAYyitABP3AgUAFOgiaAHf2wUAFewQaAHMJmgBJ4EAF/sRBQAX/yAFABgoMQEYKFUAGf
20=+kBQAa9HBoAcO/BQAe+6AFACAo4QEn84IFACkoBQEr/+YFAEUoFQNF7xsFAEYoKQBK50oFAFX0
21=OWgB1zkFAFb09GgBJXAqaQE3oDBoASVcImgBJ9kAV/NABQBY6C1oASWDIQUAWShVAFkovQJZKN
22=kAWvdPBQBaKIEAWyhVAFsoBQFbJosiBQBbKBUDWyjZAFworQBcJk8gBQBcKG0DXOBcdAIlMCJo
23=ASdBA10oBQFdKAUBXSjZAF0oDQJdKOEBXihVAF4oZQJfKFYAEwDHKQYAE/cCBgAUKFUAFChVAB
24=X/CgYAGOgXaAHYMmgB108GABn8FWgBJRckBgAa6xcGABsoBQEb9Bh0Aic5Ahso4QEb6BdgBMsi
25=BgAcKAUBHChlAhzrOAYAHSiBAB0ogQAeKGUCHyooACeRAh8otQEfKNkAH+tZBgAgKBUDICitAC
26=Am0yAGACEoKQAiKIkBIijZACIoZQIiKKkFIyitACMoSQQk604GACQogQAkKDEBJCgxAST7lQYA
27=JShVACUoVQAn93sGAEgoQQNPKCkAE/sGBwAUKCkAFSgpABb7MgcAFyooANdwBwAY6yIHABvjfQ
28=cAHfSRaAElyyoHAFAoBQFV78AHAFXkjGgBy5sHACTwFAQIAFcALAAdo4ALADyoAQIBAAsAO+sB
29=DQA+6wEjAETrAT0AOSgpADgoKQA3KCkAM+sBQQBLKCkARigpAEUoKAAnXwFBAEP3AkYAUOsBRw
30=BTKCkAUusBWAAt6wEOAD2oAQICABwAJukBKfAJAQIAPgDQFGgB0BRpATbvBT4ANOsBPwA/KCgA
31=3CACAgA/ADr1AkHjDwIAQfgnAgIAQgBK4wRCAEgoKADEHmAExB5oAcQeaAHEHmkBQvsGRwBP6Q
32=EP+DICAwAdACe0AgEDAD8A1BhoAdQYaQE14QRAKNkAQPc5AwBA9BhoAcg4ImgpxBNoAcQTaAHE
33=E2gBxBNpAUHrDEgATigpAEzpARD0DSJUIcwmaAHUDWgByBcCBAAbACu4BgIEAB4AKOkBQesXBA
34=BBKDEBQegXdAInMQFB4DsBBABDANMfBABE5FVoAdQYaAHUGGgB1BhpAUDhD0rnVQQASvQ5aQFJ
35=KIAAwDsibCTPGwUAEfBhaAHfTAUAHOhDAgUAHwAppwgFACP4HGgB1DloAdNWBQBC5B5oASeJAU
36=IoigFEANs9BQBE5B5oAdxXIqQgzBtoAcwbaAHXWgUAS/gcaAHQVgIFAEwAR/IUTADTVgUAHexd
37=AQYARgDQCWgB0AloAdyDaAHUcGgBz4kGAE3wCWgB3Ex8r98VBwAn61kHAEfob2gB3ApoAdwKaA
38=HcCmgBzHNoAdQuaAHQSwEHAEoA2D1oAcsiBwBI80sIAEjoLWgByC1oAdBLaAHcCgEIAEsAxwgI
39=AEn7BgkASexSaAHbBgkATOgMAgoAHwAeJgVNIZABI6FRIigrACoAIKMEAQArKCsAMAAp9wI0AC
40=3rAUYAKOsBSgAs6QFLKCkATigpAE8oKQBQKCsAVgAu+QZXKCkAWSiBAFooKQBbKCkAXCgpAF0o
41=KQBeKCkAYSgxAWIoKQBjKCkAZCgpAGUoKwAjACG7EQIAJCgpACUoKQApKCkAKigrAC8AKvsGMA
42=A86QFM/woCAE0oKQBTKCsAVQAv7QVWKCkAVygpAFgoKQBiKCkAYygpAGQoKwAeACawCQIDACIA
43=IukBIygpACQoKQAlKCkAJigpACgoKwAuACvlCEboDCJoP98VAwBIKFUASSgpAE0oKQBOKCkATy
44=gpAFAoKwBUADDpDFcoKQBYKCkAWSgrAF8AMu0FYCgrABIANLQCAQQAHwAlXFgCBAAjACP1AiQo
45=KQAlKCkAJigpACvjRgQALCgpAC0oKQBH7xAEAEgoKQBJKCsASwAx9Q1MKCkATiiBAE8oKQBQKC
46=kAHfwrIsg1z2gFACH7aQUAJvNsBQAoKCkAKigpACsoKQAsKCkATPcjBQBNKCkAUSgpAB7vGwYA
47=HygpACIoKQAjKCkAJedVBgBK6y0GAEsoKwBNADOzHwYATigpAFAoKwBTADnjBEkANagBbJ8nKQ
48=BLKFUATCgpAE/oDAIHAFIAOvsGUQA7qAECCABKADirAQkASygpAFDobwIJACkAHySQZAEBACwA
49=cJuWnCwAaJ6LATIAPeMEMgA8KCkAK+sBNQAzKCkAMigpAC7rAUcAKigoAHwNnwpfAC31AmUoXw
50=FlADv3AmcAMOsBKwAjqwECACvwFAICADEAPvUCMfAUdQIs9QJf5AgCAgApACe0AgIDACkAJekB
51=LvcNAwAw+BEizUYx4gQvAMAaAQQALwDUAgIEAFgAQqMEBAAigCgEAAAABQAlAMMPBQAk8AkCBg
52=AoADqsBWgB0AloAdAJAgYAUQA34wRRADUoKQA06QFUKgQBzAUizTA4owQHAFP0GAIHAE8AObcC
53=CABS8CoCCAA0ADwmW2gMAD2oAQIBACAAQ+sBJABF6QEoKCkAKSgpACooKQArKCsALQBG+wZAAE
54=LrAUgAVOsBSgBV6QFLKCkATCgrACEAQaMEAgAiKCkAIygrACoAROEEKygpACwoKQBBKK8ARgBL
55=7QUQ+BwCAwAgAEC3AgMAISgpACQoKQAo5AhoQ9sRAwBCKIEAEfgnIqUrPrAJZD8nKgAjACcrAC
56=UAP+IEKAAigyAAAAAiGCrAJSJMTMstBABZ4A8CBAASADu7BgUAFvQNIsBK3zYFAEn3LgUASigp
57=AEsoKQBU6CJgBMwmaJAnKQBM4AQizDvLIgcASfscBwBL/0EHAEwoKQBO4Dsi6Dknq3IlABwmz1
58=s6ADTrATsAOigpAC/rATwALesBPQBGKCgAIoAgI/c6PgAo9wI/ACbqAUIAIjAhggRLACIEIYkB
59=UCgrAFcAK+4FJQAljXQBIwQ5Izx1AgEAPAA7oARoAdAUAgEAPQAy9wI+ADHrAT8AMCgoANQNAg
60=EAQABI9QJAJpdfAQBD8BQBAQBNAGSlnZlR+xEBAFgoVwAMADikCCJ0O8AaAQIAHgAi+CQFAAAA
61=AgAfACLjBCAAIeoBIQBwAYIEJgAlpHcizTs84wQ+ADPpAT/jGgIAQOAaInQ7wDBoAcAaIpg61C
62=4CAgBGAEzlCE7nNAIAUCgpAFkoKQBg9CMBAgBhACdfAQ4AN6cIAwAO8EAirG7EEyJMbcstAwAR
63=5wgDABPkCAIDABQALuUIFfcNAwAW+ycDABf4PSK8ZQ4pACEAAAAAAwAbACgAIQAAABEAAFIOAC
64=AOAAMAHQAmACEAAAAAAwAfACTrASAAI+sBIQAi6wE/ADTrAUEAMusBQgAxKCkAK+sBQwBI6wFI
65=AEvrAUwAL+kBYSjbAGIAMPcCEAA2qwEEABH3DQQAEu8FBAAU7AUCBAAWAC7uBRgAwA8CBAAbAC
66=r3Ah0AKesBHgAn6QEi7xsEACgo2wAsAD/jBEAANekBQ/scBABEKOMBSQBM4wRKAEfpAU0ogQBX
67=KL8CEQA3owQFABL8CgIFABQAM/UCFusMBQAX+wYFABjzCQUAGewmAgUAGwAt+QYc6BcCBQAfAC
68=j1AiPrOAUAQijhAUQotQFGKLUBRyi1AUvzNQUASyiBAE4ogwASADirDAYAFfcYBgAW5zQGABfr
69=DAYAGfsGBgAa9xgGABzwNQIGAB0ALPEJIOc0BgAoKIMAQwA54QREKOEBRSi1AUcotQFMKCkAHv
70=cjBwBH+0gHAEj/FQcATeQIdALbMggASe8FCABLKCkASeMPCQBK+BEECgApABwAInRlAgAAKgAd
71=6wEtAB/rAS4AIusBLwAl6wEwACfrATIAKOsBMwAp6wE0AD0oKQAr6wE1AD/rATYALOsBNwA1KC
72=gAfA2dEUYotQFIKLcBSgAq7QVNKCkAVSgqAFYAJ7UBYCgrAGcALfoGaAAniwFpADD1AiPnHgEA
73=KPwgAgEAKQAeoAQCAQAsACDpAS34EQIBAC0AI/UCL/8gAQAx/yABADLkEwIBADMAPu0FM/AfAg
74=EANQA29QI18xQBAEIoiwFFACbhBEcoiQFJ7xsBAEwoMQFTKFUAVSgxAV8oggBmANAfAgEAZwA4
75=/wpnAC/pAWjsMQIBAGgAMfUCIvMfAgAo4yUCACvwFGgBdKoDAAAAAgAs8xQCAC7/IAIAMPwgAg
76=IAMQA8vApoAdM1AgAy/xUCADPrIgIANOwQaAHLFwIARihdAUso2QBPKCkAUigpAFTnHgIAXihV
77=AF/kHgICAGQAO/kRZShVAGbrQwIAKuEaA4wYl2UDACvvEAMAL/cuAwAw+F5oAcNcAwAx8CpoAc
78=stAwBEKNkARec0AwBL7xADAFMoKQBe+BECAwBjADS/FQMAZChVABXrAQQAGvwKeMHYdGgBx1UE
79=ACnrFwQAKiitAC3scwIEAC0AOasMBAAu5xMEAC/7JwQAQuMaBABKKOEBUSgpAFT/NgQAXSgpAG
80=DoTgIEAGEAM+kMIv8rBQAl+xEFACYoVwAmACSvBQUAK+MPBQAt+xEFAC7jDwUASfQNAgUASgAy
81=+QZQKFUAUihXAFMAN+EEVeQTAgUAVgA69QJX60MFAFngO3Da1yMGABj0GHDE2zIGACH/KwYAJP
82=snBgAm41EGACn3GAYALChVAEkoMwFPAEWvEAYAUShVAFLzFAYAVOc0BgBV8xQGAFbnawYAV/ON
83=BgAj4yUHACXnSgcAJ/hIaAHboAcAKOtvBwBQ9CNoAc8bBwBR4w8HAFPjJQcAVOMPBwBK5wgIAE
84=4oKQBP6xcIAFD7BggAUusXCABN4wQJAE7rDAkAT+MECQBR6wwJAEzjBAoATeAEBAoAFQBIACOE
85=xwEAGABH6wEZAEbpARwoKQAfKCsAIABF4QQoKNkAMSgxATMoVQA0KK8ANQBC+wY1ADzrATYAO+
86=sBNwA5KCkAMusBTgBW6wFbAEnpAVwotwFmAD71AmgoMwFpADj1Agf/CgEAF/gRAwEAGABEAJMf
87=AQAcKCsAIQBD9QIn5B5t1iX1AjAoVQAxKDEBMijbADMAQe0FNPgRbNbMG2kBNOMETQBV6wFXAE
88=vrAVgASukBWeceAQBa5x4BAFv/KwEAXCg5Al4oFQNfKDsCYgBA8wljAD/pAWTsJgIBAGUAPfcC
89=ZwA66wFoADcoKQAz6QEX/woCABj3OQIAHCgpACAoKQAo+BFo3dgnfNvMR3zbyC1oAdBAfNvURH
90=HaOKAPaAHMJnDa2BFpATDjBEUATOsBTABU6wFQAFDpAVfnKQIAWOcpAgBZ5ykCAFrnKQIAXeM7
91=AgBgKEEDYeM7AgBj+Cds4chZaAHMJgECAGYAJ70CF+MwAwAdKCkAIigrACoAJLMUAwAs/ysDAC
92=3jDwMALuAPaAHUDWjo1CN85sA7cOXMEGkBMf0KR+dKAwBM6yIDAE4oKwBPAE/vBVAATukBUfAq
93=YOvbUwMAVCgxAVXzKgMAWPsnAwBZ+ycDAFwoFQNeKMYDXwAnvQJg5ykDAGHzggMAYuBRbfc1+h
94=FjAMQ/ePjfgwMAFvMJBAAZ8wkEACEoVgAoANRPePjQYWkBKr8KBAArKK0ALPBhZPonrQAt/Hhk
95=+sM7BABJ+0gEAEv4JwIEAE4ATf0KT/snBABS7yYEAFTjJQQAV+MlBABY5z8EAFv4PSIgIMMlBA
96=BeKG0DXyiRAmDjJQQAYOR2IqQgzCYiqDzARiJ5ICmkE2kBJukBKP8KBQAp4zAFACr8CiL8IMeX
97=BQAs4DAi/CDDMAUATPscBQBO+xwFAE/rQwUAUOMlBQBR8x8FAFPzHwUAVeiFIigh04IFAFfsRy
98=IoIcwxIighyIUiKCHMXSIpITagGiKQOcQTAQYAHgDEYCKAIdg9IpA5JwUBKeTDAQYAKwAn2QAs
99=KNkATv+DBgBP6BcigCHLxwYAUvw2IoAhyBciVCHcFSJUIcs4BgAn6Awi0SA4vBUiQDrYBiLQIM
100=yfaAHIOCLQIMDKItAg0wkHAEz0IyLQIMMECABR8GwipCDY4mAE2AYiTCDXvQkATfhIBAoACAA7
101=ACQkIyAKAD7rAQwAQOsBDQBC6wEPAETrAREAResBEgBH6wETAEjpARYoVwAaAEb1Ah0oKQAiKC
102=kAJCitACsoKQAtKDMBOgA25Qg7KGcCOwA3KFUAMesBPABB6QE9KAcBPQBD9wI+AErrAT8AS+sB
103=QABN6wFBAE7rAUIAUOsBRQBS6wFGAFXrAUgAVusBBgA5qAECAQAJADrrAQsAPesBDQA/6QEO8x
104=QBABDnEwEAEv8rAQAT/ysBABooVQAjKFUAJfgnIrA93ysBADwoiQE87yYBAD0oOQI+9DkCAQA/
105=ACz5EUDoIgIBAEEATPUCQugiAgEARQBP9wJGAFHrAUcAVOkBSegiAgEADAA8twICAA7nSgIAEP
106=82AgAS8x8CABPzHwIAGucTAgAeKCkAJPMfAgApKCkALf8gAgA+KIkBPuMwAgA/KLUBQCi3AUEA
107=LuUTQuc/AgBD5B4iqDzHPwIAR+Q/AgIASABT+QZK5x4CAE38QXgcxz8DAA73LgMAD+c/AwAR8x
108=QDABLnNAMAE/MUAwAZKCkAHigpACMoKQAl9BgiWD3IWQIDAD8AOKcTAwBAKF0BQSjbAEIALeEE
109=Q+88AwBD70cDAEjjOwMASeceAwBNKCkAEPc5BAAS4BppATO/CgQAE+wbZM7DXAQAFyhVABjvEA
110=QAHShVAB//FQQAJCgpACfrFwQALCgpAEDjfQQAQSgNAkIo2QBE/0EEAEXvGwQARu+JBABH5IFs
111=98w8IjQ+1FoitFnboAUAE+ceBQAVKCkAHuAPAgUAIwApsB8iCD7IpiLAVdteBQBF51UFAEbkEy
112=JoVcRrIihY3IMiEFXAD2XZMrwKAQYAIAApKAAilCgFAAAABgAiADThBCP8TCLUPNigItQ8wFFk
113=ziddASkoMQFD970GAEUoBQFG80sGAEnrFwYATfsnBgBQKFUAU+R2bewvuBEBBwAhANyvAQcAIw
114=DIQwIHACQANeEEJfQNIgA90FYinFbYzCIkPNRaInBW2EgiRFbQzyKcVt8rCQBL+Ehk2cwFIpxW
115=xx4KAEzwNQQKACQAHgAlv9slAB3rATsANOsBPAA6KCkAMygoACL8Vp8GPQAt9wI+ACnqAT8AIn
116=ApggRAACL0VYsBQgAm4wRLACvpAVAoKQBXKDMBJQAgowQBACbwFGy1xBMCAQA+ADvjBD4AMusB
117=PwAx6wFAADAoKQAq6wFBAEjpAUPzFAEATeAPAgEAUQAs4wRYAC7rAQ0AOKgBIlU3J+gBcCeYJw
118=ICAB8AI/QCInBX1wIhACH0AiIkadcCPwA89gI/ANMqAgBA9xgCAEH0GAECAEIAyC1oAdQYfa9M
119=5QhJ8xQCAE4oKQBQKCsAUQBR7QVZKDEBYCiJAWHgJQICAA8AN6wFYLTLLQMAEPMUAwAR8BRgtN
120=8rAwAU/woDABXgDyIAMstDAwAX8CoBAwAaANcYAwAb4EYiBDjARiKkbdREAgMAIAAk+REh/ysD
121=AEH7UwMAQig5AkPgGiI0VMw8ebZL5QhM+BwiRDXARiJENcBGbRs2rAV4ttAfeLbABCJMbScpAB
122=n4HCJMbcBGZLjPGwQAHuwbAQQAIgDARiLkVCeuAEMAJ7UBRPQYcK7AOyLtNEf5EU3sGyJoNMgX
123=eMzQNSLJbDWvBQUAFvA1IkgwzAUiyGzIFyLIbNw2Ishs00sFABzkYCLIbM9zBQBE/EFstcdVBQ
124=BH/BV4tidVAEzkayK4MyfhARXgZ3C50BQiRGzcKyIYbMQTIoQyxBMiGGzIbyJYMtAUAgYARAA5
125=uxwGAEYoXQFH/0EGAEwoKQBI/CsiJDHDDwcASeAadKfYJwQIACkAHQAmiJQBACoAH+gBIphn1A
126=JwEcsBLwAn4wQwACjrATIAKesBMwA9KCkAK+sBNAA/KCkALOsBNgA1KCkALukBRiiLAUgAKvYC
127=SgAnMQFNKCkAVSgrAFYALe0FYCgqAGcAJ18BaAAw4wQjACCoASKNah7pASkoVQAs7BAiBS0j4Q
128=Qt5x4BAC/kHiKNajvhBDH8FSK5aj72AjIAxB4i5GrQFAIBADQANuEEQihdAUUoKQBH7xsBAEko
129=BQFM7xsBAFMoKQBV+xwBAF8oKwBmADjrDGYAL+kBZ/QuIuVqMfQCDRsAJwAmAAAAAAIAIgAhAC
130=YRAAB7DgAgCAAAAAACACgAIQAmqwEqACfrASsAKOsBLAAp6wEuACrrAS8APOsBMAAr6wExAC3r
131=ATIANigpAC7rATMAMeoBRgAnVQBLKCsATwBR4QRPKFUAUigrAFQAL+EEXigpAF8oXwFjADvjBG
132=UAMOkBKeMaAwAq4xoDACvoFwIDAC0APawFAgMALwAs6wEwADUoKADDDwMARCiBAEXvEAMAS/cN
133=AwBTKCsAXgAy5whiADTpARX/FQQAGvMJBAAmKCkAJ+8xBAAo/xUEACoogwAsADmzCQQALvcuBA
134=BC9y4EAEooiQFRKCkAVPgRAgQAXQAz5whfADjpASLrIgUAJO8mBQAl6wwFACrrIgUALfscBQBJ
135=/woFAEr/CgUAUChXAFIAN6sMBQBT9A0CBQBVADr1Alb/NgUAV+8xBQAW+xwGABj7JwYAJP9BBg
136=Am4zAGACjnEwYASSivAE4ARasMBgBR4w8GAFIoXQFU4w8GAFX0WgIGAFYAPvkGI+sMBwAl/Apo
137=AdNLBwBP7xsHAFD/CgcAUe8bBwBT/woHAErvBQgATvsRCABP7wUIAFD7EQgATfMJCQBO9wIJAE
138=/wCQQJABUARgAnc3cAABgoKwAZAEX1AhwoKQAfKCsAIABE4QQoKNsAMQBH9QIzKK8AMwA89wI0
139=AELrATUAO+sBNgA5KCkAMusBWQBK6wFaAEnrAVsASOkBXCi3AWUAPvUCZihfAWgAOPUCB+sBAQ
140=AX6BcCAQAYAEOjBAEAHCgpACHzFAEAJ/QYAgEALAAl7QUwKFUAMSjbADEAOuMEMgBB6QE07BsC
141=AQA0ADT3Ak0AVOkBV/scAQBY+xwBAFn7HAEAWvscAQBb6y0BAF4o4wFiAD/zCWQAPekBZSg7Am
142=YAN/cCZwAz6QEX+xwCABj/FQIAHCgpACAoKQAoKK0AKv8gAgAu7xACAC/3LgIAMCitADD3LgIA
143=MvMfAgAz7BBpATC4EQICAEUAS+sBTABR6wFPAFDrAVAAT+kBVuMlAgBX4yUCAFjjJQIAWeMlAg
144=Ba8zUCAF0oZQJgKG0DYe9HAgBj5FVoAc8mAgBkKOkCF+stAwAdKCkAIigrACkAJLMUAwAs9A1k
145=w9xBaAHTYQMALijZAC7gJWjHwA8CAwAwADHxCUfnHgMATP8gAwBOKCsATwBO7wVQAEzpAVHwKm
146=DK22kDAFQoMQFV4yUDAFjjJQMAWSjrAlwAQPEJXii9Al/vJgMAYO8mAwBh6E4CAwBiADX5BmL4
147=PQEDAGMA13sDABbnVQQAGSgpACH8CmTZIjAhAwAAAAQAJ+tOBAAp7xAEACso2QAs908EACzzNQ
148=QASewbAgQASwBNuxEEAE73IwQAT+tvBABSKK0AVP8gBABX41wEAFjjRgQAWygNAl0ovQJeKDkC
149=X/8gBABf628EAGDrIgQAFPwVZeQmpxMFACjnKQUAKeQIcOXQo2gB03cFACznKQUATPcYBQBO4z
150=sFAE/8Ymjoy7wFAFHsG2joxLho6NugBQBW5D9o6MQ/aOjMUmnoNr8VBgAc+FMBBgAeANx4aOjc
151=FWgBJ1UAKyitAE7rLQYATvwrYOvMEGDr08QGAFT0T3Tp15wGACXzHwcATfwVaOjITmjo3G185t
152=sGBwBM6Dh85s8bCABR6Dh0AtSnBQkACAA6ACgAgwAKADvrAQwAPusBDQBA6wEPAELrAREAROsB
153=EgBF6wETAEfrARYARukBGiiBAB0oKQAiKAUBJCitACsoKQAtKDMBOwA28Qk8KDsCPAA3KFUAMe
154=sBPQBB6wE+AEjrAT8ASusBQABLKCkAQ+sBQQBN6wFCAE7rAUUAUOsBRgBS6wFIAFXrAQYAOKsB
155=AQAJKCkAC/AqAgEADQA94wQOAD/pARDwFAEBABIAzxABABPrIgEAGihVACP3LgEAJfgndPTXLg
156=EAMii1AT3jJQEAPii1AT4ogwBAACztEEHrIgEAQSiLAUIATOEERegiAgEARgBP9wJHAFHrAUkA
157=VOkBDewxAgIADgA8twICABD7SAIAEv82AgAT8x8CABooKQAeKCkAJCgpACnnEwIALfcjAgA/KF
158=8BPwA59Q1AKIkBQigHAUIALuEEQ+c/AgBH7DxoAd9BAgBI+D0CAgBKAFP5Bk3nHgIATvNAAgBR
159=6yICAA/vEAMAD+MwAwAR5z8DABL/FQMAE/syAwAZKCkAHigpACMoKQAl4BoiIDbXWgMAQP9MAw
160=BBKK0AQyivAEMALagXIvQ113ADAEn8FWkBSeEETShVABL/NgQAE+gXaQEzrAVwudOCBAAXKIEA
161=GfcNBAAdKFUAH+ceBAAkKCkAJ/8VBABB4EYiIDbLZAQARCiBAEXvXQQARvOCBABH8IIi0DbYdH
162=Te2Bx8FdOYBQAV/5kFAB7sGyJ4NtcNBQBFKFUARvBLeMzEa3jB0KMCBgAgADC8IAIGACIAMusB
163=IwA06QEk5D8inDXDkwYAJ+tDBgApKAUBRucTBgBGKNkASfNWBgBN+xEGAFDngQYAU/BhAgYAIQ
164=AvoA8BBwAjAMyfAQcAJADQNSLJNTXhBErrQwcAS/8rCABL8x8JAE3kNAQJADIAOwAtdMEiSzA2
165=AC5oAWHKO6gBBAoAPABUAFl3AgAAPcgBAwEAADwAVZUCAnQCqAEFAwAAOABTAFuvBTgADukBOd
166=QCAQEAADnVAgFtBVSBBAJpAQ/qATkAtQIDbAW0AgUDAAA3AA4AXL8KNwAPiAEFAQAAOgBTAF23
167=AjoADukBO9QCAQEAADvUAo0FVIEEAnkGD+oBOwC1AgNsBbUCA2EEVYEEBGkBEOoBOwC1AgVsBb
168=QCBQUAADUADgBerRA2yQEBdQIPlAICAgAANgCpAQN1AhCVAgR0AqgBBQUAADMAEQBg5QhY6QE0
169=1QIBcB+1AgFtBRKABJ0KWeoBNAC0AoAltQIDbwVcAGG+CjQAqAGFCF2UAgICAAA0AKgBBQMAAD
170=AAFQBirwUzAF7pATHVAgFsBbUCAW0FFoEEAmkMX+oBMQC1AgNsBbQCnwoXAGO/CjYAVuoBMQC0
171=AowbtAKdChiABI0bV+oBMQC0AowbtQIDeydVAGS+CjcAqAGHCBMAZbcCMwBa6gExALQClBi0Ag
172=EBAAAy1QICeDK1AgJtGxSYBpknW+oBMQC1AgRsG7UCBGQItAKQQLUCBWcIGQBmrhAxAKgBlA2o
173=AYkMGoAEAgMAADEAqAGQCagBn0EbAGmmCDQAqAGdNhyUApw2qAGLImEAa68FNwAc6gE4ALQCkG
174=y0AoktYoEEAmVKHeoBOAC0ApB3tAKLb2EAbL8KOQBiiAGPaGAAbbYCOwCoAZUCYZUCAnxiqAGN
175=aGKVAgR0AqgBgyVgAG6nCDUAG+oBNgC1AgFgO7QCjWhhgASFNBzqATYAtAKQQLQChWtigQQEdT
176=kd6gE2ALUCBXwKtQIFe4oXAG+vEDwAXuoBOgC1AgF8mbQCmZUYgQQCYZ5f6gE6ALUCA2wFtQID
177=YwQTAHG+Cj0AqAGdpBSUApykqAGPBREAcq8FPwBa6gE9ALQCAQEAAEDUAoUIEoAEAwIAAD8AW+
178=oBPQC1AgNsBbQCnzYZAHP9CljqAToAtAKcCrQCjRsagASdClnqAToAtAKcCrQCnwobAHS+CjoA
179=qAEFAQAAPgBWAHW1Aj/IAYgMtQICYQRXgQQDaBepAQR8FagBg6kVAHanCD4AXOoBPAC1AgF4Br
180=QCmDK1AgJkCLQCiU4WmQYDdQ1d6gE8ALUCBGQItQIEcDW1AgVkCLUCBXdwEQB5rxA0AFjqATIA
181=tAKAUbUCAW0FEoAElXBZ6gEyALQCgFG0AoOIDwB6vwo2AFPqATQAtAKAcrQClXsQgASNn1TqAT
182=QAtAKAfbQCl4YbAHu/CjMAYOoBMgC0ApSctAKdFRyABI21YeoBMgC0Aoy1tAKPPBwAfb8KOwAX
183=6wE8AGDqAToAoASMUqAEmDKgBIVKHYwFmTIY6wE8AGHqAToAoASEYKAEjGigBIs4XgB+rhA/AK
184=gBnUxflAKEVagBhwgPAH+vBT4AVOoBPQC0AoxHtAKdFRCABI1SVeoBPQC0AphTtAIFAwAACQBB
185=AIO/CgoAQukBCygrABMAS/cCHABVKCkAVCgpAEnpAR0oggAdACeBAB4oVQAeKFcAIQBM+QYhKI
186=sBIQBK9wIiAFsoKQBRKCgAJ9kAIijZACMorwAjAFLuBSMAJ9sAJABc9QIkKIEAJCqBAFDjBCUA
187=XSgoACfZACUorQAmKIEAJihfAS0AT/kGLiiZAy8o8wMvAFPjBDEAaOsBQQAcKCkAG+sBQgAa6w
188=FIACTrAUoAICgpAB8oKQAS6wFLACEoKAAngwBLAB70AiJsUdk9UCgxAVEo2QBRKFUAUigrAFgA
189=JuQIAgoAQQCFo0YUAEvrARsAU+kBHCgpAB0oKwAfAFThBCAoKwAiAFr3AiIAUOkBIygrACQAW/
190=UCJSooACevACYASeMEJwBN6wEtAF4oKQBO6QEuKFUALygrADEAZ+MENwAl6wFCABnrAUUAHusB
191=RwAj6QFIKCkASSitAEoorQBKKFcAUAAf+QZRKCsAUwAg9QJZKOABAgsAQwCGvysiAEooKQBJ6w
192=ElAFMoKQBS6wEnAF3rAS0AW+sBLgBO6wEvAFYoKQBU6wEwAF7rATIAaOsBQgAb6wFFAB8oKQAU
193=6wFLACDoASKQOt0VVChXAFkAJuAEAgsAQQCHoxoTAErrAR0ASOsBHgBT6wEhAFTpASIogwAjAF
194=r3AiMAS+sBJQBM6wEmAFsoKQBQ6wEnAFwoKQBJ6wEoAE3pAS0oXQEwKCsAMgBn4wQ4ACXrAUMA
195=GesBRABS6wFFABPrAUkAIygpAB3rAUoAEesBSwAS6wFMAB7rAU8AJusBUgAf6wFWACnpAV0oKA
196=ACCgBDAIinKR0AVigpAEnrAR8AVekBICopAEz3AiIAUugBCiMAXACIAAAAAAAAIwARAAACDwAg
197=C0wAiAAAAAAAACQAUwCIYAECAAAlAF4oKQBK6QEmKFYAJgAnVwAtAF/jBC0AXOkBLihXAC4AVy
198=hVAE/pAS8ogwAxAGn3AjcAJusBQgAc6wFDABrrAUQAFesBRwAk6QFJKigAJ68ASgAh4wRKABPr
199=AU4AGOkBUCiBAFIoKQBTKCsAWAAn7wVcACroAQIbAEkAiaMlJABM6wEmAE3rAS0AVOsBLgBc6w
200=EwAFPrAT0AResBQwBS6wFVACnoAQIUAEwAiqsMHgBW6wEhAFXrASIATesBJgBR6wEnAF4oKQBK
201=6wEoAE7rAS8AXCgpAFfrATAAXygpAFvrATIAaesBOABGKCkAJusBRQAgKCkAFesBSgAa6wFLAB
202=PrAUwAH+sBTwAn6wFRACPrAVQAIekBWSiDAFoAJfcCXQAq6AECDABEAIu3IwwAQusBFQBL6wEd
203=AE3rAR4ASekBKygrAC8AT/cCMABVKCkAH+sBMQBhKCkAUygpACbrATIAVusBMwBI6wE+AEXrAU
204=IAJOsBQwAc6wFEABrrAUYAHukBSiivAEsAGfcCTAApKCkAIesBTwAY6QFbKNgAAgkAQgCMqyIb
205=AFTrASAAS+sBIQBRKCkATSgpAEnrASIAXOsBJABd6wEsAF4oKAAngwAsAFsoVAAntwEsAE73Ai
206=4AVigpAFXpAS8o2wAwAGj3AjAAZ+sBQQAa6wFEACAoKQAfKCkAFOkBSSiCAEkAJ4MASQAeKIEA
207=EukBTyisAAISAEoAjaMlHABI6QEgKFcAIQBa9wIhAFAoKAAnrwAlAEn1AiworwAuAFP1Ai8oVQ
208=AyKIsBNgAl4wQ8AEXrAUAAG+sBQQAZ6wFEAB4oKQAT6wFGACPpAUgorwBJABH3Ak0AJ+sBTgAm
209=6wFPAB/pAVcoVQBYKDsCWgAk4wRcACnoAQIqAFkAjqMlLABdKCkAU+sBMAAl6wE5ADXqAUQAJ4
210=EASCiDAFEAIuAEAgkAQACPvwokAE/rASoAWOsBLABSKCkATeoBLgAnKwAvAGT1Ai8orwAwAGb3
211=AjAAXSgpACTrATgARSgpADgoKQAu6wE5ADTrAToAP+sBQgBR6wFLAB3rAU4AF+sBVAAf6AECCQ
212=BDAJCvGwsAROsBEgBL6wETAEzrARsAVesBHABW6wEhAFsoKQBS6wEjAFPrASQAXusBJQBN6wEn
213=AE7rASwAXygpAE/rATAAaSgpACbqATYAJysAQAAc9gJCACfjAUYAJPcCSAAa6wFJACEoKQAT6w
214=FNACjpAU8ogwBXACf0AgIIAEEAkbcjGgBTKCkASesBHABN6wEfAEzrASQASuoBKgAnrwAtAFf3
215=Ai8AH+sBMABh6wExAFbrATcARusBQQAk6wFDABXrAUgAHesBSwAp6wFNABjrAVAAI+kBVCiDAF
216=sAKvQCAhwASgCSrxshAE7rASIAXesBJQBU6wEqAFrrASwAVesBLQBQ6wEvAGXrATIASesBOAA5
217=KCkAL+sBOQA26wE6AEDrATwARusBQQAd6QFEKA8CRAAh9wJIACbrAUsAIusBTgAp6wFWACroAQ
218=IXAE0Ak7scIgBY6wEqAEzrASwASOkBMCiDADYAPfcCNgAr6QE5KDMBOgAg9wI8ACzrAT0AJekB
219=QCiDAFMAJ/cCWwAm6AECOwALALGlEzzIAQMBAAA7AAyUAgECAAA8yAEFAwAAQAALALmtBUHJAQ
220=F1AgyUAgICAABBAKgBBQMAAC0AYQDArQUuyAEBAQAAL8kBAmEEYoAEAgMAAC4AqQEEYASoAQ4F
221=AABDAAgA0wAAAAIAAEIACYgBlAKoAQEGAABE1QIHYQ8KgQQIbAWpAQlkCKkBCnUCC4AEBQ0AAD
222=0ACwDnpRM+yAEBAQAAP8kBAmEEDIAEAgMAAD4AqQEEYASoAQ4FAAA0AGQA9QAAAAEAADMAZYkB
223=BHQCqAEBBQAANdUCBnUCZoEECXQCqAECCgAANgCpAQt1AmeBBA50AqgBBQ8AADcAZwD4qww5AG
224=nrATYAaIgBAwMAADgAaukBN9QCAQQAADnVAgRgBKwFAQUAADrVAgV8CrEJB20Fa4UIB2wFtAIG
225=CAAAMABiAAEBjRsxyQECeTJjlQIFYASoAQIGAAAxAKgBAQcAADLJAQhoIrUCCW0FZJkGC2wFqQ
226=EMbAWpAQ1sBakBDmhOAQcABQGeMjwAqAGBUQiUAoBRqQEDbQUJlQIEeFOpAQV1AgqVAgZ0AqkB
227=B39MYwAGvwo7AAPqAS4AtQIBbAW1AgFtBWSBBAJxCQTqAS4AtQIDbAW0AoFcZYEEBG0FBeoBLg
228=C1AgVsBbUCBX0KZoEEBm0FBuoBLgC1AgdsBbQCnxVnAAe+FS4AqAGFE2iVAgJ0ZagBgWdplAKX
229=DQEACb82OwACiAGMJqkBA3cuFQA6vwozABnrATUAXigoACeDADUAEfcCNwAa6wE4AF8oKQBV6w
230=E5AFooKAAnBQE6KAcBPABc4wQ9AFjqATMArQUBaGS5EQFkYLgRiAEngQA20QkBZFW5EQF8V60Q
231=AWBcrBCIASfZADso2QA9zRABaHqtEAFpIhaZEQJgUb0KAmByuByIASeDADUAEu8FNwAb6wE4AG
232=AoKQBW6wE5AFsoKAAnBQE6KAcBPABd4wQ9AFnqATMArQUDaCK5EQNoIrgRiAEngQA20AmEgbkR
233=A2giuBGIAbkRA3QjuBGIAScFATsoBQE92BGAnrgRg0YXADvhRhPrATUAXCgpABnrATgAWCgpAB
234=DrAToAXusBPABW6wE9AFrqATMAqAyQQKgMhD+oDIgBqAyYPagMiAGoDJyDqQwBeLaoDIw8qAyN
235=PBiUDY08FOsBNQBdKCkAGusBOABZKCkAEesBOgBf6wE8AFfrAT0AW+oBMwCoDJw2qAyQNagMiA
236=GoDJgyqAyIAagMnJmpDAN0GKgMjDGoDJ8KFwA8rzE1ABPrATYAWusBNwBdKCkAGOsBOgBWKCgA
237=J9oANQCwCZwrtQIBZMOwCZBssAmIAbAJiC2wCYgBJ9oANACgBJVlFJUNAnFWW+sBNwBeKCkAGe
238=sBOgBXKCgAJ9kANdAJjCa1AgNkE7AJjF2wCYgBsAmYJ7AJiAEp2wAWAD2vJjgAEusBOgBc6wE7
239=AFjqATgArAWQS6wFmBysBZDErAWBJReZBgJ1kRPrATsAWeoBOACgBIw8oASFE12ABJTIrAWPGx
240=QAPrMUOwBa6gE4ALQCgA+0AoEPFYAEldNb6gE4ALQCnAq0AoNGFgBCvwo2ABjrATcAXygpABIo
241=KQAQ6wE4AFfrATkAXCgpABTrAToAWegBAjQAFQBD6QwX6wE3AGAoKQATKCkAEesBOABcKCkAWu
242=sBOQBfKCkAV+gBAjcAXABEqww4AFvrATkAXigpAF3rAToAWCgrAF0ARbgGAhoATwCiqwEzAFAo
243=KQAi6QE0KFcAOQBI9wI+ACHrAUAAGOsBPQAwqAECAQA+AC/rATIAMqgBAgMALgA2qAECBABeAD
244=moAQIFAEcAQ6gBBAYADwBFAKS7ER4AR+kBHygrAC0AUfUCLigrAD0AT/cCPQAh6wFRABzrAR4A
245=RKsBAQA/8AkCAQAVAEG3AgMAFigrACYAQvUCSugMAgMAWwAu9QJcKCsAGwA+tAICBAAuADXrAV
246=QAM6kBBXSO6QEa9AICBgAcADq3AgYAHSgpAEfgDwIGACoAL6AEBAcACQA+AKWrIiUAV+sBNABR
247=6wE5ACrrAUAAGSgpABfrAT8ALqgBAgEAZQA4qAECAgBLAFKoAQIDACoAPagBAgUAKwA76wEhAD
248=SoAQIGAEgAQ+gBAhAARQCmuxEbAE7rASkAU+sBMQBUKCkATOsBMgAk6wE0AE8oKQAh6wE1ACrq
249=ATYAJ9sAOQBA9wI5ACnrATsAOOsBPwBE6wFGAA/rAUsAJusBTgAV6wEUAEarAQEALuAEfUEt9Q
250=JE4BoCAQAzADm0AgICAEgALOsBZgA16wEnAEKrAQMAMPMUAwBF9BgCAwBLAFHjBF0ALusBHAA+
251=qwEEACv7BgQAL/wKAgQARgBI4wRUAEfrAUQAPasBBQBI9BgCBQBVADb3AloAMusBXgA36QEa6A
252=ECBgAhADu0AmkBM+kBIuAPbDzAGgIGACsAL6MEBwBG/yAHACL0GAIIACQAMKMECABK5xMJAFDs
253=GwQJABAARgCnt0QxAE3rATMAUesBPABQ6wFEACTrAVgAKusBSAAtqAECAgBlADnrAWYANusBFQ
254=BCqAECAwAmAEPrAUoAUusBWwAv6QFcKCsAGwA/tAJ0LtAJAgQARQBJ9wIbADuoAXh0JysAIAA8
255=9QIhKCsARQA6tAIEBwAKAD8AqKceFwBI6QEYKCsAHABH9QIdKCkAJyiDAC8ASeMEQQAY6wFKAB
256=vrAVIAKesBWQAq6wFiACzpAS/8CmmbRLQCAgIAMgA56QFE+AYCAwBNAE63AgQAJPQCZUoztAIC
257=BQBZADLrASIAPKgBAgYAIAAuqwEIACEoKwAjADD3AiUAMegBAhkASACpqyIbAE/pAR8oVwAgAE
258=f3AikAVOsBLQBW6wEuAFLrATQAIusBNgBN6wE5AEnrATsAOSgpADPrAT0AUOkBPigHAUAAGvcC
259=RgAQ6wFLABvrAU4AFusBUQAd6wFVACTrATIARqgBaYVE6wE+ADDrAT8AL+kBRPAfAgEAFgBCtA
260=ICAwAnAEPpAS8oVwAwAEH2AjIA1xgDAFLnHgMAXf8KAwBlKIMAHAA/uAZ90DfpAUb3IwQAVPQu
261=AgQAKgA+oAR1vTzpAUQoVQBR+AYCBQBUADTiBFUA3QoFIsAq9wIaADioAWXZO+sBIgA26wEnAD
262=3qAUgAwyUGAE3oDHCNzCZxjTqvBQcASvgReIrMGwQJAAsAPwCqp0oRAEbrARkASusBJABI6wEm
263=AFbpASgoVwAqAEf3Ai0AS+sBLgAb6wEvAFHrATAASesBMgBNKCkAJ+sBNQBQ6wE4ADooKQAi6Q
264=E6KOMBPABC9QI9KF8BPgBP9wI/AEwoKQAh6QFBKIMAQQAlKFUAFusBQgAY6QFEKOsCRQAk9wJJ
265=ABXrAU8AKukBUCiDAFIAHPcCUwAp6wFYACDpAVoo2gBcACfzA2MALOAEAAMfAEQAqgEAAAABAD
266=AARwCqAQAAAAERAACwDgAgDQBAAEcAqgEAAAABAFUALADLARIAQqgBAgIAFgBE6QEwKCsASQAt
267=9wJmADnrAWcANusBFwBBqAECAwAtACrrATMAMigpAC/rAVcAR+sBWwBD6QEs5AgCBAAvAD63Ag
268=QAMOgMAgQATgBO9QIl6AwCBQAmACe0AgIFACwAOusBLgAz6wFOAEvpAVYoVQBYKK8AWQA84QRb
269=KFUAWyivAF0ANeEEX/MfBQAb4wQGAB74BmgBxx4GACP8CgIGACUAOKcIBgAmKK8ATgBI9QJW8x
270=8GACf/CgcAR+APAgcAJgAxrAUCCABNAECoAQIJAE0AN+gBAigAVACrYDsCAAAtAFLrATAATesB
271=OABJ6wE6ADkoKQA46wE/ABkoKQAY6wFFABDrAVAAHesBPgAuqAECAQA+AC3rAWUANqgBAgIALw
272=BBqAECAwAxADPpASv0AgIEAC0AN7QCaAHYBgIEAEUASPUCUygrACoAPLcCBQBT8AkCBQAhADW0
273=AgIGACoAMKgBBAcAGABKAKy/IBoATusBJQBW6wEoAFPrASwAS+sBMABM6wEyAFDrATMATygpAC
274=HpATUorwA3ADr3AjcAIusBOABIKCkAKekBPCgzAT8AF/cCQAAW6wFFAA/rAUgAFesBSQAb6QFN
275=KFcAUAAc9wJXACDrAVsAJ+sBMgBEqAECAQA9AC/pAUPrIgEAL+AEAgIARwAsoAQCAgBkADjrAW
276=UANesBFABBqAECAwAlAELrAS8AQOsBMQAy6QEy9A0CAwBJAFH3AlYAR+sBWgBDKCkALusBGgA+
277=qAF8QcMPBABT+AYCBAApAD2gBAIFACoAO+kBK+MwBQBDKIEATeA7AgUAVAA27QVaKK8AGQA3tw
278=IGABv3AgYAHfcYBgAg6AxpATPtBUbzHwYATe88BgBV9CMCBgBFADmvBQcASfsRCQBP7BsECQAO
279=AEQArbtTLwAj6wE2AEHrAToAPesBOwAt6wE8AEgoKQAq6wFFAFTrATIARagBAgEAMwBD6wE2AD
280=coKQAw6wE+ACwoKQAr6QE/6AxgRs8QAgBl5AgCAgAyADGsBQEDADIA0AkCAwBlADL3AkQALqgB
281=AgQAYQA4KCgAzxAEAFHoDAIFAFoAP6AEaQE+6wFeADsoKQA6KCgA0AkCBQAaADS0Amx+3AoCBg
282=AiAC+0AgQIAAkAPQCuvysOAEPrARkAR+sBIABG6QEjKFcAKwBS9wIrAB3rAS0AVSgpABrrAS4A
283=IOsBLwAi6wEwAFbpATUo4wE2AED3AjcAM+sBOAA/KCkANigpADDpATkoZwI6ADz3AjoAN+sBOw
284=BBKCkAMigpACzpATwoBwE8ACn3Aj4ASygpACYoKAAnQwNAAE73AkQAIygpABfrAUUAU+sBSQAo
285=6gFLACd1BE0odQRVKAUBWCgPAmEAK/sGMwBCqwEBADTgJQEBADYAyCJpAS/jBD4AKukBVOcIAQ
286=AP5ykCABHoImRV3ysCADTvJgIAPecpAgBB6BcCAgBEACe8Cm3WOagBAgMAUgBM6wFlADHpAULo
287=OAIEAEQALbQCbNbQS3heyxcEACfoDAIFAC4ALq8FBQBR+DJk2dw2ZGDQVgIFABgAOqwFIvwg2B
288=EiTCDTQAYAKewQZGDUDQIGAFgAPvkGUusiCABT82EIAEz0AgQJAAkAPwCv6WRF6wEPAEbrAR4A
289=SOkBIygrAC0AG/cCMgBR6wE1AE3rATgAQCgpACrrATsAQusBPABJ6wE9ACLrAT4ATOsBPwAa6w
290=FAAE/rAU0AFusBYQAs6QFD4wQBAFT3AgEAEfQNcdotrAUCAgBkADnpARTgBGXZQ7QCYdVS6wFa
291=AC/pARrgJXHPPrQCeMwnKwBTADT3AlQAN+sBWgAz6wEZADioAXTIzAUCBgAhADb2AkYAzBACBg
292=BHAET3AiIAMKgBAggAJAAx6gFJAMMPCQBM6C1sy9Q5BAkACAA+ALCjOxYASOsBGQBP6wEbAEfr
293=ASQAV+kBJiitACkogwAsAFbjBCwAUesBLgBJ6wEwAFTrATEAJygpACTrATIAIusBNAAq6wE6AD
294=PrATsAUOsBPAAh6wE+AETrAUAAJekBQygOAkMAJ4sBSgAm4QROKIkBTyiDAFEAKeEEVChVAFco
295=rwATAEajBAEAHeMPAQAt/woBAC7rIgEAMSivADwAMPkGPiiBABTkCAICADEAOaMEAgAs9A0CAw
296=AuAEK3AgMAQyhXAFEATfUCZPQjAgMAKgBAtwIEAC7gO3yOwDACBABMAE7hBCPzCQUAJe8xBQAt
297=8wkFAEfrFwUAUOg4AgUAVwA6pAgCBQBYADwoKQAy6QFcKFcAXAA19QJd7BsCBQBdADf1Ahn0DQ
298=IGABoAO7cCBgAf5AgCBgAkADj1AiXgDyI9ND31AkzkE3QC1EQCBwApAC+jBAcARPsGBwBG+BEC
299=BwAfAC6gBHSc2BEECQAYAEsAsbNhGgBQ6wElAFjrASgAVesBKwBTKCkAHusBLABM6QEtKIMALg
300=Ah9wIvACTrATAAVygpAE7pATEoiwEyACX3AjMAI+sBNABS6wE1AEQoKQAr6wE2AELrATcAOygp
301=ADQoKAAnMwE4AEr3AjgANygpADHrATkAQSgoACeLAToAPvcCOgA66wE7AC7qATwAJ68APgAn9w
302=I/AEXrAUQAGOkBRSjHA0UAEfcCSAAW6wFJACkoKQAc6QFLKF0BTSh+BVAAJy0GVyhXAFsAKPsG
303=FABHqwEBAB74EWR20BQiVCHEHiIpITjuBTYAyCIipCsnKwA/AEnjBA8AQKgBIkwg2BwiVCEnVQ
304=Az4CUigCHcCiKAIcQpIoAh2BwigCHcFXAJ3CsiUDzLOAMARf8rAwBL/EwCAwBWAEivEAMAWutD
305=AwAr/EEilDTADwEEAEIA0Al9gy+4BiLsNMAaIl0iOfUCJ+AwIlwizwUFAEjnKQUATfheIlwixB
306=5oAdRPbX49sAkitCLUAm1+NbQCIhk1M+kBI+AlIuAi0BQi4CLIFyLsNMBcIg0jP/kGKuc0BwBS
307=7DEiOCPcKwQIAB8ATgCyt3shAEXrASoAHOsBLwBY6wEzACjrATQARusBNQA+KCkAI+sBNgA86w
308=E3AC3rATkAROsBOgAx6wE7AEzrATwAJekBPSi3AUAAHfcCQwAb6QFGKCsARwAm9wJJACLrAV4A
309=KukBF/8VAQAY+xwBABn7EQEAGyhXACIAQ7gGAgEANQA6KCkANeoBOwAnKwA9AED3AkwAK+sBGQ
310=BCqwECABvzCQIAHShVACb3DQIAK+gXfdsk+QYz6AxwYdQNAgIAPwBB4QRA9A0CAgBSACz3AmcA
311=MusBEQA/qwEDABv7BgMAHygrADEALuMEMgA36wE/AD3rAUAAM+sBQgAw6QFRKNkAXSgxAWEo2w
312=BiADvvBWMANukBJuAlIkAvwyUEACjwHyJgKM9HBAAq/zYEACzwSyIAU88QBABBKFUAQ/AfAgQA
313=TwBNtA18CtMfBQBB7xAFAFb4PXX0NKwFAQUAYAAnKwAXADi3AgYAHOAwIiRSwARw8NBWIlAxzy
314=YGAC3rWQYAQygFAUXwKgIGAE8AR/0KT+8QBgBQ80AGAFIoVQBI+xEHAFHgRiLUUtNACABO5xMI
315=AE/gMCIsU8dVCgBO628KAEv8VwQLAC8AGgDto30vABkoKQAXKCkAFigpABUoKQAS6wEwABsoKA
316=ApVQAR9wIyAGAoKQBdKCkAXCgpAFkoKQBYKCkAHSgpABDqATMAJ64AMwAnrwAzAFfjBDQAYigo
317=ACcHATQADvUCNSivADUAVChVAFMoKQAN6wE2AGMoKQBSKCkAHigoACetADcorgA3ACeuADcAJ6
318=0AOCiBADgqVAAnBQE5KNoAOQAnVQA6KNkAOiiBADsoVgA7ACebAzsAHOUTOyhZBjsojQc7KI0H
319=PCiiBDwAJ/EDPCitADwqrAAn+QQ9KFYAPQAnlQg9KH8FPgBh7RA+KOUHPiiKAT4AJxsJPgAUKK
320=0AEygoACftCD8oBQE/KAUBQChXAEAAXvsGQABV6gFBACeeCUEAJ58JQQBbKIAAJ+8IQQBW9wJX
321=ADaoAWWBOCgpADcoKAAngwBZADn2AlkAJ64AWQAnrQBZKDEBWiiBAFoogQAd6AFk+twKeIrQCW
322=gB0AloASeBAB/wCXyOJ4EAIChVACAoXQEhKFQAAi8AEQDvo30xABDrATIAV+sBMwAO6QE0KFcA
323=NgBR9wI3AA3rATgAUukBOihVADsoVQA7KFUAPCgrAD0AU/kGPii3AUIAW/cCWAA1qwEFAFkoKw
324=BbADf3Ah8ANqgBBAYANgAMAPCjGjwAYygpABwoKQAb6wE9ABjrAT4AFigpABIoKQAQKCkAD+sB
325=PwBSKCkAFOsBQABfKCkAVOsBQQBaKCkAWSgpAFfrAUIAXOsBWgA2qAECBQBbADjrASEAOagBbx
326=sLAPGvGzcAUesBOQAM6QE6KFcAPABS9wI9AA3rAT8AE+sBQABT6wFBAFXrAVoANagBAgUAXAA9
327=KCkAMusBXwA06QEe7AUimUU2tAICBgAhADfrASYAO+gBAjEAHQDyqxczAGIoKAAnVwA1AGP3Aj
328=UAHusBNwBkKCkAH+kBOSitADkorQA6KCkAOyjZAD0otwE/AGHnCFgAOagBIogtJysAHQA4tAJs
329=aNQCbBsnKAACOABkAPS3GDgAH+sBOwAe6QE8KIMAPAAd9wI9ABrrAT4AYigpABfrAT8AFesBQA
330=Bh6wFBAF7rAUIAXesBWwA5qAFlND7rASYAPKgBBAYAPgAZAPWzFD8AESgpAA7rAUEAYOsBQgBY
331=KCkAVusBQwBb6wFUADWoAXUNN+sBGgA5qAFhJTPrASIAOOgBAi4AFgD2rxAvABgoKQAUKCkAE+
332=sBMAAc6wExAFjrATIAYSgpAF8oKQBeKCkAWygpAFooKQAP6wE1AFYoKQBVKCkAUigpAAzrAVcA
333=OKgBInVGNygpADXqARwA1AIEBgAuABkA968bLgAVKCkAEegBDzAAEAD3AQAAAAAAMQBcAPcBAB
334=EAANQOACAHAAAAADEAVwD3AWQBAQAyAA7rATQAUygpAA3rATUAUSgpAAvrATgADOkBOSiDAD4A
335=UvcCUwA1qAECBQBbAD3rARwANqsBBgAd4AQCBgAlADv0AgIzAFYA+acTPwBR6wFXADSoAQQFAC
336=4AGgD6owQuABcoKQAS6wEvABvrATAAHesBMQBdKCkAWesBMgBi6wE0AGMoKQBUKCkAHusBNgBk
337=KCkAH+kBOihXAFcAObQCZR4+6wEcADirAQYAHuAEZR489AICMQBgAPujGlYANqgBZQgy6wFeAD
338=TrARkAOagBcQkz6AECMgAeAPynCFMANqgBAgUAWQA66wFcADPrAV8ANekBIeAEBAYAGgA2AP1k
339=CAQGAAoAPQD+aAECAAAKADzrAQwAP+sBDQBB6wEPAEPrASIARekBOyivADsAPihUACddATsoXw
340=E7ADvjBDwAOSgpADgoKQAy6wE9AELrAT8AJ+sBQABMKCgAJw8CQABE9wJFAFHrAUYAVCgpAFPp
341=ASP0GAIBACUAH7QCAgEAPgBA6wFAAC8oKQAuKCkALesBQQBH6wFFAE7rAR4AJKgBAgIAPgA16w
342=FBACvrAUIASekBD/wgAgMADwA6tAICAwARADHpARf7BgMAQOQ0AgMAQwAw4wRIAE3rAUkASuoB
343=EADHKQQAEewQAgQAIgAmoARpASUoKADcFQIEAEMANPcCQwAz6gEbANAfAgUAHwAqtwIFAEXsPG
344=gBzDwCBQAVADejBAYAIPcYBgAi8wkGACP7EQYAJvMUBgAn8x8GAEYoBQFJ5zQGAEnzQAYAR+8F
345=BwBH70cHAEv0Iw0JAA4AQAD/AQAAAAEAEABC6wE8AD4oKQA9KCkAPOsBPgBB6wFAACjrAUMAJ+
346=sBDAA7qAECAgAMADrrASQAQygoANQNAgIAJgAg9wJBADDrAUIAR+sBRgBN6wFIAFIoKQBR6wFR
347=AFDrAVkALusBDgA4qAECAwAfACXpASr4HHRE2BwCAwBCACzjBEMASSgpAC8oKADcCgIDABIAMr
348=cCBAAW/xUEABjkCAIEAEAANuMERAAx6QFJ9xgEABLgBAIFABQANKMEBQAj8xQFAELoF2BGzCZo
349=Ac8mBQBL8BQCBQASADmkCAEGABwA3xUGACnjDwYAQ+AwAgYARQA17QUe4yUHACH3GAcAI+8bBw
350=BI8EABCABIANNACABL40YIAEr8CgUKABIARgAAApPlOgA16wE7ADDrATwALusBPQBHKCkALCgp
351=ACsoKQAq6wE+AEnrAUIAT+sBCQA5qwEBADz0DQEBAD8AxwgBAED4BmkBKe0FDPgGAgIAEAA/tA
352=ICAgATAELrAT4APesBTgBT6QEO6AwCAwBBADO3AgMARPQYAgMAFgAvtAICBABCAD7rARUANqgB
353=d3seAAG2IyEAJykAIigpACMoKwAmABztBScoKQAoKCsAKwAf4QQsKCsAMQAo9wI1ACzrAUAAJu
354=kBQSgrAEMAJfUCRCgpAEUoKwBHACfjBEkAKusBTgAr6QFPKCkAUSiBAFIoKQBTKCkAWCitAFko
355=KQBaKCkAWygpAFwoKQBdKCkAXigpAF8oKwBhAC35EWIoKQBjKCkAZCgpAGUoKQBmKCsAJAAgpw
356=gBAC77JwEAVOMEAQAd6CICAgBHAC6vBQIASCgrABIAMLcCAwAY5x4DABkoKwAnACLhBCzrFwMA
357=LSgrAEAANOMESgAv6QFRKCkAWiiJAVsoKQBcKCkAXSgpABzjDwQAIOs4BAAhKCkAJ+hDAgQAUg
358=Axtw0EABr0DQEFAB4AzDx0kScpACQoVQAl4yUFACngJWGTM7AJAgUAVAA46QEg9w0GACEoKQAn
359=9A0BBgBPANsGBgBM+AYECQAfAB8AAndlAQAgKCsAJwAd9wI9ADvrAUEAJ+sBRAAm6wFIACvpAV
360=IoKwBgAC73Ai0AKasBAgAz9wICAEMoVQBFKCsASgAt7wVQAFHpAVEoVQBaKCkAWygpAFwoKQBd
361=KCsAHAAopAgCAwApACLrAS4APekBLygrAFIAL/cCVQAw6QFWKCkAYygrABMAMaAEfNDbHAQAGf
362=AfAgQAJwAj4QQpKFcAQQA19QJF8wkEAEYoKQBTKF0BWCgpAFkoKQBaKCkAWygpAFwoKwBeADPp
363=DF8oKQBgKCkAE+wQAgUAJAAkrwUFACUoKQAn+CcCBQBDADfhBEjrDAUATygpABvoF2Dg3yAGAC
364=rvPAYAKygrAEYANLMJBgAf6wwHACAoKQAhKCkAIigpACT7MgcAJvcNBwBO8AkCBwBMADa/CggA
365=TSgrAEsAObQCBAoAPgBGAANjXAAAPygrAEwAKvUCVCgrAB4AH7cCAQAn6AECAgBEACm0AnFWK6
366=gBAgMAFwAuqAECBABVADLpAVYoKwAVADO0AgIFAFgAPesBEwA4qwEGABQoKQBFKCkASPgGIhkq
367=NKwFBAcAKgAeAAS3GC0AISgpACDrAS4AJCgpACPrATMAKusBNAA+6wE2ADQoKQAzKCkALesBRg
368=Am6wFIACkoKQAo6wFOAFUoKQBU6wFgACzrAWYAPSgpADzrAWgAOigpADkoKQAv6wFpADcoKQA2
369=KCkANSgoACe/AmkAMihVADHrATIAQqgBAQEANQDUAmkBMChUANcNAQBn/yABACrnHgIAK+QpAg
370=IALgBEuAYCAgAxAD/qATIA2BEBAgBGAMwmaAHTHwIAY/gcaAHYHGkBOOUIZCgHAS4AQLcCAwAu
371=+AZoAdsGAwAw8BRoAdAfaAHQH2kBLucIWQBD6wFcAEHpAWDsMQIDACYAK7QCbJTMPAEEACwAxB
372=NoAcAwaAHAMGgBxB4BBAAvAMQpAgQASwBO8Qki/Ex5iie0Am3WO+oBLQDULgEFAC0A3BUCBQBM
373=AEviBFIA1w0FAFL0I2gBxFVoAdAfAQUAVQDUIwEFAFcA00sFABb3GAYAF+cpBgAo+CdslNgcaA
374=HYHGgBww8GAE77PQYAVPhIaAHEKSKQRM8QBwBP/xUHAFL/KwgATvNsCQBN5BMECgAVAEcABbN3
375=VgAs6wEtACSoAQIBADMAP+sBRQAn6wFnADnrAWgANigpADLrARsAJqgBAgIAGwAl6wEoAEMoKQ
376=Ag6wEwADrrATEAQeoBNADQCQICADQAL/cCRgArKCkAKusBTABS6wFWAEsoKQBK6wFdAEQoKAAn
377=DwJeAC73AmEAQCgoAMQefWI99wJmADMoKQAx6QEp+BwCAwAqACO0AnlePukBMfcjAwBF9A1pAS
378=3hBGLkKQIDAGIAOChVADfqARYA0AkCBAAoACi0AmgBxDRlYDz1Ai3kKXBh3BVoAdgnaAHHHgQA
379=Sec/BABb8B8BBABdANQuAQQAXwAnXwFhADTpDCb3OQUAK/wVaAHcFWgB3EEi+VExuAZwYcA7Ag
380=UALAAwtwIGACzjOwYAUeAlAQYAVgDULiLgQ9wVAgcAJwA1uAZoAd8KBwBT6Bdk78wQbF3ESgQJ
381=AC8AJgAGo1wzAEbrATQARCgpAEPrATUAQSgpAEDrATYAOusBNwA4KCkANygpADYoKQAxKCkAMC
382=gpAC/rAWkANOkBLOcTAQAx+BF8bcMPAQA04A9pATW4BnzFzBBoAcwQAgEAUwAs4wQbACSoAWlv
383=IygpACLrATAAOeoBMQDUDSL8K9AJAgIATABT4gRkAMwbAgIAZgAy9wIrACqoAQEDADEA2BwCAw
384=BQAE33AlUASCgpAEfpAVn4HAIDAGEAO/UCYugMAQMAZADYJwIDACsAPqAEAgQATwBL6wFSAEko
385=KADIDAEEAFIAywwEAFfoDHxXywwEAGDkHmgBwBptaD2zCQUAKvsyBQBQ8AkiVVg/4QRZ+BEBBQ
386=AZAMwxZbgzoARosdwVAQcAVADcCgEHAFEAxwgIAEz0OQQKAAYAOgAHrVIHKCsACQA79wILAD7r
387=AQ4AQusBEABE6QEhKCsAIwBG9wIlAEfpASYoKQAnKCkAKSitACooKQAsKIMAPgBD5Qg/KCsARw
388=BV9wJJAFbpAUooKQBLKCkATCgpAE0oKQBnKG8DCAA4pwgBAB7rDAEAHygpACLkHiI0PswbAgEA
389=QwBN+QZEKCkAD+AlAgIAGQBBowQCAB0oKQAx9A0CAgAUAECjBAMAFSgpABYoKwAYAD/hBB8oVQ
390=An8AkCAwBIAEnjBEoAUOkBSygrAFIAS/UCVv8rAwBXKCkAWu8bAwBbKCkAXSi3ARoAPacIBAAb
391=KCkAHCgpACbzFAQATP8gBABT6AwCBAAkACmkCCLsNCcrACsAM/cCQwA86QFEKCsAGgAytAIiET
392=Qw6QEhKFcAJQA39QJH6yIGAEgoKQBP6Dhwuc8xBwBK6wwJAEzzNQkAT+MaCQBQKCgAAgoAOgAI
393=fGICAQAPAEHrAREAQ+sBFQBF6QEWKCsAJgBG9wIzADvrAT8AQukBZihfAWcAN/UCBusBAgAHKC
394=kACCgpAAkoKQAMKCsADQA8pwgCAB/oDAICACUARPUCJygrAEQATPcCSQBT6wFLAFTpAVv3GAIA
395=XCgpAF4oXQFfKCsAYgA++wYaAECrAQMAHCgpACvgJSIEItgcIq0hSu4FRgAnKwAVAD+0AiKcQN
396=8KBAAgKFUAKPwKIoBjJ68ASABI+QZR8wkEAFbrFwQAWv82BABcKDEBGe8mBQAaKCkAGygpABwo
397=KQAdKCsAHwA9tw0FACEoKQAiKCkAIygpACQoKQAm4yUFACcoKQBS8BQizDvbJwUAE+hDIsw710
398=8GABUoVwAqADKvEAYARPBLIvhc3Ex1ZS+gBCLIQCcrACIAMfcCJgA26QFP9DkiZC7DXAcASeAl
399=IiRdyC0iyEDDBAgAUOwxItRdwA8ECgADADoACXdlAAAEKCkABSgrABQASOMEFwBH6wEbAEbpAR
400=4oKQAuKK0ALygpADAoKQAyKAcBQwBQ5QhEKCsABQA4tAICAQAUAEXrARkAQ+sBGwBE6QEdKFUA
401=L+wQAgEAPQA/4wQKADerAQIACygrABEAQPUCFOcIAgAVKCkAFigrABsAQu0FJuMPAgAvKIEAMv
402=wVAgIAZQA07AUMGwBAAAkCAAAAAwAmAEEAEQAAiQDyAAgJAgAAAAMALwA/AMsBRABK6wEnACqr
403=AQQAKuAEAgQALQA09QIuKCsATQBN9QJQ5AgCBAAYADy0AgIFACAAPesBJQAm6wEtADLrAUcARe
404=kBSCgpAE3wCQIFABcAN6MEBgAb+AYCBgAdADH3AlUAQOkBJuAEDgcATwBAAAkCAAAACAAAAAAA
405=EQAA

[Terrain]
55089=TIBTRE02
55031=TIBTRE02
25065=TIBTRE02
85048=TIBTRE02
36055=TIBTRE02
75058=TIBTRE02
63018=TREE14
67033=TREE14
65046=TREE14
53045=TREE14
48043=TREE02
39046=TREE02
57053=TREE02
48035=TREE02
63023=TREE02
68027=TREE04
66018=TREE04
58019=TREE05
62019=TREE06
66025=TREE06
64038=TREE06
53047=TREE06
55046=TREE07
47044=TREE07
40040=TREE07
41049=TREE08
40038=TREE08
49054=TREE08
49050=TREE10
58049=TREE11
55041=TREE11
47032=TREE11
49033=TREE12
48034=TREE13
67039=TREE13
65034=TREE12
65036=TREE11
64034=TREE10
67036=TREE08
66022=TREE07
62032=TREE06
62033=TREE05
63032=TREE04
60043=TREE04
70050=TREE11
69047=TREE12
68048=TREE13
62057=TREE13
46059=TREE13
62013=TREE14
64009=TREE13
67016=TREE11
72018=TREE10
65020=TREE08
64017=TREE07
64020=TREE05
45047=TREE05
62050=TREE08
47101=TREE08
45085=TREE08
42068=TREE08
50062=TREE08
67070=TREE08
78069=TREE08
79072=TREE02
65064=TREE02
62074=TREE02
53078=TREE02
68088=TREE02
50103=TREE02
49101=TREE03
41071=TREE03
42070=TREE04
59083=TREE04
44083=TREE04
59066=TREE04
72064=TREE04
80070=TREE05
64065=TREE05
51071=TREE05
47084=TREE06
55100=TREE06
65085=TREE06
77071=TREE06
67083=TREE07
65082=TREE08
75080=TREE10
75078=TREE11
73080=TREE12
74079=TREE13
68076=TREE14
72071=TREE15
57075=TREE07
39068=TREE07
52101=TREE07
62095=TREE07
87067=TREE08
84069=TREE07
83066=TREE06
100045=TREE06
12059=TREE06
28044=TREE04
30048=TREE02
24048=TREE05
26058=TREE05
14056=TREE07
14054=TREE08
13055=TREE10
19061=TREE10
23061=TREE11
17051=TREE12
19048=TREE13
30056=TREE14
31054=TREE02
29052=TREE04
28058=TREE07
28060=TREE06
25060=TREE12
83056=TREE12
95050=TREE13
99055=TREE14
89064=TREE08
84060=TREE08
88053=TREE06
85054=TREE05
82057=TREE04
83059=TREE02
84063=TREE14
98056=TREE12
98053=TREE11
82054=TREE10

[Infantry]
0=Neutral,COW,256,62,16,2,Guard,0,None,0,-1,0,1,1
1=Neutral,COW,256,62,18,2,Guard,0,None,0,-1,0,1,1
2=Neutral,COW,256,45,91,2,Guard,0,None,0,-1,0,1,1
3=Neutral,COW,256,47,92,2,Guard,0,None,0,-1,0,1,1

[Structures]
1019032=Neutral,CAHSE07,256,49,101,0,None,0,0,1,0,0,None,None,None,0,0
1019033=Neutral,CAFARM01,256,45,94,0,None,0,0,1,0,0,None,None,None,0,0
1019034=Neutral,CAFRMA,256,62,9,0,None,0,0,1,0,0,None,None,None,0,0
1019035=Neutral,CAFARM02,256,66,16,0,None,0,0,1,0,0,None,None,None,0,0
1019036=Neutral,CAFARM01,256,64,17,0,None,0,0,1,0,0,None,None,None,0,0
1019037=Neutral,SNODUSLAMP,256,65,25,0,None,0,0,1,0,0,None,None,None,0,0
1019038=Neutral,SNODUSLAMP,256,89,55,0,None,0,0,1,0,0,None,None,None,0,0
1019039=Neutral,SNODUSLAMP,256,58,75,0,None,0,0,1,0,0,None,None,None,0,0
1019040=Neutral,SNODUSLAMP,256,48,85,0,None,0,0,1,0,0,None,None,None,0,0
1019041=Neutral,SNODUSLAMP,256,31,55,0,None,0,0,1,0,0,None,None,None,0,0
1019042=Neutral,SNODUSLAMP,256,55,36,0,None,0,0,1,0,0,None,None,None,0,0

[OverlayPack]
1=FgAAIIH//jsc/4HMQAH++AH/Qfn/vQFDHIBjAAAggf/+QgD/gcz+/wH///oFQwCBzDAB/v
2=oB/4FmEAH++wH/IgD/+wFCCv/8AT4Mga5R///6AUIMIfz/+QFCEIGvVAD++gH//wACPhQi
3=Av7oA/+BqUAIgaj+AAL/gaz+ygH/gf+AcwAAIIH/8wAAgmZm/vsB/4FmMAH++QH/QgD/+A
4=E6AlH///wBOwQwBf7zAf+Bqv/6ATEEgaj/CAIsAkIB/uwB/4Gp0CUI/vwB////ATgQ/gUC
5=/2oQ/h0C/4Gu/tUB/4Gr/hkC/4Gv/tAB/4GxQAiBrP7UAf+B/4DUAAAggf/sAACBrP7uAf
6=+BZjAHgbDbAQKBrf7XAf+CZmZCANIdAMpFAsgwACA0ADvYHgT+owH/IcHRWQQh94Gq4f4F
7=/70BXARhx9I+AoKuqeE5Bv+9AVkG9lgI/8YBVAj0GQqBrv/IAVEKQb/KXAwB3eb1Df++AV
8=cEy1MI014Oga//UwAACv6JAf/7Uwj/wgFWDOEXEHABgavcCgj+sgH/3RgUgbHj+RX+wAH/
9=/R0S/scB/9RdGEwQ0zAA/8sBWxjbGwDPRQLCOAj/3wFbGuX+Af6eAf+B/4B/AAAggf/wAA
10=CBsNoXAIGuQAiBZv7QAf+Bqf77Af+Bq/4RAv///AErAmABga3+/wH/gaxZ7f7uA/+Brw3e
11=AAH+7wH/yT8KEf//8QE6Ds4sEGIBgar+7wH/Qf//+QE8ECH8//sBOhRUAIJmrP73Af//AA
12=I2FM02Ev7xAf9h//+/AScEgFgAACCB//YAAIJmZv7zA/+BZv/+AToAAf8iAoGp/vcB/zIA
13=//kBMQQR+8wxCIGs/uwB/0P/yTQKgav+7AH///8BLghSAv73Af+BzGAB/vYB///3ATQS/9
14=4JIhSAEAAAIIH/5wAAgcxQAf7LH/+B/4AJAAAggf/+/h//gf+ACQAAIIH//v4f/4H/gAkA
15=ACCB//7+H/+B/4AJAAAggf/+/h//gf+ACQAAIIH//v4f/4H/gAkAACCB//7+H/+B/4AJAA
16=Aggf/+/h//gf+ACQAAIIH//v4f/4H/gAkAACCB//7+H/+B/4AJAAAggf/+/h//gf+ACQAA
17=IIH//v4f/4H/gAkAACCB//7+H/+B/4AJAAAggf/+/h//gf+ACQAAIIH//v4f/4H/gAkAAC
18=CB//7+H/+B/4AJAAAggf/+/h//gf+ACQAAIIH//v4f/4H/gAkAACCB//7+H/+B/4AJAAAg
19=gf/+/h//gf+ACQAAIIH//v4f/4H/gAkAACCB//7+H/+B/4AJAAAggf/+/h//gf+ACQAAII
20=H//v4f/4H/gAkAACCB//7+H/+B/4AJAAAggf/+/h//gf+A

[OverlayDataPack]
1=HgAAIIEA/jscAIIGCiABgQz++AEAgQEwB4EF/rsBAIEAgHIAACCBAP5CAACBBf7/AQD/+g
2=VDAIICChABgQn++gEAhQQHBwcG/vsBAIUHCwsLCv/7AUIKgQgCAIILCP75AQCDBgoLGAH/
3=+QFDDAX/ggoA//sBQhA0AP/6AUMOgwAGCAIC//wBQgqCAAb//QFBCv7BBQCBAIBsAAAggQ
4=DzAACCBgb++wEAhgQHCAoKCP/6ATgAgggLEAGBCv/4AToCiQYKCwoKCgsLB/73AQASAIEA
5=//sBOAYGABQA//kBOgQUAQABgQj++gEAgQcCAf/6AToKIgGBCv/5ATsI/wICMgD+ywsAgQ
6=CA9wAAIIEA/h4CAIED/v0BAIMGCAf17AGFBgcHBwT+vAEAiAMGBwgKCwoI71wEAjYQO4ML
7=Cwj+vQEAgQgBwvJZBoEHMDmBCwI9ggcG/7oBHwJBx4IKBvYjCP++AVkGFACDCgoK714KgQ
8=YV/BA68R8K/okBAIEHIcCBAAgD7h8EgQYYOQA6/7sBXQqBAyH/M8bwHwaBCEQA/7oBXwpJ
9=/vRZCiYDEDn/uQFcBMlTCvEgCjIB/7oBXhCBBMBZBE/H8lsUNEDxHwT+jQEAwVgEAgeBCO
10=4mFIEEEjv/uwFeDMwRGPBfEgoE/8EBXhb74QP/yAFeGPTiFf6kAQCBAIBrAAAggQD+WQAA
11=gQH+3Q0AhAYHBwb++wEAhgYKCwsKB/76AQCCCAsAAYEK//kBOw4D/4UKCgoLCP74AQCBBw
12=P9gQACBP/4AT0SRACBC//5ATwQgQcB/QAB//oBPBD//wE3EoYABAgKCgj/wwE+HIBqAAAg
13=gQD2AACCBgb+8wMAggYH//0BOwCFBgoLCgj/+wExBIMICgoCAv/5ATMGiAYKCgAKCwsH/v
14=gBAIIHC//+AS8IggQIA/6CCwj++wEAhQYHBwcE/vcBAAf+MAH/9wEzDoEF/v8BAP/VCSsU
15=gBMAACCBAOcAAIIDCjABgQj+yx8AgQCACQAAIIEA/v4fAIEAgAkAACCBAP7+HwCBAIAJAA
16=AggQD+/h8AgQCACQAAIIEA/v4fAIEAgAkAACCBAP7+HwCBAIAJAAAggQD+/h8AgQCACQAA
17=IIEA/v4fAIEAgAkAACCBAP7+HwCBAIAJAAAggQD+/h8AgQCACQAAIIEA/v4fAIEAgAkAAC
18=CBAP7+HwCBAIAJAAAggQD+/h8AgQCACQAAIIEA/v4fAIEAgAkAACCBAP7+HwCBAIAJAAAg
19=gQD+/h8AgQCACQAAIIEA/v4fAIEAgAkAACCBAP7+HwCBAIAJAAAggQD+/h8AgQCACQAAII
20=EA/v4fAIEAgAkAACCBAP7+HwCBAIAJAAAggQD+/h8AgQCACQAAIIEA/v4fAIEAgAkAACCB
21=AP7+HwCBAIAJAAAggQD+/h8AgQCACQAAIIEA/v4fAIEAgA==

[AITriggerTypesEnable]
0CAD0DCC-G=yes
0CAD0C7C-G=yes
0CAD0B2C-G=yes
0CA6621C-G=yes
0CDF8EDC-G=yes
0CDF8D8C-G=yes
0C0C7AEC-G=yes
0D62199C-G=yes
0CDF899C-G=yes
0D6216FC-G=yes
0D6215AC-G=yes
0D62145C-G=yes
0D0803CC-G=yes
0C32599C-G=yes
0CE23AAC-G=yes
0CA1F84C-G=yes
0CE26CAC-G=yes
0CE26B5C-G=yes
0CAD145C-G=yes
0CAD130C-G=yes
0CE2395C-G=yes
0D084B5C-G=yes
0D084A0C-G=yes
0D0848BC-G=yes
0CAD2AEC-G=yes
0D08461C-G=yes
0D0873DC-G=yes
0C8E2C3C-G=yes
0CAD25AC-G=yes
0D087D8C-G=yes
0C8B81BC-G=yes
0CADDEDC-G=yes
0C92C45C-G=yes
0C9565AC-G=yes
0C92C1BC-G=yes
0CADD99C-G=yes
0C9561BC-G=yes
0CE2EA2C-G=yes
0CE2E8DC-G=yes
0C955C3C-G=yes
0C955AEC-G=yes
0C8C71BC-G=yes
0C8C6EDC-G=yes
0D052AEC-G=yes
0CE44D0C-G=yes
0CA5945C-G=yes
0CAD2C3C-G=yes
0D535EDC-G=yes
0AA846FC-G=yes
0AA845AC-G=yes
0C8C645C-G=yes
0AD2BAEC-G=yes
0C96F5AC-G=yes
0C96F45C-G=yes
0CB2CEDC-G=yes
0C91D45C-G=yes
0CAD5AEC-G=yes
0D2C45DC-G=yes
0D2C448C-G=yes
0C8C56FC-G=yes
0D2C41EC-G=yes
0CA6AEDC-G=yes
0C0D251C-G=yes
0C8C51BC-G=yes
0CA24D8C-G=yes
0C8BC5AC-G=yes
0C8C4C3C-G=yes
0D53430C-G=yes
0ECCFCAC-G=yes
0ECCFA7C-G=yes
0C8EEEDC-G=yes
0C0D184C-G=yes
0ECCF68C-G=yes
0C8C430C-G=yes
0C87B99C-G=yes
0ECCF29C-G=yes
0ECCF14C-G=yes
0C8EEAEC-G=yes
0C87B45C-G=yes
0ECCBC3C-G=yes
0C8EE1BC-G=yes
0ECCB7FC-G=yes
0C32D84C-G=yes
0ECCB55C-G=yes
0ECCB40C-G=yes
0ECCB2BC-G=yes
0CB29EDC-G=yes
0C8C2C3C-G=yes
0C8C2AEC-G=yes
0A31295C-G=yes
0C87E5AC-G=yes
08A3EEDC-G=yes
0D022B1C-G=yes
0C1246FC-G=yes
0C1245AC-G=yes
0D0B3B9C-G=yes
0CA2A04C-G=yes
0CA2B06C-G=yes
0CA2FEDC-G=yes
0D2769BC-G=yes
0A452E5C-G=yes
0A452C6C-G=yes
0A44F2CC-G=yes
0A44F17C-G=yes
0D53099C-G=yes
0612B11C-G=yes
06C551AC-G=yes
0612CD8C-G=yes
0ABC484C-G=yes
05FFB18C-G=yes
05FFA7DC-G=yes
06002BFC-G=yes
05CB5B6C-G=yes
07C04EDC-G=yes
07C04C7C-G=yes
07C0B14C-G=yes
05FC1A8C-G=yes
05FC50EC-G=yes
05FC3C9C-G=yes
05FC37CC-G=yes
05FC333C-G=yes
05FC0C9C-G=yes
05FC088C-G=yes
05FC75CC-G=yes
05FC747C-G=yes
08B9154C-G=yes
08B911BC-G=yes
08B9213C-G=yes
08B9356C-G=yes
08B9305C-G=yes
08B9483C-G=yes
08B9423C-G=yes
08B940EC-G=yes
08B9586C-G=yes
0611A33C-G=yes
0611A1EC-G=yes
08B9641C-G=yes
08B97C6C-G=yes
08B9767C-G=yes
08B9708C-G=yes
05FC1C5C-G=yes
0612EAEC-G=yes
0612F9AC-G=yes
05FC13EC-G=yes
08B90B1C-G=yes
08B902EC-G=yes
0612F46C-G=yes
044082BC-G=yes
07C310BC-G=yes
07C329FC-G=yes
07C3266C-G=yes
07C33DDC-G=yes
0616004C-G=yes
07C330CC-G=yes
07C30A5C-G=yes
07C4853C-G=yes
043F521C-G=yes
043F874C-G=yes
043F40BC-G=yes
05CBC2EC-G=yes
05CBC19C-G=yes
05CBC04C-G=yes
078F4B2C-G=yes
05CB830C-G=yes
05CBAEDC-G=yes

[Triggers]
090AC3BC=Neutral,<none>,@Sounds,0,1,1,1,0

[Events]
090AC3BC=1,13,0,0

[Actions]
090AC3BC=8,99,7,_Amb_BirdsTemperate1,0,0,0,0,AA,99,7,_Amb_BirdsTemperate2,0,0,0,0,AB,99,7,_Amb_BirdsTemperate1,0,0,0,0,AC,99,7,_Amb_BirdsTemperate2,0,0,0,0,AD,99,7,_Amb_BirdsTemperate1,0,0,0,0,AE,99,7,_Amb_BirdsTemperate2,0,0,0,0,AF,99,7,_Amb_WavesLake,0,0,0,0,AG,99,7,_Amb_WavesLake,0,0,0,0,AH

[Tags]
090AEDAC=0,@Sounds,090AC3BC

[Digest]
1=NOy3JWf36kuesiaOB0B2EY8ZRok=

