[Header]
Width=65
Height=55
StartX=223
StartY=40
Waypoint1=227,65
Waypoint2=285,65
Waypoint3=0,0
Waypoint4=0,0
Waypoint5=0,0
Waypoint6=0,0
Waypoint7=0,0
Waypoint8=0,0
NumberStartingPoints=2

[Preview]
Size=0,0,131,53

[PreviewPack]
1=JSAAIAAAAAAAAAAAAAAAAAAAAAAAAAAAAAAAAAAAAAAAAAAAAA51VkZPPTxSPjpuUUBsUD
2=9pT0FoTkNpT0VJO0EkHyoyKzVWQ0FiSDdeSD5fSUFhSDlgRzdfRjRiSTtjS0NhST5gSDhg
3=SDheRzhcRTpfRzhQPTY1LDI5MDhCMShMOCliSDhZRD0gHStGNjVkTDxJOzwtJCktJSlEMy
4=1kSThiST0rJTBWQjxwUkFqTjxyUj9mTD8sJjFkT1N9YWFxVk9jRzduU0lxV0txU0F8X12A
5=ZGdsTTxrTT12WlF3XFF1WEp/YmCEaGyDYlRrTDllRzhyVkl2V0d/YV9/YmFpSjhtT0B2Wk
6=92WEiAYmCGbHqAYlxrTkFcR0lkTU42LT53WVJ8XE+AX1aCXlBrUU08MkAzKzhcSEt5WERw
7=VEtqUVGAXkt4V0J6WEV0VUZpUEp5WlB4WU18WkZeR0NMPEJ3WUt1VkV5XVOEZlyAYVKTbF
8=SUbFN2YE2IZlF9YElcTTeFZFOKZ1iFY1GFZ2GHZE6IZU17aYF+aHiIZU+JZU1yXEhiVURW
9=UUQ5PzFXSDWVbVRnUU8xKTM6LzduUkZbR0E3LTNDNzthST5QPjowJyoqIiY5LCpVPzFcRz
10=xCNTlSPjZhSDVdRTVdRTlgSUBhSkBeRjdeRjdbRDRbQzNcRThANTwkHyk4LzdXQjtjSj5n
11=T0ZbRUA6LzQ+MDEtKBxFNy1dRj5WQTlbRDplS0BMPjQoJC9FNTVlSz9sUEJOQStOPjsuJj
12=NSQ0tlS0xmTERfRDRnTEBzWE5yVEJ+YWCBZ2xqTDpqTD11WU13W057XVR8Xlh9YF1vUkpj
13=RTVqTDtzV0hzVkZ+YV5/YmFpSzlpSzp2WUt4Wk19YFyFanh/YFhqTkJHOEBGOEA0KjlkSj
14=9mS0FGOUBVRDlwU0pKO0Q3KzBGNTVmSjhoTkpHOkhjTVB6Wk2EX0pRP0E4Lj15WUt5WENv
15=UkRbRkpINzxQPDRoU1WBZmKKZk+UbVWQalWSa1R/ZFFbUkIvNCROQzGCYUmKZk58aHl6ZG
16=2EY06FZFGFbWd/ameLZk6JZlB4Y1hzXUt0Xkx2X0yEY02PaVRDNTNINjUwKyhANSRIOTso
17=Ii0zLDU1LTRINzJeRjZTPjRUPzNXQjdcRjs9MDI0KytQPCxcRTZaRDtcRj1fSDxcRDRcRD
18=RbQzNcRDRjSjxLPDowJyksJCY5LipWQzphSkBhST1eRjhWQDRVQDZdRjphSDpjSj5hST5j
19=S0ExLR8zKiVLOTRcRj9vU0c8NDMwKjdIOkFUPjNlT05vVU5jRzdqT0VzWVB6X1t3W1luUU
20=hkRzhtUEFzVUZyVklvUUNwUkNtTz5nSTlvVFBzWFJzVkd1VUGBZGWAZWdoSjhrTT10V0p2
21=Wk9zVkZ8W02CZGB6W1BjSkNYQzsuLCJaQjdJOT0qJjZQQDRpTkRYREprUkREOit2VkxnT1
22=A0LDw2LT1dS0xdSjtSQEY1LTpjSj9zUz5NOz0zKzduUkVlS0FFOUVdRz9rUUl+Y2GOb2mP
23=bFuSbll6YVBzXlCJaFGMZk2JZk97aX+FZFOHYkuIblF0aWRaV1h1XVSHZE+PbWKVc2yOaV
24=KOaFCNaViQbGBWQDdkS0M8MjE6MTBXQjs7LS4xJyogHSk0KjBeRjpaRDlWQjhYQzlbRDdT
25=PzhDMy1JOTNcRj5dRjpdRjheRjdfRzheRjhfRjc2MB0/MyRfRjVfRzpdRTw5MiVCNSlhSD
26=lgRzZjSjxhST1iSTliSDZhRzRjSDZmTD5pUEhlTENkSz1pTj1uUUJqUUlIOkUsJTBFOEBm
27=Sz12WEl0V0xxUz90V0x5XlltUUZiRTVkRzhtUEF0V0d7Xld6XVluUENwU0p0WFN1W152XF
28=x2WUx2WEl9XlaCZWdwUkZjRTVsUENyVk52WVB3W05kS0RUQ0Z0VkyEX0h6WUNcRzR5WUpv
29=VFBGNjtaQTVbRDtHNz1kTEJBNzVIOUJwVlY/Mz0zKTA+NT89NTl4WlRVQkNNPD5tUkJFOj
30=ssJzE6MCViRz5UQkNkTkpnUE14XlmJalyNbV6NbFuEX0qOa1uObl6LalaJZU2MaFCJZ1WL
31=Z1NvXlRMTEY5NipFPjl9XEmJZUuNaVWLaFWEYk6HZlWPalVtUUVRQEMsJS84LztgSkdTQj
32=NOPjJJODQ7LjA5LiVIOjFbRTtbQzRdRz1fSD9hST5BNDhQPTZhRzRiSj1jTUhiSj9kTERn
33=TkdOPTRJOC5gRzdjSThnTUBnTUJkSDVpTkJvVlRrTT1sTTpvTjpxTzpyUkF0VEZyUUBwUE
34=BzUj9xUDtzVEN0V011WFBcSUs7Li86LSxUPzhwVEVxUj50VUN2VkR3WEp0VkxlSDhvUkd1
35=WEl8X1uAZGZ/YFh8XlRqTDxqTT5wVld1W1x2WEp5XFKAY2R1WFFjRTNpSzt2WlF0V1J0V0
36=xuVk86Mj41LDxZSEpMPzF6XVWCYFNuTz12WEpzVUZzVkt7XVdpUVBpT0dOPUIxKjpwVVFu
37=UUVYREI8MTxANEFwV1VpUE5PPUNnUEA8NShQPDxOPDttUD50V0hpVFJtWFd9YVWFZliGaF
38=qIaVp9W0qDY1WIalyKbF6JaVeBXUmJaFiJZlGGY0t1ZmRsY253ZHGEYk6KZk58X0x7Xk6O
39=aFNaTDI/PCZnTDpPPTgvKDErJCo/MS86MCI1LCBWQz9bSU1CNyo6MCVdRjxbRjtdRjlfSD
40=5gST9AMjQ/MDA2LiFCNiplS0FiST9mTUFmTUBlS0FoTkNmSz1sUUdsTj1vUD9yUDl0UTx3
41=Uk18VU10STt5Tjx7Tz1/VECIYE6JYE+AVjqBVzyAVjqGYFOLa2+EZWR6W1NsTjxsTzx4XF
42=h5YGJyU0B0VUJeRTt2XV9wU0hhRDVuUUR4XFB4XFF9YFt+YFmCZGB6W1JlRzVxVUp3W1B/
43=YmCBZWZvUURlRzdpTD1wU0R4W054W1N3WFFzWVQ9ND8xKTM7MDJKOzWCaHN/YmBmSDZuU0
44=d2WEh8XVB9XVKEZWCCYldtUEJLOThaQjloT0BAOy9DNT0yKC5FNTZiSD5VQUJENjxPPUBk
45=TElLO0BuUDxyU0FwVk51W1F7XU59X1F+YVR/X058W0Z/X02CZFaEZ1mEZlZ/XkmLa1uObV
46=uLZ1GKaFuKamOPbF2OalaVb15pVkNDPzBwXkppWENoUT5nTT5oTkBENjtENjpYQTJhSDlS
47=PzsuKDM+NkJmUVFjTERcRDVbRTpcRjtgST9gSDtaQzVSPTBRPjJVQjhjSj5nTUBoTT9qUU
48=hqTTxwVEd5Xl5/YF56VT5/VjyAU0SCVUCcdjHGrii6nynApyexjyiUYzmPV0aTXUSQWUGR
49=XEGQXj6RYUWPYkuIXUN6UTdvTjt5WEV4VkR2WEl1VUN1VUJxUkF9X1h7XFNuTzxuUkh0Wl
50=l1WlN1WUx2Wkx0VUVpSztlRzlvUkV2Wkx6XlR1V0tiQzBpSzp1W1d2XFp2WlF1WUxxU0R4
51=V0JxU0VbQzldRDd0VUV/YVx6XFJ0U0B0VER/X1WDYVh/W0eBWkKEW0OIXUGEW0CFW0OEXE
52=RzUjt7VkFyUEFeRjdGOi2IY1dSQUg5LztpUEtNOjdXQ0JtUEB0VD96XVF3WEZ5WEN+YFGA
53=YlJ0VEFuTj16XU99YVSBY1WEZ1mGZ1eLa1uObl+OaVGSa1CPalaRbFeOalOSbFeBY1BvWU
54=95W06QaVFnTT5oTj9NOjc/NDtUQT1hST1IOTwmISkvKDBIOThaQjBfRjVeRTRhST5kTEFj
55=Sz1jSjplSzpoTDxoTkBnTDtoTDprUEJuUkV1VUR/XlOJZV+EWkGHWj6LWj+lfDnNtirl2x
56=auoybi3BP07gvs4w3hzxvNrjLOsCPAmimocD6aXEOZXj+WYDuVYUGSYkWNX0OLX0SJYU+B
57=XU57WUV3VkR4V0V4V0R3VkNxUUBkRjVrTT92W1l2XV50WVFuUUFrTD1wVU95YGh2XV1zWE
58=1sTz9sUEhzWVZ4XVh2WVFyVUt6XFKBZWd9X1pqSzdmRzZxVER3XFF3WEh5VkF/W0eCW0SJ
59=YEuPZFCOYEeRYUOaa1edbVuaZ0uaZUaYZESbZUaYZkucaU2TZEeBWkSRZE+DXE9MPDU3Mi
60=NwTz+BYl98YWF2V0p6XVB7XlB6Wkh8XEl9X051VUNzU0F3WUh9YFR6W0mCYU+Jal2EY1CP
61=bl2TcV+MZlCFaGJlU1diSkRbQzxnT0pWQEJKOT5oUVBqT0JlSzpfRTRZQjZaR0FgSDhbRD
62=lDNDErJCw7Li5dRDRjSThiSThkSz5pT0RmSzxkSThoTDxrUEVuVVBrTz9sTz1tTzx1Uz2C
63=XEiHXkiMXkOPXT2TXj6hbEfStyvt5A7z7A+1qivLwhL07A7z6w/17RD27wv48Qrx5g/izh
64=jKoi22fU6qa1qnblqha1GYY0KRX0COYUiRaFiBW0V3VUB+YFuAZGZuUEBhRDNuUUh0Wll5
65=YGZ2XWB0WFF2WEl4V0VyVEhxVE50Wlt3XmV5YWp2XFxzV0p2WUp6XVN9YFuDZ22AZGlzVk
66=x1VUFvUEBwUkJ9XlB/W0eEW0KUbWaUaFmUY0WZZUicZkWfZkOrc2iscWmjZUmiYUalZUWp
67=aUakZ0WfYEeiZ0efZ0OaZUSbZkWQYUR9V0CGXUaDW0SBYlx3WEp1VUJ4W0p8X1N7XlBxUj
68=92WEh5Wkl2V0J8Xk1/YlR+YFGFZliJaVuLa1yRb2CDXkyBX1RYSlFBNTxWQUBbSUlUQUJZ
69=Qj1kS0hrUEVpTkRoTkVwU0pIPCw5MCJpTT5mTkYwKTVBNDprTz1mSzlnTT1oT0ZqUEZrT0
70=RqTj9tUUR0XF9wVEhvUj9wUj52VkR+WUWFWkCRY0ucbV2kcWCpcVrAlS7izh3w5hXy6hD5
71=8BL37hHz6RH06hH27BHw5w+jlyXg1xH37g3y6hHq1yLRqTixdEGlZkGnb1WjcFuUYkOHXE
72=VyTTpyUD94W094XFR8X113WVBtUUR0Wlh5YWpyVlF0VkZ1WUx2VkR9XVJ7XlxzVUxwU0t0
73=WVVzV09xVlJ3XVh3W1B3Wk18YFx4WlFtTjx4V0R5WER8WEONaWSPZ1uPYECeb2Cnd22seG
74=uyfGyqbVOpZ0S5gT7MnE7HkU3OnEO2f0m8lTDcuybDlDOvcEGnZUaoa0enbk+gakmaZUWT
75=YkWMYEeJY1WCX1F6WUh1VkZ4WEh5W0twUT90V0l5XVF4W014WUh6Wkd/YFGCZViBYE+HZl
76=WJaVh9Wkh1Uj9zU0VfTVBYSEllTUNoTT5rTz5qTj5vVUxwVU1sUURrUEJmTEFjSj9oTT5p
77=TkJIODk6LjFUPzVmTD5rTz1tUUNuU0dtUD9vUUFuUD5wUkJyU0F1V0d9YF2HaGuMaWSJXU
78=GXZk2peXCve26vcliwbkTXsyfv4hLz6RH06xD06hD06g/16xH26xD37RDAtCrVyxD06wvy
79=6gvv5Qro0xzFi1KsZ0audFqseW2caVCNYEt6Ujx1UT14WUp4Wk1zVUtvUUNjRTRsTz92W1
80=l2XWB0WFF3W094Wkt7W09yWF6DaXSAZGZ4WlF8XVByU0VuUUh0WVl1WVJ2Wk10VkR3VkB7
81=W05+XE6DW0OQZlaPY1CHVzuTYUWha06pbEmxb025ekPSqirn0hXw5BDy5xX78BTNwx+akC
82=bu5wvy5hLfxB3GkjO0b0m4emqoblCeZT+cZ0eSYUOPYkqTbm6Ob3aJbXd8XVR1VD92VkJ0
83=VUJ2V0V5W016XlJ5XE58XEyFZlmFZleFY09+XEdyUT9wUEBsTDtvUkhpU1BuUUJuUDxuUD
84=5vUT91XV91XWJtUUJqTjptUEBuUUBsUEBuU0dvVEljSTxnTUJtUUJsTjtuUD5uUT9yVERy
85=U0JyVENzVEFzUz95W1CFanSMbXWRbGmQYUWVYUCfZ0asclWsbEa0bkbXsSfu4Q7x5gzy6A
86=zz6A326xH36xL26xH27BH+9Q/57g/x5wzy6A3y5xLr2CPLmEixb0ioakSmbVCjcFuXaFGM
87=YUmDXk59WUR7W01/Y2J4W1drTDpxVU94X2N2XFxzV0x1V0l7WkuBZWV9YWF6XVd9YFt9Xl
88=V5W1ZsT0NjRTNsTj91WE12WEp6WUl+YFqAYV2DXk6IXkWNX0KCVDh+TzSTX0GncFKwcEy1
89=bUS+c0fSmTLu2hL57wn16w/06wz16xHq4BXx6A7y5hDiwR/Ffz29eEDMlVu6fWa0e2qkbV
90=KYY0GSYUKTZ1OJZFt9X1yBY195Wkt3VkJ2VUF2VkJ2VUF2VkR5W0x+YVZ+Xk6EZFSGZlh4
91=V0Z1VEJ1VUJnSTlpTDpyVENyVEJwUj9vUT5wUj9xVEV3XmBvUkRtUD1uUUBtUD5vUkJzWF
92=F1XV5yVUZxVEZwU0VuUD1vUT5vUT11WEtzVUV2WEt3WEp2VkN3V0Z9XlWJaWqOaGCUaVuZ
93=aVSgbFOkaUWsa0exbkXVryTr3A3w5Qzz6Q316hL06hD27BL06w/06Q3x5RL26xHz6g/y6Q
94=/y6Q/u4xDgyRe3gDykZUadZUCXY0GOXj6QZ1mNa2t/XlB3Vj+BY2KEaW9zU0BlRzdrTkBz
95=V0t0V0d7Xld5XVpsTkNjRTNuUUJ3W01xU0NiRDJmSTtxVlJxVUt3WUp9YFyCZmyAY2R+W0
96=iCWkGLYEWUY0acaU6daVOfZ0mycUy8d1S+dkTOkDrnwSnayRzKvRz58A716hD67wz+9Ar0
97=6RD06BXs0yDYpjLKiD/EgE7Cg3G6f2+la0qbZEGZZUeFXEdLOj1JOkN4WU9+XEp6WUeBZG
98=SBZmqBZmt3WEp2VUF/YFSAYlVzU0F6W0x1VER7XE1xUkJpSzpwUj9zVEF0VURzVEJ0VkZ7
99=YWNyU0JwUj9xU0JyVUtvUkFwUkBwUj9wUj9xU0FxVERwU0h0VklxUj9xU0FxU0ByUz52WE
100=t8YWR3WEh2VkR2VUF9XlSHaXCEXUeMYUmWaVacalOeZ0akaESsbEfAhVDgxCvv5RDy6g3y
101=6gzy6Q3x5wz06g3v5QuVhyvVzBP06wvx6A7x6hDv5RDizxa0fzuhZk2gbVeYZ0+MX0SEW0
102=GCXk5+X1d4WEV2V0trTkRjRTZoSjtuUUNvUkF3XFB0V0plRzhpTEFyWFZ2W1ZzVUdsTj1w
103=VE54YGZ1WllzVkd3WUmAY2KGbXyAZGSDYlqIYlODWD6LXUKhcF+xfXKzeGGxbUO9dlfNil
104=jjuzP36BjXzR6ekSrs5Az78Q3ZzhPJux337Qv06g306w306hPmzhzMmDO6dlOvbkqpb1Gl
105=cl+ealB4Vk09MkE6MD1cSEp1VUJ6WUd7XFGAYmCCZ2x7XFB4V0R5WUd8XEt1VEF3WEh2Vk
106=d5Wkt0VUN0VEJ2V0V+Y2V9YmR1Vkd0VUJ4W1FyVEJwUT5wUkFxU0RwUkByU0JyVENyU0Fw
107=UT5yVEJzVEFzVEN4XFZ4XFd0VUJ0VUJ2VkZ7Xld+YWB2VkV4V0N5WUl7XE99WUSDW0GIXE
108=CPX0Gda1OqeW6vem60enDInEXjzSTv5Bfv5g7w5w3w5gvy6Q306w7UySLb0g/z6w/y6RHx
109=6RLp3BrLqymlcD6daFOgc2mVa1+MZFWFXkZ6WEJ6WktuT0BiRTRqTT1xU0ZuUUB9YVt3WU
110=9oSzpsTj1yVk53XVt3Wk5+YFd8X1p6XVl0V1FxVlR1W1t1WU92Wk53Wk19X1t/YmB+XU50
111=UD5xSzeLYUuaZ0mfaEinbUyra0Ozb0O7b0zKh0Ho0Rj16hH26xX16w/78w7WzB6ilSjs4g
112=j27Q7y6Qvv5Qvevh+5eTqva0KsbUeob1KbZkWWY0SNZVlcRUNHOD9MOjVoSzp5WER3VkF4
113=V0R3VkJ4V0V6WUd4V0V4V0V7XVR8Xlh/YVt6Wkp4V0N3V0V4WEd7XFJ5Wk91VUR1VUNzUz
114=5vVEZnSjpvU0ZoSztrUEBoSzxxVktyVkhyVEFzUz94WUt9Y2h6XFN1VUJ3V0R7XE6AZWqC
115=Z26BZmp3V0Z3V0N5WEV3VkF6WUmCYVqLaWeRamWWalmfcWOjc2Wmc2Wla12rcUTAlDrDkk
116=zdxSfv5w/z7Qzy7A337wr17gzw6Qzw6g/v5xfdyiamdUKZZVmQYUSJXECFXEN8WEVWQkJ0
117=Vkl5WEZzUz90Vkt/Y2GEaG19YWB1WFJpTEBiRTNrTj52WUt4WEZ4V0RvUD9xU0Z6XlR+YV
118=51V01pTD9sT0FyVUV1WUxzUz2BZGV6W1t2UzyAWUKQamKHYFeaZUSfZkKpbEeyc1O1cVTB
119=gzvlyxvw5Q/17RDz6Q/x5A737g/37g/z6wz07BHx5RfixyHIlDi2dFutbk2makaibVKgcF
120=2SY0qLX0WLZFSFZmWDZmp7W013VkJ3V0N6WUaAZGOCZ217XFB6WUd9X1d+YV6BY2J9XU51
121=VUJrTDxnSTlyVUZrTDtzVkhwUUR2WExpSzxxV1JsT0JvUkRsUERsT0FqTj5sUD9wVUh0WU
122=5zVkh1VkR9XlWAZGd2VkR6WkyCZmuCZmt+YV+BY2F5WUd3VkJ4V0R3VkJ6WkqAZGWFaXGJ
123=aWqHYVGHXUOLXT+VZ1Ccbl+WYUaVXEaZX0ayhzLPtR3OsyTaxyHo3RPo3hDo3g/czRe+oS
124=2ccT+PYESPZVOKZFeBW0Z+WUFlTEQoJDZoU1qCYVV5WEN+XlKCZmh/Y2JsTz9iRDNtUUhx
125=VU5zV0d8XlaBZGV8X1pqTDxsTj92WlB3W1BuUD9kRzduU0twVEh1WUx7X1h+YV9vT0N3V0
126=ODXEJ5WVZaRVGZalScZkWncl+zfnSxdlyraj66fz3VqzPevC/LmjLEhTjYryjp1R7u3h7m
127=zDLMm0Cxb0KqZkmxd2Cia0ycZkWbaVCTZU+MYUmGXkiAXk98XE17W054V0V2VUB5WEd5WU
128=h5WUp8XFB6WUh4V0R5WUd9XleAZGVtT0NjRTVmSTprTTtvU0RuUEBwU0JtTz1xU0RwUkN3
129=X2RuUkVuUD9zV1B0Wll2XF9xVU9tUEFyVUd2WlBzVUN5WUeAYl54WEZ4V0V6Wkt6WUl2VT
130=95WEV5WEZ3VkN5WUh5Wkt2VUB3VkF8XVOFa3aHbHiGZ2p/WkSCWkGFW0CLX0aOYUeOYESO
131=Xk6XalqUYlqUZUikfzWbczyjfzeXb0GCVUaCV0aBWkR9WUODZGGBZmt+X1dtUUZAMztOPT
132=5pTDx4WEd3VkRsUEh9YF10VD9oSzpuUUVzWEx1Wk15W1KBZGSEaG57XltjRjVmTENyWVhw
133=VlJyWVdyWVN6Xld6X1x0WFR4V0R7Wkh7Wkl+XU11VUdNOTpgQjOFWj6YZkqjc2eodWambl
134=GjZUaralCraUeubz/BjEyxblS0eEC6hj2wck6mZU2lakyja02aZEGUYD6RYEGOYEONZlqE
135=X098WUR2VT53VkF4V0R6WUd/YFqBZWmBZmp9X1l4WEd4V0R5WEZ8W0t8XE9vUD5kRjdtTz
136=9vUkB1Wld1WldtTz5vUUBzWFR1XF55YGl4X2VvUUJtTztuUD1yVUh4XmN6YWl3XWBvUkNz
137=VkZ3XFB2Wkx2V0R3VkN5WEZ4WUl5WUl3VkJ2VUB3VkJ3VkJ7W0x/YV5/YVp5WEV7W0x+YF
138=x8X1l+YV59YFp9X1l7WUR7WEJ+WkSFYVaObnWPb3mNbXGJZWR9VUh8VER5UkR+W1OFZmJ9
139=X1d3V0R2VUB6Wk2AY2F9X1h7WkZ0VUVsUUhnSztlRzdvUUR2W1JwU0d3V0V1VEJtTTtzVk
140=t3WEl+W0iHZFqOa2l1UkFvTDqYaVh2VU97W1WGY1WXalmOZlx/XVJtT0B3V0N8XFF5WU1+
141=X1h9XlN0Uz96W1WEX0+KXkKYb2eccWuYZ0+aZkalc2Kjb1ykblWte26ocl+fZUmgZ1KcZE
142=WbZkedbFaYalaYbWKRaV2MZluHY1eIaWp9XlZ3VUB+YFt4WUt3VkJ4V0R/YVx+YFx6W017
143=W015WUh6WUZ5WEZ0VENoSjlkRzhoSjlvUD1wU0J4X2VxVEduTzpvUkF0WVV4X2V3XmN4X2
144=ZwVEduUD5tTztwUkFvUkJvUUBtTz1vUUFvUkRvUT9yVkd1WUx1WEl6XFCCZmuAY2J9X1h+
145=YV5+YFt5WUp3V0N4V0R7W015WEZ5WEZ3VkJ4V0J5WEV5WUl/YV59YFt4WEh4WEV8XVKEaX
146=GCZm6BZGV4V0R6Wkx5Wk16W1B+YmNmUVd1V0h6WEV4WEZ5WEh7Wk55WUh3VkJ6Wkt4WU1x
147=UkVnSjtsTz57W0tnS0KIZWOXb2h8Uzt5UTyEXUuNZVKOYUqTZU+Yalq2e2Hekm3VimKVZk
148=iuclHJi3e7f2SzeVigb1h4VURzVklzVUx3WE17W05+XU6BYlx+XlV8WUmGYleHYE2EWj2K
149=X0aPZE+PYkiZbmSYbWORY0qOYESSZE2OYEWMX0aOZVaLZFaLaGOMbXSKbnx+YFp3V0R4WE
150=Z6WkyBZWh6XFB3VkJ4V0N4VkJ4V0N4V0N5WER4V0NxUT9oSjtlSDppSzxtTz5yVkpyVkxy
151=VUlyVUpxVEdzVkxvUUBuUDxvUUFuUUB5YWp2XFxzWFRyVUxuUD5vUT9yVUpxVUlyVk13Xm
152=J1W1t2XF12W1p2WlB3W055XFF3WEd8XVOEaneEanWDaHB5WUh5WER2VUF5WEZ6WUh4WEV4
153=V0R4V0R7XE+BZWaFa3aDaG95WUd4V0R3VkN3VkJ5WUZ4V0R6WkyAY2ODZ218YF5IOUVtUk
154=x7WUV7W0x8XVZ8XVZ6Wk94WER8XE6CX1aTbmSQZlSDXEqQZVOWaVaabFuNX0p8UDiGWUCN
155=X0ecZ0q6fFjHglm2fGLVj2fcjVjzmGDfl3LklGjTkYDEkZnVjWW8f2OSZVeOa16IZVx3WU
156=90Vkx5WlB5WUl4WEd3V0h+YV2BZWd/X1V/XlN/XVB+WUOAXEiBW0SAWkN/WUOAW0WGZWF+
157=XVB9Wkd7Wkl3VkN7W059X1h5Wkt3VkB5WEWBZWp8XlZ3VkF5WUh/YhEAABsgACAARmF6W0
158=54V0R5WEZzU0JoSjplSDppTDxtUD5wUj5xU0NzV09yVk13XmJ6Y255YWl1W1tvUkNvUT9u
159=UD5uUD5yVkxvUUFvUkN0WFBvUUBwU0Z5YWl1W1twU0Z0BgAATV1heV9ld11gd15hd11edV
160=hOd1pOeFhJf2BZg2dugWVneFhHeFdFfF5VfmFfeFhFd1ZDd1dEd1ZCellJfl9Yfl9Wfl9V
161=eFdEeFdDelpKfF5VeltPeFhFd1VAfV5UgWRieVhFVkJAUD4/a1FMfF1TdVdLeVpNdFVDgl
162=5OnXZxsH9vxYZhv4JkkmBRnm9cqHFXqXFZomtSl18/nmVIundSsXpg3Zhu85xh7p9hm39g
163=1ZNi/K9+/66E9Z5s7JZk4ZZ0xZKdw4h2z4RUwn9Zq31vkm5tf15WeFlJfV5Xe1xQeFdDfV
164=5Ufl9afF1VgWVmfF5Wd1ZCd1dEeVhHeVhEeFdEfmBafWBceFhHdlVAd1ZBeFdCd1ZBd1ZA
165=d1ZCfF1Rf2FdgWZqhWt2gGRmfV9YgWRle1xReVhFdVZEZkk6aUs8blA/b1E/blA9cFRKb1
166=FCbU86cFJAeGBmdltdcVRIblA9tDAADW1QPW1PPHBSQHBRQG9RPm5QPW5QPnBTRXNWTG5Q
167=PG95ND1oMwAcUkJwUkJzVktxVEpuUEB2Wk53V0V7Wkl7XFB4V0R4V0R8XE6CZmqCZ259YF
168=13V8wuABB7XVJ3VkF2VUB2VUB5V0R7W02AYmB/YmJ6W095WEZ4WEV4aAALSXtbUX5eU3pb
169=UXxdVnxoBgAAAAAAAAAAAAAAAAAAAAAAAAAAAAAAAAAAAAAAALZCelpJeltMg2BUrHxxu3
170=9dyYRbyodkuXxaom9OxYJf2Y5ny4Rh4ZBY14hQsYNjw41n4Jph7KhS/7pv77J9+rqI/8Wf
171=/raL+qt8+qqE9Z1o4ZiDxZCY0J+E0qSIvoVrm3Jpd1dKdlVEeFdGfF1SfV1UeVlNfFxRe1
172=tNeVhGellHeVhGe1pIgWNhfmBbeVlJeVhHeFdEe1xReltPe1xSfmBZelpNeFhFellIfV5T
173=fF1Rf2FdgWVpg2dsfFxPd1ZDeFdEellFc1RBZ0o7b1FBbU86blA9dVtaeF5jc1dRcFJDcF
174=JCcVRIblA+cVRJdltaeF5jdlxddVtbclZNblA9blA/b1FBblA/b1E/clRIdlxdcVVMblA+
175=blA9cVRGdFlVblFAbU88bU88b1E/dVlLdl1MdVlFdlZBellHeVhGeVhDfFxPhWt4g2dveF
176=dEd1ZBe1xPgGRkeFhGeFdDelpKfF9ZfmFde1tPdlVAd1ZCeVhGeVhGeFhIeltSfl5WeltR
177=eVlKd1ZDelpJg2NWiWhalnFhp3tmtH9jvH5Zzopq14lc3ZBoyY6D245n9Zla+J5d/6dk8K
178=d+x6F56q1teVxAfWxMnn5R97Ju/757/ruJ+Kx48Zth9Z5l8JxsvH9PgWtekZyljZidg2pg
179=qndilGZLh19MeVZFdVRGd1ZIeFhHfVxPfFxSfV1TeFhJeFhGfmBXf2FcgmZrfF5WdlVAeF
180=dFeltNgWVphmx5hGp1eltRd1ZAellGd1ZBd1ZCd1dDeFdDeVhEeFhFellGdlZDbVA8ZEk1
181=Zkk3cFFAdFhRdFlVd11ecVVJcVVJdFlWc1dSblA+b1E/dVtaeF9ne2NweWFrclZOclZNc1
182=dPdlxcdVtbblFBbU88cFNDdltaeF5idVtbb1FBb1A+bU89blA+b1FAblA9cFNDc0NPdj9Z
183=dVNTdl9Md1xJeFhGd1ZDe1xShGlzgmdse11TeVlJeFhIeFhHeFhHd1ZDfV9Yg2hxfV5TeV
184=hHeVlKd1dDeFdEeFdEeVlKeltTfF1WelpPe1pJfl5PiGZZjWtdjWhVm3NhqntjuINpvH9d
185=yYRf15V2xZCS15aM7p127Zdj8Jxm96hw+qZp1JlfiXBJMDAoPzwyQDgqcVs+xJFa+app96
186=Nk65956phw65RekGtIZlVGlXdpm4Jxk3d3qXttn25RlGpShWBLg15Ke1hHdlVDd1ZDfl5U
187=fV5WeltSeVpPfVxQeVhHelpKelpLeFdEd1dEeFdDfmBcgmdve11TeVhFfV5WeFhIeFdCgW
188=VneVtQd1ZCd1dFdVVCbVE9ZEs1ZkE+bzlVdUZZc1hRdlxdd1xdcVNCblA8blA8blA+cFRI
189=cFNFcFJAbk87b1FBdVlUdVpXc1dQc1dRemJuemFqcVVKbU89bU89b1FAcFE/clVJd11fc1
190=dQb1FAbU87blA9blA9bU87cFNEb1BDdEVVejdteDpjdlFUcFhCblJAeFtQeVpNf2JegGNh
191=f2FbfV9XgWFZgmVmgGRmfV5UgGJffWBafmBagGNke1tMelpLd1dDfFtMe1tOelpOeVlLfV
192=1NgmJWh2VViWdXjmlXmHJhpXhisX9muHtXuottubq9o5uZvH9V4JJk7Jhn75he8Z1j9KNo
193=qntRZ1pDaV9IZVtEX1M+ZFZEpHpX+Kx29p1d55t945d765Zk55Nn14xl0ohfyIJYv39WtH
194=1bl2pSkmlThV9Lh2FNfltIf1xLc1JCeVhIeVlMeFpRd1hOeFlMeFhHeVlIeVlKeFdEd1ZB
195=d1dDd1ZBelpLeltNeVhDfV1NelpLfF1VgGNieFlMa0w9dVpKa1E8Z0FBczRbejZsek5rdV
196=hZcVZLblA+cVVMc1dQb1JDblBAb1JCbE45blA9cFJBdFlTc1hSb1FAbk88blA9bU89dVlW
197=dFlUc1dRdVpVb1E/bk88cFNGeF9keWFqeWFrd11hc1hSc1dPdVlVc1dQb1E/cVVGclpMdz
198=1efCB4eyB3djFfcktJdltMdFRAd1ZBd1ZBd1ZDeVdCa09DdlhNgGFYeVhGd1ZCeFdDeVlH
199=eVlKfFxQe1xUe1tPd1hJeltPe1tMeFdEe1xLgGFThmRUiGZWjWhWlnFioHZhsH9mo3hynp
200=KfkZCMZF9eSEdBd1o37J16+qqL8Z5v65hk/KFl8Z1ssH5chWVDsHpO8qd3/72T/7GH+aRz
201=7ZZg7pps4pRq0otjqHVavoBkvoJltX1bqHZajWNNk2pWh2FOhmFMfVpHgF1Mc1NCd1ZGeF
202=lMelpQfFxSeVlLeFdFfV9WfV5YgGNhf2JgeFlLdlZBeVdDhGdodFtdblVUg2dofmFce1pI
203=eFdGZ0s5bkhFdjJjfCB0fSF6eD9lb1dEblA6bU86cFJBemJreWJseWBneF9md15jdFpYb1
204=JEcFJCemJte2NxeWBpb1JEbk88b1A+bU45bU88blA9clVIcVVJbU89cVRIeWFqeF9keF9j
205=emNueF9ncFRIcFNFcVNFblA9b1E/cVVHdVZXezRzfhp9fBt5cz5Tdl1LdlZEeFhFeFdDeV
206=hDc1VFMys4XUdFgF5KeFdEeFdFeFhFd1ZCdlVBfFxOe1xTe1xSd1lPdVZLfFxSellNfl5P
207=gGBShmNTiWdXjWlWlnJinXVjnnhonnJasXxhvYdpv4VsqnZbwoJg5Z2D8aiU9KeN9qeK7J
208=111JJi5pVi1o9c5JFc45BdyYNer3Ndu3pXzoRZtXdamWdVpnBSoXBVrXhdtX5eo3RZl25f
209=i2NQh2FNg11LhWBNeldFfltJclFAdlVFd1dEeFdFd1dFeFhHe1pMd1ZDd1ZAgWRkhGp1el
210=xSd1ZBeFdDgmJYZVBZU0JOhWluhGlyfV5VdFRAZkw3cj1Rfh5+fRl+fTR1clFLbVA6dFpX
211=b1JEblA8c1dQeF9ne2NwemJsdl1fdFhUb1FBb1E/c1dRdVlVdVtZdVpZcFNGcVRGdVpZbU
212=89blA9cVRId15iblFBcFNDc1dPb1E/b1E/clZOeF5idVpabU89cVRHdFlXc1lRc1tMdzlh
213=fR56eyZ0eTxecU5IeFxPdlZCfF1Qf2JefV1OcFVQNi49TkFOdltbdVVBellGeFdEd1ZDeF
214=dEd1dDe1pLeFpReVlNd1dDe1pMeFlLf19QgmNYgWBPimlajGtblHFgkHBph2xuimlfo3VY
215=rnlbvINqxYdpy4xtyo13w4d0rXli15J21JFxoIFnuoFboYJmiWBNjl5OnWhWb0c/jmBVmm
216=hbgFdQZkdIdFFLg2Beo3ltoXJTlXBihmhriWVaflhFeVVDd1RDdFJBclFAbk4+dFNBe1tN
217=elpOdldMd1hOeltReVhJeVhGeFhHd1dEeVhGfFxRellKeVc/ak5BSjpAXUpPfmZxfV9WdV
218=VAaEs5cE1HdDlceCRxfh96ejxqdWBadFtVb1FBbU87blA+dlxfeWBmd15jcVVLb1JCcFNG
219=cVVLdFlUb1FAb1FAdFlTclZMdl1femJsdlxddlxceWBneWBndVtbb1FCbU86bU89blA+bl
220=A9cFJCcFJBbU87cFNDeF9jclFOcz5UeDVkd0FceFZMeV5EdVdCdlVBd1ZBfFxQg2dsgmZq
221=hGhtcltmXkxXa1VbfmFeellIe1lEeVhEd1ZBeFdDfV5UelpNeFhHeFdEe1tNeltRe1tOgG
222=BTgWNXhGZZiGhbiGlfWEZGTz9Bb1dcbFRRelxXf19Tsn9gsnxasn1jtoV7lW5crXdb0I1q
223=rnZalmZTj2FQkGFSjmFRkmNRjFtGlWBInWhUkmRVgFlLcE09dVRNdlpZa1NPeFpXVkNJZ1
224=FLfl1RdlNCbk08bk4+cFA/eFdGeVlIfl5Ve1xReFlNe1tReFhJd1dDeVhFfV9YfmBaeVlI
225=e1xSf2JgfV5XelpLfmNmgGd0hGp1e1xRd1ZCdVVDdlhDdVk9cE1AcjtUdzdre0pxdldcb1
226=NEbU87blA9b1FAbVA9b1JDd15jcVVMclVMdFhScVNFblA+b1JCc1dOdVpWd11gclZNd11h
227=dl1fclZMc1dOc1dPblA+bU87blA+b1E/blA9bE46bE45b1JCcFNHcFNCdkhYeEZdeVdNeV
228=5GeVpFdlVBfFxPgGRmf2JfeltNellIeVhGe1pLf2BWgGBVg2VkgmZseVhGblFEeFtUgGNi
229=eVhHellJeVhGeFhFeVhFe1tNfF5WelpPeVhGe1pJfV1NeV1VbVldW0hGTDo4aFBRbFRaYU
230=pOYEpJgWFVbVJTf15Sl2pPkGdWelhUimNSflpQeFVUimBahFpNl2dSomlGpG1PmGVKlmNJ
231=lmZPlmdRjGFKc1VMbVVaaFFXblJPZ09QY09LeWFjdVlScFBAdFREeFlIfVxQeltOeVhHd1
232=dDeFdFeFdDd1ZDeFdEd1dEd1dEe1xRf2JfeltMeFdDe1xRgmVng2ZofV5Ue11TeltNeFdE
233=d1ZCeVhGfV5UfWFWdltDcE0/cT5Qc0ZXcFNDcVVKclZMblA/bU87b1JCeF9md11fdlxddV
234=tbblFCblA9blE/b1FAc1dPd19lbU87blA9blA+blA8bU88clZLdFhScVVMdVtbdlxbclVL
235=c1dPc1hRc1hTd11icVRGdltLdllDeVlDe1tNellJd1ZAeFhHfF1UgWRlfmFfd1ZEeFdEd1
236=ZBeFdCd1ZBfFtLfl1RXkhIOC47XExah2txelhFd1ZCd1dEeFdEeFdDeVhHeFhHe1pNe1xR
237=eVlLellIeFhHdVhNeFhIcFZNd1xZeFtWZU1EbFNXalBWUT1HXkhNWkREdFhaVT0/b1JVdV
238=ZWh2BUlGdWkmZWl2hSj2BGk2RLkWVSj2RRj2ZWhmBPgVxLdFZNdVdLdlpVd1tWdlhNdVZF
239=elxTfFxSfFxRfV1TeVpPe1tQelpLd1dDeVhFellIfV5UeVlLeFdEellHgGNke11Td1ZCel
240=pJeFdFfl9Xf2NheltOd1U/eFdDd1dDeFdDeltOfWBdfV9YfV5VfmBcf2JadllFZUk1blBA
241=emJsemNvb1NHblA8blA+clZLc1dOcVVKdltZcFJEbU88cVNDd11fdlxfcVVMblA+bVA+cF
242=JAb1E/cVNFeGBmdVtcdVtaeF9leWFqemJseGBndlxdd1xdc1lWclVHdlpOdFRBeFdEd1ZC
243=elpKfl9ZeFhGeFdDd1ZBdVU/d1ZDeFdDfV1RelpJfV1SfFtKdlZETj9GLyYyQjhIaFJWeV
244=pNd1dEd1dDfFxPfF1TeVhGeFlKfV5Wd1dIc1RIfFxRe1tNd1ZBeFZBgGBWg2hugmVjcVZK
245=dFhTc1hUaE9KXkc9Z01EbFJQbVFKdFJFeFhQhWFUkGpicFFJgFlDhV9PelQ/gFxMelhIaU
246=k5cFFBel1ReFpOclI/fWBbg2hug2dsf2Bad1ZCeVlIe1tMdlhKcFROfFxOfl9ZeltPeVlH
247=fV9XfmJifF5VeVdDellHgmdre11ZdFJCd1dEeFdFeVhHd1ZDfF5XeVpMd1dDeFhEgGNihW
248=t2fF1Vd1ZAeVhEeVhGfF1Td1hKZ0k5blA/dltYd15gcVRHblA/cFJDbU45bk87bk88cFNE
249=cFNFb1A9cVNEemJsemFsblFCb1A9blA8b1E/bU88cFNFeWBoblFAb1FAd15jclVKclRIb1
250=JEbU87bU88cFJBdFdHeFlIeFdFeFdEeVlIfmFfgGNkeFhGd1ZCe1tOe11TelpJeFhHeFhH
251=eFdDeVhFeFdDelhEalBKTz9FSTxIYk9afmJjellGeVdBgGFZh2pyhWdohGdog2Vkfl9WeV
252=tRbVFHeVhJeVpKd1dFdlZCd1dEe1xYfWFic1NBZkg4blA+eFtMeVlHf2BahWlvf2JeelhB
253=f2BXf2BZd1dGb1A+Z0k5ZUc6cFNGbVBAZ0k6clZOeF1Zb1JFblFEdlpNdFdHfV9XfmBYbk
254=88Z0g3dldHZ09MTz1Df15Pf2FaeFlKe1hDfltHfVlDf1lIgl1ZiGVhg19ThmFEjWpBgVxL
255=fFlGfFlEf19WgGRneltPd1ZCeFhEg2duhWt5e1xSeFZBgGNigmdte1xQeFdCdFRDbU4+ak
256=w5blA9cFJAcFNDc1hUdFlYb1JDblA9b1FAcFJCb1FBb1FAdFlVeF9kclVLdVpXc1hSblFA
257=bU89b1JCcVRHcVNFdFpWeF9mcVRGbE46b1E/c1ZHdFdHeVpKeVhFfFxQe1tNd1ZCfF1ThG
258=p2eFhFeFdEeFdDfl9XhGl0gWVpgWVogGRkf2JefmBce11Wd1ZCgWFXimxxhWNcjGpojGpo
259=hl5IhlxBjmVUjmZYil9HkGdYl3N3lG9thl9PVz9BfFlIhmNWcFA/a04/dlpMbFBGdllTc1
260=NCZ0k5cFRLdltUdlpPdVdJfWBdgGRmcVE+clNDcFE/ZUc2ZUg6bFBJdFpZd1xXfGBbd1hN
261=aEs9blJLdVpXdFhPeFpMeFhIeVlIeFdEb1FDblFEfF9ZdVtbTDxIXUdGellOiGBNiF5Hil
262=5DjV9Hm3BTqIRWlWdSiVRFo3w2tpgtm3Nmkmhdil9Ei2JPg1xGgFtHe1hCelhFf2JefF1S
263=eFhHelpLe1xRgmhwfF5Vd1VBeFdDeFdDclNBbE49a009bU89cFJCdlxccFNGblBAbU88cF
264=NEd15gcldQclZNdVpWc1hReF9leWFqb1NHb1E+b1E/blA9cVNEdVpXd15jb1JEcVNCdFZF
265=elpKeVhFd1ZCeVhFfVtHellGd1ZDe1tMgGJeeVhFfV1Re1tMfV1QfF5XellJfl9WgWVof2
266=JggWNigGBZf1pFhmBQj2hciV0+jV9Bk2VNnG1enGxYl2JFlmJBlmBBoG1ao3NtnWtWkmFD
267=YkVBYkhHfllIgVc+b006e1xOfl9SeVhEcFA9Zkg5blFHcVVLcVRFdlhIgGJhgWZpZkg0ak
268=09b1JDbFBHdFlWd1tVd1tQfV9Wfl9Wb1FCZkk6blFDdVhKdVdHfV9ceV9le15YeVdBgGNj
269=X0xWUkFMelpQgltHfFU9jV5BnnFmmmtZlFxCllxIr4I32cUY070e0bcn5tcc4tQUwqIunW
270=ZcoG5ll2ZMkmJGl29qj2lgh2FPf1pDelhDellJfF5XfmBae1tOdlZCd1ZDeFhKe15beVpN
271=dVU/cVI/aEs5aUw8a006blFCdFxhbVFEblJFd19nd19ocFNIb1E/blA+clZLdVtbblFCb1
272=A9blA8bU87bE46cFJCclZPdFhNeFlLelpNeVhGe1tMf2JdgmNfb1ZXcFNHeFZAd1ZBdlVA
273=elpLeltOeFdDd1ZBd1ZAd1ZBeVhHeVlIeFZAf1pDg1pBiF1DjV5BlWVMoG9co3BcpW9Xom
274=dNo2VPqW5FpWVFq25FqmpMrHBFomNCoGFEpG9an3Fni1xBdlJGglpHjGBDjmddjGxueFlP
275=Z0g3cVVOdlxddFdLd1tOd1pOf2NkdllTZkg0clZPeWBndlxedFhOd1tNd1pNfF1VdFZKZk
276=g4cVVKeFtOeFdEgmVmh25+fmBce1lFclZRSTtJOy42Z0xJjV9BmWZHnGZDqHJlqG5gsXw+
277=zq4u5dQa7OMM+fMMzccYq6Ek8+wS38scv5MxsHlXompMnWZEnWtVoHRvkWZVhVtAg1xGe1
278=hDeFdDfV9aeFlLdFVBdldFeVxUeV1Xel5ael5ZfWJjdVdJak07YUU1ak4/clpcc1tfblVO
279=blNJcllab1RMbE8+bVA/eWFrcFRHblFAdlxcd11gdlxcc1lWblFBcFNBeFpLelpKg2hveV
280=lKeVhFfFxMeVpNNi06VEJGhmZggGNjeVhHeVlIf2Jef2FfeVpLfV5WfF5YdlZCe1hFf1lD
281=iF9Hk2lZl2lXl2NCnWZFpmxLpmdIsXBhwYhnyp4u38Ud3cEh4soc3cIg5Msk17QuvIM8sW
282=1QrG5dcE1HSjY7fFlUnGhJlWZPkWldfltOZ0g4bU9Cdltac1hTdVlLelxRf2Jgg2drb1JF
283=Zkg2dlxad11gclZJd1lKgGRkgGRlbVBDZUc4cVVKdltRdVlKeVxUfF9ae1xRgmRjgF5TW0
284=I8RTQ4Uz9CfFQ/pGtKqGtRrnJB17U67N0i8uoS8+sP8ekO9ewN4dcauq4i6+QN8uoN698O
285=zqgmq2hIp2lFomhDo25VlmRHj19Cil9Ehl5JgWBWfmJjf2Zwd1pRdFQ/c1M+cVI+dFVFdV
286=hOd1xXclVFb1E+Zko5Y0g4ZUo5blNLaU0+Zko2aU0+bVNMak5Aa089dltWbE49clRGclZR
287=dVpVclZSdltWd1lLd1dCe1lIgWRlgmdsfFxRd1ZCellEdFZLPjRFRzxLdl5mel1WeVlHeV
288=hEe1pLhGdph2t0hGhteVlJe1lFhF5Mj2hdlmxil2hRmmVEpGtLqWxIrWxFuHs80acx6tQh
289=8ucR8+sN9e8N9u4N8OoNm5Ap39YX8eIb2rgpu4Q5cU5ERTE1Vj9BdU03lmJBkWFChFk/dl
290=E9cVVOdFpcc1dLeFtPeVxPdldGelpLf2FedVhPblBFdFZKZk1EQjY/eF1chWlygGNjbE08
291=b1JIdFtcdVtXdllLd1pNfF5WhmVgiGBKjV9BkGJKnWxZpGxNqmxItndXyJc459YV9esN+v
292=IM8+kQ8+kO8+kO9OoM+/EN8+oP8egO8eYP5c8bx5Q0sGpJrm5KrXVenmhMl2VIkGNLh11D
293=f1pEeVhGe2FjdVhMbE8+bFBBcFI+dVZFc1REblA9bE89blA9cFI/bE8+Zko5Y0c2aE0+ZE
294=k4aE09ZEg1aE08Z0s8fmJjfGBieFlLcVA7dFVBcVE9d1hJfWBdfl9WfF5XgmdtgWRmgWVp
295=fmFfd1dFeVhGclZQX0pNaFBPdVVBeFdEeFhFeldBclVMWElWZlBSfFlFfVhBhFxEkmhYoH
296=RtoW9apm1Qr3NYsG5JtHBD2bQk7eEN8egL9e0Q9esS8+oP8+gM9uwPzsEn3dQQ9u8Q8+kS
297=580Zs3g/h1BCglQ6kV5Aom5Yo3VrlWlYe1M7e1hIcVRJcFRQdVpXd1xVdVpNdllKdlZEeV
298=lIa0w5bk48V0VJKiU4YkpDe1tLdlhNZkg4a008ZEpBclhQd1pMfV9ahmhrimZdjGJOils/
299=lWNHpG1QpWlDrGhKwYZF59Ih8uYP2s8SyLsb+O4N9OkO8+kN9eoP9eoQ9OoQ8+oP8ekN8e
300=cV3b8jt3k7qmdGsnllo21QlmJDjV5Cg1k9fVY8dlQ/cVNAdFVEWERGVUNGellJYEo4X0s7
301=Szo9RTY3cVREbVFCbVFCcFNFaU07bFA/a08/bFA+cFRKcFRFbU89e2BfdlhOdVZGe11Ng2
302=RYclJBgGBSclNEc1ZNe11Uc1I/d1dIgmdte1xQd1dEellHe1lDfFpGelhEfl5SelpKe1pM
303=fV5XWEdRLyg3SjxHeVpPiGRZkWtlnHNwp3p2r356snttrm9Ns25FwHpT4sA27+EO8+kO/f
304=MO9esO9eoQ9uwR9eoQ//MP//gP9eoR8ugP7uAR4cIfx482q2pDsHRYrXhpqnt3m29kd1NF
305=h2VgiWtve11YcVVNcldUdVlSdlpNdFZFfV9bfmBdc1M/bFFITDs5SzYsWD4vZkg5a09GdF
306=lWdltYc1dNdVpNdVZGfFhDhV5If1ZCeU43kmJJnmdHpWZFtnw+2rog694Q+O8O1swdnY8n
307=7OEJ+OwQ9usR9+sN9+wL8ukN8ukN8ugN8ukR7+YO5NEUxJksomVBnGRDlWJGjmBHhlxEgF
308=xNd1VCblFDc1dNV0NEPjE3WUI6Tz8wNS4jMik0Ni03bFJKaU5Da1BGbFFHcFRGb1JBcVZQ
309=eF1cYlBcYElDclM+elxRgmNgbFRQhWdfkm5ahmBLjWdThmJOdFM/dFRAeFdDd1ZFdlhMdF
310=VDeVhGfFxOfV9XeVlJeFdGeFhGeFhFfV5ShGdqXkxVNCoyNCowUz89hmVhkWpgkmVPmmhO
311=qHRjqnJZqmpCtG9GxH1W5MA38eMO7+UNtakh6dwQ9+sM8+kM9uwP8OYQtqki6+ET9e0P9O
312=wT69kbyqUkoGs6oGlOnGhJnGpTlmdQlGlXjmtpiGpyhGhueVxYZUc2blFEd1tOdVZFeFhI
313=gGNihGhuh2txf2JebVFIZkk5clZOd1xZdltPc1NBc1RGelpIgGNigF9VhFxEhFlAjWJPo3
314=Nmpm9XpWVFuIA74swX8eYM8ekL9REAAHMRXREAAAAAAAAAAAAAAAAAAAAAAABc7Q/06hHy
315=6Azz6Q306g3t4xLq3xX27A3x5wzx5w3x6Q7w5w/q3RPJpyWeY0CWYEGVZU+NYk6CWkd/XE
316=91VUVrTj1qT0JnTUFYQTRZQjJqTj1vUkJbRTszKS8/MS9hRzVpTTppTT5eRz9dRz1rUEBW
317=SDsxLTJOOzxpTTuUb16XcF6KZlCQbFyfeW1/Ykx1WUOWb1eHYkx7WER8WUZ4VkODX0x4VU
318=RxUT93WEx+YmB9YFt9YFt1VEJ4V0N8XE96WUZ5WUptVE9iSDtsTjl8WEKFW0GNX0GVYkGe
319=ZkCpbkuqbEewbEa6c0fcuCPw5Q7z6g2sny3QxBH37Azz5wz26w/z6hGqnS3TyRTx4BzYqz
320=LAgEOzbk2oaUWdZEGcZkSaaE+YbF2OZVWLaGOCY2F6WUdwUT5nSjtyVk13W1B1VkR9XlaD
321=Zmp9XFqBZWWDZmd/YFlrTDttTj91WUx2Wk53WUp9XVJwU017X119W0mBWkOKX0WZbV6hcW
322=ShbFChZ0Kpa0O5fz3Ysjfq1x3y5w307A3z6w7z6g/68g3GvB2Yiifx6Qvz6hDx6g7y6g7u
323=4xDStSOkbT+YYkWOX0SNYEiEW0R5VEByUTttTz5mSzlmSzplSjhoTTtoTTxnSzlPPDNQPT
324=g3LDExKC1nTDprTj1cR0UtJy85MDpnT0dmTj5RPjhKOThYQjqPbl6Tb12XcFuUbl2ed25r
325=WERaSzmCXkmAXEmDX0yKZlOJY1RwVkBqTzp1U0J6WUlxUT56Wkh/Xkp6WER1VEJ1VEJ7Wk
326=uBZGOEaGp/Xk98WkhYQ0R5WEyWbF6RZld5VUmSZVaobEmtbESwbUTGkTfjyhrv5Q358BH2
327=7RH06hDz6g3z6g/z6g/37g/y6Q3q2RnNmy+7eFO0dVywdl+ncVqcaU+RYEGMYEaKZFeFZm
328=eBY2B3VkJwUD5lRzhuUUV3XFB3V0WAY2GAZGV2VUJvTzt1VkZyU0NjRjZsT0J0WFF2WU52
329=Wk12WEd0VUV4WEZ4V0OAX1aEXk2KXkSMXT+OXD6ZZUmiaUezdGS7fHm8gk/Moyblzxf16R
330=Hx6Q7y6gvv5xbb0hvw6Qv38Azw6A3q3hLSuR6qfzGRXECVaFmIXUZ5Uz5sTUB3VkdqTkBj
331=SjpjSThiSTlgRzZfRjVgRzdiSTgvJywuJzBCNjwyKTBNOS5EOCQ6NDAwKDIrJCxENjVjST
332=puU0hwVUxuU0tcTTQ+OSaIZFCQalaOaliTa1KRalKAXEmCX02JZ1WEYE+JZ1hcUT1RRTR9
333=WkZ/XUh/XEh9Wkd7WUWDYlCGY1J6V0V3Vkh+YF9/YFmAYmCCZ25RPkc4Mi5qUkttVV81LD
334=peSE6gakyJXEmfZUeua0vNpirp2hLy6Q/17wz07Q306g3y6gry6gvy6w3v5BLfyRvEmi+s
335=cUOhZUKmcVukdWmPYEWJXkaGXUV4VUJXRVFzWFV6WUVzU0JoSjxwVEl0V0p2WU18XVV8XV
336=NrTTtkRjhyVUpyVEZqTD1xVUt0WFN0Wlh2WlF3W092V0d7XVOBZWmAZGR8WkaFXkZoSDtM
337=NzmRZEyXZEejcmOvfHKjaFKiYESdaj6pkC3p2RPu5gvv5wnu4xHUvCDFpSPIrB+jfC6JWT
338=2IVUGGW0N/WER/WENDMzEzKS1hST02LTA4LzZbRT1eRztbRTlfRjlNPS42LiFDNDUxJyg5
339=LjE9MDNVQDU+NCshHyM0LDc/MjJHNS1dRTdoTkBnTkJkS0CJZU57XEeGZE5rWEWAY1CDaG
340=mMaFGOaFGJZlWMZ1GIYkmBXkSEYlCHZleJZlWIZFF+W0h/XUmGZFOLZ1WJY06BXUt0UkB1
341=VEFzU0B9XU+AYVtrUEhWQTxjSUFbR046LTZGNz1vT0ZXQESLXUajaESmbEq4ij/NrSbJpS
342=jNsClzZS+9qCPo1BbZwRvHn0OxfGGcYEacZEWYZEOVZEaFWkNzTDd9V0WAX1ByVkpFN0JV
343=QDttTzxwUEBkRjVrTT9wU0V1WUx2WUx3V0VzU0BnSTpuUkV3Wkx7XVZ5XFZ1VkNpTD1vUk
344=V2WU12Wk58X1p+YV15WUt3VkF/W0VSPz8tKDuCXU56VUNfRkSXZUeVY0SZY0F1S0ZdRje6
345=mii6mijCpySqfzhuSUFLMDaKWD5nQ0FUOzZ/VjpzUDtuTDZsTDk7LjAsJS5ANTYfHCUoIi
346=tHODhZQjRUQDZUQThVQTdQPDFXQTFPOyxFNjM2KyxINi5LOz4rJC0wKDBUQT5iSTpiSTll
347=SjhnTT1mTEGSbVuTa1WEZVFfVEWAYUqIZlSFaWWHaWKQa1GNdG6HbWWEbH2IZE+EYEqNal
348=iSbV6QalWFYUyKZVGZcl2Wcl+FYEuLY0qRbVp2WFJ1VEN4V0J8WkZ/XU1WQ0pqUE83MyM1
349=LTJsTUZjR0RNOTtzTjajblqjb2qYYEaeYUiIWEovJD9zTUavez6ga0efZ12ebF2SYUGQYk
350=eSZ1iNZVh9Vj1zUD1yUT9/YFR/YFhkS0JcQzZkSDlnSTlvVE51W1x1WE51WEl9YF1+YmJu
351=UEFmSTpyVkx3W091V0aAY2J/YV5wUDxpSzxzV054W1B5WUd+X1h7XVR2V0V2VkJmTERCNk
352=FcR0hfR0JINzprTD19Vj2BWj57VURQOTdaOy93SzuBVEN+UUBEMjIpIixwTj5XQTk8LS9Y
353=PzJiRjhgRTVcQzRVPzJAMSlCNC8zKSkoICEwJiRHNitTQDdSPjNVQTdWQztWQjdXQTRWQD
354=BTPi9VQDJQPTg0KiwsJCc7LSZAMjFRPjpoTTtnTTxpT0GFaFuCZlaLaVaHZEuJZEuIZU96
355=a4pwaZyHc2BxZlxgVkx1ZXp+a4KMZ0yOaVONaluSbFWVbVSMaVROSzItMh5jUT6XcVyKaV
356=5zVFV0VEd4WER4V0N/XU1TQUlZRENTQTU/MztwUkp2VUYsJjZnSkNoTzJdR0KJXkmTZElh
357=SEg1Lj9SQEpgQ0SGW0iLYEmMYUqGXEOKY1WMbG2BYVtwU0V3VkN0WE0/PC5oVFaFZmKEZV
358=93WU9mRzVvUkZ1W1xzWFF2Wk11WEp+YmF4W1ZlRzdvU0d3Wk12VkOBZGWBZGZtTjxkRjhw
359=VEh3W090VUN9X1uBZm55XVdzUz94V0NxVEdvVEprUEU6MDgxKzlbRj1EOCJvTjl1Uz5sTT
360=xmSTlzUTxwTzlVPzc3Ky0/Mi0wKB1HNTBHNi5VQDVWQTZUQDVUPzNUPzJWQTVTPjFMOjBO
361=PDJTPzVUQDNWQDA6Lis2LC1VQTRUQDZVQThWQTRVQDJXQDBaQzNaQzdhSTxLOjosJS9CND
362=NlSzhnTDpkVEBOQi6QaVSNaVqMaViMZ1GHZlV3ao9jXWNKS0U4Ny9QQzeEZmKNaVWNaVaR
363=bV+MaFeTbmGYc2VyW0lnUD91WExfSUZlTU9gSEtvUkZ2VUF6WUdxVU1LPUdNPUJ1VUtfSE
364=ZPOzNcRT4/NEFOPDxXQzI8MTptT0R7WUpPQEsyKDRFOUU+Mj9yU0d7WEVfR0J0VURpTzpr
365=Tj1TQEM7MkBZR05FOERQQT1lSjh8WkdwUkNkRzlqTUJyVlJ3XFl5XVh8X1qFaW6AZGRnST
366=dlRzdxVEp2WlB3W055XVR8YF11V01vUEBxVEl2WU10WUxzVEB2WEh1V0pzVEF0VUNzU0Bu
367=TzpfSEA5LzotJi9LPD9kSTpqTj1kS0A7MDQuKTQ6MyxaQzZjSTxHNjQ+MTZbRDlZQzdZQz
368=ZWQjZQPjRSPjRRPjVQPTRRPjI3LS4yKStTPjI+MS48MTJRPjMtJiomIChOOixRPC1TPzNT
369=PzZWQTRYQjNZQjJcRDNgRzdaRDgpIy4vJy5jSThmSziPaVKNaFGOaVOQbFuIZliKaFmLaV
370=l4bJV3Znx6ZVF6Y06EYUmNaVSNa1yQalaYcF2SbFqSbl+Vb2Cgd2aLaVpHNj1XPjVeR0hr
371=U05xVEJ1VUF3WEdTQkgxKTZQQUt4WU17Wkd3VkJ7WkhmTUtaRD5rTkFcRUJOOzptUkpoUV
372=BENTdENDZFNTQsLBo/MywuKDlmTUZOQCtFNz1JPEkyKTI9NEIoIzViSUR8WUJqTT1yU0Jp
373=SjpxVUt3XFN5WUd/YFiCZml3WlZpTD9kRzdrTj91W1l3XmN0WVN2WUt7Xlh9XlVwUD5iRD
374=NrTj9zV0tyWExuUUBzVEB0VEFxU0FjRzhcQTJnTkRMPDs5LS1BMzNVPzRrT0FaRkYuJzEn
375=ISkxKjBOOzNcRTpOPDo0Ki9DMylRPCxWQDFUQDdSPzRVPzFUPzNSPTBSPTAtJSolHyVCND
376=InISktJjA0LiodHRUtJCU+LylLOCxVQDFWQjlWQTVXQTJZQjNZQjNdRTdhSj9RPz08Ly9M
377=OTFiSTuQalKNZ06NaFKNalmOa16KaFaNaViFZViHZ1qJY0qNZ1GNa16IZlKNaFB5XkdLRS
378=tdTTiQa1WWbVSNalhdRkRHNjVaQzhdRz50VUJyU0B2V0d4WEtYRUk0KjM2LDRRPTd0VEF7
379=WUV5WUlOPUV3W1mDYlZ5WEV7WkxdSU93WE18WkZ4WEd+XUxpT0BcR0Q+Mz9FN0JpTkVJOk
380=RRQEdFNjdGNjZCMzJRPj1oTkhqT0dpSzplRzhuUkV2Wk50Vkd3VkF6WUdtTjxmSDdzV1F4
381=XmJsU1J0WVV0WEx5WEd7W05sTj9jRTVrT0dyWFZxVUt2WlJ3XFpzWlp2W1ZyVUdqTjtkSD
382=lpT0JsUUFtUUVrUUlpT0BnTDpjSj1HODY0KSc7LSZPOy9bRDdXQTNNOzNKOC5TPjBVQDBS
383=PjNTQDhXQjVSPjRPPDBRPTBHNzEwJiM2KysqJCojHSIpIiM3KiJRPjVWQzxUPzJWQDBUQT
384=dWQjhaQzRZQjNbRDheRzxiSkFiSDlhRzhjSTlqT0CRa1KRa1OPalGRbFeQbFqMaFCLZ06L
385=ZkuKZUuKZ1GPbFqPbWCJZk+QalJlVD04Oit8X0uVblaLaFNoT0lVQURaRjxsUUByUz9xU0
386=FyU0F0VUV1WE51V05oTkdkS0VwUkl4WEZ6WEV6WktPPUNOPD1oTUB8Wkd3V0dGN0BhSUN2
387=VkZ3V0ZXQ0V4WEqEYVNuU087MD1XQ0JWQT5UPzZtUUV8W0yAYFV5XFV5Wk52V0tlRzZrTT
388=1xVUhyVUd3W091VkZ2VUF5WEV1VUJpTD1vU0xyVk90V0h2V0Z3VkJ8XVJ8YF5zVk9uUUZz
389=WE1zV0p3XFh7YWVtVlt2XF1xVEdvUT5tUD1rTjxsUENsUUhtU0poTT5kSjhmTUJmTUNhST
390=1bRDVdRjpbRj1cRjxcRjxdRz9YQzpWQDNVQDRWQjhYQjZWQjlUQDNSPS5UPzJQPTNRPjdO
391=OzRJODNKODBYQztcRz9aRDtZQzdYQjFXQjdcRz5gSDpdRTRdRTVhSDlkTEJmTUFoTTxpTT
392=prTz2Xb1WYcFiUbFOUbVSTbFSTbVSSbFSRa1KPaVCTblmSbVqOalmRbF2Ra1STbFSUcFmV
393=blabclmGZVU9LzlgTExvVEhwUkFxU0FwUkBxU0FyVEF1VkV6Wk56W1B6Wk58W0t6WUd6WU
394=Z8XE12WFBqT0RxUj95WUl8XVRiSkhUQD5rT0V8XFBIOEFfR0FxUkN7W0xgSENUPztsT0J9
395=W0Z7W0x5Wk9sTj94V0RuTz5iRTVsUEh0Wlh2XWB1Wlh2WU12V0h2VUJ4V0RuUEBjRjdrTk
396=B1WEx2Wk12WEh3VkN8XlaCZml+YFdoSThrTj9zWE9vVUhuUkN3WlB0V0xuUDxvUUBvUkRv
397=UkZwVUxpT0VrUkhqT0NnTD1kSzxfRzleRz1dRz5bRT1aRDtfSUJaRT1ZQzpZQjVZQjJZQz
398=hYRDtaRDZXQjdXQjhXQjlWQThXQjdYQjZaRTpdRz1aRDdbRDZaQzRZQjNeRjheRjdeRzlg
399=ST9hST5jSjthSDdjSThkSjllSzpoTDtqTjxsTz0RAAA=

[Africans]
IQ=0
Edge=North
Color=MPLime
Allies=Africans
Country=Africans
Credits=0
NodeCount=0
TechLevel=1
PercentBuilt=0
PlayerControl=no

[Alliance]
IQ=0
Edge=North
Color=MPCyan
Allies=Alliance
Country=Alliance
Credits=0
NodeCount=0
TechLevel=1
PercentBuilt=0
PlayerControl=no

[Americans]
IQ=0
Edge=North
Color=MPGreen
Allies=Americans
Country=Americans
Credits=0
NodeCount=0
TechLevel=1
PercentBuilt=0
PlayerControl=no

[Arabs]
IQ=0
Edge=North
Color=MPBrown
Allies=Arabs
Country=Arabs
Credits=0
NodeCount=0
TechLevel=1
PercentBuilt=0
PlayerControl=no

[Basic]
Name=Nuevo Mexico (2)
Percent=0
GameMode=standard
HomeCell=98
InitTime=10000
Official=no
EndOfGame=no
FreeRadar=no
MaxPlayer=2
MinPlayer=2
SkipScore=no
TrainCrate=no
TruckCrate=no
AltHomeCell=99
OneTimeOnly=no
CarryOverCap=0
NewINIFormat=4
NextScenario=
SkipMapSelect=no
CarryOverMoney=0.000000
AltNextScenario=
MultiplayerOnly=1
IceGrowthEnabled=yes
VeinGrowthEnabled=yes
TiberiumGrowthEnabled=yes
IgnoreGlobalAITriggers=no
TiberiumDeathToVisceroid=no

[British]
IQ=0
Edge=North
Color=BritPink
Allies=British
Country=British
Credits=0
NodeCount=0
TechLevel=1
PercentBuilt=0
PlayerControl=no

[CellTags]

[Confederation]
IQ=0
Edge=North
Color=MPOrange
Allies=Confederation
Country=Confederation
Credits=0
NodeCount=0
TechLevel=1
PercentBuilt=0
PlayerControl=no

[French]
IQ=0
Edge=North
Color=MPBlue
Allies=French
Country=French
Credits=0
NodeCount=0
TechLevel=1
PercentBuilt=0
PlayerControl=no

[GDI]
IQ=0
Edge=North
Color=MPBlue
Allies=GDI
Country=GDI
Credits=0
NodeCount=0
TechLevel=1
PercentBuilt=0
PlayerControl=no

[Germans]
IQ=0
Edge=North
Color=MPBlue
Allies=Germans
Country=Germans
Credits=0
NodeCount=0
TechLevel=1
PercentBuilt=0
PlayerControl=no

[Houses]
0=Americans
1=Alliance
2=French
3=British
4=Russians
5=Arabs
6=Africans
7=Confederation
8=YuriCountry
9=Germans
10=GDI
11=Nod
12=Neutral
13=Special

[IsoMapPack5]
1=5QsAIAs6AA0AAAAAAAABATsADWABaQFRKCkAUigrADkADuEEOigpADsoKQA8KCkAUCgpAFEoKQ
2=BSKCkAUygrADgAD/0KOSgpADooKQA7KCkAPCgpAE8oKQBQKCkAUSgpAFIoKQBTKCkAVCgrADcA
3=EOEPOigpADsoKQA8KCkATygpAFAoKQBRKCkAUigpAFMoKQBUKCkAVSgrADYAEeEPNygpADooKQ
4=A7KCkAPCgpAFAoKQBRKCkAUigpAFQoKQBVKCsANQAS9Q02KCkANygpADgoKQA6KCkAOygpADwo
5=KQBQKCkAUSgpAFIoKQBVKCsAOAAT4Q87KCkAPCgpAFAoKQBRKCkAUigpAFMoKQBUKCkAVSgrAD
6=gAFOkMPCgpAFEoKQBUKCkAVSgrADQAFfkGNSgpADgoKQA5KCkAOygpADwoKQBRKCkAVCgrADEA
7=Fv0KNCgpADUoKQA2KCkAOSgpADooKQA7KCkAPCgpAD0oKQA+KCkAUSgpAFIoKQBTKCsAMQAX+R
8=E1KCkANigpAD0oKQA+KCkAPygpAEAoKQBQKCkAUSgpAFIoKwAvABj1DTIoKQA7KCkAPSgpAD4o
9=KQA/KCkAQSgpAEcoKQBIKCkASSgpAEooKQBLKCkATygpAFIoKwAuABnlEy8oKQAwKCkAMigpAD
10=MoKQA0KCkANygpADgoKQBDKCkARCgpAEUoKQBGKCkARygpAEgoKQBJKCkASigpAEwoKQBNKCkA
11=TigpAE8oKQBRKCkAUigrAC0AGuUeLigpAC8oKQAwKCkAMygpADcoKQA4KCkAOSgpADooKQA7KC
12=kAQSgpAEMoKQBEKCkARygpAEgoKQBJKCkATSgpAE4oKQBPKCsALAAb4RotKCkALigpADgoKQA5
13=KCkAOigpADsoKQBCKCkASSgpAE0oKQBOKCkATygpAFEoKwArABz5ESwoKQAyKCkAOygpAD8oKQ
14=BAKCkAQSgpAEIoKQBDKCkARCgpAEcoKQBIKCkASSgpAEooKQBLKCkATCgpAE0oKQBQKCkAUSgp
15=AFMoKwAsAB3tGzAoKQAxKCkAMigpADMoKQA0KCkAOygpAD0oKQA+KCkAPygpAEAoKQBBKCkAQi
16=gpAEMoKQBEKCkARSgpAEYoKQBHKCkASCgpAEooKQBLKCkATCgpAE0oKQBQKCkAUSgpAFIoKQBT
17=KCsAKQAe4SUqKCkALCgpAC0oKQAwKCkAMSgpADQoKQA3KCkAOCgpADkoKQA6KCkAOygpAD0oKQ
18=A+KCkAPygpAEAoKQBDKCkARSgpAEYoKQBHKCkASygpAEwoKQBNKCkATigpAE8oKQBQKCkAUSgp
19=AFIoKQBTKCsALQAf+Sc0KCkAOCgpADkoKQA6KCkAOygpADwoKQA9KCkAPigpAD8oKQBAKCkAQS
20=gpAEYoKQBIKCkATSgpAE4oKQBSKCkAUygrACcAIPUYLigpADEoKQAyKCkANigpADcoKQA4KCkA
21=OSgpADsoKQA8KCkAPSgpAD4oKQBAKCkAQSgpAEIoKQBGKCkASCgpAEooKQBNKCkATigpAFEoKQ
22=BSKCkAUygrADAAIfEfMSgpADIoKQA2KCkAOCgpADsoKQA8KCkAPigpAEEoKQBCKCkAQygpAEQo
23=KQBGKCkASCgpAEkoKQBKKCkATCgpAE0oKQBOKCkAUSgpAFIoKQBTKCsALgAi5R4vKCkAMCgpAD
24=EoKQA4KCkAOSgpAEUoKQBGKCkARygpAEgoKQBLKCkATCgpAE0oKQBOKCkATygpAFAoKQBRKCkA
25=UigpAFMoKwAwACPhGjEoKQA1KCkANigpADcoKQA4KCkAOSgpADooKQA7KCkAPygpAEAoKQBFKC
26=kARigpAEcoKQBIKCkASigpAEsoKQBMKCkATSgpAE8oKQBQKCkAUSgpAFIoKQBTKCsAIwAk/SAl
27=KCkAMCgpADIoKQAzKCkANSgpADYoKQA4KCkAOygpADwoKQA9KCkAQygpAEQoKQBFKCkARigpAE
28=koKQBKKCkATSgpAFAoKQBTKCkAVCgrACUAJfkcNigpADsoKQA8KCkAPSgpAD4oKQBBKCkAQygp
29=AEcoKQBJKCkASigpAEsoKQBOKCkAUCgpAFEoKQBUKCkAVSgrACIAJukXIygpACooKQAxKCkAMi
30=gpADYoKQA3KCkAOigpADsoKQA8KCkAPSgpAEcoKQBIKCkASSgpAEooKQBNKCkATigpAFMoKQBU
31=KCkAVSgrADgAJ+0bPCgpAD0oKQBEKCkASCgpAE4oKQBPKCkAVCgpAFUoKwAfACjpDDQoKQA1KC
32=kANigpAD0oKQBDKCkARCgpAEcoKQBIKCkASigpAE4oKQBPKCkAUygpAFQoKQBVKCsAHwApKJAC
33=JykANShVADYoKQA3KCkAOCgpADwoKQA/KCkAQCgpAEQoKQBFKCkARigpAEcoKQBIKCkASSgpAE
34=woKQBNKCkATigpAE8oKQBRKCkAUigpAFMoKQBUKCkAVSgrADUAKv0gNigpADgoKQA5KCkAOigp
35=AD0oKQA+KCkAPygpAEAoKQBBKCkARCgpAEcoKQBJKCkASigpAEsoKQBMKCkATSgpAE4oKQBPKC
36=kAUCgpAFEoKQBSKCkAVCgrACEAKyjwAycpADgoVQA5KCkAOigpAD4oKQA/KCkAQSgpAEIoKQBD
37=KCkARCgpAEUoKQBIKCkASSgpAEwoKQBNKCkATigpAFAoKQBRKCkAUigrABsALO0bHSgpACgoKQ
38=A2KCkAOCgpADkoKQA6KCkAPSgpAD4oKQA/KCkAQigpAEMoKQBIKCkASSgpAEooKQBMKCkATSgp
39=AFEoKQBTKCkAVSgrABoALe0bGygpABwoKQAqKCkAPigpAD8oKQBEKCkARigpAEgoKQBJKCkASi
40=gpAEwoKQBRKCkAUygpAFUoKQBWKCsAGgAuKLwCJykAHChVAB0oKQAyKCkAOigpAEAoKQBBKCkA
41=RCgpAEUoKQBHKCkASCgpAEkoKQBKKCkASygpAEwoKQBNKCkATigpAFIoKQBTKCkAVygpAFooKQ
42=BbKCkAXCgpAF0oKQBeKCkAbygpAHAoKQBxKCkAcigpAHMoKwAYAC8oUAUnKQAcKFUAHSgpAB4o
43=KQAiKCkAJCgpAC0oKQA8KCkAPSgpAD8oKQBAKCkAQSgpAEIoKQBFKCkARigpAEgoKQBJKCkATS
44=gpAE4oKQBPKCkAUCgpAFEoKQBYKCkAWSgpAFooKQBbKCkAbigpAHAoKQBxKCkAcigpAHMoKQB0
45=KCsAFwAw6S0YKCkAHCgpAB0oKQAfKCkAICgpACIoKQAjKCkAJCgpAC4oKQAvKCkAMygpADooKQ
46=A9KCkAPigpAD8oKQBAKCkASSgpAEooKQBOKCkATygpAFAoKQBRKCkAUigpAFUoKQBZKCkAWigp
47=AFsoKQBdKCkAXigpAF8oKQBgKCkAYSgpAGIoKQBjKCkAZCgpAGUoKQBmKCkAZygpAG0oKQBuKC
48=kAcSgpAHIoKQBzKCkAdCgpAHUoKwAWADHlPxcoKQAYKCkAGSgpABooKQAbKCkAICgpACEoKQAi
49=KCkAIygpACQoKQAoKCkAPSgpAD4oKQBBKCkASCgpAEkoKQBKKCkATCgpAE0oKQBOKCkATygpAF
50=AoKQBSKCkAUygpAFQoKQBVKCkAWigpAFsoKQBdKCkAXigpAGEoKQBiKCkAYygpAGUoKQBoKCkA
51=aSgpAGooKQBrKCkAbCgpAG0oKQB1KCkAdigrABcAMuE7GCgpABkoKQAaKCkAJCgpACUoKQAmKC
52=kAJygpACgoKQAwKCkAPSgpAEQoKQBFKCkARigpAE4oKQBTKCkAVCgpAFUoKQBWKCkAWSgpAFoo
53=KQBbKCkAXigpAGIoKQBjKCkAaCgpAGkoKQBqKCkAaygpAG8oKQB2KCkAdygrABQAM/0rFigpAC
54=IoKQAlKCkAJigpACcoKQA+KCkATigpAFAoKQBTKCkAWSgpAFooKQBbKCkAXygpAGAoKQBiKCkA
55=YygpAGUoKQBmKCkAZygpAGgoKQBpKCkAaigoAAABbwAzAAAAAAAAAQF3ADMAAAAAABEAANELAC
56=AEAAEBeAAzAIAAAgEBHgA0hAEBAAEBJCgpACUoKQAmKCkAJygpAD0oKQA+KCkAPygpAEUoKQBI
57=KCkASSgpAFAoKQBRKCkAUigpAFMoKQBUKCkAVSgpAFYoKQBXKCkAWigpAFsoKQBcKCkAXygpAG
58=IoKQBjKCkAZCgpAGUoKQBmKCkAZygpAG0oKQBuKCkAcCgpAHEoKQByKCkAdygpAHgoKQB5KCsA
59=EwA1+TIWKCkAHigpACQoKQAnKCkAKygpADUoKQA8KCkAPSgpAD4oKQA/KCkAQCgpAEQoKQBPKC
60=kAUigpAFcoKQBZKCkAXCgpAF0oKQBfKCkAYCgpAGEoKQBlKCkAZigpAGcoKQBoKCkAbSgpAG4o
61=KQB0KCkAdSgpAHgoKQB5KCkAeigrABEANuktEygpABQoKQAaKCkAGygpAB4oKQAfKCkAIigpAC
62=MoKQAkKCkAJSgpACYoKQAuKCkANSgpADwoKQA9KCkAPigpAD8oKQBAKCkAQSgpAEIoKQBDKCkA
63=TigpAFIoKQBTKCkAVCgpAFUoKQBWKCkAVygpAFgoKQBZKCkAWigpAFwoKQBdKCkAXigpAF8oKQ
64=BgKCkAYSgpAGIoKQBmKCkAbCgpAG0oKQBuKCkAbygpAHAoKQB0KCkAdSgpAHYoKQB3KCkAeCgp
65=AHkoKQB6KCkAeygrABAANygYCScpABQoVQAaKCkAGygpABwoKQAeKCkAHygpACAoKQAhKCkAIi
66=gpACMoKQAlKCkAJigpACcoKQArKCkALCgpADwoKQA9KCkAPigpAE4oKQBTKCkAVCgpAFcoKQBY
67=KCkAWSgpAFooKQBcKCkAYCgpAGEoKQBiKCkAZCgpAGYoKQBqKCkAaygpAGwoKQByKCkAdCgpAH
68=UoKQB2KCkAeCgpAHkoKQB6KCkAeygpAHwoKwASADj5PRQoKQAYKCkAGigpABsoKQAfKCkAICgp
69=ACEoKQAiKCkAIygpACUoKQAoKCkAKigpACwoKQAtKCkAPCgpAD0oKQA+KCkAUigpAFMoKQBUKC
70=kAVSgpAFgoKQBZKCkAWygpAFwoKQBdKCkAYSgpAGIoKQBjKCkAZCgpAGUoKQBmKCkAaigpAGso
71=KQBsKCkAcygpAHQoKQB1KCkAeCgpAHkoKQB6KCkAfCgpAH0oKwASADntPBgoKQAbKCkAHCgpAB
72=0oKQAeKCkAHygpACAoKQAhKCkAIigpACUoKQAmKCkAKigpAC4oKQA7KCkAPCgpAE8oKQBRKCkA
73=UigpAFMoKQBVKCkAVigpAFgoKQBZKCkAXigpAF8oKQBhKCoAYgAnoQRkKCkAZSgpAGYoKQBqKC
74=kAaygpAGwoKQBtKCkAfSgpAH4oKwANADr5Mg4oKQAPKCkAEigpABgoKQAaKCkAGygpABwoKQAd
75=KCkAHigpACAoKQAhKCkAIigpACUoKQAnKCkAKCgpACkoKQAqKCkAKygpACwoKQAtKCkAOigpAD
76=soKQA8KCkATygpAFEoKQBSKCkAUygpAFYoKQBYKCkAWSgpAFooKQBbKCkAXCgpAF4oKQBfKCkA
77=YCgpAGMoKQBkKCkAZSgpAGgoKQBpKCkAaigpAGsoKQBsKCkAbSgpAG8oKQByKCkAdCgpAHUoKQ
78=B2KCkAdygpAHsoKQB9KCkAfigpAH8oKwAOADv9TA8oKQAQKCkAEigpABgoKQAcKCkAHigpACEo
79=KQAlKCkAKCgpACkoKQAqKCkAKygpACwoKQAtKCkALigpAC8oKQAwKCkANCgpADooKQA7KCkAPC
80=gpAE8oKQBSKCkAUygpAFUoKQBWKCkAWSgpAF0oKQBeKCkAXygpAGAoKQBhKCkAZCgpAGkoKQBq
81=KCkAaygpAGwoKQBwKCkAcSgpAHIoKQB0KCkAdSgpAHYoKQB3KCkAeigpAHsoKQB8KCkAfSgpAH
82=4oKQB/KCkAgCgrAAsAPO1HECgpABEoKQASKCkAEygpABUoKQAZKCkAGigpABsoKQAeKCkAIygp
83=ACQoKQAlKCkAKCgpACkoKQAqKCkALigpAC8oKQAxKCkAMigpADUoKQA7KCkAPCgpAFQoKQBVKC
84=kAVigpAFgoKQBZKCkAXigpAF8oKQBhKCkAYigpAGMoKQBkKCkAaCgpAGkoKQBqKCkAaygpAHYo
85=KQB3KCkAfCgpAH0oKQB+KCkAfygpAIAoKQCBKCsACgA95T8LKCkADSgpABEoKQASKCkAEygpAB
86=QoKQAVKCkAFigpABcoKQAaKCkAGygpACUoKQAoKCkAKSgpACooKQAtKCkALigpAC8oKQAxKCkA
87=MigpADsoKQA8KCkAVSgpAFYoKQBXKCkAWCgpAFkoKQBiKCkAYygpAGQoKQBlKCkAdygpAHkoKQ
88=B8KCkAfSgpAH4oKQB/KCkAgCgpAIEoKwAJAD79NgooKQAMKCkADSgpAA4oKQASKCkAEygpABco
89=KQAZKCkAGigpACooKQArKCkALCgpAC0oKQAuKCkALygpADIoKQA7KCkAPCgpAFEoKQBSKCkAUy
90=gpAFUoKQBXKCkAWCgpAFooKQBcKCkAXSgpAGAoKQBjKCkAZCgpAGUoKQBtKCkAcCgpAHEoKQBy
91=KCkAcygpAHQoKQB4KCkAeSgpAHooKQB7KCkAfCgpAH0oKQB+KCkAfygpAIAoKwANAD/xQA4oKQ
92=ASKCkAGigpABsoKQAcKCkAJygpACsoKQAtKCkALigpAC8oKQAwKCkAMSgpADooKQA7KCkAPCgp
93=AE4oKQBQKCkAVSgpAFgoKQBlKCkAaCgpAHAoKQBxKCkAdSgpAHkoKQB6KCkAeygpAHwoKQB9KC
94=kAfigpAH8oKwAHAEAofAUnKQAPKFUAEigpABooKQAbKCkAJSgpACwoKQAxKCkAOygpADwoKQBQ
95=KCkAVSgpAFYoKQBcKCkAXSgpAF8oKQBgKCkAYSgpAGIoKQBkKCkAZSgpAGYoKQBwKCkAdigpAH
96=4oKwAGAEH1IwcoKQASKCkAFigpABgoKQAbKCkAHCgpAB0oKQAhKCkAJigpACgoKQAsKCkALSgp
97=AC4oKQAxKCkAMigpADsoKQBMKCkAVCgpAFUoKQBWKCkAVygpAFgoKQBmKCkAaSgpAGooKQBrKC
98=kAbSgpAHAoKwARAEL5JxIoKQAYKCkAGigpABsoKQAeKCkAHygpACAoKQAhKCkAJSgpACgoKQAq
99=KCkAKygpACwoKQAtKCkALigpAC8oKQAwKCkAMygpADgoKQA5KCkAOigpAFAoKQBRKCkAVCgpAF
100=UoKQBWKCkAVygpAFkoKQBaKCkAWygpAFwoKQBdKCkAYSgpAGUoKQBmKCkAZygpAGkoKQBqKCkA
101=bCgpAHAoKQB3KCkAeCgpAHkoKQB6KCkAeygpAHwoKwAEAEPxQAUoKQASKCkAFigpABcoKQAYKC
102=kAGSgpABooKQAeKCkAHygpACAoKQAhKCkAIigpACQoKQAlKCkAJigpACcoKQAqKCkAKygpACwo
103=KQAtKCkALygpADAoKQA0KCkANSgpADYoKQBQKCkAUigpAFgoKQBdKCkAXygpAGQoKQBlKCkAZi
104=gpAGcoKQBoKCkAbygpAHAoKQB2KCkAdygpAHgoKQB5KCkAeigpAHsoKwADAETtPAQoKQAFKCkA
105=BygpAAgoKQALKCkADygpABQoKQAXKCkAGCgpABkoKQAaKCkAGygpAB8oKQAgKCkAISgpACIoKQ
106=AlKCkAKigpACsoKQAsKCkALygpADAoKQA0KCkANSgpAEcoKQBTKCkAVCgpAFUoKQBYKCkAWSgp
107=AFooKQBbKCkAXigpAGUoKQBmKCkAbigpAHYoKQB3KCkAeCgpAHkoKQB6KCsAAgBF9TkDKCkABC
108=gpAAUoKQAGKCkAEygpABUoKQAWKCkAGCgpABkoKQAcKCkAHSgpAB4oKQAfKCkAICgpACEoKQAn
109=KCkAKCgpACkoKQAqKCkAKygpACwoKQAtKCkALygpADAoKQAxKCkANCgpAEkoKQBWKCkAVygpAF
110=koKQBa6AEPAQFbAEUAAAAAAAABAVwARQAAEQAA0gsAIAYAAAAAAQFdAEVgAQIAAAEBYigpAGMo
111=KQBkKCkAZigpAHAoKQBxKCkAeCgpAHkoKwABAEbpDAIoKQADKCkABCgpAAUoKQAWKCkAGCgpAB
112=koKQAdKCkAHigpACAoKQAhKCkAJCgpACUoKQAmKCkAJygpACgoKQAsKCkALSgpADQoKQBRKCkA
113=VCgpAFYoKQBXKCkAWigpAFsoKQBcKCkAXygpAGAoKQBiKCkAYygpAGQoKQBmKCkAcSgpAHQoKQ
114=B1KCkAdigpAHgoKwACAEflNAMoKQAEKCkACCgpAAkoKQAKKCkADygpABUoKQAWKCkAGSgpACAo
115=KQAmKCkAJygpACgoKQAsKCkAMCgpADEoKQA0KCkASSgpAFsoKQBcKCkAXSgpAGAoKQBhKCkAYi
116=gpAGMoKQBkKCkAZigpAGsoKQBsKCkAdCgpAHUoKQB2KCkAdygrAAMASPUuBCgpAAcoKQAJKCkA
117=ESgpABIoKQATKCkAGCgpABkoKQAaKCkAHigpAB8oKQAgKCkAISgpACQoKQAmKCkAJygpACgoKQ
118=AtKCkALigpADQoKQBJKCkATigpAFcoKQBcKCkAXSgpAGEoKQBiKCkAYygpAGQoKQBlKCkAZigp
119=AGcoKQBsKCkAbSgpAHUoKQB2KCsABABJ+TIHKCkAESgpABIoKQATKCkAFygpABgoKQAZKCkAGi
120=gpABsoKQAcKCkAHygpACAoKQAjKCkAJCgpACUoKQAmKCkAJygpACgoKQApKCkALCgpAC0oKQAu
121=KCkALygpADAoKQA0KCkARygpAEkoKQBXKCkAWCgpAFkoKQBcKCkAYSgpAGIoKQBmKCkAZygpAH
122=IoKQB1KCsABQBK5TQMKCkADigpAA8oKQAQKCkAEygpABQoKQAYKCkAGSgpABsoKQAcKCkAHSgp
123=AB8oKQAgKCkAJigpACgoKQApKCkAKigpACsoKQAsKCkALSgpAC8oKQAwKCkASCgpAFkoKQBaKC
124=kAWygpAFwoKQBfKCkAYCgpAGEoKQBiKCkAYygpAGQoKQBlKCkAZigpAGcoKQBrKCkAbygrAAYA
125=S/E1CigpAAsoKQAMKCkAFCgpABUoKQAWKCkAFygpABgoKQAaKCkAHCgpAB0oKQAeKCkAHygpAC
126=AoKQArKCkALCgpAC8oKQAwKCkAMSgpAEUoKQBXKCkAWSgpAFooKQBcKCkAYCgpAGEoKQBiKCkA
127=YygpAGQoKQBlKCkAaCgpAGkoKQBqKCkAcygrAAsATOEwECgpABYoKQAXKCkAGCgpABkoKQAaKC
128=kAHigpAB8oKQAgKCkAISgpACIoKQAjKCkAJigpACcoKQAoKCkALCgpAC0oKQAvKCkAMCgpADEo
129=KQAyKCkANSgpADYoKQBSKCkAVigpAFooKQBcKCkAXSgpAF4oKQBiKCkAYygpAGQoKQBlKCkAai
130=gpAHIoKwAIAE3tMQ4oKQAQKCkAESgpABcoKQAYKCkAGSgpABooKQAbKCkAHCgpAB8oKQAgKCkA
131=ISgpACIoKQAjKCkAJCgpACUoKQAmKCkAJygpACgoKQArKCkALCgpAC0oKQAvKCkAMCgpADEoKQ
132=AyKCkAMygpADQoKQBDKCkAUigpAFgoKQBZKCkAWigpAF0oKQBeKCkAXygpAGIoKQBjKCkAZCgp
133=AGcoKQBoKCkAbygpAHEoKwAJAE7tPAsoKQAMKCkADSgpAA4oKQATKCkAFCgpABYoKQAZKCkAGy
134=gpACAoKQAhKCkAJSgpACYoKQAnKCkAKCgpACkoKQAqKCkAKygpACwoKQAtKCkALygpADAoKQA/
135=KCkAUigpAF0oKQBeKCkAXygpAGAoKQBhKCkAYigpAGgoKwAKAE8ofAUnKQAMKFUAEygpABkoKQ
136=AbKCkAHCgpAB8oKQAgKCkAISgpACIoKQAjKCkAJCgpACUoKQAmKCkAJygpACgoKQApKCkAKigp
137=ACwoKQAtKCkANygpADsoKQA8KCkAPSgpAD4oKQA/KCkAQCgpAEEoKQBCKCkARSgpAEwoKQBNKC
138=kATigpAE8oKQBRKCkAYCgpAGEoKQBiKCkAaSgpAGooKQBrKCkAbCgpAG0oKwALAFDtPAwoKQAR
139=KCkAEigpABMoKQAUKCkAFSgpABYoKQAXKCkAGCgpABkoKQAbKCkAHCgpAB8oKQAgKCkAISgpAC
140=IoKQAjKCkAJCgpACUoKQAmKCkAKCgpACkoKQAqKCkALSgpAC4oKQAxKCkAMigpADMoKQA4KCkA
141=QCgpAEEoKQBFKCkAVSgpAF0oKQBhKCkAYigpAGwoKQBtKCkAbigrAAwAUf02DigpABIoKQATKC
142=kAFCgpABUoKQAWKCkAFygpABgoKQAZKCkAHSgpAB4oKQAfKCkAICgpACEoKQAlKCkAJigpACoo
143=KQArKCkALCgpAC0oKQAwKCkAMSgpADIoKQAzKCkANCgpADUoKQA4KCkAOSgpAEAoKQBQKCkAUS
144=gpAFQoKQBZKCkAXygpAGAoKQBhKCkAYigpAGMoKQBkKCkAZSgpAGYoKwANAFIoNAcnKQAPKFUA
145=EygpABUoKQAWKCkAFygpABgoKQAZKCkAGigpABsoKQAeKCkAHygpACYoKQArKCkALCgpADEoKQ
146=AyKCkAMygpADQoKQA1KCkANigpADgoKQA5KCkAOigpADsoKQA8KCkAQCgpAEEoKQBFKCkAVCgp
147=AFsoKQBlKCkAZigpAGwoKwAOAFPhMA8oKQAQKCkAESgpABMoKQAWKCkAHCgpAB0oKQAeKCkAHy
148=gpACIoKQAmKCkAJygpACgoKQAuKCkALygpADAoKQAxKCkAMigpADMoKQA0KCkANSgpADYoKQA3
149=KCkAOCgpADkoKQA6KCkAOygpADwoKQBAKCkAQSgpAEMoKQBEKCkARSgpAEYoKQBHKCkASCgpAE
150=koKQBKKCkAUigpAGUoKQBmKCkAaigrAA8AVOE7ECgpABEoKQASKCkAEygpABQoKQAVKCkAJCgp
151=ACYoKQAnKCkAKCgpACkoKQAtKCkALigpAC8oKQAwKCkAMygpADQoKQA1KCkAOCgpADkoKQA6KC
152=kAQSgpAEQoKQBFKCkARygpAEgoKQBLKCkAVSgpAFYoKQBaKCkAXigpAGYoKQBqKCsAEABV9S4R
153=KCkAEigpABMoKQAUKCkAJSgpACYoKQAnKCkAKCgpACkoKQAsKCkALSgpAC4oKQAvKCkAMCgpAD
154=UoKQA2KCkAOSgpADooKQA7KCkAPigpAEEoKQBCKCkARSgpAEgoKQBPKCkAUCgpAGUoKQBmKCkA
155=ZygpAGgoKwAtAFbxKi4oKQAvKCkAMCgpADYoKQA3KCkAOygpADwoKQA+KCkAPygpAEEoKQBCKC
156=kAQygpAEQoKQBFKCkARigpAEgoKQBMKCkATSgpAFAoKQBnKCkAaCgrAC4AV+UeNCgpADYoKQA3
157=KCkAPCgpAD0oKQA+KCkAPygpAEAoKQBBKCkARigpAEcoKQBIKCkAUSgpAFIoKQBeKCkAXygpAG
158=coKwAvAFj1GDIoKQAzKCkANCgpADUoKQA2KCkANygpADgoKQA/KCkAQCgpAEEoKQBHKCkASCgp
159=AEwoKQBNKCkATigpAE8oKQBSKCkAXygpAGIoKQBjKCsALwBZ+RwwKCkAMSgpADIoKQAzKCkANC
160=gpADUoKQA3KCkAOCgpADsoKQA8KCkAPSgpAD4oKQA/KCkAQCgpAEooKQBLKCkATCgpAE4oKQBP
161=KCkAUCgpAFIoKQBfKCkAYCgpAGEoKQBjKCkAZCgpAGUoKwAuAFrtJi8oKQAzKCkANCgpADYoKQ
162=A3KCkAOCgpADkoKQA8KCkAQCgpAEMoKQBKKCkATigpAFIoKQBTKCkAYigrAC4AWyi8AicpADMo
163=VQA0KCkANSgpADYoKQA3KCkAOigpADsoKQA+KCkASigpAEwoKQBYKCkAWSgpAFooKQBbKCkAXC
164=gpAGIoKQBjKCsALgBcKEADJykAMChVADEoKQAyKCkAMygpADQoKQA16AEMAQE6AFwAAAAAAAAB
165=ATsAEQAAOAwAIAhcAAAAAAAAAQE8ACcpAD0oKQA+KCkAPygpAEAoKQBLKCkATCgpAE0oKQBOKC
166=kAVCgpAFooKQBbKCkAXCgpAGIoKAABLgBdAIMAAQEwKCkAMSgpADIoKQAzKCkAOSgpADooKQA7
167=KCkAPSgpAD4oKQA/KCkAQCgpAEEoKQBEKCkARSgpAEYoKQBJKCkASigpAEsoKQBMKCkATSgpAE
168=4oKQBQKCkAUSgpAFQoKQBVKCkAVigpAFwoKQBdKCkAXigpAF8oKQBgKCkAYSgrAC4AXoQtAQAB
169=AS8oKQAwKCkAMygpADQoKQA3KCkAOSgpADooKQA7KCkAPSgpAD8oKQBAKCkAQigpAEUoKQBGKC
170=kATSgpAE4oKQBRKCkAUigpAFQoKQBVKCkAVigpAFwoKQBdKCkAXigpAF8oKQBgKCsALwBf4SUw
171=KCkAMSgpADMoKQA0KCkANSgpADcoKQA4KCkAOSgpADooKQA7KCkAPSgpAD4oKQBAKCkAQygpAE
172=goKQBJKCkASigpAEsoKQBOKCkAUygpAFQoKQBdKCkAXigrADAAYP0gMSgpADQoKQA2KCkANygp
173=ADgoKQA6KCkAQCgpAEEoKQBDKCkARCgpAEkoKQBKKCkASygpAE8oKQBQKCkAUygpAFcoKQBdKC
174=kAXigrADAAYShsAycpADIoVQA1KCkANigpADcoKQA4KCkAOigpADsoKQA8KCkAQSgpAEIoKQBD
175=KCkARCgpAEUoKQBGKCkASCgpAEooKQBLKCkATCgpAE0oKQBPKCkAUCgpAFcoKwAwAGL9IDIoKQ
176=AzKCkANCgpADUoKQA7KCkAPCgpAEEoKQBCKCkAQygpAEQoKQBFKCkARigpAEgoKQBJKCkASigp
177=AE0oKQBPKCkAUCgpAFEoKQBSKCkAWCgpAFkoKQBaKCsAMABj/SAxKCkAMigpADMoKQA0KCkANS
178=gpADYoKQA3KCkAOygpADwoKQA/KCkAQCgpAEEoKQBDKCkARCgpAEUoKQBGKCkARygpAEkoKQBK
179=KCkATigpAFAoKQBRKCkAVSgpAFgoKQBZKCkAWigrADAAZCigBCcpADIoVQA0KCkANygpADgoKQ
180=A5KCkAOygpADwoKQA/KCkAQCgpAEEoKQBEKCkARSgpAEYoKQBHKCkASigpAFYoKQBYKCkAWSgp
181=AFooKwAwAGUomAMnKQA0KFUANygpADgoKQA5KCkAOigpAD0oKQA+KCkAPygpAEAoKQBHKCkASC
182=gpAEkoKQBKKCkASygpAFAoKQBWKCkAVygpAFgoKQBZKCsAMABmKJgDJykAMyhVADQoKQA4KCkA
183=OSgpAD0oKQA+KCkAPygpAEAoKQBIKCkASSgpAEooKQBLKCkATygpAFAoKQBRKCkAUigpAFQoKQ
184=BVKCkAVigpAFcoKQBYKCsAMABn8R8yKCkAMygpADQoKQA4KCkAOigpADwoKQA/KCkASCgpAEso
185=KQBPKCkAUSgpAFIoKQBWKCkAVygrADMAaPEUNCgpADUoKQA2KCkANygpADgoKQA5KCkAOigpAD
186=soKQA9KCkARygpAEgoKQBNKCkATigpAFYoKwAxAGnxFDYoKQA3KCkAOCgpADkoKQA7KCkAPCgp
187=AD0oKQBAKCkAQigpAEMoKQBJKCkASigpAE4oKQBVKCsAMQBqKJACJykANyhVAEIoKQBDKCkARC
188=gpAEkoKQBKKCkASygpAE4oKQBUKCsAMQBr4Q8yKCkANCgpADcoKQA4KCkAOigpAEQoKQBFKCkA
189=RygpAEgoKQBJKCkASigpAEsoKQBPKCsARABs5RNFKCkARygpAEsoKQBMKCkATygpAFAoKQBRKC
190=kAUigrADAAbekMMSgpAEUoKQBGKCkARygpAEwoKQBNKCkATigpAE8oKQBQKCkAUSgrAC8AbuEP
191=MCgpAEYoKQBMKCkATSgpAE4oKQBPKCkAUCgrADAAb/0KRigpAEcoKQBMKCkATSgpAE4oKQBPKC
192=sAMABwKDABJykARyhVAEgoKQBJKCkASigpAEwoKQBNKCkATigrAC4AcekMMCgpAEYoKQBHKCkA
193=SCgpAEkoKQBMKCkATSgrAC4Acv0KLygpADAoKQBHKCkASCgpAEkoKQBKKCkATCgrAC4AcyhcAS
194=cpADAoVQBHKCkASCgpAEkoKQBKKCkASygrAC8AdP0KMCgpADEoKQBIKCkASSgpAEooKwAwAHXl
195=CEgoKQBJKCsARgAVowQCAk8oKwBCABb1AkYoKQBHKCkASCgpAEkoKQBKKCsAQwAX5QhEKCkARS
196=gpAE0oKQA893sCAj0oKQA84HJ0As9+AgI192UCAjYoKQA3KCsARAAUow8DA0goKQBE7xsDA0wo
197=KQBNKCkAP/cNAwM542cDAzwoKQA9KCkAPigpAEDrAQQEQOtkBAQ16FkCBARGAAG4EQIFBUUAAu
198=kBRigpAEcoKwBEAAPhBEUoKQBGKCkARygpAEgoKwBDAAT5BkQoKQBFKCkARigpAEcoKQBIKCkA
199=SSgrAEIABfEJQygpAEQoKQBFKCkARigpAEcoKQBIKCkASSgpAEooKwBBAAbpDEIoKQBDKCkARC
200=gpAEUoKQBGKCkARygpAEgoKQBJKCkASigpAEsoKwBAAAfhD0EoKQBCKCkAQygpAEQoKQBFKCkA
201=SCgpAEkoKQBKKCkASygpAEwoKwA/AAjhD0AoKQBBKCkAQigpAEMoKQBEKCkARSgpAEkoKQBLKC
202=kATCgpAE0oKwA+AAnhDz8oKQBAKCkAQSgpAEIoKQBDKCkARCgpAEUoKQBJKCkATCgpAE0oKQBO
203=KCsAPQAK7RA+KCkAPygpAEAoKQBBKCkAQigpAEMoKQBEKCkARSgpAEgoKQBJKCkATCgpAE0oKQ
204=BOKCkATygrADwAC/EUPSgpAD4oKQA/KCkAQCgpAEEoKQBCKCkARigpAEooKQBPKCkAUCgrAD4A
205=DOEPPygpAEMoKQBFKCkARygpAEgoKQBJKCkATCgpAE4oKQBPKCsAPgAN9Q1EKCkASSgpAEooKQ
206=BOKCsAPgAOKNgAJykARihVAEooKwBAAA/tBUIoKQBFKCkASigpAEwoKwA+ABD5BkAoKQBCKCkA
207=QygpAEcoKQBMKCsAPgAR5QhDKCkARCgpAEUoKQBIKCkASSgpAEooKQBLKCsAPgAS/Qo/KCkAQC
208=gpAEsoKwA+ABPvBUQAOOsBRQA56QFGKCsARAA79QJFKCkASCgpAEkoKwBIADztBUkoKQBKKCsA
209=RAA94QRGKCkASiopAD7jBD8AP+kBSCgpAEsoKwA/AEDhBEEoKwA9AEL3AjwAQ+kBPSgpAEQoKw
210=A7AEThBEMoKwA5AEX1Aj8oKQBFKCsAOQBG4wQ+AEfpAT8oKwA7AEj1AjwoKQBCKCsAPgBK4QRC
211=KCkAQygrAD8ASyiAACcpAEP7+AUFQvv4BQU3JucoBQVAKCkAQSgpADUmCygFBTYoKQBBKCkAOy
212=YvJwUFPCgpAD4oKQA/KCkANCbXJgUFNSgpADgoKQA5KCkAQCgpAEQoKQBFKCkAOCaHJwUFOygp
213=AEIoKQBDKCkARSgrADIAdvUjMygpADcoKQA6KCkAQCgpAEIoKQBFKCkARigrADIAdyhcAScpAD
214=QoVQA1KCkANygpADooKQA+KCkAPygpAEAoKQBCKCkAQygpAEYoKQBHKCsAMwB4+RE0KCkANSgp
215=ADYoKQA3KCkAOCgpADooKQA7KCkAPCgpAEAoKQBDKCkARCgpAEUoKQBGKCsANAB55RM1KCkAOi
216=gpAEAoKQBBKCkARSgrADUAeuUINigpADooKQBAKCkAQSgrADYAe/kGNygpADsoKQA8KCkAPygp
217=AEAoKQBBKCkAQigpAEMoKwA3AHzpDDgoKQA7KCkAPCgpAEAoKQBBKCkAQigrADgAffEJOygpAD
218=woKQA9KCkAPigpAD8oKQBAKCkAQSgrADkAfv0KOigpADsoKQA8KCkAPSgpAD4oKQA/KCkAQCgr
219=ADoAf/0KOygpADwoKQA9KCkAPigpAD8oKwA7AIDlCDwoKQA9KCkAPigrADwAge0FPSgoAAIqAC
220=AAHb8CJgAi6wEvACTrASkAJukBLigpADUoKwAkACjhBDEoKQA7KCsAKwAp4wQrACrpATAoKwAg
221=ACv0AgADJQArAB0AAAAAAAA1ACwAHQAAAAAAEQAA2A0AIAQAIgAtAB0AgAABJgAtAMkBPCgrAD
222=YALvcCLAAv6wEvADLpATsoKwA0ADMoVAAnKwAwADT1AjQoKQA7KCsANAA14QQ7KCsAKgA29QI0
223=KCkAOygrADEAN+EEOygrADUAOPcCMAA56wE5ADvrAToAPesBNQA+6wFSAEDrAU8AQygpAETrAU
224=wARukBUCgrAEwAR/UCWSgrAEwASPUCVCgrAE4ASvUCVigpAF4oKwBVAEzjBFEATesBSgBP6wFc
225=AFDrAUQAUekBTygrAFcAUvcCUQBT6QFhKCsAWQBUKFQAJysAVQBW9QJdKikAV/YCZgAnKwBXAF
226=j3AlcAWekBXigrAC0AWvUCVygrAC0AW/UCUSgpAFcoKQBhKCsALQBc7wUtAF0oKQBe6gFbACcr
227=AFIAYPUCXCgrAC8AYfcCLwBiKCkAYygpAGQoKQBlKCkAZigpAGfrATAAaSgpAGooKQBr6wEtAG
228=8oKQBwKCkAcSgpAHLpATX3RAEBNehDaQFJoAQBAQE7AN8KAQEx/ApoAdwKaAHfCgEBNvMJAgI2
229=8AkCAgI+AGywCQECAjIA2AZoAdsGAgI3+AYCAwM/AG6sBQEDAzMAwwQDA0HjDwQEPvQCBAQEJQ
230=AjAB6EhQEANAAn6wEhACjrAToAKesBJgAq6QEnKCkAKCgrAB0AK+EEKigrAB8ALPcCMgAt6QEz
231=KCkAWigpAFsoKQBcKCkAXSgpAF4oKQBvKCkAcCgpAHEoKwAhAC71DSUoKQAtKCkALigpAC8oKQ
232=AwKCsAYQAv5QhiKCkAYygpAGQoKQBlKCkAZigpAGcoKwAnADDxCSgoKQBpKCkAaigpAGsoKwA1
233=ADL5BjYoKQA3KCkAOCgrACoAM+0FKygrAC0ANfUCLigrADIANvUCOCgrACkAN/cCOgA46wE0AD
234=rrATYAO+sBOQA+6wE0AD/rAU0AResBTwBH6wFRAEnrAUsATOsBTQBN6QFOKCsARQBO9QJQKCkA
235=VCgrAEcAUOEEWSgpAGQoKwBbAFHjBEkAUukBSigpAEsoKQBMKCkATSgpAE4oKwBWAFPlCF0oKQ
236=BeKCsAUABU4wRYAFXrAVIAVukBYCgpAGEoKwBjAFfjBEoAWOkBZSgrAFQAWfcCWwBa6QFcKCsA
237=UABc9QJWKCkAXigpAF8oKQBgKCsAWQBh+QZaKCkAR+tDAQFIKCkASSgpAEooKwA8AGqnCAEBPS
238=gpAD4oKQA/KCkAQCgrADUAbPkGNigpADcoKQA4KCkAOSgpADooKwAzAG3lCEfzVgICSCgpAEko
239=KwA/AGuvBQICQecIAgI55wgCAjwoKQA9KCsANABu+QY1KCkANigpADcoKQBH92UDA0goKQBA8A
240=lwrtwVAgMDNQBvvwoDAzYoKQA3KCkAOCgpADkoKQA6KCkAOygpADwoKQA9KCkAPigpAEfwdwIE
241=BDcAcKMPBAQ/KCkAQCgrADUAceMEOwBy6QE8KCkAPSgrADkAc+AEAlYAEQAfq8dWABIoKQATKC
242=kAFOsBUwAYKCkAGSgpABrrAVQAHCgpAB0oKQAeKCkAH+sBKAAg6QFUKikAIShVACLrASYAJOsB
243=LAAl6QFWKCsAJwAm9QIzKCkAVigrACcAJ+EELSgpAFYoKwAtACjhBDkoKQBWKikAKeMELgAq6w
244=EkACsoKQAs6gErACcrACAALfUCJCgpACsoKQA7KCsANAAu7wUmAC/pATQqKQAw9wIpADEoKQAy
245=6gEyACkpADP2AjkAJysALAA09QIyKCsAKAA29QIvKikAN/YCMwAnKQA5KCsALwA4KIAAJysALw
246=A5KFQAJysAOAA9KFUAPusBUQBA6wFLAETrAUoARukBTigrAEoAR/UCWCgrAEoASPUCUCgrAEoA
247=SfcCXQBK6wFTAEsoKQBM6wFEAE3pAVMoKwBGAE/1AmMoKwBWAFD3AkgAUesBVQBS6QFcKCsATw
248=BT9wJXAFTpAV8oKwBRAFUoVAAnKwBZAFb3AlMAVygpAFjqAVoAKSkAWfcCVQBa6wFPAFvpAVUo
249=KQBdKCsAVwBd4wRYAF/rAVEAYOkBWCgrAFsAYvYCTwDQggIBAVAAFbcCAQFO+D1pATooVQA7KC
250=kAPCgoAMQIAQICTgDbigICRfAJdALcCgECAk0A0AloAdAJaAHQCWgB0AkBAwNMAMAEaAHABAED
251=A0sAyAECBAQ4AHGsEGkBcugBYXogrJ8BLAAiAMsBLgAj6wE0ACXrASIAJ+kBIygpAC8oKQAwKC
252=kAOigrACUAKfsGHwAq6wEsACvpAS0oKQAxKCkAMigpADMoKQA0KCsAIQAs5wgnAC7pASgoKQAp
253=KCkAKigrADgAMO8FLgAx6QEzKCkAOigrADcANOEEOCgrACkANfUCMSgrADYAOfcCOAA66wE0AD
254=3rAU4AQusBTABD6wFRAEfpAVIoKQBTKCsATQBJ4QRVKCsARQBM9QJGKCkAUCgrAFYATeMESQBO
255=6QFYKCkAWSgrAFsAT+MEQwBQ6QFLKCkATCgpAE0oKQBOKCsAXQBR+wZQAFLpAV8oKQBgKCsAGA
256=BT4QQZKCkAGigpAFgoKgAcAGDjnVMdKCkAHigpAB8oKQAgKCkAISgpACIoKQBSKCsAVABV7RBa
257=KCkAWygpAFwoKQBiKCkAYygrABEAVuUIEigpABMoKQAUKCkAJSgpACYoKQAnKCkAKCgpACkoKQ
258=BlKCsASgBX9Q1WKCsAUABa9QJfKCkAYCgrAFgAXOMEWgBd6wFHABeoASKALCcpAEkoVQBKKCkA
259=SygrAEMAGPkGRCgpAEUoKQBNKCkAOvBLIshA108BATwoVwBGABSwCSJNKxXqAUIAJykASCgpAE
260=koKQBKKCsARAAW+QZMKCkATSgpADvkYCKALNBhAgICRAATuwYDA0UoKQBGKCkARygpAEgoKQBB
261=/xUDA0IoKQBKKCkASygpAEwoKQA84HICAwNDABKjDwQERCgpAEUoKQBIKCkASSgpAEHvEAQESy
262=goAAIuACUAIZhiAQAwACnrASUAKusBMQAt6QFZKCkAbigrACwALuEEbSgrAGwAL/cCNAAy6wEx
263=ADbrATAAOOsBTABF6wFVAEvrAVgAUOsBVwBR6wEtAFnrAS8AbOsBLgBt6wEtAG7rATsAaqsBAQ
264=E07wUBATLsBSKMScwFAgEBPgBrrwUCAjjjBAICOygpADP8CiKNSW/tBT/gBAEDAzQA1AIijUlw
265=oAQiuDPIDAEEBDYA1AIiuEknKwA0AHGsBQIEBDoAcugBAlQAGwAiuDJwMssBKgAi9wIrACPpAV
266=UoKwAsACT1AlYoKwAnACX3Ai0AJusBIAAn6wEiACjrASMAKekBLigqACQAaA+dESkoKwAeACvt
267=BVYoKgBXAHz/jwU0AC3hBFgoKQBfKCsAYAAu4wRoAC/rASkAMOsBOQAy6wEsADPrAS8ANekBNy
268=grADMANvUCOSgrADUAOvcCNwA76wE4ADzrAU4AResBUgBJ6wFTAErrAUoAS+sBTABM6wFPAE3r
269=AUYATukBVSgrAFYAT/cCSABQ6QFaKCsAQwBR9wJfAFPrAVMAVukBYigrAFoAV/UCZCgrAFUAWf
270=cCXQBa6wFYAF7rAVsAYesBUAAUqwEBAUvvJgEBTOAlAgEBTQA34wROADjrAUEAaukBSu8FAgJL
271=7wUCAkzsBSIRKTmsBQICAkAAa+sBOgBt6QFJ+wYDA0r4BiJoKdgGIsAp0zUDA0jgBAEEBEkAww
272=QEBEr0OXCY1DkiGSpwqAwEBARWABUAI5BPAQBVABbrAVQAF+sBJwAo6wEmACnrAVYAKuoBLgBs
273=a4oIKwAi/CqLATQAMeMEOQA06wEyADXrAU0AQ+sBSwBF6wFKAErrAVYAUesBFwBU6gEWAHh3iw
274=wVAFb1AiooKQBQ9xgBAU/0GAIBAUYAGKwFIqAwJykARewFIvAv0B8CAgJDABSvBQMDTSgrAEYA
275=ErQCAgQEQgAT6QFMKCgAZcAkgBOMe8gBAS0AIwDLAScAJOsBKAAl6gEhAHwCnQYpKCkALigrAC
276=oAKO8FJAAp6wEeACrrATAAK+oBJQBkmpMJNQAt9wI2AC/rASwAMOkBNygrAC0AMfUCOSgrAC8A
277=M/cCMAA16wE0ADfrATUAOesBNwA66wE5ADzrAU8AResBTABJ6QFUKCsATgBL9wJPAEzrAUcATe
278=kBVSgrAEgATvUCVygrAFoAT/UCZCgrAEoAUPcCXgBS6wEbAFTrASMAVekBUygpAGEoKgAkAGDC
279=hSkrKCkAZCgrACwAV+UIVSgrAC0AWPUCXSgrAF4AWvcCWQBd6wEtAF/pAVsoKwAuAGD3AlwAYe
280=sBLwBo6wFBABeoAQIBAUIAGOkBTCgrADUASvUCNv8rAQE3/ysBATjzKgEBOeQpAgEBRwAVuAZl
281=YBbqAUsAJykANv82AgI36Ax0/8g4ImBUyzgCAjroDAICAkkAFLAJAgMDNwBI6QE48wkDAznzCQ
282=MDOv8VAwM7/BUCAwNHABK4Bn2ZE+sBOABH6QE5/AoiTCDfTAQEO/8KBAQ8/goEBGXhJZw6AgAv
283=ACUAygE1AHD+mwIxACn1AjsoKgAiACLkJ8AEJykAPChVAFkoKQBuKCkAbZAMmwZsADD/CiMANe
284=sBKgA36wExADjpATsoKwAwADr3AjoAPusBNQA/6wFSAEHrAVkASOsBVgBL6QFeKCsAUQBO9wJl
285=AFDoAQ9YAFEAJQAAAAAAAEQAUgAlAAARAABKEAAgBgAAAABLAFgAJWMBAABmKCsALgBZ9wJRAF
286=zpAWEoKwBSAGH3AjAAbOsBLwBt6wEuAG7pATvjBAEBNOMEAQEy4wQBAT73AgICOPcCAgI7KCsA
287=MwBvswkCAj/oAQIDAzQAcLcCAwNB6AECBAQ2AHG0AgIEBD4AcusBOgBz6AECUwAbACanHigAIe
288=kBMygrACkAIvUCNCgrACQAI/UCKigpAFQoKwArACThBFUoKwAmACX3AiwAJusBMwAn6wEgACjr
289=ASIAKekBLSgpADkoKwAjACrjBBwAK+kBKSgpAFUoKgAeAHwNnRxWKCsAVwAt+wYgAC7pASQoKQ
290=A7KCkAWCgpAF8oKwBgAC/7BiYAMOkBaCgrACkAM/cCIgA16QEsKCkANigrADcANuMEKAA36wE5
291=ADjrAS8AOukBMygrADUAO/cCNwA86wE4AD7rATMAP+sBUQBB6wFOAEfrAVgASOsBUABJ6wFSAE
292=rrAUkAS+kBXSgrAEoATPcCTABN6wFEAE7pAU8oKQBTKCsAVQBP4wRGAFDpAWMoKwBCAFH1Aloo
293=KwBDAFL1AkgoKwBVAFP1AlwoKwBPAFT3AlcAVesBUQBW6QFfKCsAWQBX9QJiKCsASQBY9QJkKC
294=sAUwBZ9wJaAFrrAU8AXOkBVSgpAF0oKwBXAF7jBFEAYekBWCgrAFsAY/cCTwAUqwEBAUv/QQEB
295=TP9BAQFN/EECAQFBAGvtBUrjBAICS+AEAgICTAA5oAQCAgJAAGzrAToAbukBSe8FAwNK7wUDA0
296=vzSwMDSPcCBARJ9wIEBEroTgIEBDgAc7AJBAQEVQAVACeMbAEAVAAW6wFTABfrASgAH+sBMwAg
297=KCkAJesBOQAn6wEmACjrAVUAKusBOwAs6wEyADHrASIANOkBNigrACgANfcCMwA96wFRAD/rAU
298=0AQusBSwBD6wFKAEXrAVgARusBXQBJ6wFJAErrAUQATOsBYwBO6wFCAFDrAVUAUesBFwBT6wEW
299=AFTrARUAVekBKigrAEkAV/cCTwBa6wFRAF/pAU//KwEBRv8rAQFOKCsARQAUrAUCAgJDABOoAQ
300=IDA0YAEagBAgQEQgAS6AECKgAfACi+NjQAZLCPASYAIfUCKygpADUoKwAtACLjBCcAI+kBLygr
301=ACgAJPcCKQAl6QE1KCgAfM3DDyQAJ+AEcD3UAmQ8yQE7KIMAKwAo7wUeACnrASAAKuoBNQBoBJ
302=cYIgAs9QImKCkAPCgrADYALeMENwAv6wEtADDpATkoKwAvADH1AjsoKwAwADP3AiMANOsBKgA1
303=6wE1ADfrATcAOesBOQA66wE6ADzrATUAPesBUgA/6wFPAELrAVAAResBWQBG6wFUAEfrAU4ASe
304=kBVigpAF4oKwBPAEvjBEcATOkBUSgrAEgATfUCVygrAEoATvUCWigpAGQoKwBcAE/hBGUoKwBE
305=AFD1Ak8oKwBeAFH3AlEAUukBYSgrABsAU/UCWSgrACMAVPUCUygrACQAVfUCKygpAFUoKQBdKC
306=kAZCgrACwAVvkGZigrAC0AV/UCSygpAFcoKwAuAFjhBF4oKwBRAFr1AmEoKwBZAFz3AlsAXesB
307=LgBf6QFSKCkAXCgrAC8AYOMEXQBh6wEwAGjrAUEAFqgBAgEBQgAX6QFMKCsANgBK9QI3+z0BAT
308=jvPAEBOeA7AgEBRwAUrAVphRXqAUsAJykAN+xHIkQq3woCAjn/CgICOvwKAgICSQATpAgCAwM4
309=AEjpATnnCAMDOucTAwM75AgCAwNHABGsBW3LEukBOfdaBAQ68wkEBDvzCQQEPPAJBAQENAAhAC
310=2IfgEAJgAj6wErACvrASAALOsBJgAu6wFQAEfrAVwAUesBTwBS6wFXAFPrAVEAVOsBWQBV6wFX
311=AFzoAQI9ABQAMmwQAgUFPQA7KCkAPigpABWIAQMBAQE9ADwoKQA/6AECSgA/ADOnCEoAQIkBAi
312=IgIKgBAwMFBUsAQZUCBXf/SwA0rwU7AAyJAQJ1AkzpATzUAgIDBQVCALQCAwMFBTwADYEEBW1H
313=TegBAlAADAA5swlIAEDrAUMAS+kBUcAEAQEBAUnABAEBAQFEwAQDAQEBUAANjAUDAgEBSABB6g
314=FDACIPIgAAAnfTDgA6qwxGAELqAUUAIlwhBAAAAAUFTwChBAFsUqEEAXzboQQBZQgPmQYCdQJD
315=6wFFAEroAQJMAEAAPGgMYQRG6wFAAEzoAQJEAG8AQWMEBQVFyAGVGHCVAgJ0AqgBBQMBAUUARA
316=BD7QVHKCkAc+kBRsAEkBSgBIgBoASJAUWMBQMEBQVGAEgoKQB06gFHAKEEBWQeoASIAaEEBX8r
317=cQBErxBGAHXqAUUAtAKAJbUCAX0VcoAEAwQFBUcAduoBRgC1AgV4MrQCBQUBAUMAbQBFvQpEyA
318=GdIG6VAgR8IKgBn0w3AEavBTgAQ+oBQgC1AgFsibUCAWdKOABKrwU5AETqAT8AcJCOPD0AfIaI
319=AQIzAHMAS68FMQB16QFAzAUBAQUFPswFAQEFBTTMBQEBBQUyzAUDAQUFPwA4mQYCfW066wEzAH
320=TrATEAdugBCjwAQQBMAAAAAQUFOwB4YQMAAAIFBTzIAQUDBQVDADcATbsRNwBD6AECPQA9AE60
321=AgI9AEAAT6sBOgBD6QE+1AKcCrUCAXkRQYAEAwIFBToAROgBAkMAOABRpwg/ADnrAT4APesBMw
322=B16AECTwANAFKvBU0AD+sBSQA/6wFHAEHoAXBIzwVFAEb0Angv1wJAAEv0AgI9ABEAU78KPQAS
323=iAGfFQ0AVPUCDygpAA6IAYEEECgrABMAVq8FPgA8KCkAP+gBAj0ADABX4QQ7KCkAPugBAkEAOA
324=BYowQ4AEToAQJHAAgAg7cCRwAJ6wFBABHoAQJNAAsAhaAEAk0ADQCGqwFDAHDrAUQAdugBAkcA
325=BwCHowRIAAjrATkAd+gBAkAAEQCJoAQCcABOAIpoAQIBAW8AT+sBSAAJqAF5aQrrAU0ADusBQw
326=Bx6AECHwAxAIunCA8AQesBPABwqAECBAROAAuoAWmxEesBRQB36AECRgAIAIxkCGmFCegBAm8A
327=TgCNdAICAQE7AHCoAQIEBEYAB6gBAgUFTAAN6QFC4AQEBQVNAAwAjngGAgUFQQAQ6AECcABNAI
328=90AnHED6gBbWgQ6wFDAG/rATcAcusBRAB16wE2AHbpATgoKAACRgAKAJB8CnkRDusBPwAR6wFC
329=AHHrATgAd+kBRCgoAAIeADEAkWQIAgEBDgBB6wFuAE/rAUwAC6gBeXR26AECOwBxAJJ4BgIEBE
330=EAEqgBAgUFNwBz6wE2AHfrATkAeOgBAkEAKQCTeAYCAQEWADLpAXAqKQA39wJpAD/rAToAe6gB
331=aXp96AECbgBBAJewCWTLaQEBeUhClAIFAwEBawBEAJuhBGzJAQF1AkWUAgICAQFsAKgBBQMBAQ
332=cARQCirQUIyAEDAQEBCABGlAIFAwEBeQBAAKNwmAIBAXgAQYkBAnQCqAEFAwEBdAA8AKalCHXJ
333=AQF1Aj2UAgICAQF1AKgBBgMBAQ0AQgCpAInzDsgBBQMBAW4APACtpQhvyQEBdQI9lQICbBuoAY
334=cIRQCvrgUOAKkBAX0KRpUCAnQ5qAEFAwEBbQBCALupF27IAZEfQ5QCgASpAQR0DakBBXkGRIAE
335=BQcBAQYARgDFpQgHyAEDAgEBBQBHlQIDYASpAQRkKakBBWEESIEEBmAEqQEHdQJJlAIFCQEBCQ
336=BFAMi1GArIAQEBAQELyAEBAgEBDMkBA20FRowFAgQBAQoAqQEFbAWpAQZsBagBBQcBAXAAPADJ
337=vQpxyAEBAQEBcsgBAQIBAXPJAQNtBT2MBQIEAQFxAKkBBWwFqQEGbAWoAQUHAQF6AEAAyr0Ke8
338=gBAQEBAXzIAQECAQF9yQEDbQVBjAUCBAEBewCpAQVsBakBBmwFqAEFBwEBFABFANG/KxMARokB
339=A3QCqAEBBAEBFdQCAwUBARMAR4EEBmAEqAEFBwEBZwA9ANKlE2jIAQEBAQFpyQECYQQ+gAQCAw
340=EBaACpAQRgBKgBBQUBAQ8ARQDVpQgQyQEBdQJGlAICBAEBEACoAQEFAQERyAEBBgEBEskBB3UC
341=R40FCnQCqQELc2w8ANauXW0AqAEDAwEBagA9lQIEYHKpAQVsBakBBnRPqQEHbQU+jQUIbAWoAQ
342=UJAQF2AD0A2KwmIkAlywF1AD6VAgRxCUbpAXbUApRatAIBBQEBd9UCBnhetQIGfQo/mQYJbRBH
343=6gF3ALUCCmwFtQIKZIG1Agtsc7UCC30KQJkGDm0FSOoBeAC1Ag9sBbQCBQ8BAQsAPgDZtxhwAE
344=jrAQoAP4kBBG0FSekBC9UCBXBWtQIFeF6tBQZ8V7UCBn0KQJkGCW0FSuoBDAC1AgpsBbUCCnSG
345=tQILeF61Agt9CkGZBg5tBUvqAQ0AtQIPbAW1Ag97HD4A7K5HbwCoAYWXP5QChJeoAZWcQJQCjB
346=upAQVvEEMA7aYIDgCoAZ2ZRJQCnJmoAQACAwEBXwBfACABAAADAQEkACQAIgGcJwk/ABMAZAEA
347=AAEEBEDJAQIi6WUUlQIDeO2pAQRgBKgBAwUDAz4AFYAEAQYBAT/IAQEHAQFAyQEIIqFnFoEECn
348=QCqQELIg85SwBlYA9oDKgBAwEEBD0ATJUCA3wKqAEBBAQEP9UCBSJxKk2ABAIGAgI+AKkBB2AP
349=qQEIfQpOgQQJIjRqqQEKIhc6PQBmtg1MAKgBAQEDA03IAQECAgJOyQEDbQU+jAUCBAQETACoAQ
350=EFBARNyQEGIig3tQIHIm1bP40FCSLgIqkBCiKYWwEQAGcBI74uTgCpAQJtBRGVAgRwCagBAgUE
351=BE4AqAEBBgEBT8gBnQoSjQUIbAWoAQIJAwNOAKgBAQoCAk/JAQsi7zQ1AGh0DSLgOKkBAiL1NT
352=aUAiMwOKkBBGAEqAEDBQICRAA3gAQBBgUFRckBByJ8JrQCAwgDA0UAOIEECnQCqQELIu9VawBp
353=ZCkiIDaoASPtNGyVAgMiHEapAQQiRTVtlAIDBgMDQgBuiQEJIl9vRABrvhU3AKgBAwIFBTUARZ
354=QCAQQBATbIAQEFAQE3yQEGIrBeoAQDBwQENQBGjQUIbAWrAQkCAiJMN30KCiL4RrQCBQsEBDEA
355=cgBsvRUyyAEBAQICM8kBAiLwcaEEA20Fc40FBCJQc6kBBWkBdJUCCXcNFACCsgk6ACcrADMAF/
356=UCOCgrADkAGPcCPAAZ6wE1ABrpAT0oKQA+KCkAPygrADEAG+0FNCgpADUoKQA2KCkAPSgpAD4o
357=KwAvABzlCDUoKQA2KCkANygrAC4AHe8FLwAf6wEcADLpAR0oKQByKCkAcygpAHQoKwAbADP5Bh
358=woKQAdKCkAHygoACJ8SNAqInxIyQFCKIEARygpAEooKQBLKCkATCgpAGwoKQBzKCkAdCgpAHUo
359=KwAVADTxFBcoKQAYKCkAGSgpABooKQAbKCkAHCgpAEEoKQBCKCkAQygoACIQS80bTShVAGsoKw
360=AYADX5ERkoKQAcKCkATegBDgEBagA1AIIBAAAAAQFrADUAEQAARw0AIAiCAQAAAAEBFwA2AMkB
361=GCgpAFAoKQBpKCsAFgA37QUXKCkAUCgpAFEoKQBoKCsAFgA4+QZQKCkAaCgpAG4oKQBvKCkAcS
362=grABAAOeUIFSgpABYoKQBwKCkAcSgrABQAOijYACcpABYoVQB5KCsAFAA77QUWKCsAUAA89QJm
363=KCsADwA99QJQKCsAEAA+9wIQAD/pARQoKQAVKCkAFigpAGwoKwAJAED5BhUoKQA2KCkANygpAH
364=IoKQBzKCkAdCgrAAkAQfEJCigpADQoKQA1KCkANigpADcoKQByKCkAcygpAHQoKQB1KCsACABC
365=9Q0JKCkACigpAAsoKQAUKCkAFSgpAEkoKQByKCkAcygpAHQoKQB1KCsACQBD4Q8KKCkAMigpAE
366=goKQByKCkAcygpAHQoKwAyAETxCWkoKQByKCkAcygpAHQoKwBoAEUo2AAnKQBzKFcAaABGKIAA
367=JykAaihXAGgARyiAACcpAHIoVwALAEjhBAwoKQAyKCkAaSgpAGooKQBzKCsACgBJ5QgLKCkAFS
368=gpADIoKQBpKCkAaigrAAgASuUICSgpADIoKQAzKCkAbSgrAAgAS/kGESgpABIoKQAzKCkANCgp
369=AGwoKQBtKCkAbigrAAkATP0KEigpABMoKQBsKCkAbSgpAG4oKwAKAE3lCGsoKQBsKCkAbSgrAD
370=UATu0FNigpAGYoKwAPAE/hBBAoKQA0KCkANSgpAGcoKwAPAFD5BjYoKQA6KCkAZygpAGgoKwA+
371=AFH5BmgoKQBpKCkAaigpAGsoKwBoAFL5BmkoKwBoAFP3AlQAYSgpAGLrAVMAY+sBTABk6QFPKC
372=kAUigpAFMoKQBUKCsATQBl+QZOKCkAUygrAEUAZuEERigpAE0oKwBEAGfhBEUoKQBGKCsARABo
373=KIAAJykAUChVAFMoKQBUKCsARQBp+QZGKCkATCgpAFAoKQBRKCkAUigpAFMoKwBGAGrxCVAoKQ
374=BRKCkAUigrAE0Aa+8FSQBt6QFKKCsASABu9QJJKCkASigrAEEADaMEBQVH888FBUPjygUFPuyU
375=AgUFQgBz7QVDKCsAOAB69QI9KCgACTUAEwCEAQAAAAEBNigrADkAF/UCOigrADUAGPUCNigrAD
376=0AGfUCPigrADAAG/UCMygrAC4AHPUCOCgpADkoKwAwAB/jBHIAMekBcygrAB4AMvUCHygpACAo
377=KQA/KCkAQCgpAEEoKQBCKCkASCgpAEkoKQBKKCkASygpAEwoKQBtKCsAGAAz+REZKCkAGigrAB
378=QANOEETigpAGkoKQBqKCsAcQA17QVyKCsAFgA29QJoKCsAbgA39wIQADjpAXAoKwAUADn1AnMo
379=KQB4KCkAeSgpAHooKwBmADv7Bg4APOkBeigrABUAPvcCcwA/6wEzAEDpATQoKQA1KCkAOCgpAD
380=koKwB2AEH7BgYAQukBBygrAGoAQ/cCaABE6wFxAEfrARUASOkBFigrAAkASfUCbCgpAG0oKwAH
381=AErjBG8AS+sBNgBN6QFqKCsAEABO9QIRKCkAMygpADQoKwAOAE/tBTkoKwA7AFD1AjwoKQA9KC
382=kAPigpAGkoKQBqKCsATQBk5QhOKCkAUSgrAEQAZeEERSgrAEIAZ/UCQygpAFQoKwBLAGjhBFEo
383=KQBSKCsARwBp4wRJAGzrAUgAPagBcI3TQAUFQOQ0YZNy4wRBAHPrATUAdesBNwB56QE8KCkAQy
384=grAD4AeuAEAjkAEQCFr5Q3ABTrATMAFekBNygrADMAFvcCOgAY6wE2ABkoKQAa6wEvAB0oKQAe
385=6wFDADIoKQAz6gFNACcrAB0ANPUCbCgpAHYoKwAVADXhBB0oKQBzKCsAGQA2KIAAJykAUShVAH
386=MoKwAZADftBWkoKwARADj1AhcoKQBpKCkAdygrABEAOSisACcrABEAOihUACkpADv2AnkAJysA
387=UQA89wIRAD8oKQBA6wEVAEHpAWgoKwAQAEL3AgwAQ+kBFSgpAEkoKQB1KCsAMwBE7QVqKCkAdS
388=grAGoAReEEbygrAHMARvcCagBH6QFzKCsAMwBI9wINAEnpARYoKQAzKCkAdCgrAG4ASu8FCQBL
389=6wFmAE3pAW4oKwASAE73AjYAT+sBawBS6wFpAFMoKQBU6wFVAGAoKQBh6wFMAGPpAVQoKwBOAG
390=b3AkYAaOkBTCgrAE0AavUCUygrAEsAbvcCSwBvKCkAcSgpAAqoAQIFBUsADOsBQgAN6QFH5z8F
391=BT/zNQUFQfgyIgQi2DJkgdwrYQR15wg5AHvpAT4oKAACOQAQAIb1exPqAToAJysAOAAW9wI0AB
392=fpATwoKwAxABj3Aj8AGesBMgAa6QFAKCsANwAb9wI6ABzrATMAHusBGgAv6wFEADDrAR0AMekB
393=dCgrACEAMvUCTSgpAG4oKQB1KCsAdgAz7wVRADXrAW8AN+sBcgA46wF8ADnrAQ0AO+kBUSgpAG
394=coKwAPADzhBBgoKQB7KCsAEAA94wQRAD7pARYoKwAJAD/1AhcoKQA3KCkAbSgpAHQoKwAKAED5
395=BjooKQB1KCsACwBB4QRKKCsADABC9QIyKCsAEQBD9QIzKCsAdwBF9wJwAEbrAQwAR+kBMygrAA
396=0ASPUCaygpAHQoKwBuAEnjBBIASukBNCgrABMAS/UCZygpAHAoKwAKAEzhBBQoKQBpKCsANwBN
397=4wQYAE7pATgoKQBnKCsAOgBP4QRoKCsANwBQ9QI/KCkAaygrAE4AYOMETABi6QFWKCsAVwBj9w
398=JDAGTpAVUoKwBGAGX3AkcAZusBVQBn6wFIAGnpAU0oKwBOAGv3AkoAbOsBSwBt6wE6AHCoAQIE
399=BEsACagBInkgDOsBSAAO6QFF+1MFBUn7UwUFO+w8YYhy7gVEACcrADcAdPUCPCgrAD4AdfcCQg
400=B46wE4AHnpAT0oKQBEKCsAOQB64AQCNAAUAIepkDUoKwA0ABj1AjcoKQA4KCsAOgAZ4wQyABvp
401=AT8oKQBAKCsAMAAc4QQ0KCkAPSgrADYAHeEENygpADgoKQA5KCsAMgAf7wUaADDrAR4AM+kBIC
402=gpAEgoKQBJKCkAbSgpAHEoKQByKCsASwA08Ql0KCkAdSgrABoANeEEGygpAEIoKwBqADbhBHIo
403=KwAYADf3Ag8AOekBaCgpAG8oKQByKCkAdigpAHcoKQB7KCsAFQA78QluKCsADQA89QIXKCkAeS
404=grAFEAPeMEFgBA6wE4AEHpATkoKwA1AEL1AjYoKQBKKCsABwBD4QQIKCkACygpABAoKQAUKCsA
405=SQBE+QZxKCsAdABF9QJ1KCsAcgBI9wIMAEnpAWsoKwAKAEr1AhYoKQBpKCsACABM4QRnKCkAby
406=gpAHAoKwATAE3tBRQoKwA3AE71AmooKQBrKCkAbCgpAG0oKwARAE/7Bg4AUOkBNSgrADsAUfUC
407=PCgpAD0oKwBqAFLjBGgAVOsBVQBi6wFSAGXpAVQoKwBNAGf3AkMAaOkBSigrAEcAavcCUQBr6Q
408=FSKCsASQBv9QJKKCsAQAAOtAIikCMnKwBHAA/3AkgAPukBRvBLIvAk2D14Bsw8YJ7cNmmmdPsG
409=NgB16wE8AHrrAT4AfOgBAjsAFwCIp5c7ABnrATEAH+sBFgA06wFwADXrAXQAOekBdSgrAFIAPf
410=cCawA/6wESAETpAXAoKwB2AEX3AmQASesBDwBL6QEQKCsAaABM9wJsAFHrAU0AYOsBUABk6wFE
411=ADyoAXwgyAwiODknKwA7AHTjBD0AdegBAjEAHACJvSA+KCsAOgAd9wIzAB/rATAAIOsBRAAx6w
412=EhADPpAW4oKwBHADT3AkMANekBTigpAGwoKwBrADbjBBIAN+sBUQA46wFpADnrAXEAOukBeigr
413=AGcAPPcCewA96wFQAD7rARcAQOkBbSgrABEAQfUCOigrADcAQvUCdigrAGsAQ/cCCgBE6QETKC
414=sAMwBF9wILAErpAWooKQB0KCsANABM4wRuAE7rARIAT+kBGCgrABAAUPcCNwBR6QE/KCsATwBl
415=9QJVKCsARwBn9QJOKCsAVQBo9wJUAGnrAUgAausBUwBr6wFOAGzrAToAcasBBAQ9KCsAQgAOtA
416=ICBQVIAA/rAUYAEOkBSygpAEnsMWxSzDEiRFYnKQBE+CciPTRG5wg7AEfrAUQAc+sBQwB06wE3
417=AHXrATUAdusBRAB66AECOwAUAIqjXEEAG+sBGwAw6wFEADTpAU8oKwB3ADX3AlIAN+sBGgA56w
418=FvADvrARkAPekBUygrAGkAQPcCdwBB6wEWAELpAUsoKwAWAET1AkooKwBrAEb3AhcASOsBZQBJ
419=6wEXAErrATUAS+sBcQBM6wELAE3pARUoKwBtAFEoVQBT6wFCADqoAQIFBUQAP+kBQPMUBQVF7B
420=B8r8APdbJ27wU/AHrrAToAfOkBPygoAAI5ABMAi68xMgAW6QE3KikAF/cCNQAZ6wExABrpATwq
421=KQAbKFUAHOsBNQAd6wEuAB7rARkAL+sBQwAx6wFHADLpAXHoAQsBAXMANACLAQAAAAEBFxEAAO
422=cNACAIADUAiwEAAAABAWkoKAADFQA2AIsBlQJxKCsAFQA39QJPKCkAZygrABUAOOEEZygrABMA
423=OfUCbigrABMAOvUCeCgrAFAAOyhUACcrAAwAPChUACcrAE8APfcCDwA+6QFPKCsACABA9QIQKC
424=kAFCgrAAgAQSiAACcpABQoVQBxKikAQu8FBgBD6QETKCkAMSgpAHEoKwARAETtBUgoKwBnAEX1
425=AnIoKwBnAEYoVAAnKwBoAEj3AggASekBMSgpAGgoKQBzKCsAbABK7wUHAEvrAWYATOkBaygrAB
426=IATfUCaSgrAGYAT/cCDQBQ6wFnAFEoKQBSKCkAU+sBUwBi6wFLAGPrAUwAZesBRABm6QFMKikA
427=Z/YCUwAnKwBPAGn3AkwAausBSABt6wE5AHGoAQIEBEoACasBBQVH6EMCBQVGAD/1Aj3rLQUFOu
428=stBQVE/CsCBQVBAHQorQB76wE5AHzoAQI4ABAAjL9iNAAT6wEzABTrATIAFesBNAAa6wEvABvr
429=AS0AHOsBMgAe6wFDADDrARwAMekBcSgrABsAMvUCbCgrABcAM/UCRigpAGsoKwBQADXjBE8ANu
430=kBZygrABEAN/UCbSgrAA8AOPUCdigrAAwAO/UCZSgrAE8APPcCFAA+6wEIAD/pATYoKQByKCsA
431=aABA4QRxKCsASQBB9wIPAELpARMoKQAxKCkASCgrAGkAQ+8FZwBE6QFvKCsACwBH9QIyKCsACg
432=BI9QIUKCkAMSgrABEASuMEZgBL6QFrKCsANQBN9QJlKCsADwBO9QIXKCsADQBP9wJUAGDrAVMA
433=YesBSwBi6wFSAGPrAU8AaOsBSABs6wE5AHCoAQIEBEEADKgBAgUFQAAN6wE/AA7pAUcoKwBGAA
434=/3AkEAOukBQ+g4dGXLOAUFP/8rBQU+/ysFBT3wKmEESecIQgBy6wE2AHTpATooKwA0AHX3AjsA
435=eegBAjkAEgCNu2k8ABjrATEAGesBPAAd6wEVADPrARIANusBcQA36wEZADjrAVAAOSgpADrqAW
436=4AJykAcygrAGYAPeMESABF6wFOAGHrAVMAZusBRgBr6wFLAHAoKQALqAECBQVLAA0oKQAOKCkA
437=D+sBPwA8KCgAww8FBUPsEGkBPuMEQQB2KCkAd+gBAjAAFwCOryYZAC7rAUcAMesBFQAy6wFvAD
438=TrARIANesBdwA36wETADjpAXsoKwBsAD73AmsAQusBZQBG6wEIAEjrAQYASesBFABS6wFVAF/r
439=AU8AY+sBSgBn6QFQKCsAPQBwtAJluAioAXFLO+sBRwA86wFBAEPrAUQAROsBOgBF6wFEAEfpAU
440=DwFHEJcfQCAjgAEQCPuyc5ABTrATYAFesBMgAX6wEwABjpATMoKwA5ABkoVQAc6wEtAB3rAS4A
441=H+sBLwAg6wEZADDrAT8AM+sBQAA06QFGKCkASigrABQANeEEQSgpAEwoKQBvKCkAdigrABwANv
442=sGTwA46QFtKCsAGQA59QJnKCsAEAA69QJwKCsAEwA79wIWADzpAWUoKwAOAD31AhgoKQB6KCsA
443=DwA/4wRsAEDrATMAQesBNABC6wEPAEPrAQkAROkBFSgpADEoKwAyAEXjBG8ARusBZwBH6QFwKC
444=sAcQBI9wIUAEnrAQYASukBFSgpADEoKQBoKCkAcygrADIAS/sGBwBM6QERKCkAMygrAAkATeME
445=ZQBO6QFpKCsAFwBP9QIzKCkAOCgrADQAUOEEOSgpAGYoKwA2AFHhBDooKwAUAFP3AmcAVOsBVg
446=Bj6wFLAGTrAUMAZekBUSgrAEIAaPcCRABp6QFLKCsARQBq9QJPKCsATABr9QJQKCsATQBs9wJI
447=AG/rAUoACqsBBQVC6ENk2cA7ZM7AOyLUJsA7aHrcNmkBcucIQABz6wE8AHXrATQAdukBPigrAE
448=EAePcCQgB56wE3AHrpATsoKQBDKCsAOAB74wQ9AHzoAQI+ADIAkLuKcAAz6wETADTpAWgoKwAO
449=ADn3Am0AO+sBEwA/6QFqKCsAMgBA9wJnAEHrAQUAQusBRwBD6wFuAEXrAWMASesBDgBL6wEyAE
450=7rAUwAYOsBQgBk6wFBAGfrAUkAaOsBRwBu6wFKAHHpATzoAXm2DLQCAgUFRQAQ6QFKKCkAQeAa
451=YATAGm08de8FNgB56AECOgAVAJGnKTUAHukBPCgrAB8ANPcCTQA26wEdADfpAXMoKwB8ADr3Ah
452=EAO+kBcygrABQAPPcCDAA96QF4KCsAZgA+9wJPAD/rAWgAQusBBgBE6QEMKCsAEQBF9wJIAEbp
453=AXcoKwBlAEf3Ag0ASusBCgBO6wENAFHpAQ8oKwA+AFL3AmsAU+sBaQBV6wFOAGLrAVcAZOsBRg
454=Bs6wFLAHLpATnoAQIEBD8AD7QCIhA0wCVwNcgicGzcICLBNEnvBToAdesBOQB96AECHgAwAJKr
455=OAwATOsBDQBN6wFEADmoASJpKTrrAUAAQOgBAkQACwCwZAgiRSo66wFBAEHpAUIoKwA+AEj3Aj
456=wAdusBPgB46AECQgBCALGzCTwAResBPQB36AECRAAPALKjBEMAOesBRQA+6wE9AEfrAT8AdOsB
457=PQB26wE/AHjoAQJGAA0As7MJPAB36AECRwANALS3AkEAOekBQigrAEQAOvUCRSgrAD4AdPQCAk
458=kAEAC1pwhHADvrAT4ASekBQygrAD8AefQCAkUACwC2uwZIAA0oKQA66wFDAEEoKQBD6wE/AEjo
459=AQJGADsAt6cIQgBD6wE9AEjoAQJFAA0AuKMEOwB26AECQwAOALm3AkkAD+sBPABG6AECRgAMAL
460=qjBEMADesBSQAO6wFAADjrAUcAOesBPABE6wFDAEjrAT0Ac+sBOQB16AECQwAPALurDEAAOesB
461=QwA66wFBAELrATwAR+sBPQB06wE7AHfrAT0AeOsBPgB56AECQwALALyrDEgAEOsBRAA+6wFAAE
462=HrATsAResBPABJ6QFCKCgAAkQADAC9swlFAA7rAUQAEOsBRgA86wFFAD/rAUIAROsBPQBK6wE/
463=AHXrATkAdugBAj4AQgC+qAwCWQAVAM1oAQIAAFgAFukBWSgrAFgAF/cCWAAcKCkAHeoBXAApKQ
464=Ae9gJdACcrAF8AIvUCYCgrAGYAI/cCWAAk6wFcACXpAV0oKwBbACb1AlwoKQBdKCkAZigrAF0A
465=J+0FXigpAGcoKwBiACjjBFgAKigpACvqAVkAJykAWygpAGkoKwAvACztBWAoKwArADH3AhoAVu
466=kBHygpACAoKwAqAFjhBCsoKwAXAFkoVAAnKwAXAFr1AhgoKwAZAFv3AiQAXekBJSgpACYoKwAk
467=AF4ogAAnKwAfAGD3AiwAYesBKwBi6wElAGPpASooKQArKCsAIgBk4QQkKCkAKSgrACMAZeMEKQ
468=Bq6wEuAGvrASsAbesBSwAaqAECAQFFABvpAUYoKQBJ5EoCAQFEAB/jBCwAIOkBPfNLAQFC80sB
469=ATn7SAEBP/dEAQFAKCkAQigpAEUoKQA/4EZsBcdKAQFBKFUAQigpAEYoKQBLKCkATCgpAFEoKQ
470=BSKCkAT+xHAgEBTwAt9xg4AC7rAVQAL+kBVigrADEAMPUCVyooANdPAQFY4FECAQFRADLvBV0A
471=M+sBIAA1KCkAPOoBWwAnKQBcKCsAHQA94QQfKCkAICgpACEoKQAiKCkAWygrAB0APuUIHigpAB
472=8oKQAgKCkAISgpACIoKQAjKCkAJCgpACYoKwAeAD/pDB8oKQAgKCkAISgpACIoKQAjKCkAJCgp
473=ACkoKQBbKCkAXigrAB4AQCi0AScpACAoVQAiKCkAIygpACkoKQAqKCkAWSgpAFooKwAjAEHpDC
474=QoKQBeKCkAYygrACMAQu0FYygrABwAQ/UCYigrAFEARPUCYCgpAGEoKwAjAEXhBFIoKwAbAEb3
475=AhsAR+kBHCgpACIoKQAjKCkAKiopAEj6BisAJykAXygrACIASuMEJABL6QElKCsAKgBM9wIdAE
476=7pAR4oKwBSAFD1AlMoKwAjAFL1AiQoKQApKCsAKgBT4QRjKCsAPQBU9QI/KCkATSgrADIAVeEE
477=SigpADLrvAEBMygrADEAV+0FOSgpADoqKADbwQEBQ/jBdJwnVQBFKFUAQvDEYATQxGimJykARi
478=iBAEX/xQEBRigpAEcoKQBIKCkAQeDKdKfMy2gMJykARSiBAEYoKQBHKCkASCgrADgAXOUeQigp
479=AEMoKQBHKCkASCgpADbv1gEBR/fTAQE+9NNkuMDVfLrA1WAEJysANgBm4Q87KCkAM/DPZLjcmS
480=KMM8hZBAUFXQAcAM8kFyReAB7rAVgAIekBXygrAGIAIvcCZQAj6wFdACTrAVsAJesBLwAo6QFh
481=KCkAaSgrAGgAKuMEWgAr6QFcKCsALQAs9QIuKCkAMCgrAGgALeMEKgAv6wEtADLrAUwASusBGQ
482=BV6QEaKCkAICgpACEoKwAeAFbtBVsoKwAoAFf1AikoKQAqKCsAGQBa4QQaKCsAIABb9QIhKCsA
483=IwBc9QIkKCkAJSgrACcAXeMEIABg6wElAGLpASooKwAjAGT3AigAausBQwAfqwEBAUsoKQBQKC
484=kAPPQ5eEjAO3REJykAQiiBAEMoKQA/+D0ieCDHPwEBOOQ/YHLQQAIBASUAJu0QQSgpAEMoKQBQ
485=KCkAUSgpACfwQHAJ00ABAR74PXQNxD9wYScpAEIogwA+AC7hD1UoKAAAAjAALwDPAQAAAAEBMQ
486=AvAM8BAAAAEQAAcA0AIA0BATIALwDPAQAAAAEBSwAv6QFTKCsARgAw9wJjADXrATcAN+kBXigr
487=AFsAO/cCIQA86QEsKCsAHgA99QIjKCkAXigpAF8oKwAlAD7tBSgoKwBaAD/1AmMoKwAnAED1Ai
488=8oKQBOKCsAXwBB4QRgKCkAYigpAGQoKwBWAEPtBWEoKwBTAEX3AioARukBLygrAB0AR/UCVigr
489=AA8ASPcCIwBK6QEkKCkAUCgrACkAS+MEYABM6wEvAE/pATAoKQBTKCkAXigrACMAUe0FKCgpAE
490=YoKwAhAFLhBGMoKwArAFP1AiwoKQA+KCkATCgpAE0oKwA8AFT7BjMAVekBSygrADkAVvcCMABX
491=6QFDKCkARCgrAEcAWeEESCgrADEAWvcCQwBb6QFTKCsANwBc9wI1AF3rAUUAX+kBRigrAD0AYP
492=UCPigrADgAYvcCPwBo6wEzAGnpATQoKwA5AGr1AkH3WgUFRe9HBQVA/0EFBUEoKQBCKCkAQygo
493=AAJZABcA0GhvAgAAWQAcKCkAHeoBXQAnKwBZAB73AlgAIukBZCgrAGYAJPcCXgAl6wFYACbpAV
494=4oKwBYACf1AmAoKwBYACj3AlgAKesBaQAqKCkALesBKwAw6wEuADPrAToANesBTQBL6wFcAFfr
495=AR4AWOkBXCgrAB4AWfUCLCopAFr3AhoAW+sBJgBc6QEqKCsAHwBf9QIlKCkAWigrACwAYiiBAG
496=TqASsAJysAKQBl9wIsAG7rAUUAIKsBAQFQKCsAOgAh9wI+ACPpAULjMAEBQOMwAQFG9y4BAUwo
497=KQBSKCkAQvcuAQEz9C4CAQFHACz+ClAA1C4CAQEfAC71AjkoKQBDKCsAMQAx4wRYADIoKADENA
498=IBAV4ANPUCIfA1AgEBOAA49wIkADnpATIoKwAkADooVAAnKwAdADz1AiIoKQAnKikAPeMEXwA+
499=6wEmAD/pAVQoKwAZAED1AiQoKQBbKCsAUwBC4QRgKCsAHQBD9QIpKCkAYygrAC4AROMEYQBF6w
500=EjAEbpAV4oKwArAEf1Ai8oKwAQAEj1Ah0oKwAiAEn1Ai7sXQIBAR4AT/cCLwBR6QFTKikAUvcC
501=JQBT6QE/KCkAZCgrAE4AVOMEPQBV6QFAKCkATigpADrjZwEBWSgqAEIAz2gBAUkoKQBNKCkASe
502=drAQFT+Gl9QV32DUMAJykASCgpAFMoKwA2AF7tBUf8bQIBAT8AYPcCOgBj6QE+KCkANvxtAgEB
503=NQBq4wQvAHDpAUL4SAEFBUIA2EgEBQVZABQA0aumWgAV6wFWABrrAVkAG+sBYAAh6QFkKCsAXg
504=Ak9wJnACbrAWMAJ+kBaCgrACkAKPcCKgAp6QFbKCsAWQAq9wJdACvpAWAoKQBqKCsAYQAs4QRl
505=KCsAKwAv9wI2ADDrASwAMesBLgAy6wFTAEjrAU0ASusBSQBP6wEbAFXpASIoKwBcAFb3AhYAV+
506=kBKygrABcAWPUCLCgpAFYoKwAYAFnjBCIAW+sBKABd6wEfAF7pAVooKwAsAF/3Ai0AYOsBJABh
507=6wEmAGLrASwAZesBKgBm6QEtKCsALgBn9wIqAGrpAS8oKwArAGv3AiwAbekBU+BGAgEBQgAZtA
508=J0ssBGdLInKQBS+EgCAQFPABzvBSsAHesBQgAe6QFKKCsALAAf9QJFKCkATCgrAC0AIOEEQOBR
509=AgEBKAAi9QIzKCkARCgrACkAI+EENCgpACr/VwEBOigpAEgoKQBMKCkATygpAFIoKwAkACX9Ci
510=soKQBGKCkAJv9iAQEs82EBATcoKQBNKCkAM+tkAQEh/2IBAUMoKQAi62QBATwoKQBGKCkAI+hk
511=dN7MaCIsMicpAFQogQBB4Gd88dhpeeIt4hpDACcrAFYALvUCIfNsAQE7KCkATCgpAFcoKQA89H
512=BgRsNyAQFYKFUAcCgpAGD7dAEBZygpACPndgEBUigpAF0oKQBhKCsAXgAzKJECNOsBWwA16QFk
513=KCsALQA29QJlKCsALgA39QI4KCkAVigpAF8oKwAnADjtBVcoKQBgKCsAXQA54wRiADrrASAAO+
514=kBJygpADMoKQBcKCsAXQA87wUkAD3pATcoKQBhKCsAKQA+4QRiKCsAGQA/9QIqKCkAVygpAGco
515=KwArAEDtBTAoKQBPKCsAHQBC4wRXAEPpAVwoKwAkAET1AlIoKwAbAEX1AlUoKwAcAEb1AisoKw
516=AOAEf1AiUoKQBIKCkAXygpAFvnuAEBYCgrAB4ASSgEAdy6cGEnKQBR9L1gUSdXACoAS/kGSCgr
517=AA8ATPUCHSgpAEkoKQBhKCsAHgBN7QVBKCkASygpAFwoKwBDAE7tBVTnzgEBXygrABEAUeEEHC
518=gpACQoKQApKCkARygrABIAUvkGJSgpACooKQBaKCkAZCgrAE4AU/kGVCgpAFsoKwAyAFThBDco
519=KQBAKCkAQygpAEooKQA0/OYiFCTU6WwxJykANfTpfK/A63zFJykAWCiBADvv7AEBRSgpAFAoKQ
520=BhKCkARvvtAQFRKCkAWSgpAEnw8CLNRlruGz8AJykAOejzYATf8QEBRPzxaN0nVQBQKFUAQvT0
521=IgAy1PQiCDPU9Hgc1PQCAQE2AGThDzzg9nykzPdwxM/3AQE+4PZ5EWj6BkEAJysANQBp9wIvAG
522=/pAUD8jgQFBVgAGADSJLMnVwAd6wFcAB/pAV0oKwBjACL3AmQAJOkBZSgrAFwAJ/cCYwAo6QFo
523=KCsAKAAp9QIpKCsAWQAs9QJaKCkAWygpAFwoKQBqKCsALQAt+QYuKCkALygrAGkALuMENgAx6w
524=ErADLpASwoKwAuADT3AkwAS+sBGABW6QEZKCkAISgrAB8AV+MEKQBY6wFcAFnrASsAWusBFwBb
525=6QEYKCsAIQBc9QIiKCsAJgBe9QInKCsAHgBg9QJaKCsAKgBk9wIiAGXpASQoKwAtAGf3AigAa+
526=kBKSgpACooKwArAG7jBEsAG6gBbFLfQQEBSvxBeV4g4wQtACHpAT/0RGBcwEZ5XiPiBD0AJykA
527=QygpAEH4SAIBATEAJe8FRAAm6QE/+Eh8CtNLAQFBKFUATCgpAFEoKwAyACrlCDMoKwA8ACv1Ak
528=bkSnAJx0oBAU74SCIUJNhIAgEBOQAv+QZVKCsARwAw9QJMKCkAb+hOfNDLTgEBZuhOAgEBVwAz
529=+wZkADbrATcAOOkBXygrACMAO/UCMigrAFwAPfUCXSgpAGAoKwAcAD7hBCcoKwAlAD/1Al8oKQ
530=BhKCkAYigrAB0AQO0FISgpACgoKwAfAEHhBCooKQBOKCkATygpAFooKQBbKCsAXwBC5wgdAETp
531=ASgoKQBiKCkAYygrACQARe0FXygpAGAoKwAuAEfjBBwASOsBDwBJ6QEi430BASMoKQAnKCkARy
532=gpAFEoKwBYAEznCEEATusBFQBP6QExKCsAXwBQ9wIRAFLpASIoKQAoKCkALigpAC8oKwAkAFP7
533=BisAVOkBPigpAGMoKQBkKCsATABV7QVNKCoANADcmXx4JykAMvCYeF7cmXjtJykAO+ibItQxyJ
534=t4dNyZZIHQmHDwJykARvyZImREJ1cANwBd5RNI6Jsi3DLImyLgOCcrAD8AYu8FOQBj6wFCAGbp
535=ATbom3GCaPcCNABq6QFB+14FBUT8TCK0Q8hDIrdDIQDTouBaACcrAGEAIvcCXwAn6wExACzpAT
536=IoKQAzKCkAZCgpAGsoKwAoAC/5BikoKwA3ADH3AjkANesBTQBE6wFSAEjrAUgAT+kBWCgrAEoA
537=UfUCSygpAEwoKQBNKCsAVQBY7wUbAFrrAV8AW+sBKwBd6wEcAGDpAR0oKQAhKCsAQQAZoAQiHS
538=Ua6wFEABvpAUcoKQAu8CoiXDjQKn1tJe0FSvwrIrk+LfUCIOMlAQEvKCkAOigpAF0oKQBeKCkA
539=JvAqebYy8gllACcrADYAM/UCNygpAFUoKQBWKCsAKQA07QUqKCkAVPM1AQFVKCsALAA27wUdAD
540=jrASgAOekBLCgpADkoKQBbKCkAXCgrABoAO/sGXAA/6QFdKCkAYCgrAC4AQOEEWCgrAFwAQfUC
541=XSgpAGEoKwBUAEPhBFUoKQBaKCkAWygpACfsUgIBASUARfkGVCgrADAARvUCMSgpADIoKwAeAE
542=fhBCQoKwAmAEv1AigoKwAOAEz1AhwoKwBKAE33AiMATukBQigpAEwoKQBNKCsAUQBQ7QUb8GEi
543=9VZS9wJcAFTrAVcAVusBTQBX6QE842cBAT0oKQA+7GgixC/YaWiQ2Glhnl7mCEoAJykASygrAD
544=cAYuMEMgBs6wFIAAuoAQQFBVoAFgDUo5NZABjrAV4AHOsBXwAe6wFeAB/rAWAAI+sBYQAm6wFe
545=ACjrAWIAKesBXQAs6wEwAC3pAWEoKwBOAET3AhsAVukBIigrACAAV/cCJwBb6wEaAFzrASwAXe
546=sBKABe6wEgAGHpAS0oKwAmAGP1AiwoKwAlAGX3Ai8Aa+sBLgBs6wFTABWoAW0xG+kBRuAlZdkd
547=9wJMACDrAVAAIesBNwAi6QFE+CciTTYl9QIw5CkiCCjQKgIBASYAJ+EEQ+gBAAEBAUYAKADUAQ
548=AAAAEBTQAoANQBEQAAuA0AIAgAAAABAVIAKADUAYsBPgAp6QFLKCsAQwAq9wIpAC3rATMAL+sB
549=MgAw6QFUKCsARgAx9QJwKCsAZwAy9wJSADPrAWEANOsBIQA26wEpADnrASQAO+sBLAA96wE3AD
550=7rAVQAQOsBIABB6QErKCkAMCgrACQAQuEEJygpAGQoKwApAEThBFcoKwAmAEX3AlMARusBHwBH
551=6wEjAEjpAVYoKwAQAEn1AisoKQBbKCkAYCgrACUATO8FKgBN6QFhKCsAXABO9wIeAFDpATAoKQ
552=BUKCsARwBS4wQhAFPpAS0oKwAsAFT3AksAVusBMwBX6wExAFjpAWEoKwBZAFr3AjIAW+kBPSgp
553=AFQoKwA5AFzjBFAAX+sBQABi6wE+AGTrATMAZesBPABm6wE3AGfrAT8AaesBOgBq6wEzAGzpAU
554=L/QQUFRfc5BQVD5DQEBQVbACEA1WxdAgAAZwAj6wEuACTpAVkoKwAwACj1AmQoKQBqKCsANAAs
555=4QRsKCsAagAu9wI4ADHrAS8ANOsBVQBK6wFOAEzrAUYATesBWQBP6wFOAFHrAV0AWesBHABa6w
556=FgAFvrASIAYOkBWygrAFQAErQCAgEBUQAY6wFIABvrATcAH+kBUSgpAC/gJQIBAUoAIuMEMgAl
557=6QFNKCkAUygrAEcAJ+EEUygpADjsJgIBAS0AKuEENCgrACgAK/UCPSgpACrwKgIBAToALeEEP/
558=wrYBrILQIBAUQAL+EEXygrAEgAMPUCTSgpACf7MgEBQCgpAFkoKwAkADP5BjgoKQA9KCkARSgp
559=ACvjOwEBWSgrACYANeUIVigrAB4AOPcCLQA56QE6KCsAVQA69QJnKCsAGwA79QJYKCkAYygrAC
560=0APOEENCgpAFMoKwAxAD7jBDkAP+kBZCgrAGsAQPcCGgBB6QElKCkAUCgpAGUoKwAeAETtBV0o
561=KQBkKCsAMwBG4wQYAEfpAVcoKwAsAEj1AjAoKwBSAEv1AivoZHwr1GUCAQEfAE7hBCQoKQBOKC
562=kAFu9oAQEyKCkARCgrACwAUOUIYCgrAB0AUvUCMCgrAF0AVPUCZSgrAEQAVfcCPgBY6QE773MB
563=AWQoKQBO+HR5aVzvBU0AX+kBVygpAEjwdwIBATQAYeMESQBk6wFDAGbrATYAa+sBSQALqAFgns
564=NGBQU/8zUFBUYoKQBE+DICBQU2AHP4BgJYABQA1rOjWAAV6wFXABfrAVsAHusBVwAh6wFkACPr
565=AVcAJ+sBKAAo6QFXKikAKShVACrrAWkALOsBKgAw6QE1KCsAKgAx9wItADPrAUsASusBHgBX6Q
566=FbKCsAFgBY9QIoKCkAWygrABYAWeEEKigrABYAWihUACcrACMAXfcCHgBf6QFZKCsALABg9wIk
567=AGIoKQBj6gEpACcrACwAZvcCUAAaqAECAQErAB/pAUkoKwBLACD1Ak8oKQA/4zABAUHgMAIBAT
568=8AJe0FTCgpAFIoKQAl5zQBAT4oKQBFKCkAUCgpADL8NmwF1zkBAUsoVQBQKCoAMgDDOwEBQigr
569=AEYAK/kRQOw8AgEBNwAt9wJUAC7pATD4PWgM00ABAVYoVQBvKCsAVwAy+QZcKCkAZCgpADz0RA
570=IBAVgANO8FYwA26wE2ADfrASMAOukBMSgpAFQoKwAfADvhBCYoKQBXKCsAHwA8KIAAJykAWihX
571=ABwAPSiAACcpADYoVwBeAD7hBGEoKwAYAD/1Ah0oKQAoKCkAWSgrAFMAQO8FGQBB6QEiKCkAKS
572=grAF4AQuEEYigrAGAAQ/cCIwBE6wEaAEbpASIoKQAuKCsAKQBH4QRVKCkAXigrAA4ASOEEIigp
573=AFooKQAh/HgCAQEpAEzvBR0ATekBWygrAEsATvcCHQBP6wEvAFDrAScAUekBUigrAD0AU/UCYi
574=grAEwAVPcCMQBV6QFJKCsAMQBW9QI4KCkATigpADnsiXhe0I1oTikoAMSMeHTMiSK0IicrAFIA
575=XOkMR+SMAgEBRwBe9QJPKCsAPQBh9QI954wBAT34igIBATUAZeEENeSMcXdo9wIyAGnpAUD7Uw
576=UFQOBRaAHDUQUFROBGBAUFVwAWANflwxvrAVcAHOkBXCgrAFYAHfUCWygrAF4AIfUCYygrAC0A
577=JPUCXCgrAFoAJfcCVwAm6QFgKCsAYgAn9wJfACvrASwALOsBVABK6wFXAE/rARgAVekBHygrAB
578=0AWPcCJgBb6wEeAF7pAVkoKwArAGH3AikAYusBIQBk6QEoKCsAJwBq9QIuKCsALQBr9wIqAG3r
579=AVIAFKgBAgEBUAAY6wFFABrpAUooKQBO6C15PR/iBE8AJysAMgAi9QJJKCkAOf8rAQEw/CtgUc
580=gtdETILXyvJykASegtAgEBOwAq/Qop6y0BAU4oKwBcAC/jBEUAMOsBXwAx6QFmKCsATwAy9wI1
581=ADPrASAANOsBIwA56QExKCsAIgA79QJaKCsAHAA89QIrKCsAUwA/9wJNAEDrARwAQusBKABD6w
582=EmAETpAV8oKwAaAEX1AiIoKQBeKCsAKQBG4wQhAEnpAUb0TyJ9MU31AlLgUQIBARAAUfUCIigp
583=AC4oKwAgAFLhBC0oKQBiKCsAMQBU4QRJKCsAQgBX9QJgKCsAQQBZ9wIwAFrpAT0oKQBLKCkAOO
584=dgAQFSKCsANgBc+wZWAF/pATXsXQIBATIAZfUCOygpAEEoKwAuAG/hBEL8NgQFBVUAGQDY+Yoj
585=KCkAJeoBYQAnKQBmKCsAKAAn4wQvACnpAWkoKwAvACr1AlsoKwAvACv3AjUAL+sBMwAz6QE6KC
586=sAMwA0KFQAKSkANvcCSwBHKCkASCgpAEnrAVQASygpAEzrAUkAUOsBYABU6wFUAFfrAVYAWSgp
587=AFrrASoAW+kBLCopAFz3AisAbOkBUPAqaTgbtAIiaSke6wFHACDpAULzKgEBTygrACsAJuMELA
588=AoKCgAyC0iACfEKQIBASMALOEEJygpADcoKQBLKCkAVCgrACMALfkGVCgrACMALvcCJQAw6QFc
589=KCsAPAAxKFQAJysAMQAy9QI8KCkAMfc5AQFhKCsAWwA27wUkADjpATIoKwBXADn3AlcAOusBMA
590=A96wFUAD7pAVsoKwBeAED1AmMoKwAnAEH1AlMoKwApAEL3AiMAQ+sBLgBF6wEXAEbpAVUoKQBN
591=6E4BAQFIAMhOfDbITiLYIchOAQEBLgDLTgEBWygrAC4ATf8KLgBO6wEaAE8oKADYUyI5I1P1Al
592=j4UwIBATwAXvcCMgBf6QE8KCsAVgBg9wI5AGHpAUcoKwAzAGv3AkAAO6sBBQVB4BoEBQVYABMA
593=2bOCVQAY6wFeABvrAV8AHesBVwAg6wFmACLrAWEAJOsBKAAm6wFnACzrATUALusBMwAy6QE6KC
594=sANAA49wJOAEPrAUsARusBRwBO6wFgAFPrAVQAVusBIgBY6wEnAFrrASIAY+sBKQBp6wFTABGo
595=AXzFxB5x8Bn1AknkHgIBATYAHvUCRCgrAEcAH/UCOugiIjA41CMCAQEnACHhBDcoKQA9KCsATg
596=Aj4QQx+CdgfcQpabwn4wQ3ACrpAVMoKwBAACv1Ak8oKQBS9C4inSot4QQz4DACAQElAC/1Akco
597=KQBvKCsAUQAx4QRkKCsAKAAz9wI2ADbrASQAN+kBMigpACn0OXigwzsBAVooVwBUADn7BhkAOu
598=kBHygpACYoKwAdADvjBDAAPOkBNigpAGAoKwBUAD3jBBgAPukBVigpAFkoKwATAEDjBBcAQekB
599=LvRPIrBTwFECAQEXAEXhBB/sUiLMMNtTAQFNKFcAEABH7QVaKCsATwBI9wInAErpAS4oKwANAE
600=v1AhsoKQBbKCkAXygpABXzYQEBGigpADEoKwArAE/xCVAoKwAnAFD3Aj0AUukBPygpAEIoKwBG
601=AFTjBFYAVekBXigrAE0AWfUCVPxteZVd9gJPACcrAEEAXvcCPwBf6wE5AGDpAUj4dAIBATMAZP
602=cCMQBn6QFAKCkAOvx4IjAtyDgiwzQYANrxmBrrAVgAHusBWwAf6wFXACLpAV4oKwBfACP3AloA
603=JusBWwAn6QFmKCsAXQAo9QJgKCkAZygrAGEAKeMEVwAr6QFoKCsAWAAs9QJfKCsALAAt9QJgKC
604=kAZygrAGgALuMENQAx6wEqADLrAS0ANOsBSwBL6wFNAEzrAUcAT+sBSQBR6wFUAFjrAR0AWekB
605=WygrABYAW/cCGQBc6QEgKCsAKgBd9wIjAF7rASQAX+sBWQBg6wEfAGHrASEAZekBKCgpACsoKw
606=ApAGbjBCwAZ+sBJwBr6wEtAGzrASoAbusBUwASqAEiUSYV6wFAABnrAUoAG+sBRQAc6wFOAB3p
607=AULgRnGYIPYCQwAnKwAsACH1Ak8oKQAn5EoiDGXfTAEBKPBLfLrcTHRlJysAKQAk8Qk+KCkATi
608=grACoAJeEENygpACTnVQEBOCgpAE8oKQAr8FZsy9NWAQFF5FUCAQEhACr9CiwoKQBCKCkAIvBW
609=IkA6y1kBAVMoVQAn+FN06d9XAQEe5FVgD9BWaNInKQBCKIEATygrAB8AL/kROCgpAEMoKwA7AD
610=DhBFMoKQAl8GEisD3cYngcJykAViiBAF/0ZSIxLTPyCVEAJykAXCgpACj7aQEBXSgrACAANvsG
611=LQA36wE2ADjpAVboAQ0BAV4AOADaAQAAAAEBJwA5EQAAggc8EQgA2gEAAAABASsAOekBOCgpAF
612=ooKwAZADvhBDEoKQBiKCsAMwA84wQrAD3pAVooKwAwAD71AjYoKwBWAD/3AhgAQOkBJigpAFco
613=KwAeAEHhBC8oKQBNKCkAWSgrACIAQu8FUwBD6wEcAETpAVYoKQBcKCsAUQBF4wRSAEbrARcAR+
614=kBGigpAEcoKwAbAEjhBCkoKQAvKCkAVSgpAF4oKwAOAEn5Bh0oKQAqKCkAWigpAF8oKwBPAEr7
615=BiEAS+kBRigpAFAoKwANAEzhBBsoKQAkKCkASCgpAF8oKwApAE35BkkoKQBgKCsAQABO4QRbKC
616=sALgBP9QJDKCsAHQBQ9QIrKCkAUCgpAF4oKwAaAFHvBRAAUukBHCgpACcoKQBGKCkAUigrACAA
617=U/kGIygpACkoKQBTKCkAWigrACoAVPkGQigpAFsoKQBiKCsANwBV7QU8KCkAPygpAEMoKQBGKC
618=sASQBW+QZWKCsAOABX9wIwAFjpAVAoKQBgKCsAOQBZ4wQ6AFrpAVgoKwAwAFv1Aj8oKQBNKCsA
619=QQBc4wRCAF3pAVIoKwA1AF71AkMoKwBBAF/1AkQoKQBMKCkATygrADIAYO0FRSgrADMAYfcCOA
620=Bj6wE9AGTpAUgoKwBBAGb3AjUAZ+sBMQBo6wE+AGnrATIAausBNQBr6wEuAHDpAUD4dAYFBVcA
621=JADbAQBhAGMoKwBlACb3Ai4AKOsBJwAp6QFaKCsAZwAq9wJjACzrAScAL+sBOAA16wFMAETrAV
622=EASOsBRQBN6wEXAFbpAR0oKQBaKCsAFQBX4QQnKCsAHwBb9QJeKCsAKQBc9wIrAF/rARsAYOsB
623=IwBh6wFDABuoAQIBASoAHesBQQAe6QFIKCsAOQAh9wI2ACLpAUf7JwEBSygpAFEoKwAiACXtBS
624=/8KwIBATYAJ/UCIPMqAQE9KCkASigpADHrLQEBRSgrACYAK+UISigqAEQAzDECAQEdAC3hBE0o
625=KQAu5zQBAUooKQBSKCsAQQAw+wY/ADHpAW4oKwAiADL3AkQAM+kBVCgrAGAANPUCH/NAAQElKC
626=kAUygpAFooKQBiKCsAKwA25whVADfpAV0oKwAcADj1AiYoKwBhADr1AmYoKwBSADz3AhsAPusB
627=OAA/6QFmKCsAHABA9QItKCkAaigrACYAQuEEUigrABsAQ/UCWSgpAC37XgEBUCgrAF0ARu8FDQ
628=BH6QEhKCkALSgrAFcASuMELQBL6wFXAEzrARwATukBIigrABQAT/UCXSgrAEUAUfcCWABS6wFL
629=AFPrATYAVOkBOygpAC//bQEBTCgrAGMAWu0FPOhvAgEBNABd9wIxAF7pATvob3leYvcCOgBm6w
630=E9AGfrATgAausBMQBs6wFHAAurAQUFP+A7AgUFPgBB9QJD7DFgBNwrAgUFNQBz4AQCVgAbANyj
631=nlYAHusBWQAf6wFiACPrAS0AJesBKgAq6wFlAC3rATMANesBOgA36wE0ADnrAVMASesBVABN6w
632=FXAFDrAWAAVesBGgBX6wEiAFnpASgoKwAeAFr3AlYAW+sBJQBg6wEjAGbrASoAZ+sBLgBo6wEs
633=AG/rAUIAGqgBbFLIIgIBAVIAHPcCNQAg6QFJKCsARQAh9QJHKCkASygpAEn4J3FAJO0FSOQpeX
634=8o9gJJACcrAFAAKfUCRf8rAQFHKCkASygpAFIoKwAjAC/5Bj4oKwAhADD3AkIAMekBSygrAE8A
635=M/UCZCgrADEANPUCNSgpADwoKQBY+z0BAV4oKQBb5z8BAWMoKQBlKCsALgA4/Qpg6EMCAQFdAD
636=r3AlQAO+sBVwA86wFnAEDrARMAQesBFwBC6QEZKCsAXgBD9wJhAEbrASUASOkBTSgpAEjsUgIB
637=AR4ASuEED/hTeddP9wISAFPrASUAVOkBVCgrAD0AVvUCQCgpAEcoKQBeKCkANeNcAQFR9Fp0Dc
638=hZAgEBOABe8QlTKCsANgBf9QJC7F0CAQFWAGH3AkcAYusBOgBk6QEy82EBATvwYQIBAUEAaeME
639=OQBr6wEvAHHrAUAAP6sBBQVB4CUEBQUpACAA3beGLAAj6wEjACjrAWUAKesBHQAq6wEfACvrAS
640=EALekBJSgrADAANvcCNgA66wE4ADvrATkAPesBTwBG6wFQAE3rAVYATusBWwBQ6wFWAFLpAV0o
641=KwBQAFP3AlgAVOsBUgBV6wFjAFbrAWUAV+sBJgBY6wFYAF3pATzzHwEBSOQeAgEBHAAsoAQCAQ
642=FGAC7pASf4HGlkOfUCLuceAQFo5B4CAQEsAD/hBDIoKwBsAEH3AkwAQukBWCgrAEoAQ/cCEABE
643=6wESAEXpAVgoKQBlKCkASfAqAgEBGgBK7wUZAEvrARUATOkBDPcuAQEWKCsAQQBR4QQ36C0CAQ
644=E2AFn1AmIoKwA1AFr1Ai/kKQIBAT4AXvcCNQBg6wFJAGHrATEAYukBVygrAEIAY/UCTSgrADkA
645=Z/UCSSgrADwAaPcCQAAMqAFl5A3rAT4AD+kBQOQpAgUFOQB59wJCAHroAQJHADoA9nBhDgUFPQ
646=BJAPYBAAAABQUAAAAAEQAA

[Lighting]
Red=0.810000
Blue=1.210000
Green=0.760000
Level=0.060000
Ground=0.000000
IonRed=0.695000
Ambient=0.690000
IonBlue=0.775000
IonGreen=0.445000
IonLevel=0.028000
IonGround=0.000000
IonAmbient=0.650000
DominatorRed=0.850000
DominatorBlue=0.300000
DominatorGreen=0.200000
DominatorLevel=0.000000
DominatorGround=0.000000
DominatorAmbient=1.500000
DominatorAmbientChangeRate=0.009000

[Map]
Size=0,0,70,60
Theater=DESERT
LocalSize=2,4,66,53

[Neutral]
IQ=0
Edge=North
Color=Grey
Allies=Neutral
Country=Neutral
Credits=0
NodeCount=0
TechLevel=1
PercentBuilt=0
PlayerControl=no

[Nod]
IQ=0
Edge=North
Color=DarkRed
Allies=Nod
Country=Nod
Credits=0
NodeCount=0
TechLevel=1
PercentBuilt=0
PlayerControl=no

[OverlayDataPack]
1=BQAAIP4AIACABQAAIP4AIACAlwAAIP4+AACEBAcHBP78AQCECAsLCP77AQCGBwoLCwoI//
2=kBPwCBBgH//gUAC//3AUECgQf+CAALggoG/vUBAIIECFQBgQf/+gFHANNBCoEB/+4BVgbO
3=RgyBA//rAVYIDALORQT/6QFFBA4D0UUGggYG/+kBVATSRASBB//8AUECEhaCCAj/9gFGCH
4=QXgwYEA//nAVcM/rwFAICPAAAg/lkSAIEB/sYBAIEG/gQAB4EG8uwT8iUU/48BkxKCCAr+
5=BAALggoH/h4AAIEE/hQAAIMICgjzJBT/igGUFCH9IgGBCNpeFoIDCM80GIEHED3cJhj+nw
6=EAgQf+CwAL3SUWz0kWUjr/ugFdFskcGoILCuxjGnA97Skc/5MBkxb+BAALz0YY5f8b7Coe
7=/m0BAICxAAAg/h0AAIEI/gwAC4IKBv4UAACEBgoKDP4VAACBB90gAP6jAQCDBAgK/gsAC4
8=EH/hQAAIEFIAPSLQDcIQL+pQEAgQfdWgLWQALJHAD/ugFlAsgeBNNkAIQDCgoJ/hYAAHQB
9=/7kBZAAhxwYE/gQACoEI7mUGZAGBCP6+AQCGBgcGAAYG8PEJVAH/uwFlBPzmCf4EAAeCCA
10=j/vAFlBv4eAACBAtNDAMwPAv7bAQCBAf7ADwCAiQAAIP4mDgCGAQMEBgcG/hYAAIEG/gMA
11=B9QrDv7MAQCDBggI0kYOggcK/gMAC4QKCAcE/uEBAIIIB9EWEBH//gQAC9EsEv/PAVsO0S
12=wQgQf+CAAL/+IBSRKBANFJEGIAgQj+4gEAgQPZLRaCCgj/4QFJEIEB2S0S/+UBRxTVLhD/
13=+wFGGnIB/7UBSxyAJwAAIP5DAACCBwr+BAALgwoIBP74AQCGBggKCwoH/vwBAIMGBwb+tx
14=sAgAUAACD+ACAAgAUAACD+ACAAgAUAACD+ACAAgAUAACD+ACAAgAUAACD+ACAAgAUAACD+
15=ACAAgAUAACD+ACAAgAUAACD+ACAAgAUAACD+ACAAgAUAACD+ACAAgAUAACD+ACAAgAUAAC
16=D+ACAAgAUAACD+ACAAgAUAACD+ACAAgAUAACD+ACAAgAUAACD+ACAAgAUAACD+ACAAgAUA
17=ACD+ACAAgAUAACD+ACAAgAUAACD+ACAAgAUAACD+ACAAgAUAACD+ACAAgAUAACD+ACAAgA
18=UAACD+ACAAgAUAACD+ACAAgA==

[OverlayPack]
1=BQAAIP4AIP+ABQAAIP4AIP+AdAAAIP4+AP/+BABwgv9w/voB/yIA//4BRAD+BQBw//8BRw
2=L/AQJFBP/2AUUG//QBPAiBreMwBIEe//8BVwL/0gNXDMgwDIGx3zMCgh4e/+sBVAjQQgD/
3=6gFXEv4WAP/+BAAe/wECWhT/AAJXFP7DAf+Brv7gA/+AcwAAIP4wAP+Bq/4LAP+Brv7oAf
4=+BsP4XBP+Bsf7tA/+Bqf4OAv+Bqv4eBv+BcP/HAZMQ/gUAcPPsE//HAV8S3yIUgQDWCRb/
5=xwFgFMpcFs89BoIAANcLGP/IAWEWyWAY4SUC0x8a/7sBbxjsYxr3Hxz/bQOTGoB3AAAg/h
6=0A//4PAHD+FAD//gQAAN8IAP63Af/hHQAgA//XAUYA4FcC1kACyh4E/roB//YgAP/HAVkE
7=yFkG/iYA/4Gp9hgI/5sBiQYABP9iAO8H/tEB///iAVwKd/yBsNhCDP7bAf/UQwb+/QH/ga
8=r+BAb/gaj/pwduEoBpAAAg/lMC/4Gv/g8E/4Gq/ucB/4Gw/toF//4GAB7+FgD//gUAcP/m
9=AUQM1i4OyEMOgbH+CgD/gan/0AFbDtkuEP/iAUYO/wACKxKB//8eAiwU/+IBSBb/AAIsGN
10=ctDs1GGv/sAUsI/74BQhqAHgAAIP5DAP/+CQBw/vgB///+AUYAQgL+DgD/gbH+qBv/gAUA
11=ACD+ACD/gAUAACD+ACD/gAUAACD+ACD/gAUAACD+ACD/gAUAACD+ACD/gAUAACD+ACD/gA
12=UAACD+ACD/gAUAACD+ACD/gAUAACD+ACD/gAUAACD+ACD/gAUAACD+ACD/gAUAACD+ACD/
13=gAUAACD+ACD/gAUAACD+ACD/gAUAACD+ACD/gAUAACD+ACD/gAUAACD+ACD/gAUAACD+AC
14=D/gAUAACD+ACD/gAUAACD+ACD/gAUAACD+ACD/gAUAACD+ACD/gAUAACD+ACD/gAUAACD+
15=ACD/gAUAACD+ACD/gA==

[Russians]
IQ=0
Edge=North
Color=MPRed
Allies=Russians
Country=Russians
Credits=0
NodeCount=0
TechLevel=1
PercentBuilt=0
PlayerControl=no

[Special]
IQ=0
Edge=North
Color=Grey
Allies=Special
Country=Special
Credits=0
NodeCount=0
TechLevel=1
PercentBuilt=0
PlayerControl=no

[SpecialFlags]
Inert=no
FogOfWar=no
IonStorms=no
MCVDeploy=no
Meteorites=no
Visceroids=yes
FixedAlliance=no
TiberiumGrows=yes
InitialVeteran=no
HarvesterImmune=no
TiberiumSpreads=yes
TiberiumExplosive=no
DestroyableBridges=yes

[Structures]
0=Neutral,CAOILD,256,71,14,64,None,1,0,1,0,0,None,None,None,0,0
1=Neutral,CAOILD,256,62,118,64,None,1,0,1,0,0,None,None,None,0,0
2=Neutral,CABUNK01,256,61,72,64,None,1,0,1,0,0,None,None,None,0,0
3=Neutral,CABUNK02,256,70,58,64,None,1,0,1,0,0,None,None,None,0,0
4=Neutral,CAPOWR,256,65,65,64,None,1,0,1,0,0,None,None,None,0,0
5=Neutral,AMMOCRAT,256,62,65,64,None,1,0,1,0,0,None,None,None,0,0
6=Neutral,AMMOCRAT,256,69,69,64,None,1,0,1,0,0,None,None,None,0,0
7=Neutral,AMMOCRAT,256,68,70,64,None,1,0,1,0,0,None,None,None,0,0
8=Neutral,AMMOCRAT,256,63,61,64,None,1,0,1,0,0,None,None,None,0,0
9=Neutral,TEMMORLAMP,256,65,37,64,None,1,0,1,0,0,None,None,None,0,0
10=Neutral,TEMMORLAMP,256,35,63,64,None,1,0,1,0,0,None,None,None,0,0
11=Neutral,TEMMORLAMP,256,69,92,64,None,1,0,1,0,0,None,None,None,0,0
12=Neutral,TEMMORLAMP,256,95,65,64,None,1,0,1,0,0,None,None,None,0,0
13=Neutral,TEMMORLAMP,256,64,64,64,None,1,0,1,0,0,None,None,None,0,0
23=Neutral,NEGLAMP,256,16,76,64,None,1,0,1,0,0,None,None,None,0,0
24=Neutral,NEGLAMP,256,12,67,64,None,1,0,1,0,0,None,None,None,0,0
25=Neutral,NEGLAMP,256,19,60,64,None,1,0,1,0,0,None,None,None,0,0
26=Neutral,NEGLAMP,256,26,52,64,None,1,0,1,0,0,None,None,None,0,0
27=Neutral,NEGLAMP,256,67,120,64,None,1,0,1,0,0,None,None,None,0,0
28=Neutral,NEGLAMP,256,56,119,64,None,1,0,1,0,0,None,None,None,0,0
29=Neutral,NEGLAMP,256,107,78,64,None,1,0,1,0,0,None,None,None,0,0
30=Neutral,NEGLAMP,256,107,67,64,None,1,0,1,0,0,None,None,None,0,0
31=Neutral,NEGLAMP,256,114,68,64,None,1,0,1,0,0,None,None,None,0,0
32=Neutral,NEGLAMP,256,111,54,64,None,1,0,1,0,0,None,None,None,0,0
33=Neutral,NEGLAMP,256,120,61,64,None,1,0,1,0,0,None,None,None,0,0
34=Neutral,NEGLAMP,256,75,12,64,None,1,0,1,0,0,None,None,None,0,0
35=Neutral,NEGLAMP,256,65,14,64,None,1,0,1,0,0,None,None,None,0,0

[TaskForces]

[Terrain]
8072=TREE16
12077=TREE19
14076=TREE16
16065=TREE17
17065=TREE16
20058=TREE34
22060=TREE16
23060=TREE35
24057=TREE35
24060=TREE17
25056=TREE16
25063=TREE34
26054=TREE34
26060=TREE34
27051=TREE36
27056=TREE36
27063=TREE35
27064=TREE17
28053=TREE17
28059=TREE36
28061=TREE16
29050=TREE16
29058=TREE17
30053=TREE34
30056=TREE35
31048=TREE35
31051=TREE35
31074=TREE36
32047=TREE34
32049=TREE17
34063=TIBTRE01
35050=TREE16
37049=TREE17
37050=TREE36
38067=TIBTRE01
39064=TIBTRE01
48031=TREE35
48064=TREE34
49030=TREE17
49086=TREE34
50113=TREE18
50114=TREE34
51028=TREE35
51033=TREE36
52024=TREE36
52028=TREE19
54024=TREE17
54106=TREE19
54108=TREE35
54114=TREE36
55023=TREE35
55113=TREE19
56019=TREE35
56105=TREE34
56111=TREE35
57116=TREE36
57119=TREE34
58063=TREE28
58111=TREE35
58113=TREE34
58121=TREE35
59021=TREE36
59023=TREE17
59110=TREE18
61035=TIBTRE01
61092=TIBTRE01
62021=TREE19
62030=TIBTRE01
63049=TREE35
63073=TREE29
63107=TREE18
64084=TREE34
64109=TREE36
64115=TREE35
65039=TIBTRE01
65107=TREE35
65115=TREE19
66015=TREE34
67011=TREE36
67020=TREE17
67093=TIBTRE01
67098=TIBTRE01
67115=TREE36
68019=TREE34
68059=TREE29
68086=TREE36
68113=TREE35
69105=TREE34
70105=TREE18
71011=TREE36
71013=TREE35
71015=TREE17
71049=TREE34
71104=TREE35
72008=TREE35
72009=TREE17
73013=TREE19
73068=TREE28
73100=TREE34
73107=TREE34
74007=TREE36
74104=TREE19
75012=TREE36
75017=TREE36
75100=TREE18
76098=TREE34
76105=TREE36
77014=TREE34
77020=TREE35
77096=TREE35
78017=TREE17
78082=TREE35
78101=TREE36
84066=TREE34
86050=TREE35
86071=TREE36
88057=TREE36
89068=TIBTRE01
90082=TREE34
92072=TIBTRE01
93083=TREE19
95069=TIBTRE01
96085=TREE35
97081=TREE18
97084=TREE36
99076=TREE35
99084=TREE34
100079=TREE34
100080=TREE19
100082=TREE35
101078=TREE36
101084=TREE34
102061=TREE36
102071=TREE34
102074=TREE18
103054=TREE35
103066=TREE18
103069=TREE36
103076=TREE34
104066=TREE34
104070=TREE19
104074=TREE35
104083=TREE34
105072=TREE34
105080=TREE34
106070=TREE34
107077=TREE34
109073=TREE36
112059=TREE18
112067=TREE16
113067=TREE19
115055=TREE16
116054=TREE46
118068=TREE18
119054=TREE19
119068=TREE17
123058=TREE17

[Triggers]

[Waypoints]
0=94036
1=36094

[YuriCountry]
IQ=0
Edge=North
Color=Purple
Allies=YuriCountry
Country=YuriCountry
Credits=0
NodeCount=0
TechLevel=1
PercentBuilt=0
PlayerControl=no

[Digest]
1=Rh7biGWi0fbBjzoWXdMoXY/j4C4=

