[NANRCT]
Name=Soviet Nuclear Reactor
Unsellable=yes

[GAYARD]
Name=Allied Shipyard
TechLevel=11

[NAYARD]
Name=Soviet Shipyard
TechLevel=11

[YAYARD]
Name=Yuri Submarine Pen
TechLevel=11

[Header]
StartX=233
StartY=30
Width=45
Height=60
NumberStartingPoints=4
NumCoopHumanStartSpots=4
Waypoint1=242,41
Waypoint2=270,41
Waypoint3=242,79
Waypoint4=270,79
Waypoint5=0,0
Waypoint6=0,0
Waypoint7=0,0
Waypoint8=0,0

[SpecialFlags]
TiberiumGrows=yes
TiberiumSpreads=yes
TiberiumExplosive=no
DestroyableBridges=yes
MCVDeploy=no
InitialVeteran=no
FixedAlliance=no
HarvesterImmune=no
FogOfWar=no
Inert=no
IonStorms=no
Meteorites=no
Visceroids=no

[Ranking]
ParTimeEasy=00:01:00
ParTimeMedium=00:01:00
ParTimeHard=00:01:00
UnderParTitle=GUI:NoUnderParTitle
UnderParMessage=GUI:NoUnderParMessage
OverParTitle=GUI:NoOverParTitle
OverParMessage=GUI:NoOverParMessage

[Houses]
0=Americans
1=Alliance
2=French
3=Germans
4=British
5=Africans
6=Arabs
7=Confederation
8=Russians
9=YuriCountry
10=GDI
11=Nod
12=Neutral
13=Special

[Americans]
Country=Americans
TechLevel=0
Credits=0
IQ=0
PlayerControl=yes
Color=Gold
Allies=Americans
PercentBuilt=0
NodeCount=0

[Alliance]
Country=Alliance
TechLevel=1
Credits=0
IQ=0
PlayerControl=no
Color=Gold
Allies=Alliance
PercentBuilt=0
NodeCount=0

[French]
Country=French
TechLevel=1
Credits=0
IQ=0
PlayerControl=no
Color=Gold
Allies=French
PercentBuilt=0
NodeCount=0

[Germans]
Country=Germans
TechLevel=1
Credits=0
IQ=0
PlayerControl=no
Color=Gold
Allies=Germans
PercentBuilt=0
NodeCount=0

[British]
Country=British
TechLevel=1
Credits=0
IQ=0
PlayerControl=no
Color=Gold
Allies=British
PercentBuilt=0
NodeCount=0

[Africans]
Country=Africans
TechLevel=1
Credits=0
IQ=0
PlayerControl=no
Color=DarkRed
Allies=Africans
PercentBuilt=0
NodeCount=0

[Arabs]
Country=Arabs
TechLevel=1
Credits=0
IQ=0
PlayerControl=no
Color=DarkRed
Allies=Arabs
PercentBuilt=0
NodeCount=0

[Confederation]
Country=Confederation
TechLevel=1
Credits=0
IQ=0
PlayerControl=no
Color=DarkRed
Allies=Confederation
PercentBuilt=0
NodeCount=0

[Russians]
Country=Russians
TechLevel=1
Credits=0
IQ=0
PlayerControl=no
Color=DarkRed
Allies=Russians
PercentBuilt=0
NodeCount=0

[YuriCountry]
Country=YuriCountry
TechLevel=1
Credits=0
IQ=0
PlayerControl=no
Color=DarkRed
Allies=YuriCountry
PercentBuilt=0
NodeCount=0

[GDI]
Country=GDI
TechLevel=1
Credits=0
IQ=0
PlayerControl=no
Color=Gold
Allies=GDI
PercentBuilt=0
NodeCount=0

[Nod]
Country=Nod
TechLevel=1
Credits=0
IQ=0
PlayerControl=no
Color=Gold
Allies=Nod
PercentBuilt=0
NodeCount=0

[Neutral]
Country=Neutral
TechLevel=1
Credits=0
IQ=0
PlayerControl=no
Color=Grey
Allies=Neutral
PercentBuilt=0
NodeCount=0

[Special]
Country=Special
TechLevel=1
Credits=0
IQ=0
PlayerControl=no
Color=Grey
Allies=Special
PercentBuilt=0
NodeCount=0

[Basic]
Briefing=Brief:ALL01md
NextScenario=GDI2A.map
AltNextScenario=GDI9C.MAP
NewINIFormat=4
CarryOverCap=0
EndOfGame=no
SkipScore=no
OneTimeOnly=no
SkipMapSelect=no
Official=yes
IgnoreGlobalAITriggers=no
TruckCrate=no
TrainCrate=no
Percent=0
Theme=No theme
MultiplayerOnly=1
TiberiumGrowthEnabled=yes
VeinGrowthEnabled=yes
IceGrowthEnabled=yes
TiberiumDeathToVisceroid=yes
FreeRadar=no
InitTime=10000

[Lighting]
Ambient=0.900000
Red=1.000000
Green=1.000000
Blue=1.000000
Ground=0.050000
Level=0.008000
IonAmbient=0.770000
IonRed=0.300000
IonGreen=0.400000
IonBlue=0.750000
IonGround=0.000000
IonLevel=0.000000
DominatorAmbient=1.500000
DominatorRed=0.850000
DominatorGreen=0.200000
DominatorBlue=0.300000
DominatorGround=0.000000
DominatorLevel=0.000000
DominatorAmbientChangeRate=0.001000

[Preview]
Size=0,0,91,60

[PreviewPack]
1=JSAAIAAAAAAAAAAAAAAAAAAAAAAAAAAAAAAAAAAAAAAAAAAAAA5pW0xgVURqXE5pW0xoW0
2=xmWk1fVUVdTDZiRShrSy1wWEFqXU1lWk1oW0xvYVF+cF1uX05iVkhjXFJeXFdBQkAuMC40
3=NTVMTUtoZF10al1rXU1nWUlmWUppXExmWUpnWUlpW0pvaFl6eWtZVkw5NSsrLCozNDNYWF
4=WDgXqfmZCel42XkYeWkIeZk4mTjoSZkomcloubl42DgXtXWFUyNDMvLyxGQzVta15zc21k
5=XE9pWkpmWUlnWkppXE1oWktoWkluYFB0al1oY11NTUozNDIuMC4/QUBdW1ZyaV1vYlJoWk
6=pnWkppXExrXk5mXE5rXU1tVj9kQylRMx1JOChXTT9mW0xrXU1pXExpXE1nWktnWkpbUj8x
7=OBw6PCVhVElmWU5kV0xnWU9hVkxJRjVOQi9cQShlRSpsUz5rXUxoXlB9cF51Z1ZVST5cTk
8=JtYFBxaFthXllGRkUwMTEzNDVKS0tnZF50a11tX09lV0dqXExyZ1lqZF1LRjk2MCMpJBks
9=KB9fX1uQjYeln5iblI2TjYmUjoeRi4iTjoiTjYqUj4iSjYqXkYuRi4ialI2clpKKh4FeXV
10=k/PC9BPC02MSQ4NCpuaWJ1altsXU1nWEhtYFBxaFtkYVtHR0cwMjIuMC5ERUNfXFdyaV1u
11=YFFqW0ttX09lWUlkWEllW01pXEppUDxcOyVKLhw8MCNGQjVgVUtoW1BlV01lV0xjVkxkV0
12=xjVktlWEg+PitBRh4/QiBrX0RtYEpuYkhsX0lwY0lgWD5ERyJSTjRhUzdfRihfPitsUjuA
13=cFxvZFRVVC9fWTxpW0xbT0FnWkZ0alplYVk+QDM2NzA2NzdGR0dkYV1zal9qZV1OT0w1Nj
14=RDPzE2MSUrJx00MCiAe3ltaGp0cGaWkIegm36VkIacl32WkIablnyXkYiemH6YkoifmX6U
15=j4WclnyalJKSjI1CPjNFQTI5NSkqJh0oKipJSkhqZV1xaV1gXVhFRUMvMC8xMy5GSD9taG
16=FvZVlvYFBlV0hISyA1ORFXTj9iWEtaTT1oTTlUMiZMMhtOQCpQTDRMTipGRyVlXD1uYEpr
17=YERXUjVZUzVoXEVwYkhtYFmIfTfFvx/LxRrOyRfQyxrTzxbPyxjPyhjOyRnRzRjLxxfPyx
18=u9uiCEeyhkTSZrSS50WzhCRBQ4PB5hVklfU0RPTidKQjBdVjo3PA43OBo/Pjs2NjgzNDNA
19=QT43ODgwMTFJSUZNSDkvKh0jHxgwKypSTzV7eSO0sh3a2C3g3iXZ1i7f3CXZ1ivd2yXZ1i
20=3f3Cba1yzg3SbY1Sza2CjGw0mkn25UT0Y8OCw0MCMsKB4fHx4UFRUrLCxCQj8yMzE1NjRS
21=UVBLUCtDShdcVD8+PSRIRS5nW0lFRCgvMBxJPi9kSTRPLiFMNBx0ah21sh3Szh7QzBrRzB
22=jNxx3PyRrRzBfOyhfLxxbNyhXNyRrIxCd+fUKmn0De2hLq5wvr6Ars6gni3g/p5g3s6gnr
23=6Qrr6Ars6Qrs6Qrj3xC1rihwaD5JQjFcRSxkQydgRStuXUp7cFxbWTVZUDtXTThJRC1NSD
24=9HR0M1NjUyMzM2NjU4NzUzNDJdXVx2cmpZVEpiXVCgnTnPzR3w7hX18xPv7Q7u7A/v7Q7u
25=7A/w7w/z8Q3w7g/t6w/v7Q/u7A/u7Q3u7BDu7BLm4x/Dv0uAemtdWE5PTEU6OzkqKyk2Nj
26=Q4Nzc0NDM6OzpraWRnZUtRTDNXTTtiWEZZVjVRUi5WSDllSDNZNyFSPBx+dh7CwBns6g/v
27=7Avt6wnq5wrw7gmglyeYjibp5wns6Qzt6w3t6w3o5w3U0w1ycx6JiTXd2xjn5RDm4w3n5Q
28=uJfjGglyLm5Azm4w3o5Q3o5Qzj3w/LxhiEej1gUVBSTTg3PSJHRCtYRStoSCpsUDRQSipd
29=VkFkXVVdWlhFRkQzNDQ2NzhJSkFDSh8+Qi85OjwwMDBAQjhjYmOUkYLa107z8B3u7A/u7B
30=Dt6xLr6RLr6RLt7BLp5xPd2Rnv7RHs6hLr6RPr6RLs6hHu7A/v7Q/t6x3U0UqRjn9dXV47
31=PDsyMjE8PT5KTD5TVT1FR0MzNTQsLixERERqZmOFe21+cF9sXUhVOyJSMhtEMR5JPzRsZT
32=6spSu8tR67tCHb1xPl4Qjn5Azm5AzEviavpyfg3Q/m4w/m5A3j4Qre3QrR0A+NizR1diLO
33=zQ3j4Q3l4w7k4g/Cuym7tR/i3w3n5Q3q5wvm4wva1Q+UizhhVEpfUkJYUDw0ORxJRjBMSD
34=RORzBfTDdcU0xaWFZAQT8vMjE1ODpBQDRlX1FoZ0g2OhA5NiBfV1JVVVA3PBYpKiIsLS9Y
35=WEyenVTa1z7v7B/u7BDt6xDt6xLv7RTSzyd8cEbT0B3t6xXt6xPu7BDu7BDu6x/Z1z6enV
36=RZWU0xMjErLCs2NzRTVEl/dWtkXkNEQiRgV0tiXFhPTk4zNzcsLy9BQkFfXVpuZFhbRzRB
37=OydQSzdXUTxORzdlWEpzZ116c3aWkmu2skDZ1B7q5w/x7wvu7Qrk4wzh4Arg3wrl4wvl4w
38=/e2hiWjy+RjjjS0RLf3grg3wjk4wzs6wvu7Azr6Q3q5grl4Q3V0SKuqkaJhW50b2pjXUxH
39=SCwsMxJKRS9wZFRqZltYWFU8PTsuLy44OztQQjhtXUlSUSpGQytORjhWTD1YTztWUTVVUz
40=hXUjs+PTk1NTctLTIsLThPT0yVlFTU0kHv7CPu7BHs6g/m4x/LxTvc2Rvt6xDu7BLu7CLU
41=0kGUk1VQUE0sLDguLjI9Pz5dWVheXURGSiFTSjk/PShQSThkXD1VVi1dVkdmVkdNPzc3Oj
42=ssLS07PDxcXFlval9rYU9kWkZyZ1xeWlVIR0U8OzktLDE8O0NpaE6ZlzPDwhXc2wji4Qfl
43=5Arn5Q3q6A/m4w7b1xOTjC6akTLf2xXo5g7o6Ari4gji4QXl5Ang3hDMySScmkFbWkgyMj
44=xKR0RHRT5EQ0FTVE1aWkhbW0xUVFA6OzosLSw8PDxOT0pcW09dUDliRCRdQB9YRTB3aVlk
45=XkdJSiVJRS1vYVReVUNaVTtcYDVLTD89Pj8uLzEpKjhISEuLilTOzEPu6ybv7A/z8gjx7x
46=Ht6iXOy0SMi1ZISUonKDMsLTI/QDU6PSFya1xjWkdmWUY2OR4+OyZNRypYUUFiXzlbTiNR
47=NBhJLRdLPy5hXlNSUk82ODctLiw8Pj1SUk9YWFFDQ0InKSlIRTtoYVNQUE41NjUmJy4rKz
48=dAQTKCgy3V0yzn4xDo5Qnr6Qrq5wzf2xKVji2YjjTTzhbFwBydlDKYki+QjzSBgClwcCVB
49=QjktLjojIyczMjF3cGBOTUY3ODVIR0FBQUE8PD4vMDBAQD5SUktSU0JQTTdUTDdXTz5iWE
50=lcTDhkSCtxUDF6YUdVTDtGQzFSUDBjWEZbVDhIRyJEPypYUEdbWFNCRDUxMjEoKTZCQ0mF
51=hVfHxUrg3DzFw0iCglRBQkcpKTYzMzdHR0ZZWVFcWUM+PB5WSz1ZVDhYVjBXUzxcVz1FQh
52=xQPShOMh9PMR9LOyxcUkReVUNVTTdnW0p6c2hTU1EvMTIvMDAqKyktLi1FRkN8dmt8e3J7
53=eXVwa15bWlc6OjYsLC8sLDhVU0ecmEbIwyXJxBbLxhrCvByJfjtvaTGEezVqXUpdTk9iWF
54=JnZWc7PEgqKzUuLzA2ODVdXlt4dGZ+eW1pbGdmYltnYlEyMzE4ODMwMjBMTEp1cGJcUz9l
55=V0huX1FsXU9mWUtnW01XUD5LQipgRStnRypcTSU3PA4wLhtCPS1APyhbUEJVSD1lW0RMTy
56=A+PjNFREUxMjIpKjRBQklpaVpBQkkrKzQwMTI1OSpARSlkXU5QTDRAPyRXTzxjVUpeVUA+
57=PSVUSjthSjRZOCBMMR5ANiVUTD1oXE1sX09pW0xwYVSHfXFqZl5CQT44ODU4OTZWVlN+fX
58=iVj4FrZFJjY11cWFJ8dmF+em+Egn1GRkQvLiklJCMsLDmcmIqAdmJqXEdpXkM3OSYtNB5Z
59=TUZhVEh4cGKcl5E5ODg3NC43NzVISUiRjoeoopmOiXVUUkFdWlN8eGp+fWhubGc7OzozMS
60=sjIh1PTk2im5NqYVFMSDA9QSNDQipqXE1pXExMSjU2PiVSSTBrRSVZOiJmWU5vZk5SUylN
61=RjJnXEyHeWFZUTtJPzBzaVxoZ2M6PDswMzklJzA1Nzw8PT1pZ2VhYTwxNAooJhRRSDpvYF
62=JYUTtSSzZUST1dUUNtSSxhOx5EOiczOyNIRzFnWkppW0xaUT9YTztaVkGKh3tZWFYwLiw3
63=NTA6OjpxcGydmJCalYVsa1ZlYViCf3OGhXRcW1VSUlA8PDkvMC06OThWVU5taV1mWk9eU0
64=VBQSsyOR1nUztqXU5cVUQ2PR9iYE1aWFA+PTo1NTE3NzRLS0h5dXCPjX6HhHaRjIOOi4Jn
65=Zl9GRUI2NzMxMi9CQj9taV9vZVVeVEI6PiI1Oh5lWUliV0dISTI/QSNKPBxWOB5MMyBOQT
66=NfVkRiYDtaUj1QSTY5PxRSSjV5a15sZlxVVFA/QD0xMS42ODpRUlU2ODowMS5AQD5eXFl1
67=bWV9cGByY1F0ZFVlYDtJTRtDPStiVkddUTliSS9iRSRPQB9cUj1oXVBmWkxjV0dWTzovNR
68=ZTSzdyZ1ddW1FFRUMvMC8tLitCQT9samSOioKdl49/e3VQTkw2NjMvMC4+Pj1fXVdcWkc/
69=QyZIQi5kV0hnXU5gV0VnUjxgRCdrSy1mUDlOSDIvNBNHSS5yb2ZCQ0QxMzIuListLitLSk
70=h4dXFoZWE7OzksLCo2NjQzNDUxMjFMTEphYFZbV0RuX1BqW0tlWUlnW01WTjVLOxlVNhxK
71=MhlHOyhtYlOKe2lzaFE3Oxg/OClrXktaVkBMS0RPT007PTsqKykzNTRZWViMiYSNjHeRj4
72=lbXFo1NjcpKik9Pj5dXFhya2JnYE1UTzFlXENeVEVISCM6PhdDRShKQSxfRixpSCptUThs
73=XElnXUxlWUheU0FpW0tuZFVlY1hLS0kyMzI2NjczNDInKSc7OzhAPzwoKSYyMjA1NjcxMj
74=FAQT5jYlxbWUZMSjA5Ox5YTj1sVEBlRCpTNh9WTj9SRC9dQCZdTT1bXExWVVBAQT8zNDI8
75=PDxNTkxERUIuLywjIyAkIyAyMjBIR0NYV0xXV05GR0YvMTAyMjNKS0tkYVttZVdXUj1TPy
76=hTMhlQNiVOQzM8PCJKQzRSSjphVkZqW0taUT1eWUduZ2BXVVQ7OzooKSc1NzVdXVqHhnyk
77=n5KSjHhrakeEgG2hm5GRkIRgYV43ODcmJyY3ODhRUk9pZF2Ie2uLe2ZbVjQ9OiM9NyU/Oy
78=1iWUlZTjlYRCRpSClJOiFAQyhiXk5mYl1JSkgyMzExMjFFRkVYWE9XVktPTUlDQj4/PjtO
79=S0hTUklZWU5JS0c2NzcvMDNDREVbWVVgX1BpV0ROMhs+PQ1ARRxfU0NdVElnY1lPT0tAQE
80=AuMC83MzBQTERUWExVUz9ZVUJwaWF1cWt4cmxoYldVUjtFRSlGRilfW0llYVtISkk0Nzgz
81=MzVDRURaWVNiV0ZgU0N8b1xfWEJTSjtNSydWTjdVSjxkW09pZV1LTEkzNTQpKic5OjhkZG
82=GUkIioopV8elqBe2UwNQs0NxUnLAVwbVp0c1Sln5KQjIRpaWU8PTsrKyo3ODlQUE5zbmV4
83=bGBiWj5IRx9nW02EdGRXVDYvNhFMQzJcUURZWFRFRkQwMS8xNDRGSEhaWlFXVUJRTDZWTj
84=luY1OFe3CDfHBiXkpJSC1BQSVlXk1raGFTTkg6NjIvMDBAQUJTUk5pZlhUVjM4NhxvaWBT
85=U1A5OzotLi06OzpQUk9jVUVsSytYQyJiUz9hV0hkWElqYU5jW0hkWEZjVkZcU0BfVENkWU
86=ptYVB4ZlJeRjVIRUI1NzYtLi1AQUJmZGGFfG1/b2BaUTlJSiJWUUJeWlZMTEoxMzEpKig9
87=PjtoaGOfnJSxq52noJGgmIdXVDYxNBY4Oh1FRy8yNRohJQpJRyyFfnGinI2rpJaZloxubm
88=lBQkArLCwzNDVLS0peX1NPUTtRSzd0ZlJ4bFhbWExPT01DREQwMDAwMzJKRkNnTTllWkE3
89=PiBNSDVpW01cU0BTTDdfU0JnWEllWEdnW01nXE9rWkZuUDdbOyJSRzxUVFM7PT0uLzA5Oz
90=pXVVVza2Q8PDg0NDE9Pj1VVVBcW0xcV0FOSzJOSDBcRSxlRSdqTjJMRikwOBtBQCpnWUpq
91=XE5fVkdhWEZqVT9lRStOMBU9LhpQST9jXllPT003ODgsLi48PTxbWVVrZlpaWVFHR0cwMj
92=ArLCpERUJ2dHCgm5KqpJmzraGrpJakno2lnYyTjXlsaVJ3dGSHg3Z0cWB1cFmemIKtppOm
93=oI6VjnyHgHCOiXyQi4BsamRERUMuLy0zMzJKSklaWk9oY1hcWldBQkEvMC4xMzBKSkN2b2
94=ZrYU1WRCZdQSJfRCRqVT5qXk5lWUtkWEhnWUpUTjxSTztnV0JpSjRXNiFIMhpYTDZnW0ta
95=U0BmYFZUU1A9PkAtLi46OztDPihCQC1hXVJnXUteVD9HSyI8PSBEPjBQTDhfVEJXQytfQi
96=JlSSxrWERQTjlBQydWRylhPyRNMBpGNSVRSThVTkBdUkNRTS5dVkJnYFdUU1A5OjkwMzY6
97=PD84Oj03NzZJSUZ9fHiqpZ24sae5s6e0rZ+noJGlnoycl4eenJaBgHVMS0QvLygpKSIzMi
98=tLS0R3dWecmYe0rZmup5Kel4OKg2+SiniNhneMhnpzcWtJSkc2Nzc1ODw7PT80Njg6Ozlb
99=WVdNTy89QRRfVUFaTjoyMBxCPC9YSTJfQyVmSCtMRyg6PyA2PSBDPx9TOxxTMxxGNhdLRS
100=xZVzVOTS1zZVdaUzpdUj10ZldqZlJaXE1DQ0JaU0FXTTthV0VkWEhvYlFRTzI7NyZORDl+
101=cF12aFdnXFBbUEJgTDVkRidVPh5NMxhNMhxENyRCQC1gWEZzZFRwYlJuYk0+QhsnKBFmYF
102=B2c2o3OTgxNDctMDQwMjYrLS02NzRCQj88PDhERD9dXVaRjoKsp5aZloihoZehn5N+em9Y
103=U0lmaFiMjnViZlU4OjI6Ny4/QDlra16dmYaxrJWYlYReXlQ8OjIrKCAwLCUrKSQpKCcvMj
104=cyNDg0Njo3OTlhX1xmZE89PSRFPDBoXEdaUjhaTkJNSDZcU0VXTiw+ORNAMRdGMhdWNh9F
105=MiFUSj1YVDlNSDBsYU9hVkdnXEk8QhImLAlUSzpITBk/QxhcV0tOSDR3aFhyZlJYVTNnYk
106=B4allpW09nWkxrXk9rX0tlYjhUUjFOSjdSSzheSjVZSDdXT0BGSSNZUjldUUVWUypUTTVk
107=WEx3cGaEg3aQjHqPjHpiX1VSU1GJhoKEgHyAfHZ9eXJ4dWxgYFlAQT01NTE5OjlQUUtGRj
108=1ERD98d2stKCQ2NSh/c2uUd36uno6ioYZpbls8PjQuLyc+PzdVVUo7PDc3ODBERT1mZVl2
109=cWFoYlNkXlBqZFp6d3BWVlNTUEg/Pz4+P0BUVFBxaWB7c1RMSidbTkJtYU1uY05gVkM7Ni
110=hHOi1OPSxBPStWUT1kWkdjVkhhVUZkWkhjVkh6bFhqYUlRSDtTSTtcVD1MQzRWSjtXTD5m
111=WExwZFBUUDU3NCFLQzRXVTBaVTdhVUVnXUVUVCpCQCVHPzNdVEFoXU2HeGZ7bVlWVC1DPS
112=hQRThjXkZYVk1SUVBMTEdSUU19eW5JQzxJRDyqpZ2yq6OxqqKup52oopasppiyraB8e3Q3
113=OTY0NTEuLyo+PjYgIBs+OSwIDARBKjZuF2xqCWpuH2qMaHOzoJOnqYhuc11AQjg4OC89PD
114=M5OzaBgXG/uKC+tp6wqZKel4OVjXqAfG5ycWt2cGFbWVE7OzkoKSo6PD5OT01pY1p7bV9c
115=WTU5PhhIPzRbT0NtYFBcWjVUVCtlWElTTDphVEVnXUZRSzRUSTxuX1JgWTxcVTl6altsZE
116=VrZEVqXE9cVTtZUjprXU5pWk1pWk5rYUo7PhYuLhRLQzNrXk9YTUFkVkp0Z1JLUBxBQh5W
117=Sz5mWEhfVkFuZlVuaGBTUlE4OjkoKShDQz0rKiNCPjISEAtAPTOfmI2WkYaim4+jnZGgnJ
118=GCgHhVVVA9PDc4ODJBQj1zcmlsaV0sLCVFQTQXHA9HIz10C3VwDG5mGWNUN0FbFleGUHev
119=mpCkooZhX09MS0Q6OjQ8PTdbW1GMinmwq5OwqpKxq5V1cmE/PjNERD0pKB96eG99eneUjI
120=NwbWtJS05RUE9lYldsZlRzZVRwYVB2aFRdWTRDQSZPRjpmWkpWTj1PUCs5PBtSSDxSSjpK
121=RS02Mx5QRTtaWDRIRSpSRzxfYC5JSSNGPTJUTDpaUz5MSStGQCtPRDp3aVlvYlFSSDtjVU
122=hzaFBNTCtEPylSRzpjWk9kYVlKTEk0NjQoKSc5OzlpaWd6eG5QTkBNSj03MSVEPzJaV09Z
123=VU5+enF/fXZSUk05ODM9PDZHRkFoZl6fmoy2r557d2lMSj1KRjk2MiNGPDdFJEAwBjA0Aj
124=RWGlF1EHJsBG9jC2SCT3SPhm9/gVeHhnNTVEgvMCk0NS1VVkuFhHO1sJqBfms3Nio4Niwj
125=IRpMST6DfXWjlIaZjH2Nh31AQT0yMzNSUlBwa2N3bF5fV0FORzRGQCtnWkViVkdCQShaUj
126=5qX05lWEpbVjxaUT1MQjljV0h7bVt6a1tiVkdYTjxVSj5vYlFqYUtcUkE6Ohs1NB1WSz96
127=altjYDdTTjFxY1RfUkNgU0d7cGNqZl5JSkgyMzIoKihCQkJtbGmYlIuuqJuOiHdLSTtGQj
128=UyLB9EPzJOTEU9PTk0NDA1NS84ODNPTkxnYVRXUkhVU0t6dWmemJGAe3FGQ0FCPTQuKBtC
129=PzRKUkRVTU5gPWFhFGVkAm1vGnGBTXKMeG6MhmM4PQqDfmKYk3qEg29RU0cxMiszNC5QUU
130=d0c2V0cmJZV0dZVUh4c2NycGRTUk1QTERHQzhGRT5AQT8uLy0wMjBJSkdXWE9nYVJnXUE5
131=NBxRRztsX1ByY1RuX1NeU0RQUyM8QBVdVDx2aFdkV0ljWEZtYE9mWUpgU0V1Z1V+cF1oWk
132=1MQzRUSj1dUkNcU0BJRig+OCVuYVJyaV1dWlVFRkUtLy0rLCtCREJ0c3CPjXynopGqo5Oh
133=m4yjmoaXkH6BemhpZlpUVE06OzUxMi01NjFRU0x+fXFlZFlTUkxNTUtlX1JMSEJ0czq1sj
134=ujn0p4cVhlYGaMiG+iomOvrH7AvnemlnmVd1ynmIWkootITCgrNwxGTC1saliJhXOtqI+0
135=sJSQlHdYWkwzNCwyMyxSUkhwcGGal4HEvKKJhHZKSUVCQTo6Ny5EQThWVE5ZWVNISUctLi
136=wuLy9ISUdqZmBvZ1xtYFB2ZlRyakxdWDlVTDtMSC5GQx5DQR9YTUJmWkdeXy5NTSVvYVF9
137=bVpsYE1OSTFmW0dyY1N2Z1ZzZVJXTDtbUERnX1ZfXFdDREIuLy0rLStHSEZzc2yemo+xqp
138=1aWjR7eGGalIepopCuqJafm4tzcmhJSkM0NS41NjFYW0+OknuinY+opo1UVkNAPzVfXVJQ
139=T0o/PTqallDQzC7V0xTV0irPyk3j4Dbt6iPr6R7w7hfr6x7v8SPf3jjGwWKponx7ellsaV
140=yDgHmIgXNcWEtfQFGfdIq1rJWVmntdYE83ODAyMixCQzp0c2WUkn96d2heWU1YU0ZsZ1xr
141=aVR6eFuqpZp7enVQUE4sLSwsLStERUNhXlp2bWFuaElHRChNQzhbVjVISSE5MilHPTV/cl
142=tkXkBGPy1fXViEemyNfmtQUSg3OBtcUENnW0d2aVhyamBZWFRBQkAqLCotLy1MTUt8e3an
143=oZmDgmWNh3KBemc6PRAyNBaAeWycl4djY1o+PzgvMCo5OTFdXVWXlYStnpKMY3xuK2V/Rn
144=VdTVFBRTRNUT47OTAuKyRKRkdva1rIxDTm5A7o5wXp5wru7Q/p5xPUzhvw7hDy8A/49wzu
145=7Bre2kTBuZZUUUgiIh5QS0EECwBPF0lpFGZiQE2QaXu2q5WdoYBjZ1U7PDMxMitISEJvbm
146=CQjHqtppKzq5pta0k6PBV8dmufmoiTknyHhYFQUU4uLywrLC1BQ0NgXVp1bGN1Z1hiWT1g
147=WEJVTjdUTTZxZFN7alluYlMtLi9AQUJkYl1qZ1dRSzlFRC9aWUxWVVI8PjwqKykyMzBRUk
148=99fXmkn5enoJSlnpJvak8xNBckLAw3PxBQTjdpZltaWFBnZVs7OzRaW1COiXaHhniRkn5y
149=PGdrAm90CnRsGmFxGm1rMWRdSU8+QTNERjZeW1N8eGnOyj3u7Brt6xLp5w/m5A3EwRh0aU
150=LV0h7s6hquqTqHg1S1s2Oxq4ZaWE4iIh0/Oy8KEgZXHU95IHRgNFJiB2JxIG2NXXutnI6l
151=oYdvbF09PDU5ODBmZFt9em6RinhZVzEuMgkxMh5cWz9qaEuUjYWinpOLioNbXFs0NTUqKy
152=k8PTtYV1N0bGWMgGpBRxQjJwU9NitrZFteXFhTU1I1NjQtLiw9P0BfXVpXV1M9Pj0uLy0z
153=NDNYWFWEg32blYqIe2qUjH+gm5CinZGTjH1jYklGSCg5PhQ/PyZ4c2d8eHKZi36EgHdoZ1
154=xpaFlfX1FPUTpNLz1wFWxlDGVYPkJlGGB0DXRyFG1vLmeMcXuwp5XAu3nf2zHt6xbt6xPv
155=7RXt6hTi4BbKxiLh3xDGxR5RTlRST05FQ0Khm4hwbV4/PjNDPzMoKhpOLUNVClVNBk1dCF
156=xnBGtrHWp3V22knYikoYlVVUtUU02PhnyKgHSbmI2AfV4sMwwVHQIzNhhwa1iWkoWkn5Oj
157=nZSFfXN+enNcW1k2NzcpKig4OjlaWVZpZVlaVk5AQD46OzosLSxOThEAACEg/B8AAAAAAA
158=AAAAAAAAAAAAAAAAAAAAAAAAAAAAAAAAAAAAAKNG5tYkhJSDU3OisuMzEzNzk6PEpKSI6L
159=haehmJyWjZWPhYR0Xn5sVIN3ZJKKe6aglK+pnJ6WhndxW355ZKSdjFBPT1lXVGFdVDw6MU
160=VEOmFhU0RBMmtoUbKikYhadmkoYWcLZXQLdXEIcmwQa3tGcX54UszJXuvnNO7sFu7sD+/t
161=D+7sD/PxDfTyDfj2BsbFFE5NSElHPDo4J6aghm5qXktJPEVBNDUvIURCNEI6OTAWLTYRMm
162=5PYnFqYWdoV1NQRDs8NTM0LUFBPk1LTGZjW1FNREpKLk5NL2ZjUZyVh6ymmZuWi3VuYldJ
163=OEw4JJCIfKOdlIuHgGNjXz4/PTEzNzs9QkBCRDY4OT0+O1hWUl5cUk1NSTs7OjQ1NkNFSE
164=NESDM0NDc3M1NSUIB+eZ6ZkJ6XjZiRh5GHdoR2XnpqUIN2YZGIeKSfkq2nmq2nl6egkFhW
165=UkRDQzEvJzY1LFxbUGlpW11aSltYSm5xXaWoiLSklZFhfWknZH9IcIt3bpGPaj1DEmJkT4
166=iFWcG9UOLhMO3vIOPiKtXRPtrXM9vXPL+8OFRTSk5LQD89KJ6bQY+JbmpjVU5JOUdCNmZi
167=VX58aouHdKKai5aWgFlaSlpXSV5aTUFBOV5fVm5sZElHRzw6NjEuJVRQSYJ7cK6om5yXi3
168=JqXlVHNkk4I15NOX9yZJiRiJ2Yj6Gck4eGgEdIRTY3ODA0ODY5Ozg6PUZHRXFtZjQ1NC4v
169=Lzg6NGNgWG9pV1hWP1JSSUJDQistLDAxMFFRUH58d56ZkKKdk5uVipKId4d5YXxrUYN0Xo
170=+GdaGcjqehkp2YhWNgV0M/NWJeUHJxY3NyZWdkVU1JODo5Lz9AN2ZpV5yfgbixlrm1kV9g
171=OC00DiozCh0mBEBCJZ6ch6+lg5+IXaqfgKqrl6ikiaWfk46MdVRUR01LPj88Lm9sUmBeU3
172=VxZHx3aXNvZYeCdpaQgpKPgWZmXGBfVGpmVmlmVVNOO3dzYriyoLKqmIiEdkhFPVFNQmln
173=X3BtZWxmWVNFM0s5JGFSP351Z5yVi6agl5qWjnl3c0pKTC4vMDAxL0JDRFZaPERIKzc5Oz
174=AyMDAxL0NEQ1hYS1dbKltZM1hQOjc+CzM2FlVPSF5bWENERC4vMDAwMUxMS3Z1b5eUiaOe
175=k52YjJSLeYl8Y31tUoFzW42DcaSej6agj6OdiZyXg11dS2ZmWGlnV1JLOEdDNigpJQ8QDR
176=obF1hZS5qYgrStkY6LaGFePHt2WKKTgY5ifm8hcGUGbHIhcohceZqNh7W1l3uEaFNTRk5M
177=Pj06LoB8cmhlW0A+N0ZEPVdVTV9eV0BAOzg4NDg4MVZXSVtZS2RgT1NOOlxWRnx3bHBrYZ
178=CLfqGdjpCKfm5lVlFEMkc4JWRWQ4R6bJ+ZjaeimJuXj3NybkdHRi8wLTo+ITxBJVlXU391
179=aGNcP0M9KVRNQ2VhXEVGRW9lWGFaQFJMM1RNMFtTO0ZIIzQ0HEk/LWVbP2xjV2FeWERFQy
180=4wLyssKkREQXBuaZeUiqWglZ+ajpaNfIt+Zn5uU4BxWI2Cb6KcjKagkIJ/bWloV1BOPjw2
181=Jk9LPVxaTlZUSjw9NiosJDU2LlpbT5eUgcC7nr6zm3lGbGAHXm8EcHMUcGIvT2YIZm4ba4
182=tZe5KBfFZZR0lIODIwJUZDO1hUTF1bU0tKRUREP0BAOjc3MkdHQnRza2loWVBQQVNQQUI8
183=K0Q/MUpJRFdVUHx2bGpfUU8/LE89KGdYR4Z8b5+ajqmkmZeUi3BuakJDQSwsKjEyM01NR1
184=xeNk9NLEM8MF9TQXdoWGlcTlBGLFVNMnNqXINzYWJXRlRLPFpVNU1IMUlHLUA9KEtIJDw6
185=HUtBNmtdTWthVF9cVEpLSDEzMSwsLEFBP2ppZJSQhqWglKGbkJePf42BaYBvVH9wVop/a6
186=OcjaWhkXx4aHNtXo6IeH13ZKGag6ynkHt6akhJPzEyKjc4L1NUSYWEb6+qjqSJiHk7bWgf
187=Y1w2TWkTZ3cNd24GbmUOY10yV2xmWYB8bIuHeXBuZkpKRTQ1MDIzLkdIQ3Z0bZyYjamjmJ
188=yWioB8bmllV2VfU3ZyandxaF5URk4+KlA/Km9iUIqCdKSekqmjmJOPhmhnYz4/PSorKTQ1
189=NElKR1VWSGdgTH9xXm1eU1VNMEJAHEA8K1NMOkZDKDgzImZZSmtiSGZbRVtOQ1dOPGVaSH
190=BiVFtUQFFMNkI5MVpOQnRmU1ZULlRQMHFnWWNeV0xMSjQ2NSwtLT09PWhnZJOPhqOfkqGc
191=kJmRgY6DbYFxVn5uVIl9aaGai6OdjaWfjKafjqehkKykj7Stlbaxmn59bjo8NTc3LzMzKk
192=9QQoeJb7KwkX9pa2AjWW8VbGkIa20SbH9Cc6CGiKmjkIKAcktLRTU2MDc4MlNTTXx7cp+b
193=j6iilZCLfpyWjKCakaqknKGclIN+dl5WSk09KlRDL3JmVY2FeaSflKSglIyKgmNjXzw8Oi
194=orKTM1M0lLR1ZXS15aRk9MKjc2GFpOQltSQFBMLjcyIk5GOmJaP19XQGJXRkdFLUtNI0JA
195=I19VREBHFTAyE1dROEpLKlNMOU9KMF1UPXJkVFNNNzk3JF5SRHdoVmJYSmhiW01OSzo7Oy
196=ssKzo7OWJhXoyJgKSflKSekpmSgo+FcINzWINyVoF2ZJ6WibuzpbixobmyoLCql359b1NT
197=STk6MTk7NEhJQDc4LzU0LE5OQk9TQZGRda2Yj4lldqOPiKmpjXh7aENEPDEwKTo2LDQ1MT
198=s8N3V1ba6qnKqjlZaOgYyFeYmBdJ6XjZaQiVlNP0Q0I05AL3NnWI+IfKWflaOflYiFf1xc
199=WTY3NSgpKDQ1M1JSTG9oX15ZRVtSPmNVSHBkUVxSQllOQXJlU2ZbSVlPP4BxX2VgPVFLMm
200=daTWthTWNZRE9FOGdbSUlGLUI9Kj9GE0NFHlpRQE5QKjw7Ik1FNlBIOFhPPX9xXW9hUWFT
201=RldSMlxYPmliWlNRUjs8PSssKjM0MltaWYuIgaGckaOek5uUhZSJdJ6Ug7StobOrnrqzo7
202=axomprZkBCQDk7NlBQSIiGdaynkZCNe2FgVD4+NEFAOE5ORHt9bJubgW1uX0BCOi8wKzQ2
203=MFpbUoF+clRVUDY3MzAxLDw9OnBuZpOLfImAc4iAc4qCdmZZSVNDMHVpXJGJgKOelqCclI
204=J/eVVVUjQ1NS4vMDs7O1xZV1JWOEVJJFpOQH5vXG5mR1JNM1ZMPG1gUGpdTYd4ZWJfOkVH
205=Ikg/M2FUSFBKN1JRK1lVNmxgTlhPPVVRMUdIKGJYREpHKzw4JlpRPVxWPW1hUHZoV2BURl
206=JSJ19ZO1tPRWVcTFZXLUVAKV5QQ2xmR2lmVFdVUT0+PiorKzQ0NVNTUX58dqahmLmzq7Cp
207=oK2mm7auoa6qnl9hXURGRERHRXJybby2pbqynqmjjqymkLKsl5SQflJTQD9AMy0vFjEwIS
208=0vFDo7ME9QPZCNf6+qmLCqmKmjk3d1aistKh8fGyMkImVjXZSMf4h/cYZ+coN7b4V8cJ+a
209=kJ+bk399eVFRTzAxLykqKzg8LjtBJWxqUX9wYVtTPD87KEtCN3BkUERHGi0wDkxHMV5TRV
210=VNO2RYSX1xW05INTw5JV1TP2FaQDQ7DyIlDHZqVHdoV2VfQEdCLFZMPm1gUVxRREtHLFNO
211=NVRNPF5TQ3NlU1pVOUE+L1FFNmBHMGxWPWldT2hhSTxEDzM1E1NJPnVrYFpYVDs+NDIzLj
212=ExL0xNSn99eKulnbqzqaaimVpbWkNFQ0JFRHNzb7y1prmxorewoLmzpKymlaOciqujjm5t
213=SGNfSkVGJE5NOD4+IFVSP2BgQJaQgJSNfpmRgZCIeJeOfX14biwuKyMjHiIjIV9dWI+IfY
214=d/c4yEeIyGfXVzbkxMSy0vLiosKj5AP2djX2ViRzU4FDEvGE5EOW9jVW9hUHNjUHNpV1VO
215=OTkyKFlOQmxiTGhdSF1RQ3FjU4FyYFBRJjQ3ElVMPFJHPFJHPURFHWRZS2xiTk9IOFpNQm
216=hhP11WOmBURXBkUVpQQE1FOGVbTXtoVmlNNlk3H0ozIF1CKWtKLW9ZPWpiSU1IN0pCNFtO
217=QHNnUkNJHjI1JTw8Py8wLy4vLU1NTHt5dFNUVENERERGRnZ2criypbKrnrStoK+om6ymmq
218=ynmaKdjaKai2BcQjo6Gzw/H0hLJTQ3GycsDlpWPpOMfpyVh5GKe46HeImBcZSMfX56by4w
219=LiEhHSAgHldWUoqGfW5sZkdIRSwtLC8wLURGP2hlXm1kWIJzYYJ0XV5VQEtEOlxRQXVbQ1
220=8/JmJDKHpdQWtbSVJMPmZbSWNkMkpLIE1DNlBFOWdZS2JZQVVNO1ZNPlBJOFxPQWFYSWda
221=SoBxXlxRQ2BURFNRLD06I2BTSGhfTFVPP1tLOmhKMlk4IEcwHkA5Jzw/J0BCKE5ELF5EKH
222=BPMH1iSGNWRWFZSoZ3Y1dROT83KGVcUG5rZz0+PjE0OCgrLjU3OTw+PnFybsC5rrSsoK+o
223=na2mm4x/bIFxVoqBbZ2Zi6WglKagk42GdWZgRz9BHUpJNIaBcK6nm6eilo2He2hdT3txYY
224=mCc4iBc4+Gd4J8cTo7OCkqKTAyNUFCQzU2NzY3NExLS0lOLERMGl9WQWRWR2JVSVpZOFFQ
225=JmdNOGI/JkswG0c5K0Q/K1hDKGdHKWFIKnlpT2piS09HOkQ7MFVKPWZYTFhRM2dgP3xuW1
226=pQPl9VSFlYVG9pYIl8a4BxXW5gTnBiUV1TRmNZSnllT2VHLlU1HkQwHT45Jzk8JVlSP1pS
227=PlhQPFRPO01KNlxOO1xDKGdHKF9IL2dbR39vX3BnWmBcVU9PSzc3NDQ3OUJESD0+RTg5O0
228=REQW1rZ5+bk7awpaGajYd/b4p9ZoBxVntyWYmBb5iRhaehlqWfk5iShaqkmKWhloeBd15X
229=SUg5JlZFMpiOf5KKe4d/cI+GeY2HfVxcWDg6OTM2PDU3Ojk8Pz5AQHJva25sTUlFKktCMX
230=FjU2tbSlpDJ1g4HUkwGz41JFtRRGlcTltUQU1KNkpFL1pGLWVGKHdXO29bR25jU2hfTFRL
231=O0lDKkQ+J2BWTWljXFRUUSwuLTU3NVBQTm1oYHZrXHFjU2ZTQ19AKFEyG0YzITk3JEpINF
232=5VQltSP2RXSGhaS2VYSmlcTWhbTGhcTmFWSF1POlpFLFROQWVjXUpKRzI1NC0wMEJDQmBc
233=V3FqWE9UKz5BMjI0NissLDs8PGhnY5GNg5+bjaCajpiQgoqAbn9xWHtrUoZ6aZKJfpCIfY
234=R8cVxRQkY2I009K29jUpSOga6pn6WelISAd15dWj4+PC8wLjk6O0lNOjtCHjY3ODc3OjU2
235=OEtLTGxnYnlwY3JhT1Y3H0syH0Q7KUNCLlRNO2ZZSmVYSWdaS2daSllRP2RZS19UQ1pHMG
236=JEJXRVN3RhTmVaSWBXTGFdWE1NSzU3NSosK1xaVkFCQS8yNTM2Nk5OTGpnYGlZSE48KFJH
237=OWdbTWRZSGlbTGxcTlhPOzU5G1VPOVVOOmlbTWlbTGVXR29hUnFpX11cV0JDQS4wLzE0NE
238=g9NWpfUYd9bmJZR01JKjU6Dj89Jl1YUlBRTjo7PC0tLzg5N11dWYuJgaWglqSek5eQg42C
239=cINzW3RfSWtRPlhEMFNEMHVpWpKJfqOek6OelIiGf1xcWTY4Ny8wKEE+HUxNQ29oYnFnUk
240=pFLUlGLzxDJjw/NzQyMS4vLkVGRV5bVWJaTEdJMCw1E1NMOGpcTUBBJjQ5HEpGL2RXSGpc
241=TWFVRGFWRmBWR1pRPlxIMV5RQmpnYE5OSzQ2NSwwMT5AP1xaVXBkVXlvYWFQQ0Q+PDEzND
242=EyMUVGRGVjXnJpXFlSO11RP2JVRHBjU351ZnVsXG1fT1xRQFVMOF5XRG9nXF5cV0BBQC4w
243=LzY3NkpLSGJgWGRSPGtJKXZXOHZiS1pRQ2FXS2tfRlhRNV9WSGJdU1BSSDk7OC4vLzQ0M1
244=dXVIWDfJ+akKKdlJqTiIh8bIBxYoF1Z4+Jfqagl6KdlIOBe1VWUzM0MykqKDk7PFZVREA9
245=HkxFOWleSVpSO11SSWRfP0U+FFo+IlJBNUhLSTI0My4wL0JEQ1lZU1RWRGlfTmhaSk9JM1
246=tSP3RpXH95cH55cGZgUFFONUBCJl1bSGNhXEZHRTAyMC0wMEI8N19PP4h+bXxwYGxSO189
247=I08zHlJKPVxbVEhJSDEzMi0vLkRFQ1tcU11bSV5aS1xaVGBeWmNgW2JeVVtZR1pZSlFSTT
248=4/PSwuLDY4Nk5PS1dXS1ZTPkhFKjU7HUBAJ1NCKWNFJmtLMHNeRU5NJDs5JkA3L19WPl5d
249=M1VSQ1NQUUBBQC0uMDIzNVNTU4B+eZ2ZkZ+akpuWjaKdlJ+akn16d09PTzEyMCwsKj8/OG
250=JgWntzZmpeUFlMQWZZTEtQJicwBU0+JmtJMVc2IUo2JldNPW9kVmpkXE9PTDg5OC8vLkBA
251=QFtZVnJqX3FnXF9aVUVEQUdGQk5MR0NBPlVUT15cVUZHRjM0MjEyMEhIR2NgW2tfTmFFJ2
252=xLK3hfREkvGz81JDs8Jy82FjU8GUpNNVdWS0xLSTg4NzM0N0JDRDo7OUZDPDo4MyYnJC4v
253=LUVFREBAQTAyMjs8OVVTT2JfU1VTO0FAJ2RWR2VYSFVPOk9LNVpSQWNYSFlIMl1EJl9FJF
254=tINWZbRm5iT2lcTWBWQlFOMGljVF5cVDk8MDIzLjAxL0tLSXt5dJWRinVybUlKSDM0LTI1
255=I0FCQV5cTUxNJmthUYFxXnFjUnVnVmpeTlNDLFo6H1c3IEAxHz06KGNYSWxfT2dZSm1eTl
256=1ZRFhXSUxMRzs8OS8wMTs9P0BBPywtKiUmJWNfVGBdUTAyMkNDPzg4Ni8wMT5AQGhmXllW
257=QGVYR2RWSGNYSV9QPV9FKkVEL1lSQFFMNz1AJD4+I05HMWVeS3h0bEJDQzAxLyorKDU2NX
258=RuYX17cXd2ck1MSTAxMDIyLjAxME1OTHlyZ21fTl1QPmBVRFlQPl5UQmNXRm1dUGVZSVNP
259=O0JFLVRILWI9IVk9I1ZWLFxUQWNVS1RQLiw0BS0rF1JQLTQ5DTo7ITo6NzMzMjE0N0BBQT
260=IzNTEyMk1QL0xQHk9MOW1iUFlRO0k/NWFZQFlZMVxUPm1KL2I7IEs9Kzo8J0ZFMF5UQ2td
261=TmZZSkVDK0pHMFZNOUREKXJvX1dXVjIzMzIzMC4vLEpLSm1rZH53bXZ6cF1cWXFsXDo6ND
262=ExLjg5NlBOSVlXSFVQO2JVRWRYR0lIMEJEK2RWTWRWUF1RSlxPR3VnWnZuZVZVVDY4NjMz
263=MDs8OWFgXXl0an15b21xaXVvZ354aH58dlVUUTY1Mi8uKjIyL2RgW4R6b2dcTFVNOllQPV
264=9URGdcTmJYRVxLMVc7HlAzHEo4KkRALVxUQG5hU3dpVk5KIkdCLUU8M0VBJkM+KklGPUND
265=QTg6OTEzOyYpNTM1PD0+PVZWTW5mWmpdTXZnVX1uXWVYSlxTOk1IMT02K009K2BJJ1tLJE
266=JBG1VPOm1gVGhbTFJMOExIMldPO2JbSZeTilRTUS8tKTw7NTo8PH17dqWgl52XiFxXRllX
267=TmxoXoJ8bFhWTj4+PTAwKykoIjc3N5aSi3xyZGRXSExHNy0zGndrQ52TMpGMJoJ+VpGMkj
268=ExOjMxLDc2M0hKSZKPiaiimIyGdVNPQFxZUnVwZHl0ZI+KgXZ0cTY2NTIxLCcmI1RTT5eQ
269=hnNmWGVYSExLNVhSPGFMM18+JFU/Gks/Jl5TR2ldT2ZbR2BZO2FYQllWNEA9Iz42K2tfUW
270=9nXVlXVUJDQS8vMSssN1FRTYGAX1FRTyssOS0tMUNEQl1bV310Z4t8am1gRkJAF09GN09E
271=Ol5TRkpNJC4xDEY5GmJCJ25WPmpdTGdcTmtdT25eUEdGLWdiT3JrY0VEQTM0Mjc3NU1MSH
272=dzbouHfH96boSAdZKPhXVyalBPSzs7OCssMS8vNlRSVWlkXWFVUF5QTHZpR2tiPZqRMt3Z
273=EebiD9fTG7q1RHNwTTg3PywsNDY2NEtKSHd0boyHfIN+cpGMgouJgGJiXUJBPi8uKzQ0MT
274=IzMlVUU3JvXzw/HzQ4GlFJNGBKMFM1G00xHlVHM0hHJTQxIlNIPHdoWHRoUE5KKkhCKzo9
275=GUE9L2JcVV5cWD9APikqLiorN1NUS5qZUNnXPfDtLNnWPZuaU1JTSyoqNikqLT0/PV1bV2
276=5oWV1XQlJIO2FVRm9hUGlgREY/MDgyKUo+Ll5EKGdHKG1UO2tbS15TQTk8H1lVQXRtZk5O
277=TDEyMjQ1NC8xLywtK0RERHNybnt4c0xLSS8wLiopMSwtN05OL2NjPIOAU2FhJHhuPKujLM
278=bBHpWLNpaNMtvXEujlDOjmCuLfB97ZGri2PF5fOCwtNSYmLywtLEtKSHl2cmlmYzw8Oios
279=KjM0MkdJRj5AQTQ0Mzk6OkpKSVhZT1RWQFRAKEowF0E8Gl5YQX5xYGdYT1pOQU5NJF5VQH
280=1wYWtjWGphV2VfV1JRTzs8OycoLSwtOllaTKSjTt/cOPHvHOjmD9fSFPDuEPDtHN3bOaKh
281=UFlaTS0uOiUmKzk6OmdmY46Kg3x4b3lxWVZSK19TRl9SRmNXSmRZSl1PO1tAJFpEMVlYRl
282=hYTk1NTDI0MzAwL0ZGRFpZUlxbUUlJRzIzMiUlIiMiHygpJz4+Om9uQ6elLszLFdfWDNTT
283=Cd/dFOLgE+nnD97aEpeOMJeNNNnVEuXiDefkDernDefmC+HgCtLRDqOiHmlqOUBAQyUmMC
284=EhICUkITMzMUtJRmVfV2VeTGpkVmBgW0dDPjMyMjQ1NU5NTl9cVWlkVV9aPWRZRVhQO1hV
285=MWpgRktGLU1ENV5ZS3p5a5KSjlJSTyYnLS8wO2RkTq6tTeThNfHuGO3rD+7sEdHOJntvSt
286=HPHe7sEu3rEPHuG+LfN6yqTWBhTTIzPGBeU3FwYkZCOkE+L1pWQXFjU11bMzQ5EEM8K2pd
287=T3BoXFdVTkhIRzM0NC4uLEZCPFNXTlpZSU5NM0BCJE5ON2hiWG9rZXBsZmNcY4uDR9rVG+
288=rmD+zqDe7sD+nnDOTjCOTjCOHgDNnXFJiSOpuRNN3ZFebjD+TjDOLhC9/eCeTiCOjmDu3r
289=EebiF8K9LpKOT3NvaWZjaVtaTlNROmpdTllTQE1GKGxOM1U5JFNOSktLSzQ1NjAyNERFRm
290=hkYYd7cHJqSzM7Bz49H2BWT2ZiW0I/M0Q/MExJPUE9Mm1tSri3S+fkMvHuGO3rD+3rEOzq
291=EeroFOfkINTPN9/cG+zqFOzqEe7sEe3rEPDtGejlMqimRUY/My4pHykkGDEuJ1VUVIB5cG
292=RjQzs7IDk3LlRSTkhJRzM0NTQ0NkhKSV5YT2xNMWBJJ1RILmJYSGdbTWFVRWlaSnFmVGZd
293=VHxvRbavIN/cEOjlDOzqCqKaJKWcJOjmDebkDeHfC8zLDXx8K5eSOtXUFN/eCuDeCOHgCu
294=PhDennD5CGLbCoHernCufkCeHdEM/IMZONNkZKIERFLW5aRmJFKk4wGEo1JGJWRmNcOV1X
295=RGljYEhHQTQ1LS8xMUBBQV9eV2ZhU1VTTUlKSDM1Mzw6L0dCMzQwJTMuJMG+PfXyG/XzD+
296=7sEOzqEuzqE+3rFOzrE+3rEfDuDe7sEuvpE+zqE+zqE+zqEe7tD/LwEc7KKUdBNC4qIS4p
297=HywpISgoJyEjI0RDQl5bWUJDQzEzMDIyMz5DL1JWNXpvYGBaO0ZFIVVCKWBCJWJGKWJSOl
298=9XRWFXSF9RSGRYRKSbMNzYEubjDObjDeThDLSsLaGYKt/cDufkD+flEdfVFHl6J3h5JM3N
299=C+HgC+blC+rnDeflDePgDLGpL7CoIeXiDejlDO7sCfHxB+PgE6GPKmZFME8wHEk1JVBIN3
300=JmVH90XVBPLEhAL1tTPk9MIkA/KUFAQTc4NjY2N0NCQTk5Ni8xL0tMSEtIPD87Kzs3Ky8r
301=IVdVKYSCE768DO7sD/HwDO3sEO7sEO7sEe3sEe3rEO3rEO3rEe3rEO3rEe3rEevpFOroHL
302=y5OUI8MScjGSsmHUE9NS8vLx8gICoqKDExLjQ0Mzk7O3Fva19hNi8yCExEMmpeSkI9JlRL
303=P2BYQVdJJmFDJl5DImBNPIR7QMfEHuLfDufkDOnnDOnmC+nmDO3rC+/tC+jlC+nmC+jlDO
304=DcFKCcQ319LdrXIObhFuThEOThEObiEuPfEejlDevnEebiEuTjEt/cFbinG3VWHEwtHkM3
305=GmFZQ2thT0FGGEJAIE5HNlhNQG5fUXBiTVdQOEVCOUxLSTo7OjQ0MTc4NTIzMjU1M1lZV3
306=17c2RgVUVBMzYxJU1KS1dUT4yJStDNOMzJP9zZKujmF+jmGennFejmGOroFennGOnnF+He
307=HtPQM6unbrKtZJ+ZfHhxZVtWS1dWU0NDQjU2MzQ1Mzw+PkdHRTU2NDIzMUZGQ15cVmpjWI
308=V3ZnBlRjw6FUI6MFxYOEZJJEA6L1tJNF9CJ3BRKLOiHd/cFOTjEeXhEujjFObjEeLfDuPg
309=DuPgD+ThD+HeENPPFZaMNG1mVGJlH2VjJIN4O310OWZmHnpyNn52NmRlJnNwKIhyLmlJIU
310=MnHko5M15URUtNI0xIL2ZZS0xHLj43KllOQVhPO15WQ3RrYGFeXENDQi4vLjQ2NEpKSGZh
311=WlhXUzw+PCosKjg5OFxdWnZ0bY+KgZmUipWQipiSkJiSh4+JjZmUfa2paaSfda+qaKWgdK
312=+qZ6SfdK6pZqKdd6ahcJaPipiRlZuWkomGgVxcWjs8OS0vLjk8O1NTT29oXXJnWmljXE1N
313=TDAyMS0vLkVGRWViXXJsW1NMOkM6L2FWRG9iUVpPQV1SRWJYR1lJNlg9KXNUJYp0L3hzLW
314=ZoKXBtKn90O4V6PIJ3PYV6PIV5QXtzNjtAHhEAAA==

[Map]
Theater=NEWURBAN
Size=0,0,50,70
LocalSize=2,4,46,60

[Waypoints]
0=55027
1=27055
2=93065
3=65093
26=72030
27=42027
28=28043
29=31070
30=50089
31=77089
32=89077
33=90050
699=60061
700=60061

[IsoMapPack5]
1=nA0AIAMTACwAHQCAAAIdAEIAHYQBAQAhAEbpASQoKwBOAFooVwA8AB6vBUoAVOkBSygoAAJFAB
2=0AIOEEU+gBAgwAKQAhtwIQACrrARMAQSgoACdXABkARPUCGSivABoASPcCGgBC6wEdAEkoKAAn
3=MQEdKLUBHigzAR8AR+8FIABDKCgAJ2UCIShfASIAOeMEIgAzKCkALukBIyg7AiMAPChVADEoKA
4=AnXwEkAEX3AikAIygpAB4oKQAaKCkAEusBKgBWKCkAEesBKwAhKCkAGSgpAA7rAS4AWygpAFQo
5=KAAn4wEvAFL3AjEAWesBMgBVKCgAJ4MAMwAi9wI0AFwoKQBY6QE5KIEAPChtAz0oiQE+KIEAQS
6=ooACfrAkIAH/MJQgAc6wFDAFPpAUUoXQFGKF0BRijaAEYAJ/oERwAnXQFJKK0ASiivAEsAav8K
7=SwBnKCkAYygoACdtA0sovwJMAFfiBEwAJ94GTQAn2QBNKLUBTijfBlMAS/kGUyjBCFMo9QlTKO
8=0IUyjLCVMANijYACcbCVQAMvUCVSgpC1YoiwFWADXhBFcorwBXACwoVAAnMQFaKNsAWwAv4wRd
9=AEwoKAAnMQFjKK0AYyiJAWcoVAACDgApACK3exIAKuoBFQBgPpkCFShVABsoKwAcAELvBR0ARu
10=kBHyjZAB8oXwEiAErhBCIoVQAjKNsAJABN4gQkAHRSgw8lAEj3AiUARSgoACfjASUAPyhVADwo
11=KQAxKCkALCgoACebAy0AIfcCLQAdKCkAGSgpABIoKQAO6wEuAFLpATEoKwAyACP3AjMAXCgpAF
12=npATQorwA1ACL3AjcAWigpAFXpAToorQA7KK8APABT4QQ/KIEAQCiBAEUogwBFAB7uBUUAJ0ED
13=SCjZAEgoVQBJKAcBSQAf+wZKABrpAUso2wBLABz3AkwAY+sBTQBb6QFOKOMBTwBp9QJPKK0ATy
14=h2BE8AJ3cETwBWKKwAJ30FTyhTBU8AIOIEVQBweolDVSgbCVYAR+MEVgBDKCgAJz8IVgAyKFUA
15=LekBWCgyAVgAYDOfClkAL+EEWSiJAVoo2gtbAHSqjwVbACvtBVwoMwFcADT1Al0oMwFfAEz1Al
16=8otgFfACelCmUoBQFlKIEAaShVAGsoBAECEAAtACOIEAEAEgAs6QEUKFcAFQBD9QIVKIMAHABK
17=9wIdAEgoKABotJUJHSgFAR4oBwEfAE3vBR8AQusBIABG6wEjAEfrASQATigpAEwoKQBBKCkAOy
18=gpADUoKQAw6wElAEsoKAAnXwElAEQoVQBAKCkAPSgpADMoKQAuKCkAK+sBKwAg6wEsACUoKQAV
19=6wEtAFsoKQBWKCkAJCgpAB8oKQAbKCkAFCgpABDrAS4AU+sBLwBZ6wEwAF3rATEAVCgoACc7Aj
20=IAWPYCMgAn4QEzKGcCNABX4wQ1AF8oKAAnrwA2AF73AjcAXCgoACddATgo4QE7KIsBPABV7QU+
21=KHUEPyitAEIoVQBDKNsARAAi+QZFKAUBRSirBUUAGuEERygHAUcAHfUCSCiIASIsKNVaSyj5BE
22=so2wBLAB74BmDdzwVNAGz3Ak0AWigoACcLB04AZ/UCTijPBE8Aa/cCTwBlKCgAJ/kETyjVBU8o
23=WQZPKJkDTyhlAk8oHQRUKAUMVSi9DVUotwxVAD/2DVUAJzIMVQAnpwpWAEnhBFYo2wtWAD4oVQ
24=A4KCkANCgpADHpAVcoDwJYADf2AlkAJ10MWiiCAFsAYNiZf1so+Q9cKM0PXCgFAV8o2QBfKlQA
25=J+kNZCiBAGUogQBnKFUAaygoAAIMACsAJJwOAQAOAC3qARMAeEuZAhMoVwAZAEbjBBkALOsBGg
26=BK6QEbKK8AHQBL9wIeAE0oKAAnBQEfKK8AIQBO4wQiAEEoKABkY48QIgA1KFUAMOsBJABH6wEp
27=AFQoKQAlKCkAICgpABwoKQAU6wEqAFgoKQAV6wErAFvrAS4AXSgpACTqAS8AJ4sBMQBe9wIyAF
28=PrATMAXygoACfbADQAWvYCOQAnVwA6AFX1AjwoXQE9KEEDQChXAEEAG+wFIrQ53TZDKAUBRSit
29=AEYoBwFGACH5BkkorQBJKL0CSSjbAEkAHu0FSijbAEsAbPcCSwBpKCkAZSgoACejBEsAVvUCTC
30=gdBE0oiQFOKH0FUyjlB1MoGQlTKJ8JUwA/8glTACc/CFMAOChVAC7rAVQANCgpADHpAVUoiQFX
31=KIIAVwAngwBXACrtBVgorQBZKMsJWgA34QRdKIEAXSpVADPhBGMogQBjKIEAZShVAGkoKAACEA
32=ArACWcWwEAGgBE6wEbAEjqAR8AYDOFBCAogQAgKNsAIQBD7gUjAGi0jwUjAD8oVQAzKCkALusB
33=KgAeKCkAEusBKwBWKCkAIygpABooKQAR6wEtAFjrAS4AV+sBLwBU6wEwAFvrATEAWukBMiiLAT
34=QAXvcCNQBcKCgAJ18BNgBT9AJorsAldIPIASL4McsBQwAf7wVDABzpAUYoKAAiBCPOBUcAJ0AD
35=Iogj1wJMAGf5BkwobQNMKF8BTQBq4wRNAGQoKAAnxQNOKB8EVAA54QRVKDcHVgBM9wJWADbqAV
36=gAIhwknTZaKIMAWwAw4AQCGwArACacAwEAHABD6wEhAErrASIASygpAEYoKAAn2wAjAE33AiMA
37=LOsBJAA/6wEsAFgoKQAdKCkAEusBMABW6wEyAFzrATYAWigpAFXrAUQAHigpABzoASIEOdcYSA
38=Aa9AJk7NYCSgAnrwBMAGTjBEwAW+kBTSjgASIgLNsGTgAg4wRUAC3rAVUATOsBVgAu6wFXAC/p
39=AVgogwBZADP3AlkAMCgpACrpAVooAwZbADT1AmUoBAECEAAsACelNBQoKwAbAEX3AhwASOsBHg
40=BC6wEfAEvpASAorwAiAET3AiMATOkBJCivACQAQChVAD0oKQAzKCkALusBKwAf6wEsAFYoKQAk
41=KCkAGygpABQoKQAQ6wEtAFkoKQBT6wEvAFjrATAAXCgpAFToAXCryyIyAFv3AjIAV+sBNQBe6Q
42=E2KAUBNiheATYAJzIBOAAn4gE+ACfpAkIoKAAitDnXDUQAIP8KRAAdKCkAGugBIsggzwVHABz0
43=AiJYVNQCItgiywFMAFrhBEwoXwFNAGv3Ak0AZygoACejBE0AVfcCTgBlKCgAJ8UDTiibA1QATe
44=MEVAAr6wFVAEkoKAAnPwhVAD4oVQA46wFWADcoKQAw6QFXKF8BWQAt9QJaKFcAWwAx9QJkKFQA
45=AhsALAAoq1keAEvpASEqKQBF9wIjAC3rASoAHCgpABTrASsAWCgpAFTrAS8AJOsBMQBc6wE1AF
46=ooKQBV6wFDAB0oKQAb6AEiBFrRFEkoMQFJKA4CSwAnBwFMAGX7BkwAXegBIjwqxwhNACD3AlQA
47=OCgpAC7rAVUATesBVwAw6QFYKFcAWAAq9wJZADQoKQAx6wFaADXpAWUo2AACHQBDAC2rLR0AK+
48=sBIQBH6QEjKFcANABV9AIigE7bBlcALvcCWQAy6wFnAEzoAQIOACsALqsMGwBG6QEfKFcAMwBe
49=9wI0AFPpATooKwBAACT3Ak0AaeoBTgAiEDODC10AMfcCaQBM6AECBwAzAIOcAwEAOgBk6wE+AB
50=/rAUUAcegBAgYAMgCFrwULAC/pARIoKwATAD31AhMoVQAUKFcAFAAx4wQdADnpAR8orwA6AGP3
51=AjoAV+kBOyhXAD0AFPUCRCiBAEUoKwBHAG/jBEgAXusBWwBF6wFkAEboAQITADAAhqMaFQA+6Q
52=EdKikAMvUCIChXACAAPShUACmBADEoVAAnXwE7AGT3AjwAW+sBPwAfKCkAHusBSQBuKCgAJ9sA
53=SQBeKFUAXOkBWygPAlsAPPcCXwA66wFuAEjrAXIAROgBAgcAMgCHpx4QAD3pARUqKQAx9wIcAC
54=npAR0oggAdACeDACAAL+MEJQBS6AEiYGvLDDAAH/cCMAAK6wEzABzpATUogQA5KIEAOihXADsA
55=DO8FPQAZKCkAD+sBPgAUKCkAEOsBPwAd6wFIAGbrAUkAbSgpAFfrAVkASCgpAD7rAVwAQ+sBXg
56=BG6wFfAEfrAWcAOesBaAA66QFyKNgAAhAAPgCIqy0TADLpARQoVQAUKFcAHQAz4wQyAB3pATMo
57=KwA6AGX3Aj0AFesBPgAgKCgAJ1cARABY9wJIAG8oKQBf6wFZAEkoKQA/6wFeADvpAWcogwBnAD
58=r0AgIKAC8AiaEaESgpABQoKwAaAEHhBBsoKQAeKIAAIuxWxAgisDPLATQAJfkGOigrADsAX/cC
59=OwBX6wE+AFXrAUYAcesBSABc6wFZADnpAVooKwBbAEP3AmQASSgpADvpAWUoVQBmKCgAAgcANA
60=CKpx4VADLrAR0APygpADrpASAoVwAgADX0AiJ0aMcIMAAg9wIwABMoKQAL6QE1KIMAOgBY9QI6
61=KFcAOwBl9wI8AF/rAT0AGusBPgAR6wE/AFwoKAAn4AEi6DrZEUUoiwFGAFvvBUcAcesBSABn6w
62=FJAG8oKAAn4QFJKAcBVgAs4wRcAEXrAV8AO+sBZABH6wFuAEnoAQIIADMAi78rDAAv6wERAD7p
63=ARUoVwAaAEf3AhoAPygpAD0oKADkCAACABwAQQCLAAAAAAAAHQA1AIsAAAARAACZDAAgBgAAAB
64=4AOQCLAIMAHgAz6wEhAEHrAS4AJesBMABaKCkAGesBMgAi6wEzAFQoKQAI6wE0AB3pATUoMwE2
65=AFL1AjooXwE6ABz1AjsorwA8AGP3AjwAVygoACddAT0oBQE9KDsCPwBV7wU/ABXpAUQorQBGKD
66=EBRijZAEcogwBXACv7BloASSgpAD/qAVsAJ/sEWwAu9wJlAEYoKQA76QFoKAcBaAA+9AICBgAz
67=AIycLwEAEwAx6wEcAD4oKQA6KCkAMukBHyiBAB8o2wAfADDjBC8AHygpAAvrATkAZSgpAGQoKQ
68=BaKCkAWCgoACcHATwAGvcCPAAU6wE9ABDrAT4AHuoBQwAnMgFDACczAUcAZuMESABuKCgAJ4MA
69=VgAr9wJYAEgoKAAnHwRjAEf0AgIPAD0Aja8mGQBHKCkAQSgoACmBAC/1Ahwo2wAcADkoVQAx6Q
70=EfKIIAIAAnMwEpACHjBC8AGSgpABMoKQAK6wEyABwoKQAI6wE0AB/rATkAYygpAFcoKAAn2wA7
71=AB33AjwAWigoACfhAT0oMQE+KK4AQwAnMQFGKNsARwBe5whIAG0oKAAnrwBaADz3AloALusBXg
72=A66wFjAEbpAWYozwRtAEj3AnEAQ+gBAhkASACO+TJCKCkAPigpADEoKQAw6wEgADwoKQA0KCkA
73=M+oBIgAnBwEiAD33AiUATSgpADrrAS8AHigpABTrATkAZigpAFwoKQBbKCkAWSgoACcHATkAHf
74=cCPAAT6gE/ACfbAEEAIPYCQwAnBwFEACT3AkcAcOsBSQBdKCgAJwcBTwBn9wJTADIoKAAnogRT
75=ACejBFYAKuMEWABHKCkARigoACd1BFgoUgVbACeDAFwARO0FXyixBmMoKAACHgAsAI+rOCAAO+
76=sBIgA86wElAEwoKQA5KCkANCgpAC/rASkAVesBLwAd6wEwABLrATwAXigoACdXAD8AWvcCQQAf
77=6wFEACPrAUUAcCgpACHrAUcAZesBSQBjKCgAJzMBTABS9wJPAGbqAVMAJ78CVgAp9wJYAEUoKA
78=AnHwRZADb1AlsodgRfACcfBGMAOuMEZwBIKCkAPesBbgBH6AECBgA0AJCrLQ8APusBEgAw6QET
79=KFcAGQA/9QIcKikAM/UCHyhXAB8AMvcCKQAi6wEvACDpATQoKQA5KCsAPAAV4QQ9KFcAPQAR9Q
80=JFKDMBRwBn9wJHAF/rAVgASSgoACe/AloAPfcCXgBH6QFjKK8AYwA79wJmADrpAWco8QNtKK8A
81=cQBE4AQCBQAyAJG7JwkAL+kBECgrABIAPfUCEiivABsAKfcCHAA16QEdKNkAHyhXACQAUuMELQ
82=Al6wEvAFrrATAAIusBMQAd6wEyAFQoKAAn2QA1KDMBOAAK4QQ5KF8BOgBf9wI6AAzrATsAW+kB
83=PCi3ATwAD/cCPQBV6wE+AFzpAUMoXwFEAHH1AkUoMwFGAG/1Akco2wBIAGT3AlUALOsBWAA56w
84=FaAEUoKQBD6wFdAEYoKQA76AECCwAwAJKnNBUAP+sBGQBJKCkAQygpADLrARwAOygpACrrAR4A
85=LesBIABC6QEiKF8BJQBT9wIlAE4oKAAnMwElADUoVAAnZwIpAFb3Ai8AGigpABUoKQAM6wEyAA
86=nrATkAZygpAF0oKQAL6wE7AB4oKQAN6wE8AFwoKQAb6wFBACHrAUMAW+sBRQBy6wFIAFnrAUkA
87=ZekBTCjHA08AaPcCUwAz6wFZADfrAVoAL+sBWwBHKCkAPukBXyhZBmgoAwZyAEXgBAIRADoAk7
88=c5HgA76wElAEHrASkAUusBLAAg6wEtAFfrATEAFesBMwBY6wE1ABzrATwAZ+sBRwBj6wFJAFTp
89=AUsoMwFnAEb0AgMGADcAJQGJEwcoKQAIKCkACSgpAAooKQALKCkADCgpAA0qKQAm/QoOKFYADg
90=AnVQAPKFUADyhVABAoVQAQKFUAEShVABEoVQASKCkAEygpABQoKwAVADPtEBUoVQAZKCkAGigp
91=ABsoKwAcADb5BhwoVQAdKFUAHSpVABbvBR4ATygoACcFAR4orgAeACetAB8orQAfKF0BHyitAB
92=8orQAgKK0AICitACAorQAgKK0AISitACEorQAhKK0AISitACIorQAiKK0AIiitACIorQAjKK0A
93=IyitACMorQAjKK0AJCitACQorQAkKK0AJCitACUorQAlKK0AJSitACUorQApKFUAKShVACooBQ
94=EqKIEAKiiBACsogQArKIEAKyiBACwogQAsKIEALCiBAC0ogQAtKIEALSiBAC4ogQAuKIEALiiD
95=AC8AYOlDLyitAC8orQAvKK0AMCitADAorQAwKK0AMCitADEorQAxKK0AMSitADEorQAyKK0AMi
96=itADIorQAzKIEAMyiBADMogQA0KIEANCiBADQogQA1KIEANSiBADUogQA2KIEANiiBADcoVQA3
97=KFUAOChVADgoVQA5KFUAOSpUACdZEToogQA6KIEAOigNAjsogQA7KIEAOyiBADwogQA8KIEAPC
98=qAACcdDz0ogQA9KIEAPSjVBT4ogQA+KIEAPiiBAD8ogQA/KIEAPyiBAEAoVQBAKFUAQShVAEEo
99=VQBCKFUAQihVAEMoiQFDKIEAQyiBAEQogQBEKIEARCiBAEUogQBFKIEARSiBAEYogQBGKIEARi
100=iBAEcoUQVHKK0ARyitAEcorQBIKK0ASCitAEgorQBJKIEASSiBAEkogQBKKIEASiiBAEoogQBL
101=KIEASyiBAEsogQBMKIEATCiBAEwogQBNKIEATSiBAE0ogQBOKIEATiiBAE4ogQBPKIEATyiBAE
102=8ogQBTKIEAUyiDAFMAQO2JUyitAFQorQBUKK0AVCitAFQorQBVKK0AVSitAFUorQBVKK0AViit
103=AFYorQBWKK0AViitAFcorQBXKK0AVyitAFcorQBYKK0AWCitAFgorQBZKIEAWSiBAFkogQBaKI
104=EAWiiBAFoogQBbKIEAWyiBAFsogQBcKIEAXCiBAFwogQBdKIEAXSiBAF4oVQBeKFUAXygpAGMq
105=KQBD8TVkKFUAZSgpAGYoKQBnKikAP/kGaChWAGgAJ1UAaShVAGkoVQBqKFUAaihVAGsoVQBrKF
106=UAbChVAGwoVQBtKFUAbShVAG4oVQBuKFUAbyhVAG8oVQBwKCsABwA4lBgBAQAACCgpAAkoKQAK
107=KCkACygpAAwqKQAn5QgNKFYADQAnVQAOKFUADihVAA8oVQAPKFUAEChVABAoVQARKFUAEShVAB
108=IoKQATKCkAFCgrABUANOUTFShVABkoKQAaKCkAGygpABwlICsBAQAAHCpVABfxCR0ogQAdKIIA
109=HQAngQAeKIEAHiiBAB4ogwAfAFDxCR8orQAfKK0AHyitACAorQAgKK0AICitACAorQAhKK0AIS
110=itACEorQAhKK0AIiitACIorQAiKK0AIiitACMorQAjKK0AIyitACMorQAkKK0AJCitACQorQAk
111=KK0AJSitACUorQAlKK0AJSitACkoVQApKFUAKigFASoogQAqKIEAKyiBACsogQArKIEALCiBAC
112=wogQAsKIEALSiBAC0ogQAtKIEALiiBAC4ogQAuKIEALyiBAC8ogQAvKIMAMABh/UEwKK0AMCit
113=ADAorQAxKK0AMSitADEorQAxKK0AMiitADIorQAyKK0AMyiBADMogQAzKIEANCiBADQogQA0KI
114=EANSiBADUogQA1KIEANiiBADYogQA3KFUANyhVADgoVQA4KFUAOShVADkqVAAnhRE6KIEAOiiB
115=ADooDQI7KIEAOyiBADsogQA8KIEAPCiBADwqgAAndQ89KIEAPSiBAD0o1QU+KIEAPiiBAD4ogQ
116=A/KIEAPyiBAD8ogQBAKFUAQChVAEEoVQBBKFUAQihVAEIoVQBDKIkBQyiBAEMogQBEKIEARCiB
117=AEQogQBFKIEARSiBAEUogQBGKIEARiiBAEYogQBHKFEFRyitAEcorQBHKK0ASCitAEgorQBIKK
118=0ASCitAEkorQBJKK0ASSitAEoogQBKKIEASiiBAEsogQBLKIEASyiBAEwogQBMKIEATCiBAE0o
119=gQBNKIEATSiBAE4ogQBOKIEATiiBAE8ogQBPKIEATyiBAFMogQBTKIMAUwBB6YVTKK0AVCitAF
120=QorQBUKK0AVCitAFUorQBVKK0AVSitAFUorQBWKK0AViitAFYorQBWKK0AVyitAFcorQBXKK0A
121=VyitAFgorQBYKK0AWCitAFgorQBZKK0AWSitAFkorQBa4AQPAABaAFAAJQEAAAEAAFoAQQAlEQ
122=AArQwAIAgBAAABAABbAGEAJekBUCgpAEHpAVwoggBcACeCAFwAJ4EAXSiBAF0ogQBeKCkAXygp
123=AGMqKQBE6QxkKFUAZSgpAGYoKQBnKikAQPkGaChWAGgAJ1UAaShVAGkoVQBqKFUAaihVAGsoVQ
124=BrKFUAbChVAGwoVQBtKFUAbShVAG4oVQBuKFUAbygpAHAoKQBxKCsACAA5lBgBAgAACSgpAAoo
125=KQALKikAKO0FDChWAAwAJ1UADShVAA0oVQAOKFUADihVAA8oVQAPKFUAEChVABAoVQARKFUAES
126=hVABIoKQATKCkAFCgrABUANf0VFShVABkoKQAaKCkAGyopABj7BhwAOCgoACeaAxwAJ4EAHSiB
127=AB0oBQEdKIEAHiiBAB4ogQAeKIEAHyiBAB8ogQAfKIMAIABR7RAgKK0AICitACAorQAhKK0AIS
128=itACEorQAhKK0AIiitACIorQAiKK0AIiitACMorQAjKK0AIyitACMorQAkKK0AJCitACQorQAk
129=KK0AJSitACUorQAlKK0AJSitACkoVQApKFUAKigFASoogQAqKIEAKyiBACsogQArKIEALCiBAC
130=wogQAsKIEALSiBAC0ogQAtKIEALiiBAC4ogQAuKIEALyiBAC8ogQAvKIEAMCiBADAogQAwKIMA
131=MQBi8UAxKK0AMSitADEorQAyKK0AMiitADIorQAzKIEAMyiBADMogQA0KIEANCiBADQogQA1KI
132=EANSiBADUogQA2KIEANiiBADcoVQA3KFUAOChVADgoVQA5KFUAOSpUACcVDjoogQA6KIEAOigN
133=AjsogQA7KIEAOyiBADwogQA8KIEAPCqAACehDz0ogQA9KIEAPSjVBT4ogQA+KIEAPiiBAD8ogQ
134=A/KIEAPyiBAEAoVQBAKFUAQShVAEEoVQBCKFUAQihVAEMoiQFDKIEAQyiBAEQogQBEKIEARCiB
135=AEUogQBFKIEARSiBAEYogQBGKIEARiiBAEcoUQVHKK0ARyitAEcorQBIKK0ASCitAEgorQBIKK
136=0ASSitAEkorQBJKK0ASSitAEoorQBKKK0ASiitAEsogQBLKIEASyiBAEwogQBMKIEATCiBAE0o
137=gQBNKIEATSiBAE4ogQBOKIEATiiBAE8ogQBPKIEATyiBAFMogQBTKIMAUwBC5YFTKK0AVCitAF
138=QorQBUKK0AVCitAFUorQBVKK0AVSitAFUorQBWKK0AViitAFYorQBWKK0AVyitAFcorQBXKK0A
139=VyitAFgorQBYKK0AWCitAFgorQBZKK0AWSitAFkorQBZKK0AWiitAFoorQBaKK0AWyiBAFsogQ
140=BbKIEAXCiBAFwogQBcKIEAXShVAF4oKQBfKCkAYyopAEXxNWQoVQBlKCkAZigpAGcqKAAkTCsB
141=AgAAaChVAGglpCsBAgAAaShVAGkoVQBqKFUAaihVAGsoVQBrKFUAbChVAGwoVQBtKFUAbShVAG
142=4oKQBvKCkAcCgpAHEoKQByKCgABBYARwAmAQBjABYARigpAEUoKQBEKCkAQygpAEIoKQBBKCkA
143=QCgpAD8oKQA+KCkAPSgpADIoKQAxKCkAMCgpAC8oKQAuKCkALSgpACwoKQArKCkAKigpACkoKQ
144=AlKCkAJCgpACMoKQAiKCkAISgpACAoKQAfKCkAHigpAB3rASYAVygpAFYoKQBVKCkAVCgpAFMo
145=KQBSKCkATigpAE0oKQBMKCkASygpAEooKQBJKCkASCgoACdhByYoYgcmACdiByYAJ2IHJgAnYg
146=cmACdiByYAJ2IHJgAnYgcmACdiByYAJ2IHJgAnYwcmADwoDQI7KCkAOigpADkoKQA1KCkANCgp
147=ADMoKAAnlggmACeWCCYAJ5YIJgAnlggmACeWCCYAJ5YIJgAnlggmACeWCCYAJ5YIJgAnlggmAC
148=eWCCYAJ5YIJgAnlggmACeWCCYAJ5YIJgAnlggmACeWCCYAJ5YIJgAplQgcKG0DGygpABooKQAZ
149=KCkAFSgpABQoKQATKCkAEigpABEoKQAQKCkADygpAA4oKQAN6gEyACeKATUAJ9oANQAn2gA1AC
150=faADUAJ9sANQAM5wg1AAsoKQAKKCkACSgpAAgoKQAHKCkABigpAAUoKQAE6QE2KC0GNigtBjYo
151=LQY2KC0GNigtBjYoLQY2KC0GNigtBjYoLgY2ACctBjkoHgQ5ACerBT0AZPsRPQBj6wFAAFwoKQ
152=BbKCkAWigpAFkoKQBYKCgAJ34QQAAnfhBAACd+EEAAJ34QQAAnfhBAACd/EEEAcvMJQQBxKCkA
153=cCgpAG8oKQBuKCkAbSgpAGwoKQBrKCkAaigpAGkoKQBo6QFEKPIDUAAnXgFQACdeAVAAJ14BUA
154=AnXgFQACdeAVAAJ14BUAAnXwFQAGfrDFAAZigpAGUoKAAnAQZQKg0CXyiBAF4oKQBdKCgAJ4YG
155=UAAnhgZQACeGBlAAJ4YGUAAnhQZQKAUXUCiFBlAohQZQKIUGUCiFBlAohgZQACfaFlAAJ9oWUA
156=An2hZQACfaFlAAJ9oWUAAn2RZQKD0eUCjZFlAo2RZQKNkWUCjZFlAoVRZQKFUWUChVFlAoVhZQ
157=ACdWFlAAJ1YWUAAnVxZQADgoJQU3KCkANigoACfaFlAAJ9oWUAAn2hZQACfZFlAo2RZQKNkWUC
158=jZFlAo2RZQKNkWUCjZFlAo2hZQACfZFlAo2RZQKKkQUCipEFAoqRBQKKkQUCiqEFAAJ9kWUCiq
159=EGAAJ0YJYAAnRQlgKM0PYChFCWAoRQlgKEUJYChFCWAoRQlgKEUJYChFCWAoRQlgKEUJYChGCW
160=AAJ00gYChxCWAocQlgKHEJYChxCWAocQlgKHEJYChxCWAocQlgKD0IYCg9CGAoPQhgKD4IYAAn
161=PghgACc+CGAAJz0IYCg9CGAoPQhgKD0IYCg9CGAoPQhgKD0IF9wVAQEAABfcFYgBJHAqiAEkDC
162=OIASQMI4gBJAwjiAEkDCOIASQMI4gBJAwjiAEkDCOIASQMI4gBJAwjiAG8V4gBJNghiAEk2CGI
163=ASTYIYgBJNghiAEk2CGIASTYIYgBJNghiAG8V4gBJNghiAEk2CGIASTYIYgBJNghiAEk2CGIAS
164=TYIYgBvFeIASTYIYgBJNghiAEk2CGIAajdAQEAACfYU4gBqNKIAajSiAGo0ogBqNKIAajSiAGo
165=0ogBuFOIAayfiAGsn4gBrJ+IAayfiAGsn4gBrJ+IASTIKogBJ7kHJ8yflAInuQcnzJ+UAie5By
166=clyCqUAie5ByfQo5QCJ7kHJ9CjlAIkyCqIAbCjiAGwo4gBsKOIAaxdiAGsn4gBrJ+IASftCCfM
167=XZQCJ+0IJ8xdlAIn7QgnzJ+UAiftCCfMn5QCJ+0IJ8yflAIn7QgnzJ+UAiftCCfMn5QCJ+0IJ8
168=yflAIn7QgnJZgklAIn7QgnJZgklAIkyCqIASTIKogBJMgqiAEkPCmIASQcJYgBJMgqiAEkyCqJ
169=ARGAyogBJOwpiAEk7CmIASTsKYgBJOwpiAEk7CkBAQAAMyXUJgEBAAA2JfQqiAEnBQE2JfQqlA
170=InBQE2JfQqlAIk9CqIAST0KogBJPQqiAEk9CqIAST0KogBJPQqiAEk9CoBAQAAN9zQiAEnHQ83
171=3NCUAicdDzfc0JQCJx0PN9zQlAInHQ83JcgqlAInHQ86KPEDOiXIKgEBAAA+JcgqiQFj/StB2N
172=cBAQAAQdjXiAEkQCSIASRAJIgBJEAkiAEnfRBB2NeUAid9EEHY15QCJ30QQdjXAwEAAEIAc+0Q
173=QiX0KpQCJPQqiAEk9CqIAST0KogBJJQpiAEklCmIASSUKYgBJJQpiAEklCmIASSUKYgBJJQpAQ
174=EAAEUl5CgBAQAAUSXIKogBJzEBUSXIKpQCJzEBUSXIKpQCJzEBUSXIKpQCJMgqiAEkyCqIASTI
175=KogBJwIGUQAkyCqUAiSAIYgBJIAhiAEkyCqIASTIKogBJ4UGUSWAIZQCJ4UGUSWAIZQCJwUXUS
176=WAIZQCJwUXUSWAIZQCJwUXUSVUIZQCJ9kWUSVUIZQCJ9kWUSVUIZQCJ9kWUSiVHlElVCGABCeV
177=HlElyCqUAieVHlEoVRZRJcgqgAQnER5RJcgqlAInVRZRJYgilAInVRZRJYgilAIkiCKIASSIIo
178=gBJ9kWUSWIIpQCJ9kWUSWIIpQCJ8kfUSWIIpQCJ8kfUSXIKpQCJ8kfUSXIKpQCJ8kfUSXIKpQC
179=J8kfUSipEFEo2RZRKKkQUSjZFlEoqhBRACepEGElcCoBAQAAYSh1D2EodQ9hJXAqgAQndQ9hKP
180=UfYSjtCGEodQ9h7EcMAABhAFQAJgEAAAEAAGEAEQAAuQ0AIA1TACYBAAABAABhAFIAJgEAqQFO
181=KCkATSgpAEwoKQBLKCkASigpAEkoKQBIKCkARygpAEYoKQA7KCkAOigpADkoKQA4KCkANygpAD
182=YoKQA1KCkANCgpADMoKQAyKCkAMSgpADDqARgAvBUCAgAAGAC8FYgBvBWIAbwViQFFmAaJAUQo
183=KQBDKCkAQigpAEEoKQBAKCkAPygpAD4oKQA9KCgAvBWIDLwViAG8FYkBLyitAC4oKQAtKCkALC
184=gpACsoKQAqKCkAKSgpACUoKQAkKCkAIygpACIoKQAhKCkAICgpAB8oKQAeKCkAHSgpABwoKQAb
185=6wEoAFkoKQBYKCkAVygpAFYoKQBVKCkAVCgoALBWAQIAACjQVogBsFaIAbBWiAGwVogBsFaIAb
186=BWiAEnEQgoKBIIKAAnEggoACcSCCgAJxIIKAAnEggoACcSCCgAJxIIKAAnEggoACcSCCgAJxII
187=KAAnEggoACcTCCgAPCiYA6hkkBSoZIgBqGSIAaRgiAGkYIgBpGCIASdGCSgAJ0YJKAAnRgkoAC
188=dGCSgAJ0YJKAAnRgkoACdGCSgAJ0YJKAAnRgkoACdGCSgAJ0YJKAAnRgkoACdGCSgAJ0YJKAAn
189=RgkoACdGCSgAJ0YJKAAnRgkoACdGCSgAJ0YJKAApRQkaKM0EGSgpABUoKQAUKCkAEygpABIoKQ
190=ARKCkAECgpAA8oKQAOKCkADSgpAAwoKQAL6gE0ACfiATcAJzIBNwAnMgE3ACcyATcAJzIBNwAn
191=MgE3ACczATcACv8KNwAJKCkACCgpAAcoKQAG6QE4KC0GOCgtBjgoLQY4KC0GOCgtBjgoLQY4KC
192=0GOCgtBjgoLQY4KC0GOyjGAzsAJ6sFPwBk+xE/AGPrAUIAXCgpAFsoKQBaKCgAJ34QQgAnfhBC
193=ACd+EEIAJ34QQgAnfhBCACd+EEIAJ30QQih/EEMAdOsMQwBzKCkAcigpAHEoKQBwKCkAbygpAG
194=4oKQBtKCkAbCgpAGsoKQBqKCkAaSgpAGjpAUYoSgRSACcGAVIAJwYBUgAnBgFSACcGAVIAJwcB
195=UgBn8wlSAGYoKQBlKCgAJwEGUiq1AV8ogQBeKCkAXSgoACeGBlIAJ4YGUgAnhQZSKAUXUiiFBl
196=IohQZSKIUGUiiFBlIohQZSKIUGUiiGBlIAJ9oWUgAn2hZSACfaFlIAJ9kWUijtHlIo2RZSKNkW
197=UijZFlIo2RZSKNkWUijZFlIoVRZSKFUWUihVFlIoVhZSACdWFlIAJ1YWUgAnVhZSACTgIgICAA
198=BSACTgIogBJOAiiAEn2hZSACfaFlIAJ9oWUgAn2RZSKNkWUijZFlIo2RZSKNkWUijZFlIo2RZS
199=KNkWUijZFlIo2RZSKKkQUiipEFIoqRBSKKkQUiipEGIoHQ9iKJUIYiiVCGIolQhiKJUIYiiVCG
200=IolQhiKJUIYiiVCGIolQhiKJYIYgAnnR9iKMEIYijBCGIowQhiKMEIYijBCGIowQhiKMEIYijB
201=CGIojQdiKI0HYiiNB2IojQdiKI4HYgAnjgdiACeNB2IojQdiKI0HYiiNB2IojAcEJgBPACcBAG
202=MAJgA2KCkAJuoBNgAnKQBAKK0AUCopAEDtBVAorQAnwAQBAQAAJ9wKiAGyCQEAbBiYBgEBAABB
203=KK0AUSooALwKAQEAAFHdCgEi+CW8FSOsIbwViAG+CgIAeCScCgECAABC0AmEYCfaAFIAvAqUAi
204=fbACYAUJgGAwMAACYANygpACfqATYAJykAQCitAFAqKQBB7QVQKK0AJ8EEBHwgvAqIAbEJBHwg
205=JykAQSitAFEqKAC9CgR8ICetACjBBAVoIrwKiAGhBAV8ICcpAEIorQBSKigAvQoFdIYnrwAmAF
206=GVGAZ9IDgoKQAo6gE2ACcpAEAorQBQKikAQu0FUCitACfBBAd8ILwKiAGxCQd8ICcpAEEorQBR
207=KigAvQoHfCAnrQAowQQIfCC8CogBoQQIfCAnKQBCKK0AUiooAL0KCHwgJ6wAAiYAFgAov2JQAG
208=DpASfUAoxStAKMUqwFhEq1AgJ5JxeYBgMDAABQAGHqAScAtAKUObUCBGgXtAKMMbUCBWUIGJkG
209=BmUIYuoBJwC0ApwgtQIHZAi0ApQYtAIFCAAAFgAmACm3GGAAT+kBF9QCIwg+tQIBIkA6rAUBAg
210=AAYs0FAmUIJ5gGAwMAAGAAUOoBFwC1AgQiED+1AgRkCLUCBWQItQIFZQgomQYGZQhR6gEXALUC
211=B2QItQIHZAi1AghkCLQClxg6ACq3GDYAGesBQQBl6wFgAEPqARcArAWEjK0FAWSBrAWEHqwFhB
212=6sBZSGrAUBAgAAQ9wKnCCsBZ0gO4gMAwMAADYAGusBQQBm6wFgAETqARcArAWUe60FBGwQrAWM
213=JqwFjCasBYR2rQUFbBCsBYQprAWFKTyJDAZtEBvrAUEAZ+sBYABF6gEXAKwFhGutBQdsEKwFlC
214=6sBZQurAWUZa0FCGwQrAWMMawFBQgAABIANwArrzEyABbrAT0AYOsBXQBA6QETzAUBAQAAM8wF
215=AQEAAD7MBQEBAABezAUBAQAAFMwFAQIAADTMBQECAAA/zAUBAgAAX80FAm0QOIgMAwMAADIAF+
216=sBPQBh6wFdAEHqARMArQUEbBCtBQRsEK0FBGwQrQUEbBCtBQVsEK0FBWwQrQUFbBCsBQMFAAAS
217=ADmJDAZtEBjrAT0AYusBXQBC6QETzQUHbBCtBQdsEK0FB2wQrQUHbBC9CghsEK0FCGwQrQUIbB
218=CsBZ9iMwAsrzE1ABHrAUAAXesBYAA86gEXAK0FAW1HEZQChO+sBZxirAWcYq0FAnSyrAWU6awF
219=nGKsBZ1iNJAJAwMAADUAEusBQABe6wFgAD3qARcArQUEbBCtBQR0/6wFnGKsBZxirQUFbBCtBQ
220=V8V6wFnGKsBZ1iNYkMBm0QE+sBQABf6wFgAD7qARcArQUHbBCtBQdsEKwFnGKsBZxirQUIbBCt
221=BQhsEKwFnGKsBQUIAAAZADYALa8xOQAW6wFEAGDrAWQAP+kBGswFAQEAADrMBQEBAABFzAUBAQ
222=AAZcwFAQEAABvMBQECAAA7zAUBAgAARswFAQIAAGbNBQJtEDeIDAMDAAA5ABfrAUQAYesBZABA
223=6gEaAK0FBGwQrQUEbBCtBQRsEK0FBGwQrQUFbBCtBQVsEK0FBWwQrQUFbRA4iQwGbRAY6wFEAG
224=LrAWQAQeoBGgCtBQdsEK0FB2wQrQUHbBCtBQdsEK0FCGwQrQUIbBCtBQhsEKwFBQgAAB4ATAD+
225=rzEjAD4oKQA96wErABDrAUMAHusBRwAi6wFLAGQoKQBbKCkAWusBUwBNKCkALSgpACwoKQAr6Q
226=FjKKwAAhMAKwD/pxMdAErrAR4AResBIAAq6QEjKIEAIyhXAC4AVuMELgBV6wEvAFPrATEAXesB
227=MwAj6QE0KFcANABZ9wI1AFcoKAAnXwE8ACT1Aj0oXQFBKDEBRihXAEYAIO0FSigrAE0AIfcCVw
228=AzKCkALesBXQBNKCkANugBAwwAKgAAAiIoMgEADgAs6wETAELrARkARSgpACvrARoASSgpAEPr
229=ARsAR+kBHShfAR8ASPUCHyiLASEATfcCIQBM6wEiAEAoKQA6KCkANCgpAC/pASMoDwIjADL3Ai
230=kAUygpACQoKQAfKCkAGygpABPrASoAVygpAB3rASsAWigpAFkoKQBVKCkAIigpAA/rAS4AXOsB
231=NABU6wE1AFvrATkAI+kBOiiDAEEAGvcCQgAhKCkAIOkBQyiuAEUAJ24DRgAnQgNJACfrAksAa/
232=sGSwBoKCgAJ2YCSwAnQwNMAGbjBEwAXukBTSglBVMohQZTKNUFUyhrCFMARPsGUwA+KCkAPSgo
233=ACc3B1MANyhUACf3CVQAM/cCVAAwKCgAJ7oHWAAn9wlaADbhBF0o5QdjKJECYyiBAGkonAkCHg
234=BBAAGvXS0AUusBLwAj6QExKCkAMyiBADgoKQA5KCsARAAZ+wZFABzpAUoogwBVAEP3AlgAKesB
235=aABL6AECHABGAAK7ESAAR+sBIgBC6QEjKCsAJABI9QIkKlUAMShVACzrATIAWesBSwAf6wFMAG
236=ooKQAi6wFNAFfrAU4AXCgpACPrAVQASygpADzqAVUAKSkAMvcCVwA16gFYACdXAFgAL/cCWgAz
237=6AECDQApAAOzHw8AK+sBEQAq6wEUAEEoKAAnVQAaKIMAGwBC4QQcKAcBHgBJ9QIeKIsBHwBE9Q
238=IhKFcAIwA59QIkKFcAKgBS9wIqACMoKQAa6QErKIEALCopACHjBCwAGSgpAA7rAS8AW+kBMCjZ
239=ADAoiwExAFbjBDMAVesBNAAi6wE1AFPpATcoBQE6KIEAOyiBAD0oXQE+KK0APyitAEIokQJDKC
240=kARCgFAUYoBQFHKAcBRwAf7RBIKCoASQAndQRKKNsATABU7wVNAB7rAU4AaSgpAGMoKAAn1wVU
241=AEj3AlQAQygpADYoKAAn7ghVACdXAFUALeMEVwBL6wFZAEzrAVoAMOkBWyiDAFwAL/UCXiivAF
242=4ANShVADHpAWQo2QBkKIEAZijZAGooKAACHwBMAASjXCIAResBJAA+6wElAEbrASwAEesBRAAb
243=6wFPAFooKQBX6wFUACzrAVUAOesBVgBI6AEAAxIAKwAFAgAAAAAAHABJAAUCAAAAABEAALoMAC
244=AFAB0ARAAFAgBgAAEfACoAyQEiKCsALQBV9wItAFQoKQAj6wExAFPrATMAXSgpAFrrATQAVuoB
245=OwAn2QA8KDEBQChVAEUoVwBFAB/5BkgoiwFJACD3AlYAM+sBXABMKCkANigpADXoAQIOACoABr
246=scFQBCKCkAK+sBHQBHKCkALOsBIQBJKCkASOsBJAA6KCkANCgpAC/rASUASigoACcHASUAQyhV
247=ADIoKQAtKCgAJ5MCLABX9wIsABzrAS0AWigpACIoKQAeKCkAGigpABMoKQAP6wEwAFXrATUAI+
248=sBNgBdKCkAWesBNwBbKCgAJzsCNwBW9wI/AFPpAUMoMwFEACH3AkoAG+sBSwAd6wFNAGjrAU4A
249=ZigpAB/rAU8AaigpAGQoKAAnkwJPAFQoVAAnDwJPACQoVAAnDwJVAEX1AlUo3QZVKD8IVgA94w
250=RYADbqAVsAJxMIXQAw9wJfAE0oKAAnrgBfACc1B2UoBQFnKK0AaygoAAIiAEcAB6NRIwBO6wEz
251=AFPrATQAX+kBOShXAEEAJfcCRgAd6wFKAFXrAWgATOgBAhwARQAIqwwfAEbrASIALesBIwBBKC
252=kAOygpADDrASQARCgpACvrATEAWOsBNwBU6wFCABvrAUoAHusBSwAh6wFMAGkoKQBW6wFOAFUo
253=KQAi6wFUAEooKAAnZwJVADH3AlgANCgoAClVAC73AloAMugBAg0AKwAJvyAPAC3rAREALOsBFA
254=BD6wEaAEYoKAAngwAbAEr1AhwoBQEeKF8BIABL4QQgKIEAISgrACIATuMEIwBEKCkANesBKgBU
255=KCkAJSgpACDqASsAJ1cAKwAV9wIsAFsoKQAf6wEuAFnrAS8AXesBMABYKCgAJzMBMgBe9wIzAF
256=frATQAJOkBOigrADsAVfUCPSg5Aj4o6QI/KK0ARCitAEYorQBHKK0ASCivAEgAHP0KSiivAEwA
257=bPUCTCivAE0AX/cCTgBrKCgAJ0EDVCgLB1QAP+MEVQA06QFWKC8GVwA39QJZKFUAWijfBlsATe
258=EEWyivAFwAMfUCXijZAF4ogwBeADPhBGQoVQBmKK0AaigoAAIpADYAF7tTKQA3iAEDAQAAKQA4
259=iAEFAgAANgApABihBDfIAQEBAAA4yAEFAgAATwBAABmjBE8AQYkBAXUCQogBBQIAAEAATgAaoQ
260=RByAEBAQAAQsgBBgIAABUAOQDuA3D/AQAVADgoKQA3KCkANukBFiitABYorgAWACeuABYAJ60A
261=FyitABcorQAXKK0AFyitABgorQAYKK0AGCitABgorwAZACX7ERkAJCgpACMoKQAiKCkAISgpAC
262=AoKQAfKCkAHigpAB0oKQAcKCkAGygpABrpARooDQIaKA4CGgAnDgIaACcOAhoAJw4CGgAnDgIa
263=ACcOAhoAJw4CGgAnDgIaACcOAhoAJw4CGgApDQIZ+REbKDkCGyg5AhsoOQIbKDkCGyg5AhsoOQ
264=IbKDkCGyg5AhsoOQIbKDkCGyg5AhsoOgIbACc5AhwoOQIcKDkCHCg5AhwoOQIcKDkCHCg5Ahwo
265=OQIcKDkCHCg5AhwoOQIcKDkCHCg5AhwoOQIdKDkCHSg5Ah0oOQIdKDkCHSg5Ah0oOQIdKDkCHS
266=g5Ah0oOQIdKDkCHSg5Ah0oOQIdKDkCHig5Ah4oOQIeKDkCHig5Ah4oOQIeKDkCHig5Ah4oOQIe
267=KDkCHig5Ah4oOQIeKDkCHig5Ah8oOQIfKDkCHyg5Ah8oOQIfKDkCHyg5Ah8oOQIfKDkCHyg5Ah
268=8oOQIfKDkCHyg5Ah8oOQIgKDkCICg5AiAoOQIgKDkCICg5AiAoOQIgKDkCICg5AiAoOQIgKDkC
269=ICg5AiAoOQIgKDkCISg5AiEoOQIhKDkCISg5AiEoOQIhKDkCISg5AiEoOQIhKDkCISg5AiEoOQ
270=IhKDkCISg5AiIoOQIiKDkCIig5AiIoOQIiKDkCIig5AiIoOQIiKDkCIig5AiIoOQIiKDkCIig5
271=AiIoOQIjKDkCIyg5AiMoOQIjKDkCIyg5AiMoOQIjKDkCIyg5AiMoOQIjKDkCIyg5AiMoOQIjKD
272=kCJCg5AiQoOQIkKDkCJCg5AiQoOQIkKDkCJCg5AiQoOQIkKDkCJCg5AiQoOQIkKDkCJCg5AiUo
273=OQIlKDkCJSg5AiUoOQIlKDkCJSg5AiUoOQIlKDkCJSg5AiUoOQIlKDkCJSg5AiUoOwIpAE7/xS
274=kATSgpAEwoKQBLKCkASigpAEkoKQBIKCkARygpAEYoKQBFKCkARCgpAEMoKQBCKCkAQSgpAEAo
275=KQA/KCkAPigpAD0oKQAxKCkAMCgpAC8oKQAuKCkALSgpACwoKQArKCkAKigpACnpASoooQQqKK
276=IEKgAnogQqACeiBCoAJ9kAKyjZACsoVQAsKFUALChVAC0oVQAtKFUALihVAC4oVQAvKFUALyhV
277=ADAoVQAwKFUAMShVADEoVQAyKFUAMygpADQoKQA1KikAGP8gNQAXKCkAFigpABUoKQAU6QE2KA
278=YBNgAnBQE2KAYBNgAnBgE2ACcGATYAJwUBNygFATcoBQE3KAUBNygFATcoBQE3KAUBOCgFATgo
279=BQE4KAUBOCgFATgoBQE4KAUBOSgFATooKQA7KCkAPChRBT0oKQA+KCkAPygrAEAAZPcjQABjKC
280=kAYigpAGEoKQBgKCgAJ0UJQSgFAUEoBgFBACcGAUEAJwYBQQAnBQFBKA0CQigFAUIoBQFCKAUB
281=QigFAUIoBQFCKAUBQygFAUMoBQFDKAUBQygGAUMAJw0CQygFAUQoKQBFKCkARigpAEcofQVHKF
282=UASChVAEgoVQBJKFUASShVAEooVQBKKFUASyhVAEsoVQBMKFYATAAn+Q9MKIEATSiBAE0o+Q9N
283=KK0ATSitAE4orQBOKK0ATiipEE4o2QBOKNkATyjZAE8o2QBPKNkATyiGEU8AJyoWTwAnKhZPAC
284=cqFk8AJysWTwA7+0hPADooKAAngTdPKHE1TyhxNU8oczVPADUo2QA0KCkAMygpADIoKAAnKhZP
285=ACcqFk8AJyoWTwAnKhZPACcqFk8AJyoWTwAnKRZPKKEETyijBFMAX/cNUwBeKCkAXSgpAFwoKQ
286=BbKCkAWigpAFkoKQBYKCkAVygpAFYoKQBVKCkAVCgpAFMoKQBS6QFUKGUCVChmAlQAJ2YCVAAn
287=ZgJUACdmAlQAJ2YCVAAnZgJUACdmAlQAJ2YCVAAnZgJUACdmAlQAJ2YCVAAnZgJUACdlAlUoZQ
288=JVKGUCVShlAlUoZQJVKGUCVShlAlUoZQJVKGUCVShlAlUoZQJVKGUCVShlAlUoZQJVKGUCVihl
289=AlYoZQJWKGUCVihlAlYoZQJWKGUCVihlAlYoZQJWKGUCVihlAlYoZQJWKGUCVihlAlYoZQJXKG
290=UCVyhlAlcoZQJXKGUCVyhlAlcoZQJXKGUCVyhlAlcoZQJXKGUCVyhlAlcoZQJXKGUCVyhlAlgo
291=ZQJYKGUCWChlAlgoZQJYKGUCWChlAlgoZQJYKGUCWChlAlgoZQJYKGUCWChlAlgoZQJYKGUCWS
292=hlAlkoZQJZKGUCWShlAlkoZQJZKGUCWShlAlkoZQJZKGUCWShlAlkoZQJZKGUCWShlAlkoZQJa
293=KGUCWihlAlooZQJaKGUCWihlAlooZQJaKGUCWihlAlooZQJaKGUCWihlAlooZQJaKGUCWihlAl
294=soZQJbKGUCWyhlAlsoZQJbKGUCWyhlAlsoZQJbKGUCWyhlAlsoZQJbKGUCWyhlAlsoZQJbKGUC
295=XChlAlwoZQJcKGUCXChlAlwoZQJcKGUCXChlAlwoZQJcKGUCXChlAlwoZQJcKGUCXChlAlwoZQ
296=JdKGUCXShlAl0oZQJdKGUCXShlAl0oZQJdKGUCXShlAl0oZQJdKGUCXShlAl0oZQJdKGUCXShl
297=Al4oZQJeKGUCXihlAl4oZQJeKGUCXihlAl4oZQJeKGUCXihlAl4oZQJeKGUCXihlAl4oZQJeKG
298=UCXyhlAl8oZQJfKGUCXyhlAl8oZQJfKGUCXyhlAl8oZQJfKGUCXyhlAl8oZQJfKGUCXyhlAl8o
299=ZgJgACcGOGAAJwY4YAAnBjhgACcFOGEorQBhKK0AYSitAGEorQBiKK0AYiitAGIorQBiKK0AYy
300=itAGMorQBjKK0AYyisAAMpADoAOwUjd1wpADkoKQA1KCkANOgBAjQAKQA8rQU1KCkAOSgpADoo
301=KAACTwBEAD2vBU8AQygpAD8oKQA+6AECPgBOAD6tBT8oKQBDKCkARCgoAAAFKwBNAFIFAAABAA
302=AtAE0AWAUAAAIAAC/oAQACAAAxAE0AWAUAAAIAADMATQBYBQARAAANDwAgCAACAAA1AE0AWAUA
303=aQE3KCkAOSgpAEooKQAuyAEBAwAAMCgpADIoKQA0KCkANigpADgoKQA6KCkASygoAAJIAE0AWa
304=0QScgBDAMAACwATQBbBQAAAQAATCgoAARNAEwAYgUAYAACTgBKAGSjBE4ANygpADUoKQAzKCkA
305=LygpAC0oKQBLiAEDAwAATgA4KCkANigpADQoKQAwKCkALigrAEgAZe0QOSgpADEoKQBJiAGJDD
306=ooKQAyKCsALABn5wgrAHOoAQk7AE0AsgUAAAYAADzJAQdpAU6UAgIKAAA9AKgBDAsAAEYATQCz
307=BQAABwAAR8gBAwgAAEUATpUCCWAEqAEICgAATwBFALQFAACZEUaJAQZ0AqkBB30gR5UCCmsBOw
308=C1uzJOADyIAYwFqQEHeQY9lAIFCwAAMgApALapFzPIAQMCAAAxACqVAgNgBKgBBQQAADsAKQC3
309=qzg8ACqJAQRgGqgBBQUAACoAMQC5swkpADKJAQR0AqgBAwUAACkAM5UCCGsBOwC6swkpADyIAY
310=wFqAGRCT2UAgYJAAASADoAuQdoRwEAMgAZ6wE9AGXrAV0AQ+kBE8wFAQEAADPMBQEBAAA+zAUB
311=AQAAXswFAQEAABTMBQECAAA0zAUBAgAAP8wFAQIAAF/MBQECAAAVzQUDaRdPlA0BAwAANdgGAQ
312=MAAEDZBgN9FTuBBAR5JxrrAT0AZusBXQBE6gETAK0FBXwVrQUFfBWtBQV8Fa0FBXwVrQUGfBWt
313=BQZ8Fa0FBnwVrAUBBgAAFd0KB30VUJUNB3wVuQYHfBW5Bgd9FTyBBAh9FRvrAT0AZ+sBXQBF6g
314=ETAK0FCXwVrQUJfBWtBQl8Fa0FCXwVrQUKfBWtBQp8Fa0FCnwVrQUKfBWtBQt9FVGVDQt8FbkG
315=C3wVuAYFCwAAOAARALq/QUMAXekBY3hItwIZADOUAgEBAAA5zAUBAQAARMwFAQEAAGTMBQEBAA
316=AazAUBAgAAOs0FAnRwvAoBAgAAZcwFAQIAABvNBQNwYa0QA3h0rAUBAwAAZs0FA3EUEowQAwQA
317=AEMAXusBYwA96wEZADSJAQVwFK0FBXAUrQUFcBStBQVwFK0FBnAUrQUGcBStBQZwFK0FBnAUrQ
318=UHcBStBQdwFK0FB3AUrQUHcRQTjRAIcRRf6wFjAD7rARkANYkBCXAUrQUJcBStBQlwFK0FCXAU
319=rQUKcBStBQpwFK0FCnAUrQUKcBStBQtwFKwFhKKtBQtwFKwFBQsAABkAOQC8oztEAGTrAVAATu
320=sBZABC6QEazQUBYA+sBQEBAABRzQUBbBCtBQFsEL0KAnQjrAUBAgAAUs0FAmwQrQUCbRA6iQwD
321=fSAZ6wFEAGXrAWQAQ+oBGgCtBQR8IK0FBHgRrQUEbBCtBQRsEK0FBXwgrQUFeBGtBQVsEK0FBW
322=0QO4kMBm0QGusBRABm6wFkAETqARoArQUHbBCtBQdsEK0FB2wQrQUHbBCtBQhsEK0FCGwQrQUI
323=bBCtBQhtEDyIDJ1BG+sBRABn6wFkAEXqARoArAWcQawFnEGsBZxBrAWcQawFnEGsBZxBrAWcQa
324=0FC3uVMwC9v0EyABHrAT0AXesBXQA86gETAKwFmMGsBZjBrAWYwawFmMGsBZjBrAWYwawFmMGt
325=BQJtEDSJDANpphLrAT0AXusBXQA96gETAK0FBGimrQUEaKatBQRopq0FBGimrQUFaKatBQVopq
326=0FBWimrQUFbRA1iQwGbRAT6wE9AF/rAV0APuoBEwCtBQdsEK0FB2wQrQUHbBCtBQdsEK0FCGwQ
327=rQUIbBCtBQhsEK0FCG0QNokMCW0QFOsBXQA/6gETAKEECmAPoQQKdA2hBAp0DaEEC3QNoQQLaA
328=ygBAMLAAANACqI/wMAAQEPACzrAREAK+sBFABCKCgAJ1cAHgBK9wIfAEXpASAoBwEhAET3AiIA
329=Q+kBIyopAEAoVQA6KCkAL+kBJCivACQALfcCKwBT6wEsAFUoKQBUKCgAKYEAGihVABMoKQAP6w
330=EuAFjpATAoXwEwACT3AjQAI+sBNQBdKCgAJ7cBNgBX9wI2AFbpATcoMQE6KAUBPShdAT8oVQBC
331=KCkARiiDAEcAG/EJSCiBAEgoVQBJKCkASijbAEoAHfsGSwAg6wFMAGsoKQBoKCkAXCgpAFkoKA
332=AnUQVMKOMBTQBl4QRNKB0ETSj7BE0AH+METgBqKCgAJ80ETiiTAk4AIeMEVABMKCkASSgoACdF
333=CVQoGwlUAD4ogQA9KCgAJ+8IVAA3KFQAJ1YLVQAnrQBVKIMAVQAz7wVVADAoKAAn9wlVAC73Al
334=YATekBVyi/AlcANvUCWCh5ClkorwBaADThBFso2QBbKNsAWwA14QReKNkAZCitAGQorQBmKIEA
335=aigoAAIrABMAhmwIBAEBKwAbAIeoAQIwAFcAiagBAiAASgCKqAECHABEAIurASIALOsBKwAk6w
336=EsAB7rATEAV+sBQwAa6wFIACDpAVooBAECIABJAI6/CiEAK+sBKwAdKCkAHOsBLwBW6AECGwBD
337=AI+7BiAASOsBIQAq6wEiAEzrASQASesBKwAS6wEsAFkoKQAi6wEvAFXrAUMAIOsBTgBT6wFZAC
338=voAQIbAEQAkK8QIQAs6wErAB7rAS8AV+kBWSiAAAIfAEoAkbsGKgAkKCkAGygpABPrAUIAGusB
339=RwAg6AECIgBNAJKnCCQASusBKwAU6wEsAFooKQAj6wFDACHrAU4AVOgBAhoARQCTswkaACvrAR
340=sASesBHABHKCkALOsBHgAq6wEjADTrASQAMigoACeDACoAU/cCKgAf6wErAFfrAS8AXOsBMQBb
341=6wEyAF0oKQBa6wEzAFbrATUAWekBNijbADsAVPUCPijhAUQoVQBEKA0CRyiDAE0AZvsGTQBe6w
342=FOAGTrAVYAL+sBWAAzKCkAMOsBWgAx6gFcACdXAF4ANvUCXih0BAsqADYAFwIAAAABASoAN4kB
343=AWkBOIgBBQIBATYAKgAYoQQ3yAEBAQEBOMgBBQIBAU4AQAAZowROAEGJAQF1AkKIAQUCAQFAAE
344=0AGqEEQcgBAQEBAULJAQJ3DToAOyKUP2kBOSgpADUoKQA06AECNAAqADytBTUoKQA5KCkAOigo
345=AAJOAEQAPa8FTgBDKCkAPygpAD7oAQI+AE0APq0FPygpAEMoKQBEKCkAPSXMRgIIAQFFACR1Rg
346=ZkHiTwRYgiJOhEAQoBATMlkEQBBQEBOyU5RAN4HCSJQwloASSJQwFsn88xAgIr7DFoAcwxAgIC
347=NgArrzECAjfIAQEBAgI4yAEBAgICTewxaAHMMWgBzDECAgJAAEyvMQICQcgBAQECAkLJAQJ0Dc
348=wxaAHMMWgBzDFoAcwxAgICNAArrzECAjUoKQA5KCkAOigpAE3sMXgRzDFoAcwxaAHMMQICAj4A
349=TK8xAgI/KCkAQygpAEQoKwA9AEwj0EwDBQICRQBMI01MA3AJrTEBaAGsMQMJAgIzACsjwEoDCA
350=ICOwArI2lKBmAarTEKaAGsMQECAgIs/2IDAyzsMWgBzDECAwM2ACyvMQMDN8gBAQEDAzjIAQEC
351=AwNM7DFoAcwxaAHMMQIDA0AAS68xAwNByAEBAQMDQskBAnQNzDFoAcwxaAHMMWgBzDECAwM0AC
352=yvMQMDNSgpADkoKQA6KCkATOwxeBHMMWgBzDFoAcwxAgMDPgBLrzEDAz8oKQBDKCkARCgrADwA
353=S4wxAQEDAz3IAQECAwM8xDQDBAMDRQBLhDQBAAMDRskBAWgBvTYEYA+9NgBoASTUUgIEAwNNAK
354=kBBXQCJHxSlAKoAZQCrDwBCAMDMs08B2kBLJg9AgoDAzMAqAEDCwMDOwAshT8JZxMrALhsfmkB
355=LIgBAQIDAyslUVIGfCskUVIHaAG1RAtoAbVEA28FPAC7pggsAKgBBQEDAy4ASQCDZNkCBAQuAC
356=7rATwAQygpADTpAUoorQBKKKwAAi4ALQCFpwgvAEkoKAAnVwA8AEL3AjwAM+kBSSitAEkoBQFK
357=KCsALgBIJKAlZRMv6wE9AEMoKQA06wFLAEkoKAAn2gBLACfbAEsALuMELgBHJNQmAgQEMABJKC
358=kALesBPQBCKCkAM+kBSyjaAEsAJ6wAAi4ASgCI8B8pKQAu9wI8AEQoKQA16QFJKNoASQAnrQBK
359=KFQAAS4AMAAjEClwFCU8KWkBLvcCPQBEKCkANekBSybvKQQESygEAQItAEkAjLMULQBIKCkALy
360=gpAC7rATsAQygpADTpAUoo2gBKACnbAEcAjf0KLesBOwBCKCkAM+sBSABJKCgAJ64ASgApBQFK
361=JNwnAgQELQAw6QE7JrgoAgQEOwA19gJIACevAEgALvUCSijYAAktADYAJQEAAAAEBC4oKwAyAC
362=/1AjMoKQA0KCkANSgrADcARu0FOCgpADkqKAAnMQE6KFUAOigFATsoVQA7KFUAPChVADwoVQA9
363=KFUAPShVAD4oVQA+KFUAPyhVAD8oVQBAKCkAQSgpAEIoKQBDKCkARCgpAEUoKQBGKF8BSgBA8R
364=9LKCsALQA3lQIBcConKwAyADD1AjMoKQA0KCkANSgrADcAR+0FOCgpADkqKAAnMQE6KFUAOigF
365=ATsoVQA7KFUAPChVADwoVQA9KFUAPShVAD4oVQA+KFUAPyhVAD8oVQBAKCkAQSgpAEIoKQBDKC
366=kARCgpAEUoKQBGKF8BSgBB8R9LKCsALQA4lQICcConKwAyADH1AjMoKQA0KCkANSgrADcASO0F
367=OCgpADkqKAAnMQE6KFUAOigFATsoVQA7KFUAPChVADwoVQA9KFUAPShVAD4oVQA+KFUAPyhVAD
368=8oVQBAKCkAQSgpAEIoKQBDKCkARCgpAEUoKQBGKF8BSgBC8R9LKCgAAi8ARQAmu38vAEQoKQBD
369=KCkAQigpAEEoKQBAKCkAPygpADnrATYALigpAC3rAUAASigpAEnpAUco4gFHACfiAUcAJ18BRw
370=A+KK0APSgpADcoKQA2KCkANSgpADLpATDZHAFkw7gciAG0DYgBuByIAbgciAG4HIgBuBGIAbgc
371=AQEEBDfYHIgBuBwBAQQEQdgciAG4HAEBBARI2ByIASfhAUjYHJQCuByIAbgcDwEEBEgANwAmAQ
372=AAAQQESAA2ABEAAAQNACAIJgEAAAEEBEgANQAnKQAy6wExAEWIAQMCBAQxAEQoKQBDKCkAQigp
373=AEEoKQBAKCkAPygpADnrATgALigpAC3rAUIASigpAEnpAUko4gFJACfiAUkAJ18BSQA+KK0APS
374=gpADcoKQA2KCgAuBwCAgQESQC4HAwCBARAAEYAKgEAAAAEBEHIAQEBBARCyAGBBEeBBANgBKkB
375=BGAEqQEFZQhIgQQGYASpAQdgBKgBBQgEBC8ANgArqwxHADPpATDVAgFgMLUCAWgtrAWQFLUCAm
376=UIN5gGAwMEBEcANOoBMAC1AgRkCLUCBGQItQIFeBy1AgVlCDiYBgIGBAQwAKkBB2wFqAEFCAQE
377=NgAvACyxFDfIAQEBBAQ4yQECYQQwgAQCAwQENwCpAQRgBKkBBWEEMYEEBmAEqQEHYASpAQhrF0
378=AALaoMSACpAQFwFKkBAmEEQYEEA2AaqQEEYASpAQVhBEKBBAZgBKkBB2AEqAEGCAQELABLAO4D
379=lzksAEooKQBJKCkASCgpAEcoKQBGKCkARSgpAEQoKQBDKCkAQigpAEEoKQBAKCkAPygpAD4oKQ
380=A9KCkAMSgpADAoKQAvKCkALigpAC0oKQAs6QEtKJoDLQAn6gItACfqAi0AJ+oCLQAn6gItACfq
381=Ai0AJ+oCLQAn6gItACfqAi0AJ+oCLQAn6wItADwoDQI7KCkAOigpADkoKQA1KCkANCgpADMoKQ
382=AyKCgAJ0oELQAnmQMuKJkDLiiZAy4omQMuKJkDLiiZAy4omQMuKJkDLiiZAy4omQMuKJkDLiiZ
383=Ay4omgMuACeaAy4AJ5oDLgAnmgMuACeaAy4AJ5oDLgAnmgMuACeaAy4AJ5kDLiiZAy8omQMvKF
384=UAMChVADAoVQAxKFUAMSiCCzEAJ4ILMQAn7ggxACftCDEoBQEyKAUBMigFATIoBQEyKH0FMih9
385=BTIofQUyKH0FMih9BTIofQUyKH0FMih9BTIofQUyKCUFMignBTIAOP9BMgA3KCkANigoACepBT
386=IoUQUyKMUDMijFAzMomQMzKJkDMyiZAzMomQMzKOkCMyjpAjMo6QIzKOkCMyjpAjMo6QIzKOkC
387=MyjpAjMokQIzKJECMyiRAjQokQI0KJECNCiRAjQoZQI0KGUCNChlAjQoZQI0KGUCNChlAjQoZQ
388=I0KGUCNChlAjQoZQI0KGUCNShlAjUoZQI1KGUCNShlAjUoZQI1KGUCNShlAjUoZQI1KGUCNShl
389=AjUoZQI1KGUCNShlAjUoZQI2KGUCNihlAjYoZQI2KGEHNiiRAjYokQI2KJECNiiRAjYokQI2KJ
390=ECNiiRAjYokQI2KJECNyg5AjcoOQI3KDkCNyg5AjcoOQI3KDkCNyg5AjcoOQI3KDkCNyg5Ajco
391=OQI3KDkCNyg5AjgoOQI4KDkCOCg5AjgoOQI4KDkCOCg5AjgoOQI4KDkCOCg5AjgoOQI4KDkCOC
392=g5AjgoOQI5KDkCOSg5AjkoOQI5KDkCOSg5AjkoOQI5KDkCOSg5AjkoOQI5KDkCOSg5AjkoOQI5
393=KjgCJ3EUOShFCTookQI6KJECOiiRAjookQI6KEUUOihFFDooRRQ6KEUUOihBAzooQQM6KEEDOi
394=hBAzooQQM6KEEDOihBAzooQgM6ACdFFDoo8Rk6KPEZOijxGToo8QM6KDkNOijxAzso8QM7KPED
395=OyjxAzso8QM7KG0DOyhtAzsobQM7KG0DOyhtAzsobQM7KG0DOyhtAzsobQM7KG0DOyjpAjso6Q
396=I7KOkCPCi9AjwovQI8KL0CPCi9AjwovQI8KL0CPCi9AjwovQI8KL0CPCi9AjwovQI8KL0CPCi9
397=AjwovQI8KL0CPCi9Aj0ovQI9KL0CPSi9Aj0ovQI9KL0CPSi9Aj0ovQI9KL0CPSi9Aj0ovQI9KL
398=0CPSi9Aj0ovQI9KL0CPSi9Aj0qvAInJSY+KOkCPijpAj4o6QI+KF0MPihdDD4oXQw+KG0DPiht
399=Az4obQM+KG0DPihtAz4obQM+KG0DPihtAz4obQM+KG0DPihdDD4oXQw+KF0MPijxAz4o8QM+KP
400=EDPijFJD8o8QM/KPEDPyjxAz8oQQM/KEEDPyhBAz8oQQM/KEEDPyhBAz8oQQM/KEEDPyiRAj8o
401=kQI/KJECPyiRAkAoOQJAKDkCQCg5AkAoOQJAKDkCQCg5AkAoOQJAKDkCQCg5AkAoOQJAKDkCQC
402=g5AkAoOQJBKDkCQSg5AkEoOQJBKDkCQSg5AkEoOQJBKDkCQSg5AkEoOQJBKDkCQSg5AkEoOQJB
403=KDkCQig5AkIoOQJCKDkCQig5AkIoOQJCKDkCQig5AkIoOQJCKDkCQig5AkIoOQJCKDkCQig5Ak
404=MoRQlDKEUJQyhlAkMoZQJDKGUCQyhlAkMoZQJDKGUCQyhlAkMoZQJDKGUCQyhlAkMoZQJDKGUC
405=RChlAkQoZQJEKGUCRChlAkQoZQJEKGUCRChlAkQoZQJEKGUCRChlAkQoZQJEKGUCRChlAkQoZQ
406=JFKGUCRShlAkUoYQdFKJECRSiRAkUokQJFKJECRShlAkUoZQJFKGUCRShmAkUAJ9EgRShlAkUo
407=ZQJGKGUCRihlAkYoZQJGKHEURihxFEYocRRGKHEURigVA0YoFQNGKBUDRigVA0YomTpGKBUDRi
408=gVA0YoRRRGKEUURihtA0YobQNGKG0DRihtA0coeSBHKJkDRyiZA0coBQFHKAUBRygFAUgoBQFI
409=KFUASShVAEkoVQBKKFUASijBP0ooJQVKKCUFSiglBUoooQRKKKEESiihBEoooQRKKD0/SiilCk
410=ooPQhKKCUFSiglBUooJQVKKCUFSihtGUoobRlKKH0FSijBP0oomQNLKJkDSyiZA0somQNLKJkD
411=SyiZA0somQNLKJkDSyiZA0somQNLKJkDSyiZA0somQNLKJkDSyiZA0somQNLKJkDSyiZA0somQ
412=NLKJkDSyiZA0somQNMKJkDTCjtCEwo7ghMACcyTkwAJzFOTCjpAkwo6QJMKOkCTCjpAkwo6QJM
413=KOkCTCjpAkwo6QJMKOkCTCjpAkwo6gJMACcyTkwAJzFOTCiBC0wogQtMKJgDAysATABSBSPMUQ
414=ItAEwAWKkBLygpADEoKQAzKCkANSgpADcoKQA5KCkASigpAC7JAQEi9FaoDAEBBAQyKFUANCgp
415=ADYoKQA4KCkAOigpAEsoKAACSABMAFm9FUnJAQEiE1VMAFu2AkwAJygAAk0ASgBktwJNADcoKQ
416=A1KCkAMygpAC8oKQAtKCkAS4gBAwIEBE0AOCgpADYoKQA0KCkAMCgpAC4oKwBIAGXtEDkoKQAx
417=KCkASYgBiQw6KCkAMigrACwAZ+cIKwBzqAECLQArAHapAS8oKQA+KCkAQCgpAEIoKQBEKCkARi
418=gpAEgoKQBKKCkALsgBiDi0DQEBBAQ/KFUAQSgpAEMoKQBFKCkARygpAEkoKQBLKCgAAkwAKwB3
419=tBgCKwArAHipASzIAQMBBAQrACyVAgJrAUoAgaMEKwBIKCkARigpAEQoKQBCKCkAQCgpAD4oKQ
420=AvKCkALSgpAEuIAYEPSSgpAEcoKQBFKCkAQygpAEEoKQA/KCkAMCgpAC7oAQU7AEwAsgUAACNc
421=ZARMALMFAAAFcEsERwC0BQAACWgBAzsAtQUAACNkZQsrALYFAAAGBAQ9ACsAuLQCBSsAMQC5BQ
422=AAiyI9ALuoAQMzAEEAIQaLejMAM+kBPyhVAD8oVQA01AIBAQQENNUCASJQaKQIiAGkCAEBBAQ1
423=zQUCaAG1AgIi1GisBYgBJ1UANs0FAyJkZbUCAyJYaawFiAEnVQA3zQUEIuhltAIBBAQEQyhVAE
424=PEEyPEZqUIBSJsZqwFAQUEBETMBYgBJ1UAOdQCAQYEBDnECAEGBARFKFUARShXADMAQoAlAwcE
425=BDMANOkBPyhVAD8oVQA01QIIbCatBQhsJqQIiAEnVQA1zQUJbCa1AglsJqwFiAEnVQA2zQUKbC
426=a1AgpsJqwFiAEnVQA3zQULbCa1AgtsJqwFiAEnVQA4zQUMbCa1AgxsJqwFiAEnVQA5zQUNbCa1
427=Ag1sJqwFiAEnVwAzAEOBJQ5tJjXpAT8oVgA/ACdVADTVAg9sJrUCD2wmpAiIASdVADXNBRBsJr
428=UCEGwmrAWIASdVADbNBRFsJrUCEWwmrAWIASdVADfNBRJsJrUCEmwmrAWIASdVADjNBRNsJrUC
429=E2wmrAWIASdVADnNBRRsJrUCFGwmrAWIASdXADMARIElFW0mNukBPyhWAD8AJ1UANNUCFmwmtQ
430=IWbCakCIgBJ1UANc0FF2wmtQIXbCasBYgBJ1UANs0FGGwmtQIYbCasBYgBJ1UAN80FGWwmtQIZ
431=bCasBYgBJ1UAOM0FGmwmtQIabCasBYgBJ1UAOc0FG2wmtQIbbCasBYgBJ1QAAAVEADsA8QYAAA
432=AEBEUAOwDxBgAAAQQERBEAAGMDzQYIADwA8QYAAAIEBEXIAQwDBAQ0ADsAGwcAAAAEBDgoKQA8
433=KCkAQCgpADXIAQEBBAQ5KCkAPSgpAEEoKQA2yAEBAgQEOigpAD4oKQBCKCkAN8gBAQMEBDsoKQ
434=A/KCkAQygrADQAPJ0VBHwVJykAPChVAEAoKQA1yQEFfBWsBQEFBAQ9KFUAQSgpADbJAQZ8FawF
435=AQYEBD4oVQBCKCkAN8kBB3wVrAUBBwQEPyhVAEMoKAALRgAzACAHAAABBARGADSIAQUDBAQzAD
436=sAIrcuMwA8iAEFAQQELwBGALm1AjDIAQEBBAQxyAEBAgQEMskBA20FR4wFAgQEBDAAqQEFbAWp
437=AQZsBakBB20FSI0FCGwFqQEJbAWpAQpsBakBC3MULwC6rhBHAKgBAQEEBEjIAQECBARJyQEDbQ
438=UwjAUCBAQERwCpAQVsBakBBmwFqQEHbQUxjQUIbAWpAQlsBakBCmwFqQELYwRFALyuEEgAqQEB
439=YASpAQJhBEaBBANkCKkBBGAEqQEFYQRHgQQGYASpAQdgBKgBjRBIgASMEKgBjBCpAQtvJi8Ava
440=4QMACoAYwxqQECYQQwgQQDcCqpAQRwKqkBBWEEMYEEBmAEqQEHYASpAQhrb0UAwKpDQwAnKQA1
441=yAEBAgQERCgrADMARo0FBHgGqAEBBQQEQ9QCAQUEBDXJAQZ4BqAEAQYEBDbVAgdsfrUCB3VPR5
442=AJjBCpAQlwCScqADUAqQEKcAknKQA21QILcAm1AgtxCUiRCQxkE6kBDXAJJyoANQCpAQ5wCScp
443=ADbVAg9wCbUCD3w2ATgAwgeOlEgAqQEDfDapAQR5SDmBBAZsBakBB2w8qQEIbAWpAQl9CjqNBQ
444=p4BqgBkEupAQx4BqkBDXgGqQEObQU7mQYQaQw8iQERaAG1AhF4BrUCEmgBtQISZAi1AhNoAbUC
445=E3NAOgDDu0gvADLqATAAtQIBaEO0ApBLtQICdES0Ap1MO5kGBHEJM+oBMAC1AgVkCLQCmH+1Ag
446=ZkCLQChIG1AgdgfbQCkYI8kQkIfQo06gEwALUCCXwKtAKIhbUCCnwKtAKUhrUCC3wKtAKBZz6R
447=CQx9Cj0oKQA16gEwAKEEDWgMoASIAaEEDWgMoQQOaAGgBA8OBAQxADUAwwcAAA4EBAAAAAARAA
448=A=

[Terrain]
59050=TRFF01
59070=TRFF03
59060=TIBTRE02
34034=TIBTRE02
85086=TIBTRE02
107069=TIBTRE02
53013=TIBTRE02
67107=TIBTRE02
13051=TIBTRE02
45045=TREE09
48045=TREE09
45048=TREE09
47046=TREE03
46047=TREE03
74048=TREE09
74045=TREE09
71045=TREE09
74072=TREE09
74075=TREE09
71075=TREE09
45072=TREE09
45075=TREE09
48075=TREE09
46073=TREE03
47074=TREE03
73073=TREE03
72074=TREE03
72046=TREE03
73047=TREE03
67060=TREE01
52060=TREE01
68061=TREE16
66061=TREE16
66059=TREE16
68059=TREE16
53059=TREE16
53061=TREE16
51061=TREE16
51059=TREE16
86044=TREE12
85047=TREE11
92049=TREE10
90052=TREE09
89049=TREE08
90045=TREE07
87054=TREE07
93053=TREE07
89047=TREE06
84044=TREE06
85045=TREE05
85042=TREE04
95049=TREE04
84050=TREE02
87050=TREE05
83062=TREE05
84055=TREE07
84058=TREE08
83069=TREE08
95079=TREE08
95076=TREE10
89078=TREE10
83074=TREE10
85072=TREE11
86078=TREE11
92076=TREE11
92078=TREE12
86075=TREE12
83079=TREE13
101077=TREE12
106076=TREE07
104077=TREE14
100079=TREE11
84077=TREE06
88079=TREE05
78036=TREE05
68028=TREE05
59037=TREE05
68033=TREE04
75030=TREE04
74034=TREE03
71029=TREE02
72036=TREE07
64036=TREE07
68036=TREE08
71032=TREE13
70025=TREE15
62037=TREE12
59034=TREE11
45026=TREE11
42026=TREE08
42036=TREE07
52037=TREE07
45032=TREE06
47036=TREE05
42032=TREE04
51035=TREE03
44029=TREE02
41029=TREE01
45037=TREE05
45035=TREE10
45017=TREE08
42021=TREE13
43019=TREE12
45021=TREE10
20045=TREE10
21042=TREE08
17044=TREE06
37042=TREE06
37079=TREE06
28069=TREE06
29042=TREE05
35053=TREE05
37064=TREE05
27045=TREE04
36046=TREE04
33042=TREE03
32044=TREE02
26042=TREE10
30045=TREE11
37051=TREE12
36049=TREE13
37058=TREE14
35059=TREE15
37070=TREE15
37061=TREE12
34063=TREE11
30066=TREE10
34074=TREE08
29073=TREE07
33070=TREE05
35067=TREE04
33078=TREE04
31072=TREE03
37074=TREE02
27071=TREE08
21066=TREE08
36076=TREE07
35076=TREE11
28066=TREE12
47092=TREE06
42084=TREE07
63084=TREE08
60086=TREE07
54084=TREE05
54091=TREE04
49085=TREE03
49089=TREE02
53095=TREE01
46089=TREE10
46086=TREE11
53087=TREE13
50092=TREE14
43087=TREE15
57084=TREE07
58084=TREE05
45083=TREE04
78083=TREE04
76087=TREE02
68084=TREE05
71086=TREE06
78095=TREE06
76104=TREE07
78100=TREE08
76101=TREE10
78103=TREE11
78088=TREE11
71083=TREE11
76084=TREE12
78092=TREE12
76091=TREE13
68086=TREE14
52054=TIBTRE02
52066=TIBTRE02
67054=TIBTRE02
67066=TIBTRE02
50050=LT_GEN01
69070=LT_GEN03
50060=LT_GEN02
69060=LT_GEN04
59068=SIGN01
69065=SIGN01
50070=SIGN02
62046=SIGN03
69050=SIGN04

[Infantry]
0=Neutral,CIV1,256,73,66,2,Guard,0,None,0,-1,0,1,1
1=Neutral,CIV1,256,51,48,2,Guard,0,None,0,-1,0,1,1
2=Neutral,CIV1,256,45,67,3,Guard,0,None,0,-1,0,1,1
3=Neutral,CIV2,256,50,64,3,Guard,0,None,0,-1,0,1,1
4=Neutral,CIV2,256,55,58,4,Guard,0,None,0,-1,0,1,1
5=Neutral,CIV2,256,65,64,3,Guard,0,None,0,-1,0,1,1
6=Neutral,CIV3,256,52,44,4,Guard,0,None,0,-1,0,1,1
7=Neutral,CIV3,256,66,47,2,Guard,0,None,0,-1,0,1,1
8=Neutral,CIV3,256,75,61,2,Guard,0,None,0,-1,0,1,1

[Structures]
1020213=Neutral,NANRCT,256,21,54,0,0785795C,0,0,1,0,0,None,None,None,0,0
1020216=Neutral,NANRCT,256,64,97,0,059C10BC,0,0,1,0,0,None,None,None,0,0
1020219=Neutral,NANRCT,256,96,63,0,059D527C,0,0,1,0,0,None,None,None,0,0
1020222=Neutral,NANRCT,256,53,21,0,05A5EF4C,0,0,1,0,0,None,None,None,0,0
1020225=Neutral,CANEWY12,256,25,35,0,None,0,0,1,0,0,None,None,None,0,0
1020226=Neutral,CANEWY11,256,35,25,0,None,0,0,1,0,0,None,None,None,0,0
1020227=Neutral,CANEWY11,256,83,94,0,None,0,0,1,0,0,None,None,None,0,0
1020228=Neutral,CANEWY12,256,94,82,0,None,0,0,1,0,0,None,None,None,0,0
1020229=Neutral,CANEWY13,256,52,56,0,None,0,0,1,0,0,None,None,None,0,0
1020230=Neutral,CANEWY14,256,66,56,0,None,0,0,1,0,0,None,None,None,0,0
1020231=Neutral,CANEWY15,256,44,64,0,None,0,0,1,0,0,None,None,None,0,0
1020232=Neutral,CANEWY16,256,68,63,0,None,0,0,1,0,0,None,None,None,0,0
1020233=Neutral,CANEWY17,256,52,63,0,None,0,0,1,0,0,None,None,None,0,0
1020234=Neutral,CANEWY17,256,54,63,0,None,0,0,1,0,0,None,None,None,0,0
1020235=Neutral,CANEWY18,256,63,45,0,None,0,0,1,0,0,None,None,None,0,0
1020236=Neutral,CANWY22,256,74,50,0,None,0,0,1,0,0,None,None,None,0,0
1020237=Neutral,CANWY22,256,51,73,0,None,0,0,1,0,0,None,None,None,0,0
1020238=Neutral,CANWY23,256,56,74,0,None,0,0,1,0,0,None,None,None,0,0
1020239=Neutral,CANWY24,256,74,56,0,None,0,0,1,0,0,None,None,None,0,0
1020240=Neutral,CANWY25,256,67,44,0,None,0,0,1,0,0,None,None,None,0,0
1020241=Neutral,SNODAYLAMP,256,51,50,0,None,0,0,1,0,0,None,None,None,0,0
1020242=Neutral,SNODAYLAMP,256,60,51,0,None,0,0,1,0,0,None,None,None,0,0
1020243=Neutral,SNODAYLAMP,256,69,50,0,None,0,0,1,0,0,None,None,None,0,0
1020244=Neutral,SNODAYLAMP,256,69,69,0,None,0,0,1,0,0,None,None,None,0,0
1020245=Neutral,SNODAYLAMP,256,60,68,0,None,0,0,1,0,0,None,None,None,0,0
1020246=Neutral,SNODAYLAMP,256,51,69,0,None,0,0,1,0,0,None,None,None,0,0
1020247=Neutral,CAMSC01,256,57,50,0,None,0,0,1,0,0,None,None,None,0,0
1020248=Neutral,CAMSC01,256,60,74,0,None,0,0,1,0,0,None,None,None,0,0
1020249=Neutral,CAPARK01,256,60,53,0,None,0,0,1,0,0,None,None,None,0,0
1020250=Neutral,CAPARK01,256,60,66,0,None,0,0,1,0,0,None,None,None,0,0
1020251=Neutral,CAPARK01,256,66,63,0,None,0,0,1,0,0,None,None,None,0,0
1020252=Neutral,CAPARK01,256,55,56,0,None,0,0,1,0,0,None,None,None,0,0

[OverlayPack]
1=VgAAIIH//i0K/4Hz/v8B//8GBC4KgmZm/vgB/yIAgWYAAf73Af8SABH///gBNRICADH///
2=cBNhSB82H///YBNxaB8yH5//oBMxgiAP/7ATEYzy4c/8ABLg6AVAAAIIH/6gAAgvNmyC8A
3=MBL+7QH/AgDNHwL+7QH/z0AC/+4HQAL+AAb///MDLgjGNwD/9gEqFMg1AP/0ASsWyTQA//
4=MBKxjKMwD/8gErGssyAP/VASscgFUAACCB/9gAAIFmYAFQEoHzzgsAzy4A/skB/3H/cgBA
5=AcsrAv7XAf9R/MgjAv7tAf/QGwL+7QH//wACGwbQGwD+1xH/xTkCYAHJAhz+6wH/0SMK/9
6=8BIRyAygAAIIH/yAAAgWYAAckAACABgfP+6QH/Ef/PDgD/6QEhADH///kBEAJB/84PBM8h
7=BIEbMAHOLgb+vQH/Yf/iEQYgBM0vCP69Af8x+//6AQ4G1ggGzyAM/9YBMwpiAeniDf7NAf
8=/rCw7bDBCB81ABcAz+ogH/6QwE3AsQ/7YBIQToDQDcCQz/twEhBOQOFFH71zsU/7gBIQTq
9=DxbYOhTPIRj/uAE9Dv9IACEU/7gBPA7VVxbbOBLRVxr/tgFqGtZXFus6EuoNDv5qAf+B/4
10=COAAAggf/LAACB8zABcAogDNIkAIFmEAHVIgDSKgDnPQD+nQH/gRswAc4uAuBLAP/FAW0A
11=+TMC/8QBbgIR8Mg3BGAMygMA0FgE6zkA/poB/+EzBM4hAP/MAWcE4DMK1lcI/ucB/88hAP
12=/tAWoK1VYM/ukB/9NXDv7qAf/QIQD/7AFrEMoYAGAM3hkA/nIL/4H/gGcAACCB//5SBP+B
13=ZmAB/vYB//8KAlME//YBXAYR+P/hAVcIgfNAAcs1DP/qAU4GYe7PLw7/5QFTCOI4Dv7bAf
14=/hOBD+3AH/4DgS/t0B/984FP7eAf/YOBYiAf7gAf/ZOBj+5AH//8gDOBqATwAAIIH//jcG
15=/4Hz4CcG/twB//8ECDgGgWbKPBD/7gNKDiAB/wACPRJSASAI//QBShTIPBT/7wFJDs03GP
16=/wAUgOzDca//EBRw7LNxz/ugFGDoAdAAAggf/+QgD/gmZmIAeB8/7/Af//AAhKAP61Ff+B
17=/4AJAAAggf/+/h//gf+ACQAAIIH//v4f/4H/gAkAACCB//7+H/+B/4AJAAAggf/+/h//gf
18=+ACQAAIIH//v4f/4H/gAkAACCB//7+H/+B/4AJAAAggf/+/h//gf+ACQAAIIH//v4f/4H/
19=gAkAACCB//7+H/+B/4AJAAAggf/+/h//gf+ACQAAIIH//v4f/4H/gAkAACCB//7+H/+B/4
20=AJAAAggf/+/h//gf+ACQAAIIH//v4f/4H/gAkAACCB//7+H/+B/4AJAAAggf/+/h//gf+A
21=CQAAIIH//v4f/4H/gAkAACCB//7+H/+B/4AJAAAggf/+/h//gf+ACQAAIIH//v4f/4H/gA
22=kAACCB//7+H/+B/4AJAAAggf/+/h//gf+ACQAAIIH//v4f/4H/gAkAACCB//7+H/+B/4A=

[OverlayDataPack]
1=cQAAIIEA/i0KAIEE/v8BAIEF/v8BAP8GAi4MggYG/vgBACIAhAcKCgf+9wEAEgCEBwoLC/
2=/4ATUSAgAR///5ATQUgQUV/YEKEgL/9gE3FoYFBgoLCgD/+gEyFoIFBwH5JAAACP/zATUQ
3=EgBQATIA/8ABLgqAcQAAIIEA6gAAhQUHCggHQAGBBjAS/u0BAIIFBDH2yCQC/u0BAM9AAv
4=/uBUACgQHgHQr+3AcAgQTgHRL+3AEA//MBLgiBBsU4AP/2ASoUhQcKCwsKYgH/8QEuFhH/
5=gwsLB//4ASYYMf//+QEkGkH//9wBJByAgAAAIIEA2AAAgwcKCzABgQdQEoEFzgsAzy4A/s
6=kBAIEGIf+DCgoKcgCBAwAOAAGBCAALgQIwC4EJ/toBAIEHI/yCCgDIIwL+7QEAQgDJIgL+
7=7QEANgDKIQD+7gEAggYHQAGBBP7fEQDEOQJgAcg1AoIKDP7rAQCBBtAkCv/bAUAAEAGAPQ
8=EAIIEAyAAAhAcKCwjJAAAgAYEF/ukBAAH/gwsKBv/5AREAEf+BC88OAP/oASECMf/PDgLP
9=IQSHBAcGBgYHBM4uBv69AQCBBhX9gQoABYEH3hIGhQcLCgAKQCjJMwj+vQEAIgABy85ECI
10=EB0SIIAiliAGAM/r4BAAYA0gwIzyAMggQHEAFWAHAM/r8BAEgB5kUKgwYHB84QAv69AQAi
11=Ac8PAur0AXZPMAEcT4ECYAr+nwEAFgPOEQ7URQwYMNAOBP++ARkEgQfQaBDUVxKBCCwvgg
12=oI1D4Q/7cBIQTQPA7RVxSDBAcIXC+CCgjSIRL/uAEhBIED6RAWHC/mQBbPDxj+pgEA1FcW
13=xQkG1BEOzyEagQb/twFFCtVXFjwu1WoazyEcgQjWPhz+ngEA1lcWCgLXPRLOIQrSDBL+gg
14=EAgQCA2AAAIIEAywAAggIKEAGBCGAKgwoKCcwAAGABhQQHBwcE1SIAzVYAhwYKCwsLCgf+
15=xQEAEflR+8kzAtlKAoEHAf//yAFqAIIHCwQXgQsxy8kzBNxLAhAp/8UBbQIB9IEAyDcEYA
16=zKJwLPWAAQKYMLCgb+wgEAhQQHBgYGZgBwDMlKCIEFzUcIgQgkAP/FAW4G4TIKzlcIKgH/
17=yAFrAPA1CgQB/+sBbArQVgwaAv/pAW4M0FYOggYK/+sBbA7QVhCCAAb/5wFwCCABgQPEGg
18=DJFQBgARAV/ocLAIEAgKMAACCBAP5SBACCBAdAAYEE/vYBAIIHC0ABgQj+9gEAhQcLCgoK
19=EgCCCgb+9QEAAgCBAP/hAVcIgQYD5AABFeOBAjALgQzPSwj+2wEAgQXXJw54AP/bAVwE4D
20=gOggoH/tsBAN84EP/dAVsQ3zcS/94BWhLZNxSBBgn9ggoI/98BXQjYOBaEAAYHB//hAV0I
21=2TgY/uQBAP8AAjgagQHgJx7+owEAgQCAgwAAIIEA/jcGAIEE4CcG/twBAIEF4CcI/twBAP
22=8EBjgIggQHyD0QgQT/7gFKDoEBAASDBgoLcAGBB//uAUoQIAGBBzIBggoKAAj/9AFJEkIB
23=hgoACgsKBv/0AUoUMgEEAIIKB//vAUkOzDYWgQf/8AFIDso3GhH///gBSRoCASH//7cBSR
24=yAHwAAIIEA/kIAAIIGBiAHgQX+/wEA/wAGSgCBAf60FwCBAIAJAAAggQD+/h8AgQCACQAA
25=IIEA/v4fAIEAgAkAACCBAP7+HwCBAIAJAAAggQD+/h8AgQCACQAAIIEA/v4fAIEAgAkAAC
26=CBAP7+HwCBAIAJAAAggQD+/h8AgQCACQAAIIEA/v4fAIEAgAkAACCBAP7+HwCBAIAJAAAg
27=gQD+/h8AgQCACQAAIIEA/v4fAIEAgAkAACCBAP7+HwCBAIAJAAAggQD+/h8AgQCACQAAII
28=EA/v4fAIEAgAkAACCBAP7+HwCBAIAJAAAggQD+/h8AgQCACQAAIIEA/v4fAIEAgAkAACCB
29=AP7+HwCBAIAJAAAggQD+/h8AgQCACQAAIIEA/v4fAIEAgAkAACCBAP7+HwCBAIAJAAAggQ
30=D+/h8AgQCACQAAIIEA/v4fAIEAgAkAACCBAP7+HwCBAIA=

[AITriggerTypesEnable]
0CAD0B2C-G=yes
0CA6621C-G=yes
0CDF8EDC-G=yes
0CDF8D8C-G=yes
0C0C7AEC-G=yes
0D62199C-G=yes
0CDF899C-G=yes
0D6216FC-G=yes
0D6215AC-G=yes
0D62145C-G=yes
0D0803CC-G=yes
0C32599C-G=yes
0CE23AAC-G=yes
0CA1F84C-G=yes
0CE26CAC-G=yes
0CE26B5C-G=yes
0CAD145C-G=yes
0CAD130C-G=yes
0CE2395C-G=yes
0D084B5C-G=yes
0D084A0C-G=yes
0D0848BC-G=yes
0CAD2AEC-G=yes
0D08461C-G=yes
0D0873DC-G=yes
0C8E2C3C-G=yes
0CAD25AC-G=yes
0D087D8C-G=yes
0C8B81BC-G=yes
0CADDEDC-G=yes
0C92C45C-G=yes
0C9565AC-G=yes
0C92C1BC-G=yes
0CADD99C-G=yes
0C9561BC-G=yes
0CE2EA2C-G=yes
0CE2E8DC-G=yes
0C955C3C-G=yes
0C955AEC-G=yes
0C8C71BC-G=yes
0C8C6EDC-G=yes
0D052AEC-G=yes
0CE44D0C-G=yes
0CA5945C-G=yes
0CAD2C3C-G=yes
0D535EDC-G=yes
0AA846FC-G=yes
0AA845AC-G=yes
0C8C645C-G=yes
0AD2BAEC-G=yes
0C96F5AC-G=yes
0C96F45C-G=yes
0CB2CEDC-G=yes
0C91D45C-G=yes
0CAD5AEC-G=yes
0D2C45DC-G=yes
0D2C448C-G=yes
0C8C56FC-G=yes
0D2C41EC-G=yes
0CA6AEDC-G=yes
0C0D251C-G=yes
0C8C51BC-G=yes
0CA24D8C-G=yes
0C8BC5AC-G=yes
0C8C4C3C-G=yes
0D53430C-G=yes
0ECCFCAC-G=yes
0ECCFA7C-G=yes
0C8EEEDC-G=yes
0C0D184C-G=yes
0ECCF68C-G=yes
0C8C430C-G=yes
0C87B99C-G=yes
0A2B845C-G=yes
0ECCF14C-G=yes
0C8EEAEC-G=yes
0C87B45C-G=yes
0ECCBC3C-G=yes
0C8EE1BC-G=yes
0ECCB7FC-G=yes
0C32D84C-G=yes
0ECCB55C-G=yes
0ECCB40C-G=yes
0ECCB2BC-G=yes
0CB29EDC-G=yes
0C8C2C3C-G=yes
0C8C2AEC-G=yes
0A31295C-G=yes
0C87E5AC-G=yes
0D022B1C-G=yes
0C1246FC-G=yes
0C1245AC-G=yes
0D0B3B9C-G=yes
0CA2A04C-G=yes
0CA2B06C-G=yes
09242C3C-G=yes
0D2769BC-G=yes
0A452E5C-G=yes
0A452C6C-G=yes
0A44F2CC-G=yes
0A44F17C-G=yes
0D53099C-G=yes
0612B11C-G=yes
06C551AC-G=yes
0612CD8C-G=yes
0ABC484C-G=yes
05FFB18C-G=yes
05FFA7DC-G=yes
06002BFC-G=yes
07C0372C-G=yes
07C04EDC-G=yes
07C04C7C-G=yes
07C0B14C-G=yes
05FC1A8C-G=yes
05FC50EC-G=yes
05FC3C9C-G=yes
05FC37CC-G=yes
05FC333C-G=yes
05FC0C9C-G=yes
05FC088C-G=yes
05FC75CC-G=yes
05FC747C-G=yes
08B9154C-G=yes
08B911BC-G=yes
08B9213C-G=yes
08B9356C-G=yes
08B9305C-G=yes
08B9483C-G=yes
08B9423C-G=yes
08B940EC-G=yes
08B9586C-G=yes
0924484C-G=yes
0611A1EC-G=yes
08B9641C-G=yes
08B97C6C-G=yes
08B9767C-G=yes
08B9708C-G=yes
05FC1C5C-G=yes
0612EAEC-G=yes
0612F9AC-G=yes
05FC13EC-G=yes
08B90B1C-G=yes
08B902EC-G=yes
0612F46C-G=yes
044082BC-G=yes
07C310BC-G=yes
07C329FC-G=yes
07C3266C-G=yes
07C33DDC-G=yes
0616004C-G=yes
07C330CC-G=yes
07C30A5C-G=yes
07C4853C-G=yes
043F521C-G=yes
043F874C-G=yes
043F40BC-G=yes
05C56EDC-G=yes
0A2C0AEC-G=yes
092471BC-G=yes
078F4B2C-G=yes

[Triggers]
07857E4C=Neutral,<none>,Give A,0,1,1,1,0
0785730C=Neutral,<none>,Give B,0,1,1,1,0
05A5EAFC=Neutral,<none>,Give C,0,1,1,1,0
059D7F3C=Neutral,<none>,Give D,0,1,1,1,0
09444DFC=Neutral,<none>,@Sounds,0,1,1,1,0

[Events]
07857E4C=1,13,0,0
0785730C=1,13,0,0
05A5EAFC=1,13,0,0
059D7F3C=1,13,0,0
09444DFC=1,13,0,0

[Actions]
07857E4C=1,14,0,4475,0,0,0,0,A
0785730C=1,14,0,4476,0,0,0,0,A
05A5EAFC=1,14,0,4477,0,0,0,0,A
059D7F3C=1,14,0,4478,0,0,0,0,A
09444DFC=9,99,7,_Amb_BirdsPark,0,0,0,0,AA,99,7,_Amb_BirdsTemperate1,0,0,0,0,AB,99,7,_Amb_BirdsPark,0,0,0,0,AC,99,7,_Amb_BirdsTemperate1,0,0,0,0,AD,99,7,_Amb_BirdsPark,0,0,0,0,AE,99,7,_Amb_BirdsTemperate1,0,0,0,0,AF,99,7,_Amb_BirdsPark,0,0,0,0,AG,99,7,_Amb_BirdsTemperate2,0,0,0,0,AH,99,7,_Amb_UrbanMurmur2,0,0,0,0,ZY

[Tags]
0785795C=0,Give A,07857E4C
05A5EF4C=0,Give B,0785730C
059C10BC=0,Give C,05A5EAFC
059D527C=0,Give D,059D7F3C
094442FC=0,@Sounds,09444DFC

[Digest]
1=seRgDtoJfEf4TbHkTzf04TVLhSY=

