[CrateRules]
CrateMaximum=0
CrateMinimum=0
CrateRegen=3

[GAYARD]
Name=Allied Shipyard
TechLevel=11

[NAYARD]
Name=Soviet Shipyard
TechLevel=11

[YAYARD]
Name=Yuri Submarine Pen
TechLevel=11

[Header]
StartX=244
StartY=50
Width=25
Height=36
NumberStartingPoints=4
NumCoopHumanStartSpots=4
Waypoint1=247,60
Waypoint2=265,60
Waypoint3=247,80
Waypoint4=265,80
Waypoint5=0,0
Waypoint6=0,0
Waypoint7=0,0
Waypoint8=0,0

[SpecialFlags]
TiberiumGrows=yes
TiberiumSpreads=yes
TiberiumExplosive=no
DestroyableBridges=yes
MCVDeploy=no
InitialVeteran=no
FixedAlliance=no
HarvesterImmune=no
FogOfWar=no
Inert=no
IonStorms=no
Meteorites=no
Visceroids=yes

[Ranking]
ParTimeEasy=00:01:00
ParTimeMedium=00:01:00
ParTimeHard=00:01:00
UnderParTitle=GUI:NoUnderParTitle
UnderParMessage=GUI:NoUnderParMessage
OverParTitle=GUI:NoOverParTitle
OverParMessage=GUI:NoOverParMessage

[Houses]
0=Americans
1=Alliance
2=French
3=Germans
4=British
5=Africans
6=Arabs
7=Confederation
8=Russians
9=YuriCountry
10=GDI
11=Nod
12=Neutral
13=Special

[Americans]
Country=Americans
TechLevel=0
Credits=0
IQ=0
PlayerControl=yes
Color=Gold
Allies=Americans
PercentBuilt=0
NodeCount=0

[Alliance]
Country=Alliance
TechLevel=1
Credits=0
IQ=0
PlayerControl=no
Color=Gold
Allies=Alliance
PercentBuilt=0
NodeCount=0

[French]
Country=French
TechLevel=1
Credits=0
IQ=0
PlayerControl=no
Color=Gold
Allies=French
PercentBuilt=0
NodeCount=0

[Germans]
Country=Germans
TechLevel=1
Credits=0
IQ=0
PlayerControl=no
Color=Gold
Allies=Germans
PercentBuilt=0
NodeCount=0

[British]
Country=British
TechLevel=1
Credits=0
IQ=0
PlayerControl=no
Color=Gold
Allies=British
PercentBuilt=0
NodeCount=0

[Africans]
Country=Africans
TechLevel=1
Credits=0
IQ=0
PlayerControl=no
Color=DarkRed
Allies=Africans
PercentBuilt=0
NodeCount=0

[Arabs]
Country=Arabs
TechLevel=1
Credits=0
IQ=0
PlayerControl=no
Color=DarkRed
Allies=Arabs
PercentBuilt=0
NodeCount=0

[Confederation]
Country=Confederation
TechLevel=1
Credits=0
IQ=0
PlayerControl=no
Color=DarkRed
Allies=Confederation
PercentBuilt=0
NodeCount=0

[Russians]
Country=Russians
TechLevel=1
Credits=0
IQ=0
PlayerControl=no
Color=DarkRed
Allies=Russians
PercentBuilt=0
NodeCount=0

[YuriCountry]
Country=YuriCountry
TechLevel=1
Credits=0
IQ=0
PlayerControl=no
Color=DarkRed
Allies=YuriCountry
PercentBuilt=0
NodeCount=0

[GDI]
Country=GDI
TechLevel=1
Credits=0
IQ=0
PlayerControl=no
Color=Gold
Allies=GDI
PercentBuilt=0
NodeCount=0

[Nod]
Country=Nod
TechLevel=1
Credits=0
IQ=0
PlayerControl=no
Color=Gold
Allies=Nod
PercentBuilt=0
NodeCount=0

[Neutral]
Country=Neutral
TechLevel=1
Credits=0
IQ=0
PlayerControl=no
Color=Grey
Allies=Neutral
PercentBuilt=0
NodeCount=0

[Special]
Country=Special
TechLevel=1
Credits=0
IQ=0
PlayerControl=no
Color=Grey
Allies=Special
PercentBuilt=0
NodeCount=0

[Basic]
NextScenario=GDI2A.map
AltNextScenario=GDI9C.MAP
NewINIFormat=4
CarryOverCap=0
EndOfGame=no
SkipScore=no
OneTimeOnly=no
SkipMapSelect=no
Official=yes
IgnoreGlobalAITriggers=no
TruckCrate=no
TrainCrate=no
Percent=0
Theme=No theme
MultiplayerOnly=1
TiberiumGrowthEnabled=yes
VeinGrowthEnabled=yes
IceGrowthEnabled=yes
TiberiumDeathToVisceroid=yes
FreeRadar=no
InitTime=10000

[Lighting]
Ambient=1.000000
Red=1.000000
Green=1.000000
Blue=1.000000
Ground=0.050000
Level=0.008000
IonAmbient=0.870000
IonRed=0.300000
IonGreen=0.400000
IonBlue=0.750000
IonGround=0.000000
IonLevel=0.000000
DominatorAmbient=1.500000
DominatorRed=0.850000
DominatorGreen=0.200000
DominatorBlue=0.300000
DominatorGround=0.000000
DominatorLevel=0.000000
DominatorAmbientChangeRate=0.001000

[Preview]
Size=0,0,52,35

[PreviewPack]
1=bhVUFQAAAAAAAAAAAAAAAAAAAAAAAAAAAABX4rBW4K9Y3a5d26xZ3axU3q1V4rJf7cR76L
2=5y3atT6btqxKVsbGdcaGZjuptm7Lhd6Ldg369Z4K1U4a5W4K9Y5LVi98h23rVsgnZeVFld
3=molo3K1d4rVi5bhn7Lpl3LBimotuU1lci35h3K9f6rVY4bBa4a5W6bRa5bFY3a1X5LBU6b
4=VZs5djWVtab21kzrF857hl3q5Z37Bd8Lxg2KhS1qZS2KhW16tc0qVW1qhY3LFl2q9i4Lhv
5=2Kpb3LJn5rdm06pbW15BQElFe3Nh2bqC8cqC17NrzqVX4bZm8cuGrZt5TVNaamhiwKVt5r
6=Rc1K1gsJ1dnZRm0LZ5p5BG0adRgnhCQUtAV1har5lw88uGupxQkXw1vp9V8MJzz6xtbmlb
7=SlJan49v47Zn4rRh16xf1qlZ265g5LFY4KxR2KlV2Kxd2a1f2K1g06ZX1KZU1aZU4bp13b
8=Rq2a1f37JmyKJUWl8kR1MfSlJFaGhqqpl0kIZFeXM3jYBQb2tiSU5TnYZa7r9vuJhLoIdA
9=p5lge3tmQU1keHxsv6holoZH06xjsZlSeXJRWFxjiIBtfXlDUloebms1lYZpS1NbcGpb07
10=Bx7MBx06VV0aRV1KVT3rVr4Ll05LFXsZRg4a5V2qpX4rt358B75Ldr3rZt2a1g1qhZ0qNQ
11=2q5f4Lhy161goItCamcqcGxOXFxWUlNSb2pWZWRQSU5WeHBe1rFw67plvpdGmIVCr51dgI
12=JuMD9lO0VnO0VndHhsuKdw6r13oIk+UlwnZWRVVVVTZGBYeHJXVFVRUFRWspx05bRe2qlT
13=1KdY27Ns5LZp3q9f3bVt4bhu7rpgTlVceXFe06pi5LhnoYtEpY9N6cF806le2KpW1KdX1a
14=hY2a1e4bly5bVm6b50xqVlYFZDPT8zNDcpP0c3hHZH6bpp5bpu3LBjxJtLiX08qpVSpZhn
15=WmRXU11aR1VLhoRjsJxh1KZW0qdWv6Jak4NgRUQ7ODkrOj4yiH1l5MGB5bZj0aVZ2Ktb3r
16=Nl5b13sJZPwJxT47Fa5sB7mYxxx6FdaGRZUFNYkIBYbG81U1khxppKuJZas6B7069s1KZX
17=06dWj35guJhg5bpv47JrwpxoiHRMd2sxn4hBoYc+0qNT3rRo4Llz2a5g1atd06pd2a5h2b
18=Zu1bl70bRy4Ll116te1qhX3K9k4bBh4bd4mIBTUlAhV10ojYBlz6Zf3a5bspBUrZdt2LJu
19=s5NGR1IZZWUrrpReXF5dY2Nd3qpO5rhnqZh2U1dcZWVfmolX3a5XwqFkqKea0bqI26xa1a
20=hbqZJpwp9i16ZS58pZ9uNK+udE4rtp3a5p6cF716pa16pa2q9j3bJn3rNp3rJl37dv2qxc
21=3a5c4LJj3LFj1aVU2Kpk2Ktc2a5f5MFj7spj27ZgsptgnIZdwJhR3K1bwKBnqKaZ28CNk4
22=Q8YGM3aGdZSE9YjYFn6Lhj2KdR4LRm88qCzqtpXmFFRk5EmIZn6smK5b504rRmzqZavJdM
23=2q1d369n4cFb9fEX9PIH9/QM8eI65MNy2axl1KVR1adV16pa3LFl4rt316xg2Kxe3LNq1a
24=ZV1qpb06NT37lk795K8eco8+oo8+0Z9vMU9usz6b5y3Kta0qZX1Kha4bdt6MF68cyJkYRg
25=R09JVVlOuKBr67xp5rJX2alT26xa1KpdgXs4R1YbP0ofMj86bmdezKJewZ5Qk4E8ZGYvd3
26=Az0aNb7NU/8OwW1Mop9vES9vUH9Owo4r9i16ld1aZT2Ktb1K1q061nzKVg2LBs3rVr16pb
27=1qhY1qhf7dhS9/YK9fMI+PYM2tEk5d8a9/IS4sVB16ha2q5i2axd4K1V0KlncXBlPElIUF
28=g0a20xn4pH4LNo4a5U2KdS2KhV1ahXyqRXi30+l4NAuZlSqItbXVtVaGlWjoZPc3QzeG00
29=3b9J+PQY9fAS8uwZ9fIM9O8W791N6Mh92axg1KRR2qxaxZ1czqRcx51Vx6Bb2axc1KRQ1K
30=VT2Ktd3bNn69JY9e4j9fMK8+0X8u0V9vMM8OI32a9k6b1x6cJ/mYdlV1dSgHFWp45NgHY0
31=qZRU2LVu3bNo47BX3K1b16lX1qhX37Rp47hs365b0aVW47x3sZ1iPUgwX11dpJJopIlF26
32=1e8OA19vMM9vMN8+si6tNP2axx1KZY1aZS4Lhy1qhVzKReuZliyaJavJVU0qRU2Ktc2rBm
33=27Bj16pc2axt4Lpn8OFE9fIQ9vUI8+ot479y2KdXwaJrZGZaNUQ4cm5B1Kxj3a5d365c5b
34=hu3LBi3LFm78R32alV37Zt5MB+16pa2Kpa365brpRjdnFgt5pSYmUqVFZOLTpCn4lQ57Zw
35=6c9U9fAc79xK4Lps1qhb16pb16lZ16pb3LBk269gzKRepolTwJpVso9W2Kxe2a1f3LNq2a
36=xe2q1f2a1f1qhf3bJ07NJk7tpJ4r5u3q9j0alkQEhRUFVOhH9AaWktc25bmoVa2atZ265g
37=37Zu3bRq5rZg3bFh37Ro3LJn0qVV269i47tyq5dbwqdywKZsWl1MUFVRbGtHenNVvZVS47
38=li5cZh2q1q1KRT16pc1KZT2Kpa3LJp4rx43bFizKBUm4BSuJhfx55Tx5tU1aZT2q9i2q9i
39=2a1h1adX1adX1KVT2q1p16ll06FQ0qZVpY9pmodiXV5ecWxhgXxPhHxHz65y47Rn06VW2K
40=xe3LJn4q5U16dS0qRR0qZY2Ktc4LZshn8/ZmQqnopkWV1aS1NCdnA517BjlodqrYpL3axb
41=16pj2a1g3LNo5cGA2Kxe06RR2Kxe27Bj1ahY4bht1axlp4ZUvZZRxpxU37Nk16td1ahX3b
42=Vt2rBk2a1g1qhW1KZU16lZ3rJl1bBviX1ky6BW2bJqWVxMTFJXi39g6saDs5hMy6JW16pb
43=1qlZ5LJZ261d06dY06VT57dotptPYWI5XF9aUFNXcG1CiYBAYWcsrZBM5bRg2qxa3bVt4L
44=ly16tc2q5g2q9i1qhY2q1f1KZU2a1f3rZt37du1KldyqJczKNXt5JV06hf2KpX1qhX1qhX
45=3bVs2Ktd2a1e1qla2Kxe2Ktd2KpZ47Vj4rBdlYM3WmMqVlwwRUtAX19ebnFKp5JN5bVj1a
46=dX5LNe2alU2KpY47FbzqVVeXRZR05WenBc47+A6MV44rtuvqBZvpZI1aRQ1KVR2Kxe16lZ
47=1qdV2qtY16hV2axd2KlX2qxc3LBh2axc265eupNQ1ahY2axero1Y1Klg3rJk27Bk3LFj4L
48=Zt2q5g269i2q1f16pb3LJo1aZU161gu5ZGpItDh3w9xqxjsJtZjX9lU1Zbdm9b17Nx78Z7
49=57hk2Ktc7L1puZtkWVpYVVdWtJZj98p5vq17bHFwrqB89c+K26xc1qhV2rBk2Kxe16pZ0q
50=RUzKJY06VV0adazKJYyp9UyZ5Q0KNS06pexp5W2KpY3q9bxJtV0qZZzqVd0KZZyJ5Vz6VZ
51=1qtdy6BU06ld27Fl3rZu1qhW2K1gs5pet6BhrJxva29urqB53750m4dRZWNaTlRbrJt4+c
52=t5b2tghXlhU1dZkIRq2q9k8MNzuKt/RlNmNT9jN0Zgq6B858F816lY1qlZ3LJn265fv5RO
53=u5ZSu5VVvppaupdbz6VbyaBW0KZa1KZW16ZT2qta2KhW2q5c0qdayJ5VxZ1St5NXvZhYvp
54=hZy6NawJlY3rh227Bj2q1f5r53op1qanNtR1FsN0FjQU5lpZt31rdzu5pToo1nVllYfnZk
55=R09aOkVVa2li6cWE+c6Cx7aBc3tyQUxmNUBiXWJrlZN738WL269i06NP1qhX1aZSwp1bsI
56=9arYxXxJxdsI1WtZFXwZ9kxqNnw55gyZ1P3KtWzqZbqIpavp1kxKFjsY9ZrYxXsZBWuJNa
57=wJteuZVc1alc2Ktd1qdV2KpYo45SdnpcMEJUO0dmMT9ZWWNnpZ901bBn8MFxioFtPklZo4
58=tdyKNhamVYTFFWq5Rs1bdxopdVmZFqbnVy1b+J9Mp/4Lhx1ahZ2q5h3LJn06RT1Khb06dY
59=1KVT3LFk27Fl1Kpg06da2Ktbw51cyaFa4rFauZRVtZFY0qda1KdZ0qZX1adV1adU1adX0q
60=he06VU1adW3bVr4Llz4Llz67924MF/qp5qgoBnk4xq0bRx7ciCsJdoWlxaWVtZw6Jn4K1T
61=3KhN4LBcpJFtTVJYYmNYb3BAsJVO9c2D6cOA4rZr47Vo2axc16pb3rVs4Lp1269i2apY3L
62=Jn2Kxe2Ktd2KpZ265e3bVtu5tfx55TtI9Nso9Y3rZt4LZq1KRP2q1e3bNq2Ktb1qdV2q5e
63=1qdU1KVT4Lhw5MB/37Zu2q9i4LNmzK1mxaNZ/9KE3rZyfnNbR09YiXtf2a1e77la2axc1K
64=VT1KRP6rpn0rN3W19FSU5TkIBg47Zq0qZSs5JDro9D2qxd37Ro27Fm27Fm2K1f1aZU2Kxc
65=1qlY2Kxe2K1f269h2LFtnIBStI5Lt5JVw5tV3K9h1adV1qdU2Ktc3LFm2a1e1qhX1aZU2q
66=5g3LJo1KVS2KlX2q1e365ZiHk0SlMbfXM0rJVqUlheYmJdx6p07sN247tz5LJb2KlV1aha
67=1qhY2KhW27NldHI1YGI9WFtWZ2dgm4xeaWsqRVIbhHhfu5lf3K1Y16lb06NS27Bj2Kxd3r
68=Vs37du16lX1KVT2q1dy6NdwJ1dw5xVz6BR2KlW1qla2q5g2a1g2a5h3LNo4Lhx16tc1qhZ
69=1qdb2ata1bBri35oyqFZkIE4ZGc+Wl1UU1ZYnYde3K1Z369Z2q5h37Zu5rRe2ahT1qZS1q
70=hX1KZW2q9kw6VevKFcqpdbUVgwTVBRd3Jge3lFi3tPv5lW2qpf3LJm2q5i1KRc1qhZ16td
71=2Ktc2axc2q5g265ex5xTrZBhwJ1cwJlT2rNx3bNo1KZW1qlZ37dv3bRq06NR06Nb37hw5s
72=V02Kpg1rBrpo9lzKRdgnpZUlZXQk0woY1d7cWA3K9g3LJn3rVs27Fl47FY2alT1KRQ1aZV
73=1adX1ahY4rFes5ptcW1chXs+bG05VFdTWFdawp1Y4q9g6tBi8+kq8ugt6c9h2Kpn1KRZ2a
74=5h27Bk3rNo2q9i1KVSupNSz6ZapodUzKVm3bJl1qhY27Fm1adW06JY2Ktr48Fd8uYz9e8b
75=6dBa4LFs1apXamddVFhVVV4ubWwyc21XoZJy6sJ74Lhw3bJn3LNr5rZi2KdS1qdU16pa47
76=154bp03bNpzaNbvp1bfXk4YmRAU1lOQko6u5Zd579j8+wg9fMK+PYK9/MQ798/5sR106Jb
77=1aZU1KRR2q9i37ZtxqBfv5pa1Kthxp1X16pc1qhW16hX16ph4cBT791K9vIX+fYK9fIK9O
78=wo7Md0mYZELz4kS09McnJPcHA2tZlZ0Kto2Ktc16la1qlb1adW47BW26xY16hW2a1f3rZv
79=4rx65cF+4rFa2q9kdG9eSlFWSlUyXmArxJlR6stf9fIV9/MP2tEi6uMX+PUL9O4d7NRR6M
80=B716hX2rBl3bFky6NdtZFWvpdWupZc1KZU1KRR16pg6M1X9vMV9fMJ8ewT184k9fAS9/UQ
81=79ZCs5ROaWgubGc/WVped25czaRd4bBa0aRUz6NV1adX16pa47Ja2KhT1qZT2Ktc3rdw4b
82=Jg68J5sJt3V1hObmVUw6RowKNanYlGzJ9X5MBX9fEW+PYJ7OYa7+kX9fIN9vIT28xHsp9n
83=069q3a9g16ZT06VUyKRksIxSwplS265f2a5i3rVv8eFI9O4e9fEL9O8T6eIe9fMM8eYn27
84=JW1aRX0adb4blt06xnjHlLTVFIlYRn47py5bdl27Fn47585rVe2alU1qdT2q1e6rxrzq50
85=a2dXMkI5VVtAmodC5LJe261g37Fi37Fh3rJm6s5Y89879uQ1//gZ+fUX79hQjHtHe3Q5qY
86=5L1KlbvJZI2apa2ata2qxd4blx2q5g2a1g1qhX3LFq37ls8uBQ+fMX//Yd9eJH27Fe1qdb
87=4LRm2q1g1Khb0qZbyqRRVVwuMkIyXF5bwaqA7sR43rBf4rBZ2KdS3alN4bZql4ltSE9YcG
88=1bnIpKl4FMmZJ9zq9z06ZX1KharpZu27qH06dck39dl4ZzwKxa3b5V5bZyvJlOnIxPwqx0
89=2L6Cz6tl47VmxZ1Lv5tO2Kxc16pb3rRp47pz37No2Ktk17BsmZJeq55jvp5l5Lly2bJroI
90=xpxZ1W4bFbr5FZpZmDn5Jdcm4uW1o/SU5Wf3dl0qhe7bZU5rJWu5pgXF1bU1hat6B25rpr
91=8cd/1LFzva2Ky6pr3K5e5cODaGdJdW07rJJGaWZCU1NQSElQnHxNx55KvqJhpZt5PktgXW
92=JqnJh4xbF/tZ9agnc4jHs73LJn27Fl1KtdzaNR57hlk4E9YmFUTEtQWVVMw6Jd27Z0joFn
93=u5VR4bFe0rBzwLWX28CK4bt03bZrxaNmYmBXTVRZtZllh3phRk5Xh3pg3LNq68F13LNo16
94=tc2KlY2ata2apY4LFhwJ9RiH1EY2JJbGVVp5Ruf29RQD0wOz4csZVLu6hoYW9fPEZoO0Vk
95=Mz9iP0xpm5Z0y69qhXs6y6FUq5FIc2spbGg8gXRddW9WkIVdYlg/LTIjZVcn47lw7MR927
96=Bi0qZZ2axd3K5d3rNo27Bj37Vs4rNh369ZnYddVVtgY2Jbxahx6rtp37Nm4bp03rdw1Kda
97=16pc2Ktc3rBf7sF0qJFiRU5MTlRESVE2OkVCb2xje3dMV14ljng10KldeXlDVV5lP0xjUV
98=tnc3VlxKxwZmcujX9A2q1cz6xlbGxUQUxKQEwwRk46UVVbenNbaGo1XFsjy6NZ5Ltz37Zt
99=2q5g0qVX1KZX1aZV27Bj2q5g1adW1KRQ36tQ06pi2qtX6Ltt4r1616lY16te0aVY1qtd37
100=Vs5LNf17NxfnlsSlJclolqnI5Nh4JAkoNKdm9fUlhcf3hY0Kde7cBx4Lhz1rd5qp1tyLB2
101=xqdh06hawJpK47FbxKp6Xl9fW11bhn5Ol4lHfHc8i35UYWBfX2FdlYlb4bpw4bRl2q5h27
102=Bl3bRr2Ktd1qla1aZV06NP1KRQ06RR0aJP6LNW67ZZ47BV5LNe5LVh47Jc5bNb7b5s7MJ4
103=qpJkXGBgc2xc06xl/Mt178Nz5bln7bpf7rpctZhiZGNgd3Vr07mJ7Lxo6LNW7bpi6Ldi7b
104=hf6LVc4LVrj4JoVVpelYJf6Lpo7L5n7bxn6rto77lb47RflYNhXV9gl4x24rx56bdg6Ldh
105=57hk47FZ47BX5LNe47Ng47FZ47FY4q9W87xdEQAA

[Map]
Theater=DESERT
Size=0,0,65,70
LocalSize=20,17,26,35

[Waypoints]
0=68051
1=50069
2=88071
3=70089
26=79080
27=59060
699=69070
700=69070

[IsoMapPack5]
1=7QsAIAtCAAIAAAAAAAACAD8AA2ABaQFCKCkAQygrAD4ABOEEPygpAEIoKQBDKCkARCgrAD0ABf
2=kGPigpAD8oKQBCKCkAQygpAEQoKQBFKCsAPQAGKDABJykAPyhVAEIoKQBDKCkARCgpAEUoKQBG
3=KCsAPQAH/Qo/KCkAQigpAEQoKQBFKCkARigpAEcoKwA9AAgoMAEnKQBCKFUARigpAEcoKQBIKC
4=sAOQAJ5QhCKCkARSgpAEYoKQBHKCkASCgpAEkoKwA4AArxCTkoKQA/KCkAQigpAEcoKQBJKCsA
5=NwAL5Qg4KCkAOSgpAD8oKQBDKCkARygpAEkoKwA2AAzxCTcoKQA4KCkAOSgpAD0oKQA+KCkAPy
6=gpAEIoKQBDKCkARSgrADUADfUNNigpADcoKQA4KCkAOSgpAD8oKQBCKCkAQygpAEUoKQBNKCsA
7=NAAO9Q01KCkANigpADcoKQA4KCkAOSgpAD8oKQBCKCkARCgpAEcoKQBIKCkATSgpAE4oKwAzAA
8=/5ETQoKQA1KCkANigpADcoKQA4KCkAOSgpAEIoKQBEKCkARygpAEgoKQBNKCkATigpAE8oKwAy
9=ABDlEzMoKQA0KCkANSgpADYoKQA3KCkAOCgpADkoKQA/KCkARSgpAEYoKQBHKCkASSgpAE0oKQ
10=BOKCkATygpAFAoKwAxABHpFzIoKQAzKCkANCgpADUoKQA2KCkAPygpAEUoKQBPKCkAUCgpAFEo
11=KwAwABLhDzEoKQAyKCkAMygpADQoKQA1KCkANigpADgoKQA9KCkAPigpAD8oKQBFKCkATygpAF
12=AoKQBRKCkAUigrAC8AE/0VMCgpADEoKQAyKCkAMygpADQoKQA1KCkAPigpAD8oKQBCKCkARCgp
13=AEUoKQBOKCkATygpAFAoKQBRKCkAUigpAFMoKwAuABT1GC8oKQAwKCkAMSgpADIoKQAzKCkANC
14=gpADUoKQA3KCkAPigpAD8oKQBEKCkAUCgpAFEoKQBSKCkAUygpAFQoKwAtABXpFy4oKQAvKCkA
15=MCgpADEoKQAyKCkAMygpADQoKQA1KCkANigpADcoKQA/KCkARSgpAFIoKQBTKCkAVCgpAFUoKw
16=AsABbpFy0oKQAuKCkALygpADAoKQAxKCkANSgpAD8oKQBDKCkAUCgpAFMoKQBUKCkAVSgpAFYo
17=KwArABflEywoKQAtKCkALigpAC8oKQAwKCkANSgpAD8oKQBCKCkAUygpAFYoKQBXKCsAKgAY7R
18=ArKCkALCgpAC0oKQAuKCkALygpADAoKQA/KCkAQigpAEMoKQBTKCkAVygpAFgoKwBTABn5EVgo
19=KQBZKCsAUgAa4QRTKCkAVCgpAFUoKQBWKCkAVygpAFgoKQBZKCkAWigrAD0AG+kMPygpAEAoKQ
20=BHKCkAUCgpAFgoKQBZKCkAWigpAFsoKwAmABzpDCcoKQAoKCkAKSgpADMoKQA0KCkANSgpADYo
21=KQA3KCkAOCgpADkoKQA6KCkAOygpAD8oKQBBKCkARCgpAEYoKQBHKCkASCgpAE4oKQBPKCkAUS
22=gpAFMoKQBYKCkAWSgpAFooKQBbKCkAXCgrACUAHe0mJigpACcoKQAoKCkAKigpACsoKQAsKCkA
23=LSgpAC4oKQAyKCkANigpADcoKQA4KCkAOSgpADooKQA7KCkAVSgpAFYoKQBaKCkAWygpAFwoKQ
24=BdKCsAJAAe5R4lKCkAJigpACkoKQAuKCkALygpADsoKQBBKCkAUygpAFUoKQBWKCkAWCgpAFko
25=KQBaKCkAWygpAFwoKQBdKCkAXigrACQAHygUAycpACYoVQAnKCkAMigpAD0oKQBBKCkARCgpAE
26=UoKQBGKCkARygpAEkoKQBQKCsAJAAgKDgCJykAMyhVADQoKQA2KCkANygpADsoKQA8KCkARCgr
27=ACQAISiIAScpADMoVQA0KCkANSgpADkoKQBFKCkAUSgpAFYoKQBXKCkAWSgpAFsoKQBcKCkAXS
28=gpAF4oKQBfKCkAYCgpAGEoKwAgACL1GCQoKQAmKCkANCgpADUoKQA3KCkAOSgpADooKQBEKCkA
29=RSgpAEYoKQBIKCkAUSgpAFIoKQBWKCkAVygpAGEoKQBiKCsAHwAj9RggKCkAJCgpACYoKQA1KC
30=kAOCgpADkoKQA6KCkAWygpAFwoKQBiKCkAYygrAB4AJO0QHygpACAoKQAlKCkANCgpADUoKQA3
31=KCkAOCgpAEcoKQBIKCkASSgpAFsoKQBiKCkAYygrAB0AJeUTHigpAB8oKQAgKCkAJigpADQoKQ
32=A2KCkANygpADgoKQA5KCkARygpAEgoKQBJKCsAHAAm+REdKCkAHigpACAoKQAlKCkAJigpACco
33=KQA2KCkANygpAEgoKQBJKCsAGwAn4Q8cKCkAHSgpAB4oKQAmKCkANCgpADUoKQA2KCkANygrAB
34=oAKOkMGygpABwoKQAdKCkAJigpADYoKQA3KCkASCgpAEooKQBLKCkATSgpAFsoKQBcKCkAXigp
35=AGcoKQBoKCsAGQAp/RUaKCkAGygpABwoKQAdKCkAJCgpACYoKQAzKCkANygpAEkoKQBLKCkATy
36=gpAFAoKQBfKCkAYCgpAGEoKQBiKCkAZygpAGgoKQBpKCsAGAAq7RsZKCkAGigpABsoKQAcKCkA
37=HSgpACQoKQAmKCkAJygpADQoKQA1KCkANigpADcoKQA4KCkASSgpAEooKQBNKCkATygpAFEoKQ
38=BSKCkAZygpAGgoKQBpKCkAaigrABcAK/0gGCgpABkoKQAaKCkAGygpABwoKQAkKCkAJSgpACYo
39=KQAnKCkALigpAC8oKQAxKCkAMigpADMoKQA0KCkANygpADgoKQBIKCkASSgpAEooKQBLKCkAUC
40=gpAFEoKQBSKCkAYygpAGkoKQBqKCkAaygrABYALPknFygpABgoKQAZKCkAGigpABsoKQAcKCkA
41=HigpACQoKQAnKCkAKCgpAC0oKQAxKCkAMygpADQoKQA1KCkANigpADcoKQA4KCkASSgpAEooKQ
42=BLKCkAUCgpAFIoKQBjKCkAZygpAGgoKQBpKCkAaigpAGsoKQBsKCsAFQAt8SoWKCkAFygpABgo
43=KQAZKCkAGigpABsoKQAdKCkAJCgpACYoKQAoKCkAKSgpACsoKQAsKCkALSgpADIoKQA0KCkAOC
44=gpADkoKQA6KCkAOygpAD0oKQBAKCkAQSgpAEcoKQBJKCkASigpAEwoKQBOKCkATygpAFIoKQBT
45=KCkAVCgpAFUoKQBoKCkAaigpAGsoKQBsKCkAbSgrABQALvE1FSgpABYoKQAXKCkAGCgpABkoKQ
46=AaKCkAHSgpAB8oKQAoKCkAKSgpACooKQArKCkALygpADAoKQA1KCkANigpADgoKQA6KCkAPCgp
47=AD4oKQBAKCkAQygpAEQoKQBFKCkARigpAEgoKQBJKCkATigpAFAoKQBRKCkAUygpAFQoKQBnKC
48=kAaCgpAGwoKQBtKCkAbigrABMAL+U0FCgpABUoKQAWKCkAFygpACUoKQAoKCkAKygpAC0oKQAx
49=KCkAMigpADUoKQA3KCkAOCgpADkoKQA6KCkAOygpAD4oKQBBKCkAQygpAEQoKQBFKCkARigpAE
50=koKQBKKCkASygpAE0oKQBOKCkATygpAFAoKQBTKCkAVCgpAGMoKQBtKCkAbigpAG8oKwASADDt
51=MRMoKQAUKCkAFSgpABYoKQAXKCkAHSgpACQoKQAnKCkALygpADAoKQAxKCkAMygpADQoKQA3KC
52=kAOCgpADkoKQA6KCkAPSgpAD8oKQBAKCkAQSgpAEMoKQBEKCkARigpAEgoKQBJKCkASygpAE0o
53=KQBOKCkATygpAFAoKQBRKCkAUygpAGMoKQBsKCkAbSgpAG4oKQBvKCsAEQAx8TUSKCkAEygpAB
54=QoKQAVKCkAFigpACQoKQAnKCkAKigpACwoKQAuKCkANygpADkoKQA7KCkAPigpAEAoKQBDKCkA
55=RCgpAEYoKQBHKCkASCgpAEkoKQBKKCkASygpAE0oKQBRKCgAAAFSADEAAAAAAAACAFMAMQAAAA
56=AAEQAA0gsAIAQAAgBiADEAgAABAgBpACcpAGooKQBrKCkAbigpAG8oKwAkADKACAEAAgAlKCkA
57=JigpACgoKQAtKCkANygpADgoKQA5KCkAOigpADsoKQA9KCkAPygpAEIoKQBDKCkARCgpAEcoKQ
58=BKKCkATCgpAE0oKQBRKCkAUygpAFQoKQBoKCkAbCgpAG4oKQBvKCkAcigrACcAM+ElKSgpACso
59=KQAsKCkALSgpAC8oKQA0KCkANSgpADYoKQA3KCkAOCgpADkoKQA6KCkAPygpAEIoKQBEKCkARy
60=gpAEgoKQBJKCkASigpAE4oKQBPKCkAUSgpAFMoKQBoKCkAaSgpAGsoKQByKCkAcygrACcANPkn
61=KCgpACkoKQAqKCkAKygpACwoKQAvKCkANygpADgoKQA5KCkAOigpADwoKQA9KCkAQSgpAEIoKQ
62=BGKCkASCgpAEwoKQBOKCkATygpAFMoKQBWKCkAVygpAGAoKQBhKCkAYigpAGcoKQBoKCkAaSgp
63=AGooKQBtKCkAcigpAHMoKQB0KCsADQA19S4OKCkAEigpABMoKQAUKCkAFSgpABYoKQAYKCkAHS
64=gpAB4oKQAfKCkAICgpACEoKQAiKCkAIygpACYoKQAqKCkAKygpAC0oKQAuKCkAMigpADgoKQA5
65=KCkAOigpAD0oKQA+KCkAPygpAEAoKQBBKCkARigpAEooKQBLKCkATSgpAE4oKQBQKCkAVCgpAF
66=UoKQBWKCkAWCgpAFkoKQBaKCkAYCgpAGEoKQBoKCkAaSgpAGooKQByKCkAcygpAHQoKQB1KCsA
67=DAA29UQNKCkADigpABAoKQARKCkAEygpABQoKQAdKCkAHigpAB8oKQAgKCkAISgpACIoKQAlKC
68=kAKygpACwoKQAvKCkAMCgpADsoKQA8KCkAPigpAEIoKQBDKCkARCgpAEYoKQBJKCkASigpAE0o
69=KQBTKCkAVSgpAFcoKQBdKCkAXygpAGcoKQBrKCkAbigpAG8oKQByKCkAcygpAHQoKQB1KCkAdi
70=grAAsAN/U5DCgpAA0oKQAOKCkADygpABAoKQAWKCkAHSgpAB4oKQAgKCkAISgpACIoKQAlKCkA
71=JigpACkoKQAqKCkAKygpACwoKQAtKCkALigpAC8oKQAwKCkAPygpAEAoKQBCKCkARSgpAEYoKQ
72=BHKCkASigpAEwoKQBNKCkATigpAE8oKQBQKCkAUSgpAFUoKQBXKCkAWCgpAFwoKQBeKCkAXygp
73=AG8oKQByKCkAcygpAHQoKQB1KCkAdigpAHcoKwAKADj9QQsoKQAMKCkADigpAA8oKQATKCkAFC
74=gpABYoKQAeKCkAISgpACIoKQAnKCkAKigpACsoKQAsKCkALigpAC8oKQAxKCkAPCgpAD8oKQBC
75=KCkAQygpAEQoKQBFKCkARygpAEwoKQBNKCkATigpAE8oKQBQKCkAUSgpAFIoKQBVKCkAXCgpAF
76=4oKQBfKCkAbSgpAG4oKQByKCkAcygpAHYoKQB3KCkAeCgrAAkAOeE7CigpABAoKQARKCkAEigp
77=ABUoKQAWKCkAGCgpABooKQAbKCkAHCgpACAoKQAsKCkALigpAC8oKQAwKCkAMSgpADIoKQAzKC
78=kAPCgpAD0oKQA+KCkAPygpAEEoKQBCKCkAQygpAEQoKQBFKCkASSgpAEooKQBLKCkATCgpAE0o
79=KQBOKCkATygpAFAoKQBVKCkAVygpAFsoKQBeKCkAXygpAGooKQBtKCkAbygpAHIoKQBzKCkAdi
80=gpAHcoKQB4KCkAeSgrAAgAOvVECSgpAAooKQALKCkAECgpABEoKQATKCkAGSgpABooKQAgKCkA
81=LygpADAoKQAzKCkAQCgpAEMoKQBGKCkASCgpAEkoKQBKKCkASygpAEwoKQBNKCkATigpAE8oKQ
82=BVKCkAVygpAF0oKQBeKCkAXygpAGAoKQBhKCkAbigpAHIoKQB4KCkAeSgpAHooKwAHADvtMQgo
83=KQAJKCkACigpAAsoKQAPKCkAFCgpABYoKQAcKCkAHygpACAoKQAvKCkAMCgpADQoKQA1KCkAQy
84=gpAEYoKQBIKCkASSgpAEooKQBLKCkATCgpAE0oKQBOKCkAVSgpAFYoKQBbKCkAXCgpAF0oKQBe
85=KCkAYSgpAGkoKQBtKCkAcSgpAHQoKQB4KCkAeSgpAHooKQB7KCsABgA88TUHKCkACCgpAAkoKQ
86=AKKCkADSgpAA4oKQATKCkAFSgpABgoKQAcKCkAHSgpAB8oKQAgKCkAMCgpADEoKQA0KCkANigp
87=AEUoKQBGKCkASCgpAEkoKQBKKCkASygpAEwoKQBNKCkAVCgpAFUoKQBWKCkAVygpAFgoKQBZKC
88=kAWigpAFsoKQBeKCkAYigpAGwoKQBwKCkAcSgpAHIoKQBzKCkAdigpAHcoKQB4KCkAeSgpAHoo
89=KQB7KCkAfCgrAAUAPf1BBigpAAcoKQAIKCkACSgpAAooKQALKCkADygpABAoKQAUKCkAFSgpAB
90=coKQAYKCkAGigpABsoKQAfKCkAICgpAC8oKQAxKCkAMigpADMoKQA4KCkASCgpAEkoKQBKKCkA
91=SygpAFYoKQBXKCkAWCgpAFooKQBbKCkAXCgpAF0oKQBiKCkAbygpAHkoKQB6KCkAeygpAHwoKQ
92=B9KCsABAA+/TYFKCkABigpAAcoKQAIKCkACSgpAAooKQALKCkADCgpAA0oKQAOKCkADygpABAo
93=KQASKCkAEygpABQoKQAVKCkAFigpABcoKQAZKCkAGygpABwoKQAgKCkAISgpAC8oKQAwKCkAMS
94=gpADMoKQA0KCkANygpADgoKQA5KCkARygpAEgoKQBJKCkASigpAEsoKQBRKCkAUygpAFUoKQBW
95=KCkAWCgpAFwoKQBiKCkAbCgpAG8oKQBxKCkAeCgpAHkoKQB6KCkAeygpAHwoKQB9KCkAfigrAC
96=EAP+VKLigpAC8oKQAwKCkAMSgpADQoKQA5KCkAPygpAEAoKQBHKCkASCgpAEkoKQBKKCkAUSgp
97=AFIoKQBTKCkAVSgpAFYoKQBYKCkAWSgpAFsoKQBcKCkAXigpAGMoKwAdAED9ICAoKQAxKCkAMi
98=gpADcoKQA4KCkAOSgpADwoKQA/KCkAQCgpAEgoKQBJKCkATygpAFAoKQBSKCkAUygpAFQoKQBV
99=KCkAVygpAFgoKQBbKCkAXCgpAF0oKQBfKCkAYSgpAGMoKwABAEH1IwIoKQADKCkABCgpAAUoKQ
100=AGKCkABygpAAgoKQAJKCkACigpAAwoKQANKCkADigpAA8oKQAQKCkAFCgpABUoKQAWKCkAGigp
101=AC8oKQAxKCkAMygpADQoKQA1KCkAOSgpAD4oKQA/KCkAQCgpAEgoKQBOKCkATygpAFEoKQBUKC
102=kAVigpAFcoKQBYKCkAWigpAFsoKQBcKCkAXygpAGAoKQBiKCkAYygrAAIAQuE7AygpAAQoKQAF
103=KCkABigpAAcoKQAIKCkADCgpABQoKQAkKCkALigpAC8oKQAwKCkAMSgpADIoKQA0KCkANigpAD
104=goKQA7KCkAPSgpAD4oKQA/KCkATygpAFEoKQBTKCkAVSgpAFYoKQBXKCkAWSgpAFooKQBbKCkA
105=ZCgpAHcoKQB4KCkAeSgpAHooKQB7KCkAfCgpAH0oKQB+KCkAfygpAIAoKQCBKCkAgigrAAMAQ+
106=08BCgpAAUoKQAGKCkABygpAAkoKQAKKCkACygpAA8oKQAVKCkAGCgpABkoKQAfKCkAICgpACIo
107=KQAjKCkALygpADIoKQAzKCkANCgpADUoKQA2KCkANygpADgoKQA6KCkAPSgpAE4oKQBPKCkAUC
108=gpAFMoKQBVKCkAWSgpAFsoKQBvKCkAcCgpAHooKQB8KCkAfSgpAH4oKQB/KCkAgCgpAIEoKQCC
109=KCkAgygrAAQARO08BSgpAAYoKQAHKCkACCgpAAkoKQAMKCkAESgpABMoKQAUKCkAFSgpABgoKQ
110=AZKCkAHygpAC8oKQAw6AEPAgAxAEQAAAAAAAACADMARAAAEQAAzQsAIAYAAAAAAgA1AERgAQIA
111=AAIANygpADkoKQA6KCkAPCgpAD0oKQA/KCkAQCgpAEEoKQBNKCkATigpAFAoKQBWKCkAWygpAG
112=coKQBwKCkAeygpAHwoKQB+KCkAfygpAIAoKQCBKCkAgigpAIMoKQCEKCsABQBF6SIGKCkABygp
113=AAgoKQAJKCkACygpAAwoKQAQKCkAESgpABQoKQAWKCkAFygpABgoKQAcKCkAJSgpAC8oKQAwKC
114=kANSgpADgoKQA6KCkAPSgpAD4oKQA/KCkAQCgpAEEoKQBCKCkATCgpAE4oKQBPKCkAUCgpAFEo
115=KQBSKCkAUygpAFQoKQBVKCkAWCgpAFooKQBbKCkAXCgpAGcoKQBpKCkAbygpAHIoKQB4KCkAei
116=gpAHwoKQB9KCkAfigpAH8oKQCAKCkAgSgpAIIoKQCDKCkAhCgpAIUoKwAGAEbxSwcoKQAIKCkA
117=CSgpAAooKQALKCkAECgpABcoKQAcKCkAHygpACUoKQAmKCkAJygpACgoKQAuKCkAMCgpADEoKQ
118=A1KCkANigpADcoKQA4KCkAOigpADsoKQA8KCkAPigpAD8oKQBAKCkAQSgpAFAoKQBRKCkAUigp
119=AFMoKQBUKCkAVSgpAFYoKQBZKCkAWigpAFsoKQBcKCkAZygpAGgoKQBwKCkAcigpAHMoKQB4KC
120=kAeSgpAH0oKQB+KCkAfygpAIAoKQCBKCkAgigpAIMoKQCEKCkAhSgpAIYoKwAHAEf9TAgoKQAJ
121=KCkACigpAAsoKQAMKCkADSgpAA4oKQAQKCkAHCgpAB8oKQAnKCkAMCgpADEoKQA1KCkANigpAD
122=koKQA8KCkAPSgpAD4oKQA/KCkAQCgpAEEoKQBCKCkATCgpAE8oKQBQKCkAUSgpAFooKQBbKCkA
123=aygpAG8oKQB2KCkAeCgpAHsoKQB8KCkAfSgpAH4oKQB/KCkAgCgpAIEoKQCCKCkAgygpAIQoKQ
124=CFKCkAhigrAAgASOU/CSgpAAooKQALKCkADCgpAA0oKQAPKCkAECgpABYoKQAXKCkAGCgpABwo
125=KQAnKCkAKigpAC8oKQA1KCkANigpADgoKQA5KCkAOigpADsoKQA8KCkAPSgpAD4oKQA/KCkAQC
126=gpAEEoKQBPKCkAUCgpAFIoKQBTKCkAVCgpAFUoKQBYKCkAWigpAFsoKQBqKCkAcSgpAHgoKQB8
127=KCkAfSgpAH4oKQB/KCkAgCgpAIEoKQCCKCkAgygpAIQoKQCFKCsAKQBJ6UMrKCkALSgpAC4oKQ
128=AwKCkAMigpADMoKQA0KCkANSgpADcoKQA4KCkAOigpADsoKQA8KCkAPSgpAD4oKQA/KCkAQCgp
129=AE8oKQBRKCkAUigpAFUoKQBWKCkAWCgpAFkoKQBbKCkAaigpAG0oKQBxKCkAdSgpAHYoKQB4KC
130=kAeigpAHsoKQB8KCkAfSgpAH4oKQB/KCkAgCgpAIEoKQCCKCkAgygpAIQoKwApAErhOyooKQAr
131=KCkALCgpAC4oKQAyKCkAMygpADQoKQA2KCkANygpADooKQA7KCkAPCgpAD0oKQA+KCkAPygpAF
132=AoKQBSKCkAVCgpAFUoKQBWKCkAVygpAFkoKQBaKCkAWygpAFwoKQBpKCkAbCgpAG4oKQBzKCkA
133=dCgpAHUoKQB2KCkAdygpAHgoKQB5KCkAeigpAHsoKQB8KCkAfSgpAH4oKQB/KCkAgCgpAIEoKQ
134=CCKCkAgygrACwAS+U/LSgpAC4oKQAwKCkANCgpADUoKQA3KCkAOCgpADkoKQA6KCkAOygpADwo
135=KQA9KCkATygpAFAoKQBSKCkAVCgpAFUoKQBbKCkAaSgpAGooKwAMAEz5HA0oKQAOKCkADygpAB
136=AoKQAWKCkALCgpAC0oKQAuKCkAMCgpADMoKQA0KCkANigpADgoKQA5KCkAOigpADsoKQA8KCkA
137=PSgpAEYoKQBOKCkATygpAFAoKQBRKCkAVCgpAFYoKQBYKCkAWSgpAFooKQBsKCsADQBN5SkOKC
138=kADygpABAoKQAVKCkALSgpAC4oKQAzKCkANCgpADUoKQA2KCkAOCgpADkoKQA6KCkAOygpADwo
139=KQBFKCkARigpAE8oKQBQKCkAUSgpAFYoKQBXKCkAWCgpAFsoKQBcKCkAaSgpAHMoKQB0KCkAdy
140=gpAHooKQB7KCkAfCgpAH0oKQB+KCkAfygpAIAoKwAOAE75Mg8oKQAQKCkAESgpABwoKQAfKCkA
141=IygpACooKQAuKCkAMCgpADIoKQAzKCkANCgpADYoKQA3KCkAOCgpADkoKQA6KCkAOygpAEAoKQ
142=BBKCkAQygpAEQoKQBJKCkAUCgpAFEoKQBSKCkAVigpAFgoKQBZKCkAWigpAFsoKQBpKCkAbCgp
143=AG4oKQBxKCkAdigpAHcoKQB5KCkAeygpAHwoKQB9KCkAfigpAH8oKwAPAE/tPBAoKQARKCkAEi
144=gpABQoKQAcKCkAKigpAC0oKQAvKCkAMCgpADEoKQAzKCkANCgpADUoKQA2KCkANygpADgoKQA5
145=KCkAOigpAD8oKQBFKCkARigpAFUoKQBZKCkAWygpAFwoKQBqKCkAaygpAG4oKQB1KCkAeygpAH
146=woKQB9KCkAfigrABAAUPUuESgpABIoKQATKCkAFigpABgoKQAZKCkAGygpACwoKQAuKCkALygp
147=ADAoKQAxKCkAMigpADQoKQA3KCkAOCgpADkoKQA/KCkAQigpAEMoKQBEKCkARSgpAEYoKQBIKC
148=kASSgpAFgoKQBZKCkAWigpAFsoKQBcKCkAaigpAGsoKQBsKCkAbSgpAG8oKQB0KCkAdygpAHko
149=KQB6KCkAeygpAHwoKQB9KCsAEQBR4TsSKCkAEygpABQoKQAVKCkAFigpABcoKQAYKCkAGigpAB
150=4oKQAuKCkALygpADAoKQAxKCkAMigpADQoKQA3KCkAOCgpADkoKQA+KCkAPygpAEEoKQBDKCkA
151=RSgpAEgoKQBNKCkAVigpAFgoKQBZKCkAWigpAFsoKQBcKCkAYigpAGYoKQBqKCkAaygpAGwoKQ
152=BtKCkAcCgpAHEoKQByKCkAdCgpAHUoKQB3KCkAeCgpAHsoKQB8KCsAEgBS8UATKCkAFCgpABUo
153=KQAXKCkAHSgpAB4oKQAuKCkALygpADAoKQAyKCkANigpADgoKQA5KCkAPSgpAD4oKQA/KCkAQi
154=gpAEcoKQBIKCkASSgpAEooKQBLKCkATCgpAE4oKQBXKCkAWigpAFwoKQBeKCkAXygpAGEoKQBj
155=KCkAZCgpAGYoKQBqKCkAaygpAGwoKQBtKCkAdCgpAHcoKQB5KCkAeigpAHsoKwATAFPhOxQoKQ
156=AVKCkAFigpABcoKQAYKCkAGSgpABooKQAbKCkAHCgpACMoKQAkKCkALigpAC8oKQAwKCkAMSgp
157=ADQoKQA1KCkAOCgpADkoKQA+KCkAPygpAEAoKQBCKCkAQygpAEQoKQBFKCkARigpAEcoKQBIKC
158=kASSgpAEsoKQBNKCkATigpAFEoKQBSKCkAWigpAF8oKQBgKCkAYygpAGYoKQBsKCkAbSgpAHco
159=KQB5KCkAeigrABQAVOU/FSgpABYoKQAYKCkAGSgpABooKQAdKCkAHigpACwoKQAwKCkAMigpAD
160=MoKQA0KCkANigpADcoKQA4KCkAOSgpAD8oKQBDKCkARCgpAEUoKQBJKCkASigpAE4oKQBPKCkA
161=UigpAFwoKQBdKCkAXigpAGEoKQBmKCkAZygpAGwoKQB3KCkAeCgpAHkoKwAVAFXtMRYoKQAXKC
162=kAGSgpAB0oKQAeKCkAMigpADMoKQA0KCkANSgpADYoKQA3KCkAOCgpADooKQA8KCkAPSgpAD4o
163=KQA/KCkAQSgpAEIoKQBDKCkASCgpAEsoKQBMKCkAUCgpAFEoKQBdKCkAYCgpAGQoKQBlKCsAFg
164=BW5SkXKCkAGigpAB4oKQA2KCkANygpADooKQA8KCkAPSgpAEAoKQBBKCkAQugBDAIAQwBWAAAA
165=AAAAAgBIABEAABQMACAIVgAAAAAAAAIASQAnKQBKKCkASygpAEwoKQBPKCkAWygpAF8oKQBjKC
166=kAZCgpAGYoKAABFwBXAIMAAgAYKCkAGSgpAB4oKQAhKCkAIygpADYoKQA3KCkAOCgpAEAoKQBB
167=KCkAQigpAEUoKQBGKCkARygpAEkoKQBOKCkATygpAFAoKQBTKCkAWygpAF4oKQBfKCkAYSgpAG
168=UoKQBmKCsAGABYkCMBAAIAGSgpABooKQAdKCkAISgpADYoKQA3KCkAOigpADsoKQA/KCkAQSgp
169=AEQoKQBGKCkARygpAEkoKQBMKCkATSgpAE4oKQBQKCkAVCgpAFUoKQBXKCkAXigpAF8oKQBhKC
170=kAYigpAGQoKQBlKCkAcSgpAHIoKQBzKCkAdCgpAHUoKwAZAFnpLRooKQAcKCkAHSgpAB4oKQAh
171=KCkAJCgpACkoKQA3KCkAOSgpADooKQA7KCkAPygpAEEoKQBCKCkARSgpAEkoKQBKKCkATCgpAE
172=8oKQBQKCkAUSgpAFIoKQBUKCkAVSgpAFkoKQBaKCkAWygpAFwoKQBeKCkAXygpAGQoKQBlKCkA
173=cCgpAHEoKQByKCkAcygpAHQoKwAaAFrlNB0oKQAeKCkAISgpACQoKQApKCkAOSgpADwoKQA+KC
174=kAPygpAEAoKQBBKCkAQigpAEMoKQBEKCkARSgpAEYoKQBHKCkASCgpAEkoKQBKKCkASygpAEwo
175=KQBNKCkATigpAE8oKQBQKCkAUSgpAFIoKQBUKCkAVigpAFcoKQBYKCkAWSgpAFwoKQBdKCkAXi
176=gpAF8oKQBjKCkAZCgpAGUoKQBwKCkAcSgpAHIoKQBzKCsAGwBb+T0cKCkAHSgpAB4oKQAhKCkA
177=IigpACMoKQAkKCkAKSgpADYoKQA4KCkAOSgpADooKQA+KCkAPygpAEMoKQBEKCkARSgpAEgoKQ
178=BJKCkATSgpAE4oKQBTKCkAVigpAFgoKQBbKCkAXCgpAF0oKQBeKCkAYigpAGMoKQBwKCkAcSgp
179=AHIoKwAcAFz1Lh0oKQAeKCkAISgpACIoKQAjKCkAJCgpADYoKQA6KCkAPCgpAD4oKQBAKCkAQi
180=gpAEMoKQBVKCkAVigpAFcoKQBYKCkAWigpAFsoKQBcKCkAZCgpAGYoKQBuKCkAbygpAHAoKQBx
181=KCsAHQBd4SUeKCkAISgpACIoKQAkKCkAJSgpACkoKQAqKCkAOCgpADooKQA7KCkAPSgpAD4oKQ
182=BAKCkAQSgpAEIoKQBUKCkAVigpAFkoKQBlKCkAbigpAG8oKQBwKCsAHgBe8R8hKCkAIigpACQo
183=KQAlKCkAKSgpADgoKQA5KCkAOigpADsoKQA9KCkAQSgpAEIoKQBlKCkAbSgpAG4oKQBvKCsAIQ
184=Bf6RciKCkAJSgpACooKQA3KCkAOCgpADkoKQA+KCkAQCgpAEEoKQBrKCkAbCgpAG0oKQBuKCsA
185=IQBgKGQCJykAIyhVACUoKQA2KCkANygpADgoKQA5KCkAQCgpAEEoKQBSKCkAZSgpAGYoKQBrKC
186=kAbCgpAG0oKwAhAGEovAInKQAlKFUANSgpADYoKQA5KCkAQCgpAEEoKQBlKCkAZigpAGsoKQBs
187=KCsAIgBi7RAjKCkAJCgpACUoKQAtKCkANSgpAEAoKQBBKCkAQigpAEMoKQBTKCkAVCgpAGUoKQ
188=BmKCkAZygpAGsoKwBDAGP9FVUoKQBjKCkAZCgpAGUoKQBnKCsAQwBk5QhTKCkAVSgpAGQoKQBn
189=KCsAQwBl+QZEKCkAUygpAFUoKQBjKCkAZSgpAGYoKQBnKCsAKQBm/QoqKCkAKygpACwoKQAtKC
190=kARCgpAEUoKQBGKCkAUigpAFMoKQBUKCkAVSgpAFYoKQBkKCkAZSgpAGYoKQBnKCsAKQBnKOgC
191=JykAKyhVACwoKQAtKCkAMCgpAEYoKQBOKCkAUCgpAFEoKQBSKCkAUygpAFQoKQBVKCkAVigpAG
192=IoKQBkKCkAZSgpAGYoKwApAGgoQAMnKQArKFUALCgpAC0oKQAuKCkALygpADAoKQBGKCkARygp
193=AE4oKQBPKCkAUCgpAFEoKQBSKCkAUygpAFQoKQBVKCkAWCgpAGIoKQBjKCkAZCgpAGUoKwApAG
194=ko8AMnKQArKFUALCgpAC0oKQAuKCkALygpADAoKQAxKCkAMigpADMoKQA7KCkASigpAEwoKQBN
195=KCkATigpAE8oKQBQKCkAUSgpAFIoKQBTKCkAVCgpAFUoKQBYKCkAWSgpAFooKQBbKCkAXCgpAF
196=8oKQBgKCkAYSgpAGIoKQBjKCkAZCgrACoAavUuKygpACwoKQAtKCkALigpAC8oKQAwKCkAMSgp
197=ADIoKQAzKCkANCgpADgoKQBGKCkARygpAE4oKQBPKCkAUCgpAFEoKQBSKCkAUygpAFQoKQBVKC
198=kAWigpAF8oKQBgKCkAYSgpAGIoKQBjKCsATgBr7SZPKCkAUigpAFMoKQBUKCkAVSgpAFooKQBb
199=KCkAYCgpAGEoKQBiKCsARQBs4Q9GKCkASigpAGAoKQBhKCsALQBt+QYuKCkALygpADAoKQAxKC
200=kAMigpADMoKQA0KCkANSgpADYoKQA3KCkAOCgpADkoKQA8KCkASigpAEwoKwAuAG79FS8oKQAw
201=KCkAMSgpADIoKQAzKCkANCgpADYoKwAvAG/9CjAoKQAxKCkAMigpADMoKQA0KCkANigrADAAcP
202=EJMSgpADIoKQAzKCkANCgpADUoKQA2KCkAOigpAFkoKQBaKCkAWygpAFwoKQBdKCsAMQBx+REy
203=KCkAMygpADQoKQA1KCkANigpADcoKQA5KCkAPSgpAEUoKQBHKCkATSgpAE4oKQBYKCkAWSgpAF
204=ooKQBbKCkAXCgrADIAcvUYMygpADQoKQA1KCkAOCgpADwoKQA/KCkARSgpAEcoKQBLKCkATigp
205=AFgoKQBZKCkAWigpAFsoKwAzAHPxFDQoKQA1KCkANigpADcoKQA4KCkAOSgpAD0oKQA/KCkARS
206=gpAEcoKQBIKCkASygpAE0oKQBOKCkAWCgpAFkoKQBaKCsANAB09Rg1KCkANygpADgoKQA7KCkA
207=TCgpAE0oKQBXKCkAWCgpAFkoKwA1AHX1DTYoKQA4KCkAOSgpADooKQA7KCkAPCgpAD4oKQBIKC
208=kATCgpAFcoKQBYKCsANgB27RA3KCkAOCgpADkoKQA6KCkAOygpAD4oKQBHKCkASCgpAEsoKQBM
209=KCkAVSgpAFYoKQBXKCsANwB35RM4KCkAOSgpADsoKQA8KCkARCgpAEUoKQBIKCkASygpAE0oKQ
210=BOKCkAUygpAFQoKQBVKCkAVigrADgAePEUOSgpADooKQA7KCkAPCgpAD0oKQA+KCkARigpAEco
211=KQBIKCkASygpAFMoKQBUKCkAVSgrADkAeeUTOigpADsoKQA8KCkAPSgpAD4oKQBNKCkATigpAE
212=8oKQBTKCkAVCgrADoAeuEPOygpADwoKQA9KCkAPigpAD8oKQBGKCkASygpAE0oKQBPKCkAUygr
213=ADsAe+EPPCgpAD0oKQA+KCkAPygpAEQoKQBFKCkASygpAE8oKwA8AHzpDD0oKQA+KCkAPygpAE
214=MoKQBLKCkATygrAD0AffEJPigpAD8oKQBFKCkASCgpAEsoKQBMKCkATygrAD4Afv0KPygpAEQo
215=KQBFKCkARygpAEgoKQBLKCkATSgpAE4oKQBPKCsAPwB/9Q1DKCkARygpAEgoKQBLKCkATSgpAE
216=4oKwBIAIDxCUsoKQBMKCkATSgrAEMAge0FSCgpAEsoKQBMKCsAQwCC7QVEKCkARSgpAEYoKQBH
217=KCkASCgpAEsoKwBDAIMoMAEnKQBFKFUARigpAEcoKQBIKCsARACE5QhFKCkARigpAEcoKQBIKC
218=sARQCF+QZGKCkARygpAEgoKwBGAIbtBUcoKwBIAEe0AgIFAFIAOqgBAgYAQgA+6wFMAEDrAUsA
219=QesBQwBC6QFEKCkASigrAEQASOEERSgpAEYoKwBJAEnjBEIASukBSygrAEEASyhUACcrAD4ATv
220=QCAkUARAAecAEEBQBFAEYAJKgBAkYARAAlqAEAA0kARQAlAAAAAAUARgBHACUAAAAABREAADUP
221=ACAOAEkASAAlAAAAAAUARABEACarAUcAResBRABH6wFHAEjoAQJEAEMAJ+wFJysARABFKFUARu
222=gBAkYAQwAorQVJKCsARQBF9wJGAEbpAUkoKAALNAA4ADEAAAACAgA/AD7rAUEAQ+sBRwBL6wFN
223=AFDrAToAUusBUwBV6wFXAFfrATUAOYgBAwUCAEIARCgpAEbrAUgATOsBTgBR6wE7AFPrAVQAVu
224=sBWABY6wE0ADeIAQMABgA/AD3rAUEAQusBRwBK6wFNAE/pATrIDAMABgBTAFT1AlfIDAEABgA1
225=3CABAwYAQNwgAQMGAELcIAEDBgBI3CABAwYATtwgAQMGADvcIAEDBgBU3CABAwYAWNwgDgMGAD
226=kAPAAyAAAAAQIAPQA96wFKAE/rAU8AUusBOQA7iAEBAAYAPdgGAwAGAEoATvcCTwBR6AECRQBK
227=ADW9NkbIAQMDAgBFAEmUAgEABgBGyAEFAQYANgA5ADavBVAAUusBVQBW6QE3wAQBAwIAUcAEAQ
228=MCAFbABAMDAgA2ADiMBQMABgBQAFHrAVUAVekBN8AEAQEGAFHABAEBBgBWwAQFAQYAOgA8ADev
229=EEsAT+kBO9QCAQMCAEzUAgMDAgA6ADuABAMABgBLAE7pATvUAgEBBgBM1AIFAQYAOAA5ADi/Kz
230=wAPOkBUigrAD4APfcCSQBM6wFBAE3rAVIAUuoBOABkAAUAAAAGADwAO5QCAQAGAFIoKQA+3AoD
231=AAYASQBL4QRB3AqNBVH0AgJPAD4AOacTQABN6wFOAD+IAZ1tTukBTswFlFqtBQBnKTwAOqcIPg
232=BP6wFQAD2IAQMCAgA9AFDqAVAArAWMR60FAGMlQgA7pwhEAErrAUsAQ4gBAwICAEMAS+oBSwCs
233=BQEABgBDzAUFAAYAWQBXADx4igQCAFMAOwA9qwFNAEHrAUIATOsBPABS6AECRAA+AD+jD0sARO
234=sBVQBR6AFsAmAEAwMCAEsARZQCAwMCAFUAUukBQ8QIhGB0BZkyVMQIkRQ/jQUCaGSlCAJ0cKUI
235=Am9zOABA7RBG6wE7ADmIAYEPR+oBOgCsBZQNrQUAcFasBYgMrAUFAgYATQBKAEG/CloAVesBTQ
236=BLiAEDAwIAWgBW6QFMzAWEKawFmDKtBQJ8K60FAnuKQABCvwpNAEzrAT0AUeoBTQCgBIQIoASE
237=VaEEAGN9NABFpwg6ADbrAVMAOesBQAA76AFwHM8FTABI9wJOAE3rAVkAU+sBNwA1igEFAoxweA
238=YDBQIAVAA69wJBADzrAUcAQesBTQBJ6wFPAE7rAVoAVOoBNQC9FQB8pLwVjGi8FZBhvBUDAAYA
239=RQBAmAaQgr0VAGwxvRUAcK68FZwgvRUEaTg3mQYEYL+9FQRovL0VBHykvRUEdGW9FQRsMb0VBG
240=Q0vRUEZ846AEa/K0QAPesBUQBP6wFVAFDqAT4ArAWEVawFlKetBQBkVawFizg6AEdlawacassB
241=RwBC9AJkfnUCAWnSPZUCAWjSoAQFAQYANwA2AEmnCFEAUOsBVQBT6AF8t2EEAXyZoASAtKEEAX
242=dlOgBKpwhEAEDrAU8AT+sBUwBQ6wFXAFPoAXF/S7gGAT4ASwDLAU0APYkBAWwmtAKYtmgEBQAA
243=AgYAPgBMgQQCd5w5AExwKnW9P+oBQQB2tQAAhRNP9AJ4nWwFgXJAlQICdTlK6wE6AFDrAVEAOo
244=kBA3wKrQUDfCusBYz3rAUFAwYATwA7AE23GEIASOgBAjQANABOtwJJAEHrATwATugBAk4APABP
245=ogQ9ACK0IY2UT9UCAXgctQIBZUo9jQUCcftO6AECUAA7AFGnCEwAP+gBfIvXAkkAQvcCQwBI6w
246=FCAEnrAUAAS+gBcBHZBlEjZCLbET0AUqsMTQA/6wFMAEHrAUoAQ+sBRABJ6wFCAEvoAXAnxgg8
247=ACIEIZwKAjkAOQBTvwpDAEToAXQr1wI5ADqVAgFhykXrAUoATegBAjQANQBU5QhG6wFTAFLrAT
248=QANogBhQhH6QFTIwgniEMCQQBAAFWnCEEAQYkBAW88PwBWtAIicSBXqAEBPQA7AMsBPwA86wFB
249=AD7rAUMAQ+sBRwBJ6wFKAEvrAU0ATusBTwBQ6wFTAFHrAVcAVegBAjYANgBYow86ADrrAT4AO+
250=sBQAA96wFDAEDrAUYAQusBSgBI6wFMAE3oAWRH3wpQAFD3AlQAU+gBAi0AVgBZYA8CAgBZAF/p
251=AS7VAgF007QCAwECAC0AV4EEAm0FYOkBLtQChNm0AgUDAgBeACsAWr8KMQBX6wFdAF7pAV/ABA
252=EBAgAywQQBeAagBIkBLIwFAwICADEAWOsBXQBf6gFfAKEEA2QIoASAD6EEA38VIQBbrxBZACrq
253=AS4AtAKMG7QCjRsigASNGyvqAS4AtAKMG7QCBQMCAC8AIQBcvwpdACvrAV8AXusBLwAiiAEDAQ
254=IAXQAs6wFfAF/oAQIrACAAXacIWwAq6wEvAFbpASzABAEBAgBcwAQBAQIAMMAEAwECACsAIYwF
255=AwICAFsAK+sBLwBX6QEswQQDZAihBANkCKEEA2UIIo0FBGUILOsBLwBY6gEsAKEEBWQIoQQFZA
256=ihBAV7Bl4AXrYYXACpAQF0AmQhI4o4XACpAQN1AmCNBQRwCagBBQUCACkAJABhpAh4JMkBKtQC
257=mTJcgQQBbQUliwECAgBwEWwFAgICACoAtAKZPV2BBANvBSIAYr8KVwAs6wErAFjqASoAoAQBAQ
258=IAWMEEAXwKoASVDSOMBQMCAgBXAC3rASsAWeoBKgChBANkCKEEA2QIoQQDewZhAGOuEFgAqQEB
259=dQJilQICeAaoAY8FLgBkrwUsAF7qAVgAtAKcILUCASKfNS8AZa4FVwCoAZQYqQECYQQwgAScCq
260=kBBHQNqAGXLiYAZqQIcHTLAVcAY/YCKgCgBIkiWpQCiAygBJRPoAQCAgIALQCgBIBnoQQCYTAn
261=mAadTFvrAVcAZOoBKgChBARsJqAEkBShBAR4U6EEBWgMoQQFfI6hBAV7BigAarQYIrg/ywFdAG
262=b2Ai0AoQQBeQYxlAKYiqAEjRsplAKNMTLrAV0AZ+oBLQChBANkCKAEhIygBJtpXgBrrhAxAKkB
263=AWlkX5QChJeoAZdwMgBsrwUyAF7rAVoAZesBXAAziAGFol/oAXQreAYFAQIALgAnAG2nCF0AMe
264=sBLgBe6QEvwASYHKAEAQECAC/ABIUIKI0FAmGTMusBLgBf6gEvAKAEmBygBICeoQQDbRApjQUE
265=ZQgz6wEuAGDqAS8AoQQFcLmhBAVsEKEEBWPKMQButxhbAGUoKAC0AoCetAKBtDKABJWcZigoAL
266=QCkCq0AoG0M4AEnZlnKCgAtAKQmLQCBQUCAGAAYgBxrRBhyQEBdQJjlgICApx1YQQDdwJgAHLs
267=BagBjQVhlAKMBagBBQMCAF8ALwBzrQVgyQEBdQIwlQICcAmoAY/WWwB0rgUzAKgBj0cjAHW3Aj
268=IAXOoBMQC0AgEBAgAz1AKURLQCAQICADTVAgJ1TySYBokMXeoBMQC1AgRkCLUCBHzmtQIFZAi0
269=Aou8JQB2rxBfAC3rATIAWesBXwBk6gExAKwFiCKsBZAUrAWUAqwFnBWsBYwmrAWIF6wFlAKsBZ
270=UYJogMkSou6wEyAFrrAV8AZeoBMQCtBQR8K6wFmBysBZQCrAWEHq0FBWw8rAWQH6wFlAKsBZ+k
271=IAB5vyBXACooKQBf6gEqAKAEkKOgBIgBoASVyCGMBZXIKygpAGDqASoAoASUyKAEiAGgBJenVg
272=B6rhAsAKgBna9XlAKM4akBA2/hKAB7rAUiLFTLASwAX/cCWABl6gErAKwFidIxlAKYzKwFiKat
273=BQF9CimABI3LMusBLABg6wFYAGbqASsArAWQz6wFiPOsBYCprAWDOzEAfb4VYACoAZVlMpQClG
274=WoAYetJwB+rwUzAF7rAV8AZuoBMQChBAFoWaAElE+gBIVrKI0FAmVgX+sBXwBn6gExAKEEA2QI
275=oASYf6AEiwErAH+uEGEAqAGJDCyUApxXqAGfFSEAgK8FMwBX6AEi4CPWAjEAoAScFaEEAW1SXo
276=wFnRUiiAGdFVjrAWAAX+oBMQCgBJwVoQQDZAigBAUDAgBIABEAg68QRwAS6QFIKCsARwATKFQA
277=KSkAFChVABXrATgAFusBNwAX6QE4KCkATigpAE8oKwBOABjtBU8oKwBOABn3Ak4AGusBPQAd6Q
278=E+KCsAMwAe9QI0KCkANSgpAD4oKwA1AB/vBU4AIukBTygrAE4AIyhUACcpAFAoVwBTACnhBFQo
279=KQBVKCsAVAAq4QRVKCsAVAAr9wIqACzrASUANOsBFwA26QEZKCkAGigpABsoKQBiKCsAGAA3KN
280=gAJykAGihVABsoKQBhKCkAYigrABkAOOUIYSgpAGIqKQA54wRoADwoKQA96gFpACcpAGooKwBo
281=AEMogAAnKQB0KFcAIQBE4wQgAEXpASEoKQAiKCkAIygrABIARu0FEygpACEoKQAiKCkAIygrAB
282=IARyjYACcpABQoVQAVKCkAISgpACIoKwAqAEznCBcATekBGCgpABkoKQAaKCkAGygpACQoKwAX
283=AE4oBAEnKQAZKFUAGigrABcAT+0FGigrACoAUfUCKygrACoAUihUACcpACwoVQBvKCsAKgBT7Q
284=VoKCkAaSgpAG8oKQBwKCkAcSgrACQAVecIJABW6wFsAFnpAW0oKwBsAFr3AmAAW+sBYwBdKCkA
285=XusBPABf6QFTKCkAVCgpAGMoKQBkKCsAOwBg+QY8KCkAPSgpAGMoKwA7AGEorAAnKQA9KFUAPi
286=grADUAZ+0FNigpAD0oKQA+KCsANgBo7QU+KCkARCgrAD4AaeEERCgpAEUoKwBXAGrjBFcAa+kB
287=WCgrAEQAcPcCVABx6QFVKCsAVAByKFQAJygAAkcAEQCFt703ABbpAU4oKwAvABz1AjAoKQA9KC
288=sANAAd4wQsAB7rAU4AIesBUQAj6QFSKCkAWCgpAFkoKwBSACjtBVMoKQBUKCkAVSgpAFYoKwAp
289=ACv7BhoANekBGygrABgANvUCYSgrAGkAPPcCawA96wFmAELpAWcoKQBoKCkAaSgpAGooKQBxKC
290=kAcigpAHMoKQB0KCkAdSgrACIARPcNFABG6wElAEfrARgATOkBGegBAAICABoATACFAAAAAAIA
291=GwBMAIUAABEAAOcOACAIAAACACMATACFAABpASQoKwAqAFD3AiwAUesBcABS6QFxKCsAagBT9w
292=IkAFTrAWwAWOkBbSgpAG4oKwBiAFzjBFQAXusBOwBf6wE+AGDrATIAYesBNABm6QE1KCkANigp
293=ADcoKQA6KCkAOygpADwoKQA9KCkAPigrAEQAZ+sMWABq6wFUAHDpAVUoKQBWKCgAAkkAEgCGpy
294=lJABMoKQAUKCkAFesBOQAW6QFJKCsAOQAX9wJPABkoKQAa6wE+ABzrASgAKCgpACnqAVYAJysA
295=IAAw9wIcADbpASQoKQBjKikAN+MEYwA4KCkAOSgpADrqAWgAJysAYwA7KFQAJysAJABG9wIlAE
296=3rARsATukBJSgrAC0AUvcCcgBT6wEqAFTrASUAVSgpAFYoKQBXKCkAWOoBZwApKQBZ9gJuACcr
297=AGcAWvcCbABb6wFVAF7pAWQoKwBUAGAoVAAnKwA/AGEoVAAnKwA3AGf1Aj8qKQBo9gJFACcrAD
298=8AafUCVygrAD8AavcCWQBr6wFPAG4oKQBvKCkAcOsBRABx6QFWKCsARABy9AICSQARAIevUjkA
299=FesBTwAW6wFQABfrATUAHekBPygrAC0AHvUCNigrAE8AIfcCUAAi6wFTACPpAVooKwAoACf3Ai
300=oAK+sBJQAz6wEcADXpAWMoKwBoADn3AmoAPOsBdgBC6wEjAETrARMARekBJCgrABUARvcCJgBH
301=6wEqAEvrARwATOkBJSgrACsAUPcCLQBR6QFvKCsAaQBS9QJyKCsAawBT9wIlAFTrAWEAW+sBYw
302=Bc6wFkAF3rAT0AX+sBPwBg6wEzAGHrAT8AZusBRQBn6wFXAGjrAVkAausBUQBr6wFPAG3rAUQA
303=b+gBAkgAFgCIv0E2ABjpATcoKQA4KCsATgAb4wQ9AB7rAS0AH+kBNCgrAE4AJPUCTygpAFAoKQ
304=BRKCkAUigpAFgoKQBZKCsAHwAx8wkYADjpARooKwBhADn3AmgAPukBaSgpAGooKwBmAEPhBGco
305=KQByKCkAcygpAHUoKwAjAEf5BiQoKwASAEj1AhMoKQAUKCkAICgpACEoKwAYAE/5BhkoKwArAF
306=P1AiwoKwBpAFT1AmooKQBuKCkAbygpAHAoKQBxKCsAbQBa5whfAFzpAWAoKQBhKCsAMQBi4QQy
307=KCkAMygpADooKQA7KCkAPCgpAD0oKQA+KCsAOwBn/Qo8KCsANQBo9wI+AGrpAUQoKwBWAGz1Al
308=coKQBYKCkAWSgrAFQAc+wFAi4AHACJtVoxKCsAKwAe9wJXACjrASsALOsBHgAx6wFwAELrASIA
309=TOsBMABi6wEzAGbpATgoKQA5KisAGACKrhBQACcrAE8AG/cCMAAd6wE/AB7rATYAH+sBUwAk6Q
310=FaKCsAVgAq9wJVACvrASwALOkBVCgrACAAMfcCJQA16wEcADfpASQoKwAbADj3AmsAPusBagBD
311=6QF2KCsAaQBE9wIVAEjpASIoKQAmKCsAHABN4QQqKCsAGwBP9QIlKCsALQBT9wJrAFTpAXIoKw
312=AqAFX3Am4AWusBbABc6wFVAF/rAVQAYesBPwBi6wE3AGjrAUUAausBUQBs6wFWAHLrAUQAc+kB
313=VSgoAAIyABwAi6M7LgAf6wFYACjrASYANOsBbAA96wFrAELrARYAR+sBKwBM6wFvAFjrAWUAX+
314=sBNABi6wFGAGnrAVoAbOsBRQBw6QFXKCgAAkYAEgCMsxRHABQoKQAV6wFNABbrATYAF+kBTSop
315=ABgoVQAZKCkAGigpABvrATwAHSgpAB7rAU0AISgpACIoKQAj6wEnACjrAVMAKigpACvrASQANC
316=gpADXrARcAN+kBYCopADj3AmIAOukBZyopADsoVQA8KCkAPesBIABG6wERAEfpASAoKwApAEz3
317=AikATesBFgBO6QEkKCsAKQBQ9wIpAFHpAW4oKwApAFIoVAAnKwApAFMoVAAnKwApAFT3AiMAVe
318=sBJABX6wFmAFnpAWsqKQBaKFUAWygpAFzrAWIAXSgpAF4oKQBf6wE6AGDpAVMoKwA6AGH3AjQA
319=Z+kBQygrAD0AaChUACcrAD0AaShUACcpAFYqVQBq4gRWACkpAGv3Ak4AbigpAG/rAUMAcCgpAH
320=HqAVMAJysAQwByKFQAJysAQwBz9AICRgARAI23ZTgAFesBNgAW6wE8ABzrATMAHesBVwAj6wEn
321=ACfrAR8AMOsBJAAz6wEZADXpAWIoKwAjADb1AmAoKwBnADn3AmUAQusBIABE6wESAEXrAREARu
322=sBKQBL6wEXAEzrARYATesBaABS6wEjAFTrAWYAWOkBaygrAF8AW/cCUwBe6wE6AF/rATEAYesB
323=VgBo6wFQAGvrAU4AbesBQwBv6wFTAHDoAQJJABcAjrcuTQAg6wEoACrrASAALigpAC/rASkATi
324=gpAE/rASUAWSgpAFrqAWAAJysAJQBb9QJnKCsATwBx9wJDAHToAQJIABAAj+UTFesBPgAb6wFN
325=AB/rASwAK+sBIAAt6wEXADXrASEAQ+sBbgBQ6wFnAFfrAWAAWesBVQBd6wE8AF7rAUMAZugBAk
326=YAEwCQpxNHABbrAS8AHesBLAAf6QEzKCsATQAk9QJXKCsAJwAp9QJSKCsAKAAr9wIpACzpAVMo
327=KwAjADf3AhcAOOsBYAA56wFiADvrAWcAPusBZQBD6QFxKCsAaABE9wIRAEjpASUoKwAjAE33Ah
328=YAT+kBJCgrAGgAVPcCKQBV6wEjAFbrASQAWOsBZgBa6wFiAGDrAVMAYekBYygrADoAZ/cCNABo
329=6wE9AGrrAVAAbOsBTgBw6wFTAHPoAQI1ABgAkbM1LQAc6wEqAB7pATIoKwBRACj3Ah0AMesBFg
330=A26wFvAELrAR8ARSgpAEjrASEATOsBZwBT6wFtAFTrAV4AXOsBUgBf6wEvAGLpATkoKwAyAGb3
331=AlUAbOgBAkkAGACSoxpNABzrATwAH+kBPigrADUAIPcCKgAt6wEZADnrAWMAPOsBdABE6wEXAF
332=DpARooKwAlAFz1AmcoKwBrAF33AmQAYusBNgBp6wE/AGvpAUMoKwBPAHIoVQB16AECQAAZAJWv
333=G1EAH+sBGwBB6wEdAE/rAT0AbekBQdgGAQECAFLYBgEBAgAc2AYBAQIAHtgGAQECAD7YBgMBAg
334=BAABqECAMCAgBRACDrARsAQusBHQBQ6wE9AG7pAUHZBgN0DbkGA3QNuQYDdA25BgN0DbgGBQMC
335=AG0ARwCWrxtIAG/pAW7UAgEBAgBJ1QIBbQVIgAQDAgIASABw6gFuALUCA2wFtAIFAwIAcAA5AJ
336=e9CnHIAQMBAgBxADqUAoMPPACcogRuAKgBiQw9lAICAgIAbgCoAQUDAgBqAEUAoq0Fa8gBAwEC
337=AGsARpQCCAMCAHIASwCjAAAAiQxMiQECdAKoAQUDAgBCABkAqKcIUQAd6wEbAD/rAR8AT+sBPQ
338=Br6QFD2AaIOLgGiDi4Bpw2rQUBaQwamAadNh7rARsAQOsBHwBQ6wE9AGzqAUMAuAacNrgGnDa4
339=BpA1rAUFAwIASgBwAKm7HEkAcYkBAnQCqAGbHB0ArLocQwCoAYUTHpQCAgICAEMAqAEFAwIAHQ
340=BBAK2tBR7JAQF1AkKVAgJgRqgBkzVFAK6vBUgAbeoBbgC0ApREtAKJOEaABJVEbuoBbgC0ApRE
341=tAIFAwIAbwA6ALuhGnDIAYU/O5QCgASpAQRkSqkBBXkGPIAEBQcCAGkARgDCpQhqyAEDAgIAaA
342=BHlQIDYASpAQR4SKkBBWEESIEEBmAEqQEHdQJJlQIJdAKoAQUKAgBTAB8Ax7MfBAA/6QEXKCsA
343=cwBL9wI5AGvrAUQAbekBVMQIAQECAAXYBgEBAgAYKCkAdMQIAQECADrECAEBAgBFxAgBAQIAVc
344=QIAQICAAbYBgECAgAZKCkAdcQIAQICADvECAECAgBGxAgBAgIAVsQIAQMCAAfYBgEDAgAaKCkA
345=dsQIAQMCADzECAEDAgBHxQgDfSAggBoDBAIABABA6QEXKCsAcwBM9wI5AGzrAUQAbuoBVAClCA
346=V8IKUIBXwgJykAdMUIBXwgpQgFfCClCAV8IKUIBnwguQYGfCAnKQB1xQgGfCClCAZ8IKUIBnwg
347=pQgHfCC5Bgd8ICcpAHbFCAd8IKUIB3wgpQgHexEdAMi/QVcAH+sBEwA/6wF3AEvrATUAa+oBRg
348=C4BgEBAgBY2AYBAQIAFNgGAQECAHjYBgEBAgA22QYBYA+4BgECAgBZ2AYBAgIAFdgGAQICAHnY
349=BgECAgA32AaIb7gGAQMCAFrYBgEDAgAD2AYBAwIAFigpAHrECAEDAgA4xQgDeRweiBcDBAIAVw
350=Ag6wETAEDrAXcATOsBNQBs6gFGALkGBXgcuQYFeBy5BgV4HLkGBXgcuQYFeBy5BgZ4HLsGBgIA
351=dOFpLQZkHqUIBmQepQgGZB6lCAZo0qUIB2QepQgHZB65BgdkHicpAHrJFwdkHqQIBQcCAFsAHw
352=DJozsPAD/rAXsAS+sBMQBr6QFczAUBAQIAEMwFAQECAHzMBQEBAgAyzAUBAQIAXcwFAQICABHM
353=BQECAgB9zAUBAgIAK8wFAQICADMoKQBe2AYBAwIAEtgGAQMCAH7YBgEDAgAszAUBAwIANCgrAF
354=sAIJAUAwQCAA8AQOsBewBM6wExAGzpAVzNBQV0GK0FBXQYrQUFdBitBQV0GL0KBnQYrQUGdBit
355=BQZoF6wFAQYCAF7dCgdoF60FB2gXrQUHaBetBQdoFycoAAJfAB8AyqMwCwA/6wF/AEvrAS0Aa+
356=kBDMAEAQECAIDABAEBAgAuwAQBAQIADcAEAQICAIHABAECAgAvwAQBAgIADsAEAQMCAILABAED
357=AgAwwAQDAwIAXwAglA0DBAIACwBA6wF/AEzrAS0AbOkBYMwFAQUCAAzNBQVkE60FBWQTrQUFZB
358=OxCQZkE6EEBmQToQQGZBOhBAd4EbQCBQcCAAgAPwDLtSMJyAEBAQIACskBAmEEQIAEAgMCAAkA
359=qQEEYASoAQUFAgBOAB0AzKcIHwBB6QFP1AIBAQIAINQCDwECAE4AHgDMAAAAAgIAHwBCABEAAO
360=gMACAIzAAAAAICAE8AHgBoAQMDAgAgAELoAQlEAB0AzQAAAAACAFAoKwBsAEX3AkQAHokBAWAE
361=JysAbABG9AICIQBBAM+lCCLIAQEBAgAjyAEDAgIAIQBCgAQBAwIAIskBBGAEtAIOBQIAbwBIAN
362=gAAAABAgBuAEmJAQR0AqgBAQUCAHDVAgZ1AkqBBAl0AqgBAgoCAHEAqQELdQJLgQQOdAKoAQUP
363=AgBAABUA6LMUcAA16wEdAETrAR8AUesBSQBy6wFBAAGIAQEBAgBBxQgBfAqkCAEBAgAexQgBcC
364=qkCAEBAgBKxQgBYQ8ChQgCaQEW6wFwADbrAR0AResBHwBS6wFJAHPqAUEApQgDbBClCANsEKUI
365=A2wQpAiAO6UIA2wQpQgDYQ8DkQkEaQEX6wFwADfrAR0ARusBHwBT6wFJAHTqAUEApQgFbBClCA
366=VsEKUIBWwQpQgFfCClCAVsEKUIBWEPBJEJBmkBGOsBcAA46wEdAEfrAR8AVOsBSQB16gFBAKUI
367=B2wQpQgHbBClCAdsEKUIB2wQpQgHbBClCAdjDwUA6bNAQAAR6wFwADHrAR8AVesBSQB2KCkAgu
368=oBQQCkCJxBpAicQaQIkECkCJBApAiIAaQInUEGkAmdQRLrAXAAMusBHwBW6wFJAHcoKQCD6gFB
369=AKQInEGkCJxBpAiQQKQIkECkCIgBpAidQQeQCZ1BE+sBcAAz6wEfAFfrAUkAeCgpAITqAUEApA
370=icQaQInEGkCJBApAiQQKQIkUAIhAiRQBTrAXAANOsBHwBY6wFJAHnqAUEAuAaEP7gGhD+4Bpg9
371=uAaYPbgGmz0NAOq7PR8AWesBSQB66gFBAKAEnDagBJA1oASRNQ6MBQMCAgAfAFrrAUkAe+oBQQ
372=CgBJQuoASILaAEiS0PjQUEZQhb6wFJAHzqAUEAoASMJqAEjCagBI0mEI0FBmUIXOsBSQB96gFB
373=AKAEnCCgBJwgoASfIAkA6/0gXesBSQB+6gFBAKAEnCCgBJwgoASdIAqMBZ0gXusBSQB/6gFBAK
374=AEnCCgBJwgoASdIAuMBZ0gX+sBSQCA6gFBAKAEnCCgBJwgoASdIAyMBQMGAgBJAIHqAUEAtAKR
375=H2CUApAfoAQFBwIAQgAbAO2zH20AQ+sBHQBN6QFDwASQz6AEnLqhBAFlCByMBQMCAgBtAETrAR
376=0ATuoBQwChBAN416AElLKhBANr0jAA7q8QHQBD6QEeyAEFAQIASABsAO+hBEnIAZcCaADw9AKo
377=AZUCaZUCAnwgqQEDZQhqlQIEdAKpAQV1AmuUAowmqAGLIh8A874KQwCoAZkcIJQCAgICAEMAqQ
378=EDcR8hlQIEdAKpAQV1AiKUAgYGAgApABkACQEj/SAqKCkAKygpACwoKQAtKCkALigpAC8oKQAw
379=KCkAMSgpADIoKQAzKCkANCgpADUoKQA2KCkANygpADgoKQA5KCsATgAl6RdPKCkAUCgpAFEoKQ
380=BSKCkAUygpAFQoKQBVKCkAVigpAFcoKQBYKCkAWSgpAFooKQBbKCkAXCgpAF0oKQBeKCkAXygp
381=AGAoKQBhKCkAYigpAGMoKwAQADLlHhEoKQASKCkAEygpABQoKQAVKCkAFigpABcoKQAYKCkAGS
382=gpABooKQAbKCkAHCgpAB0oKQAeKCkAHygpACAoKwBoAD/pF2koKQBqKCkAaygpAHAoKQBxKCkA
383=cigpAHMoKQB0KCkAdSgpAHYoKQB3KCkAeCgpAHkoKQB6KCkAeygpAHwoKQB9KCkAfigpAH8oKw
384=AJAEntGwooKQALKCkADCgpAA0oKQAOKCkADygpABAoKQARKCkAEigpABMoKQAUKCkAFSgpABYo
385=KQAXKCkAGCgpABkoKQAaKCkAGygpACAoKQAhKCkAIigpACMoKQAkKCsAawBV/SBsKCkAbSgpAG
386=4oKQBvKCkAcCgpAHEoKQByKCkAcygpAHQoKQB1KCkAdigpAHcoKQB4KCsAIwBj5RMkKCkAJSgp
387=ACkoKQAqKCkAKygpACwoKQAtKCkALigpAC8oKQAwKCkAMSgpADIoKQAzKCkANCgpADUoKQA2KC
388=kANygpADgoKQA5KCkAOigpADsoKQA8KCkAPSgpAD4oKwBTAG3pIlQoKQBVKCkAVigpAFcoKQBY
389=KCkAWSgpAFooKQBbKCkAXCgpAF0oKQBeKCkAXygpAGAoKwAoABqFEwF00ycpACooVQArKCkALC
390=gpAC0oKQAuKCkALygpADAoKQAxKCkAMigpADMoKQA0KCkANSgpADYoKQA3KCkAOCgpADkoKwBO
391=ACb1GE8oKQBQKCkAUSgpAFIoKQBTKCkAVCgpAFUoKQBWKCkAVygpAFgoKQBZKCkAWigpAFsoKQ
392=BcKCkAXSgpAF4oKQBfKCkAYCgpAGEoKQBiKCkAYygrAA8AM+UeECgpABEoKQASKCkAEygpABQo
393=KQAVKCkAFigpABcoKQAYKCkAGSgpABooKQAbKCkAHCgpAB0oKQAeKCkAHygpACAoKwBoAED1GG
394=koKQBqKCkAaygpAHAoKQBxKCkAcigpAHMoKQB0KCkAdSgpAHYoKQB3KCkAeCgpAHkoKQB6KCkA
395=eygpAHwoKQB9KCkAfigpAH8oKQCAKCsACgBK+RwLKCkADCgpAA0oKQAOKCkADygpABAoKQARKC
396=kAEigpABMoKQAUKCkAFSgpABYoKQAXKCkAGCgpABkoKQAaKCkAGygpACAoKQAhKCkAIigpACMo
397=KQAkKCsAawBW8R9sKCkAbSgpAG4oKQBvKCkAcCgpAHEoKQByKCkAcygpAHQoKQB1KCkAdigpAH
398=coKwAkAGT5ESUoKQApKCkAKigpACsoKQAsKCkALSgpAC4oKQAvKCkAMCgpADEoKQAyKCkAMygp
399=ADQoKQA1KCkANigpADcoKQA4KCkAOSgpADooKQA7KCkAPCgpAD0oKQA+KCsAUwBu/SBUKCkAVS
400=gpAFYoKQBXKCkAWCgpAFkoKQBaKCkAWygpAFwoKQBdKCkAXigpAF8oKwAnABuYEQECAgAoKCkA
401=KSgpACooKQArKCkALCgpAC0oKQAuKCkALygpADAoKQAxKCkAMigpADMoKQA0KCkANSgpADYoKQ
402=A3KCkAOCgpADkoKwBOACfhGk8oKQBQKCkAUSgpAFIoKQBTKCkAVCgpAFUoKQBWKCkAVygpAFgo
403=KQBZKCkAWigpAFsoKQBcKCkAXSgpAF4oKQBfKCkAYCgpAGEoKQBiKCkAYygpAGcoKwAOADTxHw
404=8oKQAQKCkAESgpABIoKQATKCkAFCgpABUoKQAWKCkAFygpABgoKQAZKCkAGigpABsoKQAcKCkA
405=HSgpAB4oKQAfKCkAICgrAGgAQeEaaSgpAGooKQBrKCkAcCgpAHEoKQByKCkAcygpAHQoKQB1KC
406=kAdigpAHcoKQB4KCkAeSgpAHooKQB7KCkAfCgpAH0oKQB+KCkAfygpAIAoKQCBKCsACwBL5R4M
407=KCkADSgpAA4oKQAPKCkAECgpABEoKQASKCkAEygpABQoKQAVKCkAFigpABcoKQAYKCkAGSgpAB
408=ooKQAbKCkAICgpACEoKQAiKCkAIygpACQoKwBrAFflHmwoKQBtKCkAbigpAG8oKQBwKCkAcSgp
409=AHIoKQBzKCkAdCgpAHUoKQB2KCsAJQBl7RApKCkAKigpACsoKQAsKCkALSgpAC4oKQAvKCkAMC
410=gpADEoKQAyKCkAMygpADQoKQA1KCkANigpADcoKQA4KCkAOSgpADooKQA7KCkAPCgpAD0oKQA+
411=KCsAUwBv8R9UKCkAVSgpAFYoKQBXKCkAWCgpAFkoKQBaKCkAWygpAFwoKQBdKCkAXigoAAI6AA
412=gACiSLTjoACSgpAArqAUoAJysAOgALKFQAJysAOgAMKFQAJysAOgANKFQAJysAOgAOKFQAJysA
413=OgAPKFQAJysAOgAQKFQAJysAOgARKFQAJysAOgASKFQAJysAOgATKFQAJysAOgAUKFQAJysAOg
414=AVKFQAJysAOgAWKFQAJysAOgAXKFQAKSkAGChVABkoKQAaKCkAGygpACDrASEAIekBSigrACEA
415=IihUACcrACEAIyhUACcrACEAJChUACcpAGQoVwAhACXjBCEAJigpACcoKQAo6gFkACcrACEAKS
416=hUACcrACEAKihUACcrACEAKyhUACcrACEALChUACcrACEALShUACcrACEALihUACcrACEALyhU
417=ACcrACEAMChUACkpADEoVQAyKCkAMygpADQoKQA1KCkANigpADcoKQA4KCkAOSgpADooKQA7KC
418=kAPCgpAD0oKQA+6wEmAEwoKQBNKCkATigpAE8oKQBQKCkAUSgpAFIoKQBTKCkAVCgpAFUoKQBW
419=KCkAVygoAAADWAAKAQAAAAIAJgBZAAoBAAAAAgBoEQAATQ4AIA0AWQAKAQAAAAIAJgBaAAoBiQ
420=FoKCsAJgBbKFQAJysAJgBcKFQAJysAJgBdKFQAJysAJgBeKFQAJysAJgBfKFQAJysAJgBgKFQA
421=JysAJgBhKFQAJysAJgBiKFQAKSkAYyhVAGQoKQBl6wEmAGbpAUAqKQBnKFUAaCgpAGkoKQBqKC
422=kAaygpAHAoKQBx6gFQACcrAEAAcihUACcrAEAAcyhUACcrAEAAdChUACcrAEAAdShUACcrAEAA
423=dihUACcrAEAAdyhUACcrAEAAeChUACcrAEAAeShUACcrAEAAeihUACcrAEAAeyhUACcrAEAAfC
424=hUACcrAEAAfShUACcrAEAAfvcCQAB/KCkAgOsBOwAHiAEDAQIAOwAIKCkACSgpAAooKQAL6gFL
425=ACcrADsADChUACcrADsADShUACcrADsADihUACcrADsADyhUACcrADsAEChUACcrADsAEShUAC
426=crADsAEihUACcrADsAEyhUACcrADsAFChUACcrADsAFShUACcrADsAFihUACcrADsAFyhUACkp
427=ABgoVQAZKCkAGigpABvrASIAIOkBSygrACIAIShUACcrACIAIihUACcrACIAIyhUACcrACIAJC
428=hUACcrACIAJfcCIgAmKCkAJygpACjqAWUAJysAIgApKFQAJysAIgAqKFQAJysAIgArKFQAJysA
429=IgAsKFQAJysAIgAtKFQAJysAIgAuKFQAJysAIgAvKFQAJysAIgAwKFQAKSkAMShVADIoKQAzKC
430=kANCgpADUoKQA2KCkANygpADgoKQA5KCkAOigpADsoKQA8KCkAPSgpAD7rAScATCgpAE0oKQBO
431=KCkATygpAFAoKQBRKCkAUigpAFMoKQBUKCkAVSgpAFYoKQBXKCkAWCgpAFnpAWnc0AEBAgAn0M
432=8BAQIAaSgpACfc0JQCvNCMBbDPlAInKQAn3NCUArzQjAWwz5QCJykAJ9zQlAK80IwFsM+UAicp
433=ACfc0JQCvNCMBbDPlAIpKAC80JQCvNCMBbDPAQECAEHQz5QCsM+UAikoALzQlAK80IgBvNCIAb
434=zQiAG80IgBsM8BAQIAUdzQlAKwz5QCJykAQdzQlAK80IwFsM+UAicpAEHc0JQCvNCMBbDPlAIn
435=KQBB3NCUArzQjAWwz5QCJykAQdzQlAK80IwFsM+UAicpAEHc0JQCvNCMBbDPlAInKQBB3NCABL
436=DPiAGwz4gBsM+JAYHjUTwABogBAQICADzI0ogBqNKIAajSiAGo0ogBvNCIAbDPAQICAEzI0pQC
437=sM+UAicpADzc0JQCvNCMBbDPlAInKQA83NCUArzQjAWwz5QCJykAPNzQlAK80IwFsM+UAicpAD
438=zc0JQCvNCMBbDPlAInKQA83NCUArzQjAWwz5QCKSgAvNCUArzQiAG80IgBvNADAgIAIwAf9i4j
439=AKjSgAQnKQAjyNKUAqjSmAa80JQCJykAI8jSlAKo0owFvNCUAicpACPI0oAEqNKIAajSiAG80A
440=ECAgBmyNKUArzQlAInKQAjyNKUAqjSjAW80JQCJykAI8jSlAKo0owFvNCUAicpACPI0pQCqNKM
441=BbzQlAInKQAjyNKUAqjSiAGo0ogBqNKIAajSiAGo0ogBqNKIAajSiAGo0ogBqNKIAajSiAGo0o
442=gBqNKIAajSiAGo0ogBqNIBAgIAKMjSiAGo0ogBqNKJAU/qQygAqNKUAqjSiAGo0ogBqNKIAajS
443=iAGo0ogBqNKIAajSiAGo0ogBqNIBAgIAasjSlAIkaDSUAicpACjI0pQCqNKMBbzQlAInKQAoyN
444=KUAqjSjAW80JQCJyoAKAC80JQCJykAKCVoNJQCqNKECLzQlAInKQAoJWg0lAKo0ogBqNKYBrzQ
445=AQICAELc0JQCsM+UAicqACgAvNCUAikoAKjSlAKo0ogBqNKIAajSiAGo0gECAgBSyNKUArzQlA
446=InKQBCyNKUAqjSjAW80JQCJykAQsjSlAKo0owFvNCUAicpAELI0pQCqNKMBbzQlAInKQBCyNKU
447=AqjSjAW80JQCJykAQsjSlAKo0owFvNCIASQQNIgBvNCIAbzQiAG80IgBvNCJAYL4XgJkACUACy
448=RjPiYAY+kBZdQCI/wgtQIBeGmoAQMCAgBkACaNBQMiaT9k6QFl1QIEIqAltQIEaJutBQVkCLUC
449=BWUIJ5kGBmUIZeoBZQC1AgdkCLUCB2QItQIIZAi0AgUIAgBKACUAEqsXZAA/6QFL1AIBAQIAZd
450=UCAXDlrAWcg6wFAQICAE3MBQEDAgBnzQUDfQomkQkEcRRA6gFLALUCBXwKtQIFfAq1AgZwFLUC
451=BnwKtQIHfAq1Agd9CieRCQh9CkHqAUsAtQIJfAq1Agl8CrUCCnwKtQIKfAq1Agt8CrQCBQsCAC
452=UASQATvyA/AGPpASbUAgEBAgBA1AKUOa0FAiKMKKwFjHO1AgNkdrUCA30KSpAJAwQCAD8AZOoB
453=JgC1AgV8CrUCBXA1tQIGfAq1AgZwNbUCB3wKtQIHfQpLkQkIfQpl6gEmALUCCXwKtQIJfAq1Ag
454=p8CrUCCnwKtQILfAq0AgULAgA6ABgAFb8gIQAx6QE71AIBAQIAItUCASL4JawFiN2tBQJlCBmY
455=BgMDAgAhADLqATsAtQIEZAi1AgRkCLUCBSKAIbUCBWUIGpkGBmUIM+oBOwC1AgdkCLUCB2QItQ
456=IIZAi1AghlCBuZBgllCDTqATsAtQIKZAi1AgpkCLUCC2QItAIFCwIAaABVABa/IFAAbekBadQC
457=IyArtQIBfNCsBYSMtQICZQhWmAYDAwIAUABu6gFpALUCBCLwL7UCBGQItQIFfK+1AgVlCFeZBg
458=ZlCG/qAWkAtQIHZAi1AgdkCLUCCGQItQIIZQhYmQYJZQhw6gFpALUCCmQItQIKZAi1AgtkCLQC
459=DgsCAG0APgAaAQAAAQIAHQBI6QFu1AIBAgIAHtQCAwICAGwAP4AEAwQCABwASekBbdUCBWQItA
460=IBBQIAbtUCBmQItAIBBgIAb9QCAQcCAB/FCAd9CkCRCQh9CkrqAW0AtQIJfAq1Agl8CrUCCnwK
461=tQIKfAq1Agt8CrUCC30KQZEJDH0KS+oBbQC1Ag18CrUCDXwKtQIOfAq1Ag58CrUCD3wKtQIPbS
462=ZCkQkRZQhM6gFuALUCEmQItQISf5kcAB2/K0AAbOoBSwC0AoSMtAIjVCy0AoSMtAIDAwIASQAd
463=mQYFZYFt6QFK1QIGZIG0AgEGAgBL1QIHZIG1Agd8pKUICGSBtQIIfKS0AgIJAgBDALUCCXUNHo
464=kMCnUNbuoBSgC1Agt0DbUCC3QNtQIMdA21Agx0DbUCDXQNtQINdA21Ag50DbUCDnUjH4kMEH0K
465=b+oBSwC1AhF8CrUCEXwKtQISfAq0AgUSAgArACMAHr94LgAl6wFZACwoKQAv6gFdACcrAC0AWP
466=cCXgBg6wFZAGHrAV0AZOkBLMgMAQECAC/IDAEBAgBayAyIAbwKAQECAF7IDAEBAgAuyAwBAQIA
467=X8gMjAWoDIwFqQwBdRgklQ0CeQYm6wFZAC0oKQAw6gFdACcrAC0AWfUCXsgXAwICAFkAYvcCXQ
468=Bl6gEsAKkMA3QYqQwDdBioDIgBvQoDdBgnKQAuyQwDdBioF4wFqAyMBakMA2sXIwAfrzEsACbr
469=AV0ALesBLgBc6wFeAGLrAVoAY+kBLyIcOrVlLcQIgCWkCIAwpAiQKqQIAQECAFvECJUuJJAJAw
470=ICACwAJ+sBXQAu6wEuAF3pAV7ZBgJ9IGT2Ai8ApAgBAwIALcQImBykCJgnpAiIIqkXA2wQpAgF
471=AwIAMABaACC/IFwAYekBMdQCAQECAF3VAgFtBVuABAMCAgBcAGLqATEAtQIDbAW0AosMLgAhvw
472=owAFzqAVwAtAIBAQIAMdQCiSIvgQQCaQxd6gFcALUCA2wFtAKfNloAIr4KLwCoAYUpW5UCAmBG
473=qAGLIiMAJq8FKwAl6wFbAC3rAVwAMesBLwBZ6wFdAGDrAVsAYesBXQBj6QFcIrQsvAoCLQAlAC
474=epAVxoMKsBWwAw9wIxAFnrAVsAYusBXABj6AECLQAkACi7BiwAJesBXAAw6wEwAFnoAQJZAC4A
475=KawFAloALgAqqAECPQA3AIKoAQI2ADoAhKsBRQBL6wE7AFToAQI3ADsAhaMEPgA/6AECMwA3AI
476=b0AicrAFQAOPcCNwA66wE+AD7pAUYoKwBMAFD1AlcoKwBQAFP3AlYAV+sBRQBBqAEEBgBEAEwA
477=h6APAjUAOgCIqwE6AD3pAVIoKwBVAFf3AlcAWesBQwBBqAFwCScrAEkASvQCAj4AOACJvwpTAD
478=3rAVAAP+sBTQBD6wFFAEzrATwAVOsBWgBY6wFKAEqoAQQGADsAPQCKvwpPAErrAUYAS+sBPQBT
479=6wFRAFTrAVgAWesBOQA3qAECBgBLAEnpAVXsBQQGAEIAQQCLaAwEBgA9AD4AjGgBbctD6wFOAE
480=rrAUQAS+sBQwBM6wE8AFPrAUoASagBBAYAVgBYAI2zCTUANqgBdQ1A6AECMgA2AI6hBD0oKwA0
481=ADn3AlMAPOsBRQA96wFQAD7rAU0AQusBOgBT6wFbAFTrAVoAV+sBNQA1qAFtED/rAUgASesBSw
482=BM6wFYAFXoAQIyADcAj/EUOOsBNAA66wE2ADvrAUUAPusBPQA/6wE6AFTpAVAoKwBWAFn3AkgA
483=SqgBBAYAPAA3AJC3DVMAOOsBOQA96QFRKCsATwA/9wJLAFDpAVYoKwBPAFP3AlQAV+sBWQBY6Q
484=E49A0CBgBUAFS0AgQGADMAOACRrxBUADnrATcAPOsBRgA/6wE+AEDrAUwAROsBTgBL6wFDAE3r
485=AUwAUekBVygoAAACOwBVAJEBAAAAAgBbAFUAkQEAAAARAAAkDAAgDQIANQA3AJEBAAAABgBCAE
486=LpAUUoKwBLAE33AlgAVugBAlQAOwCSeAYCAgA+AFDrAU0AUusBSABEqAECBQBNAD6oAQIGAEcA
487=QOsBQwBJ6wE/AEzrATsAUegBAj4ACQDNqwxEAArrAUgADOsBPgAP6wFDABAoKQARKCkAEusBMg
488=AX6QEzKCkARCgpAEUoKQBGKCsARQAY+QZGKCkARygpAFUoKwA+ABntBUUoKQBGKCkARygpAEgo
489=KQBRKCsARQAa5QhGKCkASCgrAEUAG+MEMAAf6QE4KCkAOSgpADooKwAoACDtBS8oKQAwKCkAMS
490=gpAD8oKQBAKCkASCgrACcAIfEJKCgpAD0oKQA+KCkAPygpAEAoKQBHKCsAKAAi8QkyKCkAPCgp
491=AD0oKQA+KCkAPygpAEAoKQBUKCsAKAAj/QozKCkAPCgpAD0oKQA+KCkAPygpAEAoKQBBKCkAQy
492=gpAFUoKQBeKCkAXygpAGAoKwAnACT5ESgoKQA7KCkAPCgpAD0oKQA+KCkAPygpAEAoKQBBKCkA
493=QigpAEMoKQBEKCkARSgrACgAJfkROygpADwoKQA9KCkAPigpAD8oKQBAKCkAQSgpAEIoKQBDKC
494=kARCgpAEUoKwAzACbtEDooKQA7KCkAPCgpAD0oKQA+KCkAPygpAEAoKQBBKCkAQigpAEMoKQBE
495=KCkARSgpAEYoKwAyACflEzkoKQA6KCkAOygpADwoKQA9KCkAPigpAD8oKQBAKCkAQSgpAEIoKQ
496=BDKCkARCgpAEUoKQBGKCkARygrAB8AKP0VMigpADkoKQA6KCkAOygpADwoKQA9KCkAPigpAD8o
497=KQBAKCkAQSgpAEIoKQBDKCkARCgpAEUoKQBGKCsAHwAp/RUwKCkAMSgpADkoKQA6KCkAOygpAD
498=woKQA9KCkAPigpAD8oKQBAKCkAQSgpAEIoKQBDKCkARCgpAEUoKQBGKCkARygpAFkoKQBaKCkA
499=XSgrAB8AKvkcKygpAC0oKQAwKCkAOigpADsoKQA8KCkAPSgpAD4oKQA/KCkAQCgpAEEoKQBCKC
500=kAQygpAEQoKQBFKCkARigpAEcoKQBdKCkAXigrAB8AK+0bOigpADsoKQA8KCkAPSgpAD4oKQA/
501=KCkAQCgpAEEoKQBCKCkAQygpAEQoKQBFKCkARigpAE4oKwA8ACzxFD4oKQA/KCkAQigpAEMoKQ
502=BEKCkARSgpAEYoKQBNKCkAVigrAGIALfcNMwAu6QFWKCkAYigrABsAL+EEHCgpAB4oKQBhKCkA
503=aSgpAGooKQBrKCsAGQAw8QkaKCkAGygpACkoKQBVKCkAYSgpAGgoKwAyADHxCTUoKQBVKCsAMA
504=Ay4QQxKCkAMigpADMoKQBhKCsAMQAz+QYyKCkAVSgpAFgoKQBZKCkAXygrADEANOUIWygpAFwo
505=KQBdKCkAXigrAFIANfkGXCgpAF4oKQBsKCsAJwA27QUoKCkAWygrABIAN+EEWigpAGgoKQBpKC
506=kAaigpAGwoKwBZADgoBAEnKQBpKFUAaygrAA0AOe0FIygpACQoKQAlKCkAJigpACgoKQApKCkA
507=WSgrAA0AOv0KDigpABcoKQAdKCkAHigpACIoKQAjKCkAJCgpACUoKQAmKCkAJygpACgoKQApKC
508=kAKigpACsoKQAtKCkAWSgpAFooKQBrKCkAbCgpAHUoKwASADv5HCIoKQAjKCkAJCgpACUoKQAm
509=KCkAJygpACgoKQApKCkAKigpACsoKQAsKCkALSgpADIoKQBrKCsAEQA8KJACJykAIyhVACQoKQ
510=AlKCkAJigpACcoKQAoKCkAKSgpACooKQArKCkALCgpAC0oKQAuKCkAYCgrACIAPfEUIygpACQo
511=KQAlKCkAJigpACcoKQAoKCkAKSgpACooKQArKCkALCgpAC0oKQA1KCkAXygpAGAoKQB0KCkAdS
512=grAB4APijoAicpACQoVQAlKCkAJigpACcoKQAoKCkAKSgpACooKQArKCkALCgpAC0oKQBfKCkA
513=YCgrAB4AP+UTHygpACMoKQAkKCkAJSgpACYoKQAnKCkAKCgpACkoKQAqKCkAKygpACwoKQA2KC
514=kAOygpAGAoKwAkAEDxFCUoKQAmKCkAJygpACgoKQApKCkAKigpACsoKQAsKCkALSgrACUAQfUN
515=JigpACcoKQAoKCkAKSgpACooKQArKCkALCgpAC0oKwARAELpDBIoKQAXKCkAJigpACcoKQAoKC
516=kAKSgpACooKQArKCkALCgpAF0oKQBeKCkAYSgrAA0AQyg4AicpACUoVQAmKCkAJygpACgoKQAp
517=KCkAKigpACsoKQAsKCkALSgpAF0oKQBeKCkAXygpAGAoKQBhKCkAYigpAGMoKwAOAET1GBsoKQ
518=AmKCkAJygpACgoKQApKCkAKigpACsoKQAsKCkALSgpAF0oKQBeKCkAXygpAGAoKQBhKCkAYigp
519=AGMoKQBkKCkAdygpAHkoKwAOAEXtGxooKQApKCkAKigpACsoKQAsKCkALSgpADIoKQBeKCkAXy
520=gpAGAoKQBhKCkAYigpAGMoKQBkKCkAZSgpAHUoKQB2KCsAGQBGKBQDJykAKihVACsoKQAsKCkA
521=MygpAE0oKQBeKCkAXygpAGAoKQBhKCkAYigpAGMoKQBkKCkAZSgpAHUoKwAZAEcovAInKQApKF
522=UAKygpACwoKQAtKCkAMygpAFcoKQBdKCkAXigpAF8oKQBgKCkAYSgpAGIoKQBjKCkAZCgpAGUo
523=KQBmKCkAdCgrACwASOEaXSgpAF4oKQBfKCkAYCgpAGEoKQBiKCkAYygpAGQoKQBlKCkAZigpAH
524=MoKQB0KCsAXQBJ+RFeKCkAXygpAGAoKQBhKCkAYigpAGMoKQBkKCkAZSgpAGYoKwBeAEr1DV8o
525=KQBgKCkAYSgpAGIoKQBjKCkAZCgpAGUoKQBmKCkAZygrAF0AS/UNXigpAF8oKQBgKCkAYSgpAG
526=IoKQBjKCkAZCgpAGUoKQBmKCkAZygpAG0oKwBdAEwoDAInKQBfKFUAYCgpAGEoKQBiKCkAYygp
527=AGQoKQBlKCkAZigpAGcoKQBoKCkAbigpAG8oKwASAE3lExMoKQAgKCkAMSgpAFMoKQBeKCkAXy
528=gpAGAoKQBhKCkAYigpAGMoKQBkKCkAZSgpAGYoKQBnKCkAaygpAG0oKQBvKCkAcCgrABMATuEa
529=ISgpACwoKQBHKCkAVCgpAF0oKQBeKCkAXygpAGAoKQBhKCkAYigpAGMoKQBkKCkAZSgpAGYoKQ
530=BnKCsAIQBP/RUiKCkAXigpAF8oKQBgKCkAYSgpAGIoKQBjKCkAZCgpAGUoKQBmKCkAZygpAGgo
531=KQBwKCkAcigpAHMoKQB4KCsAIQBQKOgCJykAIyhVAF4oKQBfKCkAYCgpAGEoKQBjKCkAZCgpAG
532=UoKQBnKCkAaCgrABwAUSgMAicpACMoVQAkKCkAYCgrACIAUvsGdQBT6wEbAFXpAS0oKQAuKCkA
533=LygpAEYoKQBiKCsAHABW5QgxKCkAUigrABsAV+EEHCgpACooKQA+KCsAKgBY7QU9KCsANQBZKF
534=QAJysANQBa9wI0AFvrASsAXOkBRigpAEcoKQBKKCkASygpAEwoKQBPKCkAUCgpAFEoKQBSKCsA
535=NQBd9Q1EKCkARSgpAEYoKQBHKCkASCgpAEkoKQBKKCkASygpAEwoKQBNKCkATigpAE8oKQBQKC
536=kAUSgpAFIoKQBdKCsAKwBe6Rc1KCkANigpAD8oKQBEKCkARSgpAEYoKQBHKCkASCgpAEkoKQBK
537=KCkASygpAEwoKQBNKCkATigpAE8oKQBQKCkAUSgpAFcoKQBYKCkAWigrADUAX/kcQygpAEQoKQ
538=BFKCkARigpAEcoKQBIKCkASSgpAEooKQBLKCkATCgpAE0oKQBOKCkATygpAFAoKwArAGDxFDAo
539=KQA0KCkAQygpAEQoKQBFKCkARigpAEcoKQBIKCkASSgpAEooKQBLKCkATCgpAE0oKQBOKCkATy
540=gpAFAoKQBWKCsAKgBh9RgrKCkALCgpAC4oKQBEKCkARSgpAEYoKQBHKCkASCgpAEkoKQBKKCkA
541=SygpAEwoKQBNKCkATugBAAECAE8AYQDNAQAAAAIAUABhAM0BEQAA7wwAIAgAAAACAFEAYQDNAY
542=kBVigrAEUAYvUCRigpAEcoKQBIKCkASSgpAEooKQBLKCkATCgpAE0oKQBOKCkATygpAFAoKQBR
543=KCkAVigpAGIoKwBFAGMokAInKQBHKFUASCgpAEkoKQBKKCkASygpAEwoKQBNKCkATigpAE8oKQ
544=BQKCkAUSgpAFIoKwBFAGQoZAInKQBHKFUASCgpAEkoKQBKKCkASygpAEwoKQBNKCkATigpAE8o
545=KQBQKCkAUSgpAGIoKwBHAGXlE0goKQBJKCkASigpAEsoKQBMKCkATSgpAE4oKQBPKCkAUCgpAF
546=EoKQBXKCsASABm7RBJKCkASigpAEsoKQBMKCkATSgpAE8oKQBhKCsASgBn/QpLKCkATCgpAFko
547=KQBaKCsAOQBoKNgAJykAXShVAF4oKwA5AGkorQBq6gFdACcrAEsAa/UCTCgpAF0oKQBeKCsATQ
548=Bs7wU6AG7pATsoKQBLKCsAOABv4QQ5KCkAOygpADwoKQBLKCkATCgrADgAcOUIPCgpAD4oKQBM
549=KCsAOwBx7wU6AHLrAUYAdOsBRQB16QFGKCkATigpAFQoKwBEAHntBUUoKwBHAHv3AkYAfOkBRy
550=gpAE0oKwBEAIDhBEUoKQBGKCgAAkQACADPs5hFAArrAUcADOsBOAAT6wFOABTrATMAFukBRSgr
551=AEcAF/cCUgAb6QFUKCkAVSgpAFYoKwA4AB7tBTkoKwApAB/1AiooKwAnACD1Ai0oKQAuKCkAPi
552=gpAEYoKQBHKCsAOwAh5Qg8KCkAUygpAFQoKwBdACLtBV4oKQBfKCsAQgAj4QREKCkARSgpAEYo
553=KwA6ACTvBTkAJusBNAAo6wFYACnpAVsoKQBcKCsAXwAq4QRgKCkAYSgpAGIoKwBNACvvBS8ALO
554=sBJgAu6QFMKCkAaigrABkAL+EEGigpAGgoKwArADDhBC0oKwAwADH1AjEoKQAzKCkANCgpAE8o
555=KwAqADL5BmIoKQBqKCsAbgAz4wREADTpAVEoKwAoADX1AkgoKQBtKCsAWQA24QRaKCkAaSgrAG
556=sAN+MEJAA46QElKCkAWCgrAAwAOeEEDigpAB4oKQAiKCkAJygpACooKQBHKCsAFQA68QksKCkA
557=aigpAHYoKwARADvtBRkoKQAaKCsAHQA94QQ2KCkAcigpAHMoKQB2KCkAdygrADsAPuUIWigrAC
558=4AQPcCEgBB6QEYKCkANygpADwoKwAOAELtBRAoKQAWKCkAXygpAGAoKQBiKCsAGwBD5QhXKCkA
559=eCgrAA8AROEEWSgpAGUoKQB2KCsAMwBF7QV0KCsATgBG9wIuAEfpAVYoKQByKCkAcygrADEASO
560=8FMgBL6QFXKCkAbigrABIATOEEEygpABQoKQBqKCsAIQBN7QVIKCkAVCgrAHMATuEEdCgrAEEA
561=T/UCcSgrACQAUPcCdABT6wEuAFTpAUcoKQBjKCsALABV4QQwKCkARSgpAE4oKwAqAFbtBTIoKQ
562=AzKCkANCgpAFEoKQBdKCsAPABX5Qg9KCkASygpAGMoKwBiAFnvBTcAWusBQQBb6QFLKCkAUCgp
563=AFEoKQBlKCsARQBc+QZIKCkASSgpAE0oKQBOKCkAUygrADYAXeUIWygpAFwoKQBeKCkAXygpAG
564=AoKwBZAF7nCCoAYOsBLwBm6wEyAGfrAToAaOsBTABq6QFcKCsAOABu9QI5KCkATCgrAD0Ab+EE
565=PigpAEYoKwA9AHThBEUoKQBHKCkAVCgpAFUoKwBEAHj7BkcAeesBTQB76wFFAH/oAQJEAAkA0C
566=SvIT4ACusBRgAL6wFJAA3rAT4ADukBRigrAD4AEPcCRAAR6wE5ABPrAUMAFOsBPgAW6QFGKCsA
567=NAAX9QI+KCkAUigrAD4AGOEESCgpAFIoKwBJABrhBFEoKwBJABv3AlcAHOsBVAAd6wExAB4oKQ
568=Af6gFAACcrADoAIPcCMgAh6QE4KCkAQSgpAEkoKwBBACLtBVUoKwAzACT1AkYoKwAzACUoVAAn
569=KwAzACf3AiAAKOkBJSgpAEcoKwAgACnhBDIoKQBOKCsAIAAq4QRMKCsAIAAr9QJHKCkAYigrAD
570=AALOEEYigrAD8ALfcCHAAu6QEnKCkALigpAEIoKwBSAC/tBWIoKwAcADD1AiYoKQA2KCkAPCgr
571=ACkAMe0FNigpAGEoKwBBADLhBFAoKQBjKCsAMwAz4QQ+KCkAYygrADMANOEERSgpAFIoKQBfKC
572=kAbCgpAG8oKwAxADUoBAEnKwBIADb1AlIoKQBtKCsAFQA34QQoKCkAWygrAGwAOOMEHwA56QFa
573=KCkAbCgpAHUoKwAbADvtBR4oKQAuKCkAQigrAAwAPO0FEigpAHUoKwAeAD3hBC4oKQBhKCsANg
574=A+4QQ8KCkAYSgrAC0AP+MENgBA6QE7KCsAXgBB9wITAELpAS0oKwAOAEP1AhcoKQBSKCkAWCgp
575=AGwoKwAuAET7Bg8ARekBGygpADQoKQBXKCkAZigpAHEoKQB3KCsADwBGKDABJykALShVADQoKQ
576=BmKCkAdygrABsAR+UINCgpAE4oKQB1KCkAeigrAE4ASPkGVygpAGcoKQBsKCkAdygrAGcASfsG
577=MQBK6QFrKCsAaABL9wIyAEzpAVMoKQBrKCsAFABN4QRVKCkAaCgrACIATuEESCgpAGgoKQBwKC
578=sAaQBQ7QVzKCkAdigrACUAUeEEZSgrACUAUvUCdigrACIAU/UCYigpAGUoKQB2KCsAIgBU7wUc
579=AFXpASIoKQAxKCkARygrACIAVu0FOSgpAGIoKwA1AFfhBFIoKQBdKCsANQBY4QQ+KCkAQygpAE
580=soKQBdKCsAIwBZ+wY1AFvpAT0oKwA1AFz3AjcAXesBZwBe6wFRAF/pAWcoKwBRAGD3AlIAYusB
581=YgBj6wFSAGTrAWIAZesBTQBn6QFhKCsAOgBp9QJeKikAavcCTQBrKCkAbigpAG/rAT8AcOsBTA
582=Bx6wE7AHLpAT4oKwBPAHT1AlYoKwBPAHX3Aj0AdukBRigpAE8oKwA/AHfjBEwAeesBSAB6KCkA
583=e+oBTgApKQB89wJGAH8oKwAKANEkSyVJAAzrAT4ADesBRAAQ6wE5ABHpAU4oKwBGABT1Ak8oKw
584=A+ABX1AkQoKQBRKCsANAAW4QRSKCsASAAX9QJVKCsAVgAY9wI/ABnpAUkoKwBXABv3AigAHukB
585=OigrACsAH/UCTygrADIAIPUCQSgpAEkoKQBQKCsAVQAh7wUzACLpAWAoKwBWACP1AmEoKwBHAC
586=b3AiAAJ+kBJSgpAEkoKwA1ACjhBFooKQBjKCsASAAp4QReKCsATwAr9wJIACzrATEALekBNygp
587=AGMoKwA0AC7hBGsoKwAqAC/3AlAAMekBbSgrAEYAMvcCTQAz6QFvKCsAKQA19wJBADbpAWooKw
588=BJADf3Ah0AOOkBJigpACkoKQB1KCsADwA57QUUKCkAKygrABgAOuEELigpADIoKQBCKCkARSgp
589=AHcoKwAzADvlCGAoKwBhADz3Ah8APusBMwA/6QFiKCsAMABA9wITAEHpARkoKwAaAEL1AmMoKw
590=AcAEP1Ai4oKQBkKCkAeSgrAGYARO0FcygrAFgARvcCWQBH6QFnKCsAaABK9wJvAEvrASAATOkB
591=cCgrACIATfUCLCgpAHIoKwAVAE7jBCMAT+kBaSgrACUAUPUCNigrAEEAUvcCHABU6QEvKCkATS
592=grAGcAVeMEHQBW6QE1KCkAPygrACMAWOEEUygrADYAWfcCOwBa6wFHAFvpAUwoKQBSKCsAOQBc
593=4wRYAF3pAWEoKQBnKCsAJABf4wQ4AGHpAVIoKQBiKCsAVABj4wQxAGbpAWMoKwAzAGf1AjkoKw
594=A8AGj3AjUAaesBTQBq6wFHAGvpAV8oKwA7AG33AjwAbusBPwBv6QFHKCsAPABz9wI/AHTrAUUA
595=eOsBSAB56wFHAIDoAQJFAAsA0qvHRwAN6QFIKCsANwAT9wJDABXpAU8oKwAyABj1AjMoKwBVAB
596=n1AlYoKwA+ABr1AkcoKwBVABz1AlYoKwA5ACD1Ak8oKwBIACH3AloAIusBRwAj6wFVACTpAV0o
597=KQBeKCkAXygpAGAoKwAzACj7BjUAKesBKgAq6QEsKCkALigpAC8oKQAxKCkAMigrAB4AK+cIOg
598=As6QE7KCkAPSgpAEAoKQBBKCkARygpAE4oKwAvAC3xCTAoKQBDKCkARCgpAEUoKwAlAC75Bkso
599=KwAqADD1AiwoKQBpKCkAaigrABgAMe0FGSgpABooKQAbKCsAKwAy7QUvKCkANCgpADUoKQBPKC
600=sAPAAz+QZWKCkAVygpAGAoKQBhKCkAYigpAG0oKwAyADTxCVkoKQBaKCsAMAA14QRDKCkARCgp
601=AF3oAQ0CAG4ANQDSAQAAAAIAKQA2EQAAMA0AIAgA0gEAAAACAE8ANukBUSgrAG0AN/cCEQA46Q
602=FJKCkAaCgpAGooKwB0ADrvBQ0AO+kBGCgpAFgoKQBZKCkAdigrABAAPPkGGigrABIAPfcCXgA+
603=6QFzKCkAdCgpAHUoKQB2KCsAYQA/+wYiAEDpASMoKQA1KCsAOwBB4wQYAELpARkoKwARAEP1Ah
604=MoKwAlAET1AlIoKQBUKCkAWCgpAGsoKQB4KCsAJwBF5QgoKCsADQBG9QIOKCkAdigpAHsoKwAY
605=AEftBSooKQBYKCkAcSgrABoASO0FLSgpADIoKQAzKCkAdSgpAHooKwBzAEnnCFgAS+sBXABM6w
606=FuAE3rARQATusBQgBP6QFIKCkAUygpAFcoKwBiAFDtBWYoKQBxKCkAcigrAEoAUe0FXigpAF8o
607=KQBkKCkAaCgrABkAUvkGGygpACMoKQAkKCkARCgrAF0AU/sGQQBU6QFMKCkAZCgpAHQoKQB1KC
608=sARQBW+QZGKCkAYSgrADsAV+MEUgBY6QFcKCsANgBa9wIqAFzrATEAYOkBMigpADMoKwAtAGHh
609=BC8oKQBDKCsAKgBi4QQrKCkANygrAEYAZeMETgBm6QFQKCkAYigrAEgAZ+EESSgpAFgoKwAyAG
610=jhBEwoKQBaKCkAWygpAFwoKQBfKCkAYCgrADgAafMJOgBq6wFMAGzpAVwoKQBdKCkAXigrADoA
611=b+8FPQBw6wE7AHPrAT4AdOsBVQB16wFEAHbpAUUoKQBOKCsARAB6KIEAgeoBRgAnKAALOAARAN
612=MBAAAAAgBQABXrAVMAG+sBKwAc6wFYAB3rATcAIesBWQAi6QFbKCkAXCgrAEgAI+MENAAm6wFI
613=ACfrAU8AKOkBYCgpAGEoKQBiKCsATQAp7wU2AC3rAS0ALukBMigrAB0AL/UCLygrAD0AM/UCTC
614=grAD8ANPUCSigrABAANfcCQAA26QFQKCsAEwA39QIUKCkAUygrAEoAOOEEVygrABYAOvUCHCgp
615=AFsoKwBDADzjBA0APekBcSgrADcAP/cCLwBA6QE0KCsACgBC9QIPKCsAPwBD9wJTAETpAXIoKw
616=BTAEf1AlQoKQBVKCsAdgBI4wQwAErrAVkAS+kBbCgrAGkATPcCMABN6QFsKCkAcSgrAEYATuME
617=QwBP6QF3KCkAeSgrABoAUuEENCgpAEUoKwBcAFPjBDoAV+kBTCgrAEcAWfcCPABb6QFuKCsAOA
618=Bc9wJTAGPrATAAZusBOwBo6wE2AGrpATsoKwBFAGv1AkYoKwBOAGz1AlMoKwA+AHf3Ak0AeOkB
619=TigrAEYAefcCRQB86wFXAFSoAQQGAD4ACwDUv3hGAA/rAT4AEesBRAAS6QFOKCsAOQAU9wI0AB
620=jrAVIAGesBPwAa6wFGABvrAUkAI+sBVgAk6QFhKCsANQAm9wJIACrpAWMoKwAgACz1Ak8oKwAf
621=AC31AkYoKQBRKCsATQAu4QRjKCsAJwAv9QI0KCkAPSgrAC4AMOEEYigpAGsoKwAcADHhBCYoKQ
622=BCKCkAaCgrADYAMu8FQQAz6QFGKCsALgA09QJAKCkASygpAFUoKwBJADXtBV8oKQBvKCsATAA2
623=4QRcKCsAVAA39wISADjpAUEoKQBLKCkAWygrAEgAOe0FXSgrAA8AOvUCHygpAFwoKwAOADvhBE
624=UoKQBaKCkAbCgpAHMoKQB3KCsAFwA85QgbKCkAMygpAEQoKwBHAD3vBS4APukBdygrADwAP/cC
625=HwBA6QFaKCsALgBB9QI9KCsACwBC9QI6KCsAPABD9QJAKCsAEABE9QIXKCkAHCgpAFooKQBsKC
626=sALgBF+wYvAEfrARsASOkBKSgpAC4oKQA0KCsAbABJ7QV0KCsAOQBK9wIyAE3rAVUATukBaygp
627=AHUoKwAsAE/hBFQoKQBtKCkAdCgpAHooKwAVAFD5BkEoKwA2AFH1AkcoKQBhKCkAaSgrABwAUu
628=0FNSgpAEYoKwAzAFPhBDcoKwBlAFT1AnYoKwBfAFX1AmMoKwBHAFb1Ak4oKQBeKCsAHQBX4QQ/
629=KCkARCgpAE0oKwAcAFjtBTkoKwA+AFn1AkgoKQBjKCsAIwBa4QQ4KCkAYigrAFUAW+EEWigpAG
630=8oKwBUAFzjBFMAXekBbSgrADcAXvUCUigpAGwoKwA2AF/jBDUAYOsBJABh6QEwKCsALABi9QI4
631=KCsAZgBk9wJSAGXrAVEAZusBLwBn6wEzAGjpAU0oKQBhKCsANwBq4QQ8KCsARABs9QJfKCsAOQ
632=Bw9QJHKCkATSgrADwAceEEPygrAFcAc/cCOgB06wFHAHXpAVYoKwBUAHb3Ak8AeOsBRQB66wFI
633=AHzrAUQAfekBRygpAE4oKwBHAIHgBAJFAAgA1bvtPwAJKCkAD+sBVwAZ6wEsABzrAUEAHekBWS
634=grADsAH/cCNAAj6QE3KCsAJQAl9wJQACjrATYAKesBMwAq6wE2ACvpAWgoKwAmACz3Ah8AL+kB
635=MCgpAEAoKQBIKCkAbCgrAD0AMfsGLAAy6QFJKCkAaygrABEANeEEPCgpAFMoKwAqADbhBC4oKw
636=BEADf1Am4oKwAgADj3Am0AOusBEwA76wEvADzpAV0oKwAOAD31AhMoKQA3KCkAVSgpAHgoKwBb
637=AD77BiAAP+kBOCopAEH2AlMAJysAFABD9QIxKCsACwBE9QJVKCkAeigrADcAReEEPCgrAE8ARv
638=UCfCgrADgAR/UCOygrACQASPUCeygrAFQASfcCMwBL6QFaKCsAFQBM9wJJAE3pAVooKQB2KCkA
639=eSgrAC0ATu8FRABP6QFJKCkAWCgrAB0AUeEESygpAHooKwBZAFLjBB4AU+kBXigrAD4AVPUCQi
640=gpAEgoKQBgKCsASgBV7QVPKCsAGQBW9QJTKCsAZABX9wJEAFnpAU4oKwAcAFr1AlsoKwBCAFv1
641=AmYoKwBAAF73AmMAYigpAGTrAU8AbOkBVCgrADcAcvUCTSgrAEgAdPcCRwB36QE382EGAFjkHg
642=QGAEMACADWq5BDAAnrAT0ACusBRAAL6wFGAAwoKQAN6wE9AA4oKQAPKCkAEOsBQgAR6wFNABLr
643=AT0AFekBQigrAD0AFvUCRCgpAFEoKwA9ABfhBFEoKwA9ABj1AkQoKQBRKCkAVCgrAD0AGSisAC
644=kpABr3AlQAHOsBQAAd6QFXKCsAKAAf9wI4ACDrAScAIukBOygrACcAI/UCNigpADsoKQBUKCkA
645=XSgrACQAJfkGOigrAB8AJ/UCJCgpADgoKwApACjhBDgoKwAeACn1AikoKQBMKCsAHgAq4QQ5Ki
646=kAK/YCTAAnKwAfACz3Ai4ALekBQigpAFYoKwBpAC7jBCYAL+kBLigpAEcoKQBVKCsAGAAw7QVn
647=KCsAPAAxKFQAJysARQAy9QJVKCsAMAAz9QJAKCkARSgpAEsoKwAwADTtBUMoKQBuKCsARwA14Q
648=RRKCkAWygrAGwANuMESAA36QFZKCsAHwA49QIoKCkASCgpAFYoKwAdADntBVgoKQBrKCkAdCgr
649=AAwAOu0FISgpAFgoKwAMADvhBBcoKQAhKCkARCgpAHUoKwAZADz5BiEoKQBfKCsAEQA94wQdAD
650=7pASIoKQA1KCsAIgA/4QQ1KCkAOiopAEDjBDoAQesBJQBC6wEQAEPpARYoKQAaKCkAXCgrAA0A
651=RO0FGigpAFcoKwANAEXhBF0oKwApAEb1AjIoKQBXKCkAXSgpAHQoKwAyAEf5Bk0oKwBcAEj1An
652=IoKQB5KCsAawBJKIAAJysALwBK9QJdKCsAMQBL9QJrKCsAMQBM9QJtKCsALwBN9QJHKCkAXSgp
653=AGooKwAgAE7tBSsoKQBTKCkAbygpAHIoKwAgAE/5BkcoKQBdKCsAQABQ4QRdKCsAIQBR9QI1KC
654=kAXSgpAGcoKwAhAFLtBTMoKwAhAFP1AnMoKwAhAFT1AmIoKwAhAFX1AisoKQBNKCsAGwBW4QRE
655=KCkATSgpAFwoKwApAFftBTkoKQBRKCkAXCgrABsAWO0FIigpADwoKwAiAFnhBCoqKQBaKFUAW+
656=oBOwAnKwA3AFz3AisAXesBQwBe6QFmKCsAKwBf9QJWKCsAKQBg9QJCKCsAKQBh9QJVKCsARABi
657=9wJEAGPpAVYqKQBk9wJHAGbpAVcoKwAxAGf3AjgAaOsBXQBp6wFcAGvrAUsAbOsBNwBv6wE7AH
658=DpAUYoKQBLKCsAPgBx4wRMAHLrAToAc+sBRAB16QFTKCsAQwB49QJMKCsAQwB59wJDAHrpAUco
659=KwBMAHv3AkYAfegBAj0ACQDXJPMkPQAN6wFFAA7rAUIAEOsBNwAR6QFNKCsANgAT9wJCABTrAT
660=IAFusBMQAX6QFUKCsAUAAZ9wIwAB7pATcoKwAvAB/1Aj8oKQBOKCsAJgAg4QQ9KCsANgAh9wI4
661=ACbrAR4AKOkBTigpAFkoKwBXACnjBB0AK+kBVigrACUALPUCLigrAB4ALfcCGwAu6QEkKCkALO
662=gBCgIAVQAuANcBAAAAAgARAABxDQAgDRgALwDXAQAAAAIAKQAvANepATwoKQBnKCsAJQAw4QQo
663=KCkANSgpAFQoKwAvADHtBUEoKQBOKCsALgAy4QRAKCsAOwAz9QJUKCkAbCgrAEkANOEEaygrAA
664=8ANfUCJygrAEsANvUCaCgrABEAN/UCZygrACMAOPUCQCgpAHQoKwAhADnhBFwoKwAbADr1AjEo
665=KQBBKCkARCgpAHMoKwAQADv5Bl8oKwAWADz1AnQoKwBUAD31Al4oKQBwKCsAOgA+4QRdKCsAWQ
666=BA9wIRAEHpARcoKQBSKCkAXSgrAA0AQu0FOSgpAFwoKwAkAEPhBDsoKQA+KCkAUSgpAGsoKQB3
667=KCsACgBE5QhxKCkAdSgrABkAReMEGABG6QF6KCsAKABH9QI3KCkAXCgpAHAoKQB5KCsAawBI+w
668=ZTAEnrAVwAS+sBEQBM6QEfKCkAUigrACsATeEEdSgpAHgoKwBAAE/hBHYoKwA1AFD3AhsAUekB
669=RigrAHUAUvcCZABT6wEbAFTpAS0oKQBAKCkARigpAF8oKwBEAFX5Bl4oKQBhKCsAKQBW4QQ+KC
670=kAYCgrAEMAV+EESigrADgAWPcCYQBZ6wFaAFrrAUYAW+kBSigpAE8oKQBUKCkAWSgpAG0oKwBE
671=AFznCEMAXekBVygpAFooKQBmKCkAbCgrAFYAXvsGQgBf6wFVAGDrATcAYesBLgBm6wE4AGfrAT
672=cAaesBSgBq6wFEAGvrAToAbesBNwBu6QFKKCsAOgBx9wJWAHPrAUQAdOkBTigpAFMoKwBNAHXj
673=BEMAdusBRgB76wFEAHzrAUMAfesBRAB/6AECPgAIANinuEgAC+sBRAAM6wFJAA7rAUMAD+sBNw
674=AS6QE5KCsAQwAT9QJNKCsAPQAU9wJGABXrAUAAHusBNgAi6QFHKCkASSgrACQAJuMEJQAp6QFj
675=KCsATgAq9wIwACvrASUALekBTSgrAB4ALvUCPygrACwAL/UCQigpAEwoKwBCADDhBEwoKwArAD
676=H1AkUoKwA8ADL1AmcoKQBtKCsALgAz4QRQKCkAUigrADsANOMEMwA16wExADbrAUEAN+kBSygp
677=AFYoKwBdADjjBC0AOekBVigpAGkoKwBHADrjBDgAO+kBRygrAB4APChUACcrAFQAPvcCWgA/6w
678=E8AELpAVIoKwBUAEP3AjsAROsBcQBG6wF3AEfrATEASesBUwBK6wEvAEvpAVMoKwAvAEz3AkIA
679=TukBbSgpAHgoKwAVAE/jBEcAUOsBMwBR6QFAKCkAcygpAHYoKwBdAFLtBWUoKQBzKCsAQQBT4w
680=QiAFfpAWAoKwBIAFj1AmMoKwAbAFn1AjgoKQBTKCsAPQBa4QRvKCsANwBb9wJtAFzrAT8AXesB
681=IwBe6wEkAGDpAWcoKwBUAGT3AjwAaekBSyopAG32Ak0AJysARgBx9wJGAHLpAVcoKwA+AHP1Ak
682=YoKwA9AHX1Aj8qKQB29wJDAHfpAU8oKwA/AHj3AkwAeusBRgB+6AECPgAHANmxmEMoKwBIAAoo
683=VQAO6wE9ABPrAUAAHOsBMQAd6wFIAB/rAVgAIekBWigrACUAIvUCQygrACQAJPcCNQAl6wEfAC
684=brAUwAKOkBXSgrAFEALPcCHAAt6QEnKCkAMygpAEsoKQBpKCsAPQAu+QZHKCkAUigrADYAL+ME
685=MgAw6QFFKCsAYwAx9wI+ADLpAUsoKQBSKCsAQwAz4wRHADTrAUwANekBTygrABIANvUCFSgpAF
686=QoKQBWKCsAHwA37QVdKCsADQA49QItKCkARigrABcAOeMEEgA66QE4KCsANQA89wI8AD3pAVko
687=KQBjKCsAMgA+4QRXKCsAPQBA9QJeKCsACwBB9QJQKCkAYSgrAEAAQuEEVCgpAFgoKQBsKCsAWg
688=BD7wUyAETpATQoKQA2KCsAOQBF4QRNKCkAeygrAC8ARuMEbABH6wEvAEnpATkoKwBRAEr1Algo
689=KQBtKCsANwBM4QRHKCkAVSgrAEIATeMEVwBO6QF6KCsAHABQ9QIzKCkASigrABkAUeEERCgrAD
690=cAUvUCWygpAGIoKQB4KCsATABT7wUrAFTpATEoKwAYAFX1AjkoKQBSKCkAXCgrADsAVu8FSABX
691=6wFAAFjrAW8AWesBVQBa6wE/AFzpAV0oKwAjAF33AikAX+sBZgBj6wE1AG7rAUgAcekBVygrAE
692=8Ac/cCSwB06wFMAHfrAU4AeusBTAB+6AECQwAKANqnoj0AC+sBRQAP6wE9ABHrAUIAEusBOAAU
693=6QFNKCsATgAV9wIxABjrAVQAGesBPQAa6QFQKCsARAAb9QJIKCkAUSgrADcAH+METgAg6wEmAC
694=HpATooKQBGKCsAUwAi4QRYKCsAVAAk9wInACXrASgAJusBJAAo6wE0ACnpATgoKwApACr3AjkA
695=LOkBTCgrAD4ALfcCMQAu6wEzAC/pAT8oKwAlADH1AigoKQBUKCsAKQAy4QROKCsAPgA09QJQKC
696=kAVCgpAFgoKwA7ADXtBWsoKwBHADb3AicAN+kBUigrAGcAOPcCRgA56wEUADrpAWkoKwAdADv1
697=AjEoKQBBKCkAaigrADIAPO0FQigrAAwAPfUCISgrAFkAPvUCcigrAB0AP/UCMigpAF8oKwAeAE
698=DhBDMoKwAkAEH1AjYoKwAWAET1AiQoKQBRKCkAXCgrACYARe0FNigpADsoKQBzKCsAGQBI7QUo
699=KCkAKygpAE0oKQBWKCsAXABJ+wYRAE3pAR8oKQBSKCsAEgBO4QRqKCsAKwBP9QJvKCsAIABQ9Q
700=JwKCsAYwBR9wJAAFLrAVsAU+sBcwBU6wEYAFbpASEoKwBiAFf3AikAWOkBSigpAFEoKwA8AFnh
701=BEMoKwAbAFr1AiIoKQBhKCsAIwBf4QRmKCsAQgBh9wIpAGLpAVUoKwBEAGT3AkUAZekBVigrAC
702=4AZ/UCRygpAFcoKwAxAGjhBEooKQBZKCsANQBq4QQ5KCsASgBr9wJKAG/rATcAcOsBSwBx6wE8
703=AHTrAU0AdukBUygrAD0Ad/UCRigrAEwAfPcCTQB96wFEAIHoAQJFABQA27+6QwAX6wEqABzrAV
704=MAHesBJwAe6wFFACDrAVIAIesBJgAk6QE5KCkAXCgrAF8AKOMESwAq6wE1ACvpAWcoKwBVACz3
705=AjUALekBUCgrAEEALvUCSigrAFEAL/cCOwAw6wEXADHpAWwoKwBIADL1AmkoKwAtADT3Ai8ANe
706=kBQigrACYANvUCLSgpAD8oKQBOKCkAWCgrAEMAN/sGEAA46QEcKCsACwA59QITKCsAVwA79QJy
707=KCsACwA89QIPKCkAXCgrABwAPeEENCgpAEYoKwAhAEDjBAkAQukBFSgrAAwAQ/UCMCgpAFYoKw
708=BqAETjBDEARekBVigpAHAoKwAMAEbhBEwoKwAXAEf1AjooKQBSKCsAIwBI4QQwKCsAOABK9QJq
709=KCsAVgBL9wJbAEzrAVkATesBRQBO6QFcKCsAUgBP9QJWKCkAbCgrABQAUOEEdSgrAEkAUfUCeS
710=grABgAUvUCQygpAFgoKwAdAFPhBDIoKQA2KCkAYSgrAD0AVO0FSygrABoAVfUCSSgpAGYoKwA4
711=AFbhBFAoKwAaAFf3AkIAWOkBWygrAEYAWfUCTSgrADoAWvcCQABb6QFkKCsAKQBc9wIqAF7pAT
712=4oKQBrKCsAIwBh4wQ2AGLrAWUAZOsBNABp6wFbAGrrAUMAbOkBUigpAFsoKwBFAG/jBDYAcukB
713=OSgpAD0oKwA5AHTjBDwAdusBSwB56wFDAIDpATbndgYAVuAwBAYARAANANyrpkkAD+sBNgAU6w
714=FCABbrAUUAHOkBSSgpAFIoKwBUAB7hBFcoKwBQACH3AjgAIusBJQAj6wE2ACTrAUkAKOsBJQAq
715=6wErACvpAS0oKwAdACz3AjwALekBSCgrADcALvcCJAAv6wEeADDpAUcoKQBSKCsALQAx4QRMKC
716=sAKgAz9QJnKCkAaigrAE0ANOEEYygrAA8ANvUCMygpAEUoKQBeKCsAMQA37wUVADjrAUAAOesB
717=VgA66wEVADvrATgAPOkBaygrABYAPfUCGSgrABEAPvUCYygpAHAoKwBUAD/hBFcoKQBdKCsAYA
718=BA4QRiKCsAMABB9QJZKCsANwBC9QJQKCsAOQBD9wISAETpAT4oKwAKAEX1AlkoKQB5KCsAOQBG
719=4wQPAEfrATcASOkBWSgpAHAoKwAsAEnhBE4oKQBXKCkAdygpAHkoKwByAEr7BlEAS+sBVwBM6w
720=E3AE3rAS8ATukBMSgrABMAT/cCeABQ6wFgAFLpAWcoKwAlAFP1AngoKwBAAFX3AmcAVusBYABY
721=6wFAAFnpAUsoKQBdKCsAUwBa4wQ7AFzpAT0oKQBBKCkAWSgpAGUoKwA5AF37Bj8AX+sBNABh6Q
722=FnKCsALgBi9wJUAGXrAU8AZ+kBYygrAEcAbPcCNQBv6wE4AHHrAUgAcusBTABz6wFLAHXrAT8A
723=eesBQwB7KCkAfusBTAB/6AECQgALAN2jnkEAG+sBUAAc6wEpAB3rAUQAIesBSgAp6QFRKCgAAA
724=FQACoA3QEAAAACADIALADdAQAAEQAA3QEGBA4AAgBnAC0A3QEAAAACADkALukBOygpAE8oKwA+
725=ADDhBEooKwA4ADH1AjooKQA/KCsAJwAy4wQmADPpASgoKwAsADX1AlcoKQBnKCsAMAA44QQyKC
726=kAbygrAG4AOeMEFAA86wEwAD3rARgAPukBGigpAFIoKwBFAD/jBFEAQOkBVigrADIAQfUCVSgr
727=ADMAQvUCNSgpAE4oKwAIAEPhBHsoKwA4AET1Ak8oKQBvKCkAfSgrABUARe0FaCgrABYARvUCPS
728=gpAG8oKwAOAEjhBFEoKwAqAEn1AjYoKQBQKCkAWigrAC0ASu0FNSgrACsAS/UCNigrADUATPcC
729=RABN6wE1AE7rAS4AT+kBMigpAFooKwAtAFDjBEIAUesBFgBS6QExKCkAVigrAEoAU+MEFwBU6Q
730=E1KCsAZQBW9wIeAFjpAUUoKQBPKCkAcCgrAFcAW+8FPABd6wFkAGXrAUcAaesBPwBs6wFYAHDr
731=ATYAdOsBNwB16wE6AHfpAUb0OQQGAEkARADgdHACBQBJAEfoAQJIAEUA4bQCAkUARwDiqAECSA
732=BIAOOoAQJHAEQA5OkBR+gBAkQARgDltAICSABGAOeoAQJFAEMA6KgBDEgAQwDpAQAAAAUAAAAA
733=ABEAAA==

[Terrain]
98075=TIBTRE02
63039=TIBTRE02
38064=TIBTRE02
74099=TIBTRE02
41042=TREE23
34049=TREE23
36041=TREE23
33045=TREE23
44041=TREE23
40039=TREE23
41048=TREE23
38050=TREE23
39049=TREE22
43043=TREE22
38041=TREE21
34041=TREE21
32047=TREE21
36051=TREE21
42046=TREE21
30052=TREE21
29047=TREE21
24056=TREE21
22057=TREE21
22055=TREE21
31060=TREE21
28061=TREE21
30062=TREE21
18071=TREE21
23073=TREE21
19073=TREE21
27078=TREE21
24077=TREE21
36077=TREE21
33077=TREE21
35079=TREE21
36082=TREE21
41083=TREE21
40086=TREE21
41085=TREE21
43085=TREE21
36088=TREE21
36089=TREE21
59099=TREE21
56099=TREE21
56097=TREE21
54098=TREE21
62103=TREE21
58103=TREE21
61104=TREE21
62107=TREE21
66102=TREE21
68104=TREE21
66105=TREE21
66112=TREE21
67114=TREE21
66116=TREE21
68116=TREE21
84111=TREE21
83113=TREE21
84104=TREE21
88103=TREE21
91102=TREE21
88107=TREE21
90107=TREE21
89110=TREE21
92095=TREE21
96098=TREE21
98087=TREE21
104092=TREE21
100098=TREE21
102087=TREE21
97083=TREE21
108088=TREE21
106089=TREE21
108080=TREE21
110079=TREE21
115083=TREE21
114079=TREE21
106067=TREE21
103067=TREE21
105069=TREE21
102058=TREE21
103054=TREE21
106063=TREE21
98058=TREE21
96060=TREE21
98062=TREE21
115067=TREE21
112068=TREE21
98049=TREE21
98051=TREE21
84041=TREE21
80041=TREE21
82043=TREE21
75041=TREE21
72032=TREE21
68034=TREE21
71034=TREE21
76034=TREE21
79037=TREE21
77037=TREE21
89037=TREE21
86036=TREE21
85037=TREE21
76024=TREE21
76027=TREE21
78026=TREE21
79024=TREE21
72018=TREE21
72020=TREE21
70019=TREE21
54023=TREE21
56025=TREE21
53026=TREE21
55027=TREE21
55035=TREE21
52036=TREE21
49032=TREE21
49030=TREE21
47032=TREE21
54025=TREE22
70035=TREE22
77024=TREE22
97060=TREE22
103063=TREE22
112085=TREE22
105087=TREE22
103090=TREE22
93094=TREE22
89103=TREE22
62105=TREE22
51092=TREE22
43083=TREE22
26079=TREE22
20072=TREE22
24054=TREE22
30053=TREE22
47086=TREE21
51089=TREE21
48096=TREE21
42093=TREE21
42089=TREE23
51095=TREE23
52089=TREE23
48085=TREE23
45087=TREE23
42096=TREE23
45098=TREE23
36080=TREE23
35077=TREE23
25077=TREE23
23079=TREE23
28077=TREE23
22073=TREE23
21071=TREE23
19071=TREE23
28048=TREE23
31052=TREE23
30061=TREE23
24057=TREE23
22056=TREE23
23054=TREE23
57097=TREE23
57099=TREE23
54097=TREE23
59103=TREE23
60105=TREE23
66103=TREE23
67105=TREE23
66115=TREE23
67118=TREE23
81111=TREE23
84113=TREE23
90102=TREE23
92107=TREE23
90109=TREE23
92097=TREE23
94089=TREE23
104093=TREE23
103097=TREE23
99086=TREE23
95085=TREE23
95083=TREE23
94100=TREE23
97100=TREE23
108090=TREE23
107080=TREE23
113083=TREE23
113085=TREE23
111079=TREE23
112078=TREE23
116067=TREE23
113067=TREE23
104067=TREE23
106068=TREE23
105063=TREE23
102060=TREE23
104061=TREE23
102052=TREE23
104053=TREE23
97050=TREE23
98060=TREE23
96059=TREE23
88037=TREE23
84036=TREE23
82041=TREE23
82045=TREE23
77041=TREE23
69032=TREE23
69036=TREE23
72038=TREE23
76035=TREE23
78037=TREE23
71021=TREE23
70018=TREE23
76025=TREE23
77027=TREE23
79026=TREE23
56027=TREE23
55023=TREE23
53024=TREE23
48031=TREE23
54036=TREE23
52038=TREE23

[Structures]
1021898=Neutral,CAOILD,256,77,42,0,None,0,0,1,0,0,None,None,None,0,0
1021903=Neutral,CAOILD,256,96,61,0,None,0,0,1,0,0,None,None,None,0,0
1021908=Neutral,CAOILD,256,43,76,0,None,0,0,1,0,0,None,None,None,0,0
1021913=Neutral,CAOILD,256,62,95,0,None,0,0,1,0,0,None,None,None,0,0
1021918=Neutral,CAAIRP,256,68,23,0,None,0,0,1,0,0,None,None,None,0,0
1021923=Neutral,CAAIRP,256,114,69,0,None,0,0,1,0,0,None,None,None,0,0
1021928=Neutral,CAAIRP,256,24,67,0,None,0,0,1,0,0,None,None,None,0,0
1021933=Neutral,CAAIRP,256,70,113,0,None,0,0,1,0,0,None,None,None,0,0
1021938=Neutral,CATHOSP,256,81,105,0,None,1,0,1,0,0,None,None,None,0,0
1021943=Neutral,CATHOSP,256,105,81,0,None,1,0,1,0,0,None,None,None,0,0
1021948=Neutral,CATHOSP,256,54,28,0,None,1,0,1,0,0,None,None,None,0,0
1021953=Neutral,CATHOSP,256,29,53,0,None,1,0,1,0,0,None,None,None,0,0
1021958=Neutral,CAMACH,256,33,79,0,None,0,0,1,0,0,None,None,None,0,0
1021961=Neutral,CAMACH,256,58,104,0,None,0,0,1,0,0,None,None,None,0,0
1021964=Neutral,CAMACH,256,80,32,0,None,0,0,1,0,0,None,None,None,0,0
1021967=Neutral,CAMACH,256,105,57,0,None,0,0,1,0,0,None,None,None,0,0
1021970=Neutral,CAOILD,256,29,62,0,None,0,0,1,0,0,None,None,None,0,0
1021975=Neutral,CAOILD,256,76,109,0,None,0,0,1,0,0,None,None,None,0,0
1021980=Neutral,CAOILD,256,63,28,0,None,0,0,1,0,0,None,None,None,0,0
1021985=Neutral,CAOILD,256,110,75,0,None,0,0,1,0,0,None,None,None,0,0

[OverlayPack]
1=CQAAIIH//v4f/4H/gAkAACCB//7+H/+B/4BKAAAggf/+PQL/g2ZmZv78Af8B///8AT8CIf
2=//+wE+BGIA//YBRAZx///1AUUIQfr//wFBCv/5AT8KyjoO//QBRQz/AAY6EP7FB/+B/4BL
3=AAAggf/+MwT/ga7+/AP///0DNAT+CQL/ga3+7AP/gmZm/v0B/4FmQAGB///3ASUSUgD/9w
4=EkEnH///YDLBb/AAIiFiIAMgX+0gH/gf+AcgAAIIH/4AAAgWZgAf73Af/bJQCBrMw8Av7S
5=Af///wEmAPckBP/HASkE9iUA/8oBJwTbXwjVSwL/zAElAPUqBv/MAV8I//0BLgz48wf/Ag
6=JlDv72Af8x+//5AWQS/+4BXRDPRgr/BgRdEDgE/vUB//+iAV4agCgAACCB//5eAP+CZmbJ
7=WgD+6wn/gaz+7A//gWbIRRr+8wH/yUUa/7ADUBqAPQAAIIH//kMA/4FmyUQA/vMB/8pEAP
8=/6AVAAUAf+8gH//wACRQLKRAb+9QH//wACRwj/+gFLBMlADP6yEf+B/4AJAAAggf/+/h//
9=gf+ACQAAIIH//v4f/4H/gAkAACCB//7+H/+B/4AJAAAggf/+/h//gf+ACQAAIIH//v4f/4
10=H/gAkAACCB//7+H/+B/4AJAAAggf/+/h//gf+ACQAAIIH//v4f/4H/gAkAACCB//7+H/+B
11=/4AJAAAggf/+/h//gf+ACQAAIIH//v4f/4H/gAkAACCB//7+H/+B/4AJAAAggf/+/h//gf
12=+ACQAAIIH//v4f/4H/gAkAACCB//7+H/+B/4AJAAAggf/+/h//gf+ACQAAIIH//v4f/4H/
13=gAkAACCB//7+H/+B/4AJAAAggf/+/h//gf+ACQAAIIH//v4f/4H/gAkAACCB//7+H/+B/4
14=AJAAAggf/+/h//gf+ACQAAIIH//v4f/4H/gAkAACCB//7+H/+B/4AJAAAggf/+/h//gf+A

[OverlayDataPack]
1=CQAAIIEA/v4fAIEAgAkAACCBAP7+HwCBAIB5AAAggQD+PQIAgwYHBv78AQCFBwoLCgf++g
2=EAhwYKCwsLCgj/+QE/AoEIAf8QAYEK//YBRAYF/oMLCgoUBP/1AUEENf6BABAGgQj+9AEA
3=Jf40AP/0AUQIgQRX/hAB//QBRQr/AAI6EIEH//8BOxKCBAdwAYEE/rgJAIEAgFcAACCBAP
4=4jEgCCBgb+/QEAigYKCggHBwcGAAP+9gEAgggLIAGCCgr/9gElEoIGCjIAgwsLB/71AQD/
5=AAIiGBYAggoKEgX/9wEsGgQBggoAEgCBCP7SAQCBAIDMAAAggQDgAACCBwoAAYULCwsKBv
6=73AQCBCAH9//wBKQCBBzIAgQj++AEA9iUEgwQHB//EAS0CgwQHCBgAgggE8PUFggoI/8UB
7=LQKBBgIC7ywGJDmDCggH7i0I/pMBAIIHCvQsCgABgQf+xAEAgwYGA/T1Af/4ASsEgQRSAP
8=/4ASwCEgDCJgD/xQFmDPQsEoEA//kBZBKBBsIoAP/6AWMSIgD/ygFhDPbzAYILCv/3AWcY
9=xV4MggoA7i0O/sUBAIIGCsBjCoQHBwgI/5kBZxqAMQAAIIEA/l4AAIIGBjAHgQT+3RkAgg
10=YHYAH/9AFnAIMGCgtgAYEH/vMBAIEHcf//sQFPHIBrAAAggQD+QwAAggcLcAGBCP7zAQCC
11=BgoR+oIKChAHggoG/vMBAIEIIgCBACIHgQf+8wEAJAE0AP/1AVAEggAHIfsgAf/1AVEGQg
12=GFCggHBwT+9gEAEgGBCv/2AVEISASCBwf/9AFRAv6/DwCBAIAJAAAggQD+/h8AgQCACQAA
13=IIEA/v4fAIEAgAkAACCBAP7+HwCBAIAJAAAggQD+/h8AgQCACQAAIIEA/v4fAIEAgAkAAC
14=CBAP7+HwCBAIAJAAAggQD+/h8AgQCACQAAIIEA/v4fAIEAgAkAACCBAP7+HwCBAIAJAAAg
15=gQD+/h8AgQCACQAAIIEA/v4fAIEAgAkAACCBAP7+HwCBAIAJAAAggQD+/h8AgQCACQAAII
16=EA/v4fAIEAgAkAACCBAP7+HwCBAIAJAAAggQD+/h8AgQCACQAAIIEA/v4fAIEAgAkAACCB
17=AP7+HwCBAIAJAAAggQD+/h8AgQCACQAAIIEA/v4fAIEAgAkAACCBAP7+HwCBAIAJAAAggQ
18=D+/h8AgQCACQAAIIEA/v4fAIEAgAkAACCBAP7+HwCBAIAJAAAggQD+/h8AgQCA

[AITriggerTypesEnable]
0CAD0DCC-G=yes
0CAD0C7C-G=yes
0CAD0B2C-G=yes
0CA6621C-G=yes
0CDF8EDC-G=yes
0CDF8D8C-G=yes
0C0C7AEC-G=yes
0D62199C-G=yes
0CDF899C-G=yes
0D6216FC-G=yes
0D6215AC-G=yes
0D62145C-G=yes
0D0803CC-G=yes
0C32599C-G=yes
0CE23AAC-G=yes
0CA1F84C-G=yes
0CE26CAC-G=yes
0CE26B5C-G=yes
0CAD145C-G=yes
0CAD130C-G=yes
0CE2395C-G=yes
0D084B5C-G=yes
0D084A0C-G=yes
0D0848BC-G=yes
0CAD2AEC-G=yes
0D08461C-G=yes
0D0873DC-G=yes
0C8E2C3C-G=yes
0CAD25AC-G=yes
0D087D8C-G=yes
0C8B81BC-G=yes
0CADDEDC-G=yes
0C92C45C-G=yes
0C9565AC-G=yes
0C92C1BC-G=yes
0CADD99C-G=yes
0C9561BC-G=yes
0CE2EA2C-G=yes
0CE2E8DC-G=yes
0C955C3C-G=yes
0C955AEC-G=yes
0C8C71BC-G=yes
0C8C6EDC-G=yes
0D052AEC-G=yes
0CE44D0C-G=yes
0CA5945C-G=yes
0CAD2C3C-G=yes
0D535EDC-G=yes
0AA846FC-G=yes
0AA845AC-G=yes
0C8C645C-G=yes
0AD2BAEC-G=yes
0C96F5AC-G=yes
0C96F45C-G=yes
0CB2CEDC-G=yes
0C91D45C-G=yes
0CAD5AEC-G=yes
0D2C45DC-G=yes
0D2C448C-G=yes
0C8C56FC-G=yes
0D2C41EC-G=yes
0CA6AEDC-G=yes
0C0D251C-G=yes
0C8C51BC-G=yes
0CA24D8C-G=yes
0C8BC5AC-G=yes
0C8C4C3C-G=yes
0D53430C-G=yes
0ECCFCAC-G=yes
0ECCFA7C-G=yes
0C8EEEDC-G=yes
0C0D184C-G=yes
0ECCF68C-G=yes
0C8C430C-G=yes
0C87B99C-G=yes
0ECCF29C-G=yes
0ECCF14C-G=yes
0C8EEAEC-G=yes
0C87B45C-G=yes
0ECCBC3C-G=yes
0C8EE1BC-G=yes
0ECCB7FC-G=yes
0C32D84C-G=yes
0ECCB55C-G=yes
0ECCB40C-G=yes
0ECCB2BC-G=yes
0CB29EDC-G=yes
0C8C2C3C-G=yes
0C8C2AEC-G=yes
0A31295C-G=yes
0C87E5AC-G=yes
08A3EEDC-G=yes
0D022B1C-G=yes
0C1246FC-G=yes
0C1245AC-G=yes
0D0B3B9C-G=yes
0CA2A04C-G=yes
0CA2B06C-G=yes
0CA2FEDC-G=yes
0D2769BC-G=yes
0A452E5C-G=yes
0A452C6C-G=yes
0A44F2CC-G=yes
0A44F17C-G=yes
0D53099C-G=yes
0612B11C-G=yes
06C551AC-G=yes
0612CD8C-G=yes
0ABC484C-G=yes
05FFB18C-G=yes
05FFA7DC-G=yes
06002BFC-G=yes
05CB5B6C-G=yes
07C04EDC-G=yes
07C04C7C-G=yes
07C0B14C-G=yes
05FC1A8C-G=yes
05FC50EC-G=yes
05FC3C9C-G=yes
05FC37CC-G=yes
05FC333C-G=yes
05FC0C9C-G=yes
05FC088C-G=yes
05FC75CC-G=yes
05FC747C-G=yes
08B9154C-G=yes
08B911BC-G=yes
08B9213C-G=yes
08B9356C-G=yes
08B9305C-G=yes
08B9483C-G=yes
08B9423C-G=yes
08B940EC-G=yes
08B9586C-G=yes
0611A33C-G=yes
0611A1EC-G=yes
08B9641C-G=yes
08B97C6C-G=yes
08B9767C-G=yes
08B9708C-G=yes
05FC1C5C-G=yes
0612EAEC-G=yes
0612F9AC-G=yes
05FC13EC-G=yes
08B90B1C-G=yes
08B902EC-G=yes
0612F46C-G=yes
044082BC-G=yes
07C310BC-G=yes
07C329FC-G=yes
07C3266C-G=yes
07C33DDC-G=yes
0616004C-G=yes
07C330CC-G=yes
07C30A5C-G=yes
07C4853C-G=yes
043F521C-G=yes
043F874C-G=yes
043F40BC-G=yes
05CBC2EC-G=yes
05CBC19C-G=yes
05CBC04C-G=yes
078F4B2C-G=yes
05CB830C-G=yes
05CBAEDC-G=yes

[Triggers]
075A703C=Neutral,<none>,Expansion 1,0,1,1,1,0
084D661C=Neutral,<none>,Expansion 2,1,1,1,1,0
084D614C=Neutral,<none>,Expansion 2 Counter,1,1,1,1,0
085DE03C=Neutral,<none>,Expansion 3,1,1,1,1,0
085DA0DC=Neutral,<none>,Expansion 3 Counter,1,1,1,1,0
09E8B96C=Neutral,<none>,Expansion 1 Counter,0,1,1,1,0
08A4110C=Neutral,<none>,@Sounds,0,1,1,1,0

[Events]
075A703C=1,13,0,300
084D661C=1,13,0,450
084D614C=1,13,0,0
085DE03C=1,13,0,600
085DA0DC=1,13,0,0
09E8B96C=1,13,0,0
08A4110C=1,13,0,0

[Actions]
075A703C=4,40,0,0,14,17,38,35,A,53,2,084D661C,0,0,0,0,A,53,2,084D614C,0,0,0,0,A,21,6,EVA_NewTerrainDiscovered,0,0,0,0,A
084D661C=4,40,0,0,14,5,38,60,A,53,2,085DE03C,0,0,0,0,A,53,2,085DA0DC,0,0,0,0,A,21,6,EVA_NewTerrainDiscovered,0,0,0,0,A
084D614C=2,27,0,450,0,0,0,0,A,23,0,0,0,0,0,0,A
085DE03C=2,40,0,0,7,5,52,60,A,21,6,EVA_NewTerrainDiscovered,0,0,0,0,A
085DA0DC=2,27,0,600,0,0,0,0,A,23,0,0,0,0,0,0,A
09E8B96C=2,27,0,300,0,0,0,0,A,23,0,0,0,0,0,0,A
08A4110C=2,99,7,_Amb_WindPlains,0,0,0,0,AA,99,7,_Amb_WindPlains,0,0,0,0,AB

[Tags]
0760DF4C=0,Expansion 1,075A703C
09E8B4BC=0,Expansion 1 Counter,09E8B96C
084D623C=0,Expansion 2,084D661C
084D1DAC=0,Expansion 2 Counter,084D614C
085DA1CC=0,Expansion 3,085DE03C
085D9ACC=0,Expansion 3 Counter,085DA0DC
08A45D4C=0,@Sounds,08A4110C

[Digest]
1=x/20zpS3hLVEhzrYN3z2+nLVteU=

